<?xml version="1.0" encoding="ISO-8859-1" ?>
<link_info>
   <banner>TI ARM Clang Linker PC v4.0.1.LTS</banner>
   <copyright>Copyright (c) 1996-2018 Texas Instruments Incorporated</copyright>
   <command_line>C:\ti\ccs2000\ccs\tools\compiler\ti-cgt-armllvm_4.0.1.LTS\bin\tiarmlnk -IC:\ti\ccs2000\ccs\tools\compiler\ti-cgt-armllvm_4.0.1.LTS\lib -o ECE319K_Lab9H.out -mECE319K_Lab9H.map --heap_size=512 --stack_size=512 -iC:/Users/saket/Downloads/MSPM0_ValvanoWare/Peggle/Debug/syscfg -iC:/ti/ccs2000/ccs/tools/compiler/ti-cgt-armllvm_4.0.1.LTS/lib --diag_wrap=off --display_error_number --warn_sections --xml_link_info=ECE319K_Lab9H_linkInfo.xml --rom_model ./Ball.o ./Clock.o ./DAC5.o ./GameState.o ./Hole.o ./LED.o ./Lab9HMain.o ./LaunchPad.o ./Level.o ./Peg.o ./SPI.o ./ST7735.o ./SlidePot.o ./SmallFont.o ./Sound.o ./Sounds.o ./Switch.o ./TExaS.o ./Timer.o ./images/pipedreams/PipeSound.o ./ticlang/startup_mspm0g3507_ticlang.o ../mspm0g3507.cmd -lC:/ti/mspm0_sdk_2_03_00_07/source/ti/driverlib/lib/ticlang/m0p/mspm0g1x0x_g3x0x/driverlib.a -llibc.a --start-group -llibc++.a -llibc++abi.a -llibc.a -llibsys.a -llibsysbm.a -llibclang_rt.builtins.a -llibclang_rt.profile.a --end-group --cg_opt_level=0</command_line>
   <link_time>0x68081302</link_time>
   <link_errors>0x0</link_errors>
   <output_file>C:\Users\saket\Downloads\MSPM0_ValvanoWare\Peggle\Debug\ECE319K_Lab9H.out</output_file>
   <entry_point>
      <name>_c_int00_noargs</name>
      <address>0x1c985</address>
   </entry_point>
   <input_file_list>
      <input_file id="fl-1">
         <path>C:\Users\saket\Downloads\MSPM0_ValvanoWare\Peggle\Debug\.\</path>
         <kind>object</kind>
         <file>Ball.o</file>
         <name>Ball.o</name>
      </input_file>
      <input_file id="fl-2">
         <path>C:\Users\saket\Downloads\MSPM0_ValvanoWare\Peggle\Debug\.\</path>
         <kind>object</kind>
         <file>Clock.o</file>
         <name>Clock.o</name>
      </input_file>
      <input_file id="fl-3">
         <path>C:\Users\saket\Downloads\MSPM0_ValvanoWare\Peggle\Debug\.\</path>
         <kind>object</kind>
         <file>DAC5.o</file>
         <name>DAC5.o</name>
      </input_file>
      <input_file id="fl-4">
         <path>C:\Users\saket\Downloads\MSPM0_ValvanoWare\Peggle\Debug\.\</path>
         <kind>object</kind>
         <file>GameState.o</file>
         <name>GameState.o</name>
      </input_file>
      <input_file id="fl-5">
         <path>C:\Users\saket\Downloads\MSPM0_ValvanoWare\Peggle\Debug\.\</path>
         <kind>object</kind>
         <file>Hole.o</file>
         <name>Hole.o</name>
      </input_file>
      <input_file id="fl-6">
         <path>C:\Users\saket\Downloads\MSPM0_ValvanoWare\Peggle\Debug\.\</path>
         <kind>object</kind>
         <file>LED.o</file>
         <name>LED.o</name>
      </input_file>
      <input_file id="fl-7">
         <path>C:\Users\saket\Downloads\MSPM0_ValvanoWare\Peggle\Debug\.\</path>
         <kind>object</kind>
         <file>Lab9HMain.o</file>
         <name>Lab9HMain.o</name>
      </input_file>
      <input_file id="fl-8">
         <path>C:\Users\saket\Downloads\MSPM0_ValvanoWare\Peggle\Debug\.\</path>
         <kind>object</kind>
         <file>LaunchPad.o</file>
         <name>LaunchPad.o</name>
      </input_file>
      <input_file id="fl-9">
         <path>C:\Users\saket\Downloads\MSPM0_ValvanoWare\Peggle\Debug\.\</path>
         <kind>object</kind>
         <file>Level.o</file>
         <name>Level.o</name>
      </input_file>
      <input_file id="fl-a">
         <path>C:\Users\saket\Downloads\MSPM0_ValvanoWare\Peggle\Debug\.\</path>
         <kind>object</kind>
         <file>Peg.o</file>
         <name>Peg.o</name>
      </input_file>
      <input_file id="fl-b">
         <path>C:\Users\saket\Downloads\MSPM0_ValvanoWare\Peggle\Debug\.\</path>
         <kind>object</kind>
         <file>SPI.o</file>
         <name>SPI.o</name>
      </input_file>
      <input_file id="fl-c">
         <path>C:\Users\saket\Downloads\MSPM0_ValvanoWare\Peggle\Debug\.\</path>
         <kind>object</kind>
         <file>ST7735.o</file>
         <name>ST7735.o</name>
      </input_file>
      <input_file id="fl-d">
         <path>C:\Users\saket\Downloads\MSPM0_ValvanoWare\Peggle\Debug\.\</path>
         <kind>object</kind>
         <file>SlidePot.o</file>
         <name>SlidePot.o</name>
      </input_file>
      <input_file id="fl-e">
         <path>C:\Users\saket\Downloads\MSPM0_ValvanoWare\Peggle\Debug\.\</path>
         <kind>object</kind>
         <file>SmallFont.o</file>
         <name>SmallFont.o</name>
      </input_file>
      <input_file id="fl-f">
         <path>C:\Users\saket\Downloads\MSPM0_ValvanoWare\Peggle\Debug\.\</path>
         <kind>object</kind>
         <file>Sound.o</file>
         <name>Sound.o</name>
      </input_file>
      <input_file id="fl-10">
         <path>C:\Users\saket\Downloads\MSPM0_ValvanoWare\Peggle\Debug\.\</path>
         <kind>object</kind>
         <file>Sounds.o</file>
         <name>Sounds.o</name>
      </input_file>
      <input_file id="fl-11">
         <path>C:\Users\saket\Downloads\MSPM0_ValvanoWare\Peggle\Debug\.\</path>
         <kind>object</kind>
         <file>Switch.o</file>
         <name>Switch.o</name>
      </input_file>
      <input_file id="fl-12">
         <path>C:\Users\saket\Downloads\MSPM0_ValvanoWare\Peggle\Debug\.\</path>
         <kind>object</kind>
         <file>TExaS.o</file>
         <name>TExaS.o</name>
      </input_file>
      <input_file id="fl-13">
         <path>C:\Users\saket\Downloads\MSPM0_ValvanoWare\Peggle\Debug\.\</path>
         <kind>object</kind>
         <file>Timer.o</file>
         <name>Timer.o</name>
      </input_file>
      <input_file id="fl-14">
         <path>C:\Users\saket\Downloads\MSPM0_ValvanoWare\Peggle\Debug\.\images\pipedreams\</path>
         <kind>object</kind>
         <file>PipeSound.o</file>
         <name>PipeSound.o</name>
      </input_file>
      <input_file id="fl-15">
         <path>C:\Users\saket\Downloads\MSPM0_ValvanoWare\Peggle\Debug\.\ticlang\</path>
         <kind>object</kind>
         <file>startup_mspm0g3507_ticlang.o</file>
         <name>startup_mspm0g3507_ticlang.o</name>
      </input_file>
      <input_file id="fl-21">
         <path>C:\Users\saket\Downloads\MSPM0_ValvanoWare\Peggle\Debug\</path>
         <kind>object</kind>
         <file>&lt;internal&gt;</file>
         <name>&lt;internal&gt;</name>
      </input_file>
      <input_file id="fl-36">
         <path>C:\ti\ccs2000\ccs\tools\compiler\ti-cgt-armllvm_4.0.1.LTS\lib\armv6m-ti-none-eabi\c\</path>
         <kind>archive</kind>
         <file>libc.a</file>
         <name>fopen.c.obj</name>
      </input_file>
      <input_file id="fl-37">
         <path>C:\ti\ccs2000\ccs\tools\compiler\ti-cgt-armllvm_4.0.1.LTS\lib\armv6m-ti-none-eabi\c\</path>
         <kind>archive</kind>
         <file>libc.a</file>
         <name>setvbuf.c.obj</name>
      </input_file>
      <input_file id="fl-38">
         <path>C:\ti\ccs2000\ccs\tools\compiler\ti-cgt-armllvm_4.0.1.LTS\lib\armv6m-ti-none-eabi\c\</path>
         <kind>archive</kind>
         <file>libc.a</file>
         <name>aeabi_portable.c.obj</name>
      </input_file>
      <input_file id="fl-39">
         <path>C:\ti\ccs2000\ccs\tools\compiler\ti-cgt-armllvm_4.0.1.LTS\lib\armv6m-ti-none-eabi\c\</path>
         <kind>archive</kind>
         <file>libc.a</file>
         <name>exit.c.obj</name>
      </input_file>
      <input_file id="fl-3a">
         <path>C:\ti\ccs2000\ccs\tools\compiler\ti-cgt-armllvm_4.0.1.LTS\lib\armv6m-ti-none-eabi\c\</path>
         <kind>archive</kind>
         <file>libc.a</file>
         <name>_lock.c.obj</name>
      </input_file>
      <input_file id="fl-3b">
         <path>C:\ti\ccs2000\ccs\tools\compiler\ti-cgt-armllvm_4.0.1.LTS\lib\armv6m-ti-none-eabi\c\</path>
         <kind>archive</kind>
         <file>libc.a</file>
         <name>assert.c.obj</name>
      </input_file>
      <input_file id="fl-3c">
         <path>C:\ti\ccs2000\ccs\tools\compiler\ti-cgt-armllvm_4.0.1.LTS\lib\armv6m-ti-none-eabi\c\</path>
         <kind>archive</kind>
         <file>libc.a</file>
         <name>defs.c.obj</name>
      </input_file>
      <input_file id="fl-3d">
         <path>C:\ti\ccs2000\ccs\tools\compiler\ti-cgt-armllvm_4.0.1.LTS\lib\armv6m-ti-none-eabi\c\</path>
         <kind>archive</kind>
         <file>libc.a</file>
         <name>memory.c.obj</name>
      </input_file>
      <input_file id="fl-3e">
         <path>C:\ti\ccs2000\ccs\tools\compiler\ti-cgt-armllvm_4.0.1.LTS\lib\armv6m-ti-none-eabi\c\</path>
         <kind>archive</kind>
         <file>libc.a</file>
         <name>copy_zero_init.c.obj</name>
      </input_file>
      <input_file id="fl-3f">
         <path>C:\ti\ccs2000\ccs\tools\compiler\ti-cgt-armllvm_4.0.1.LTS\lib\armv6m-ti-none-eabi\c\</path>
         <kind>archive</kind>
         <file>libc.a</file>
         <name>copy_decompress_none.c.obj</name>
      </input_file>
      <input_file id="fl-40">
         <path>C:\ti\ccs2000\ccs\tools\compiler\ti-cgt-armllvm_4.0.1.LTS\lib\armv6m-ti-none-eabi\c\</path>
         <kind>archive</kind>
         <file>libc.a</file>
         <name>copy_decompress_lzss.c.obj</name>
      </input_file>
      <input_file id="fl-41">
         <path>C:\ti\ccs2000\ccs\tools\compiler\ti-cgt-armllvm_4.0.1.LTS\lib\armv6m-ti-none-eabi\c\</path>
         <kind>archive</kind>
         <file>libc.a</file>
         <name>boot_cortex_m.c.obj</name>
      </input_file>
      <input_file id="fl-42">
         <path>C:\ti\ccs2000\ccs\tools\compiler\ti-cgt-armllvm_4.0.1.LTS\lib\armv6m-ti-none-eabi\c\</path>
         <kind>archive</kind>
         <file>libc.a</file>
         <name>mathacl_init.c.obj</name>
      </input_file>
      <input_file id="fl-43">
         <path>C:\ti\ccs2000\ccs\tools\compiler\ti-cgt-armllvm_4.0.1.LTS\lib\armv6m-ti-none-eabi\c\</path>
         <kind>archive</kind>
         <file>libc.a</file>
         <name>sprintf.c.obj</name>
      </input_file>
      <input_file id="fl-44">
         <path>C:\ti\ccs2000\ccs\tools\compiler\ti-cgt-armllvm_4.0.1.LTS\lib\armv6m-ti-none-eabi\c\</path>
         <kind>archive</kind>
         <file>libc.a</file>
         <name>fclose.c.obj</name>
      </input_file>
      <input_file id="fl-45">
         <path>C:\ti\ccs2000\ccs\tools\compiler\ti-cgt-armllvm_4.0.1.LTS\lib\armv6m-ti-none-eabi\c\</path>
         <kind>archive</kind>
         <file>libc.a</file>
         <name>fflush.c.obj</name>
      </input_file>
      <input_file id="fl-46">
         <path>C:\ti\ccs2000\ccs\tools\compiler\ti-cgt-armllvm_4.0.1.LTS\lib\armv6m-ti-none-eabi\c\</path>
         <kind>archive</kind>
         <file>libc.a</file>
         <name>fputs.c.obj</name>
      </input_file>
      <input_file id="fl-47">
         <path>C:\ti\ccs2000\ccs\tools\compiler\ti-cgt-armllvm_4.0.1.LTS\lib\armv6m-ti-none-eabi\c\</path>
         <kind>archive</kind>
         <file>libc.a</file>
         <name>_io_perm.c.obj</name>
      </input_file>
      <input_file id="fl-48">
         <path>C:\ti\ccs2000\ccs\tools\compiler\ti-cgt-armllvm_4.0.1.LTS\lib\armv6m-ti-none-eabi\c\</path>
         <kind>archive</kind>
         <file>libc.a</file>
         <name>args_main.c.obj</name>
      </input_file>
      <input_file id="fl-49">
         <path>C:\ti\ccs2000\ccs\tools\compiler\ti-cgt-armllvm_4.0.1.LTS\lib\armv6m-ti-none-eabi\c\</path>
         <kind>archive</kind>
         <file>libc.a</file>
         <name>autoinit.c.obj</name>
      </input_file>
      <input_file id="fl-4a">
         <path>C:\ti\ccs2000\ccs\tools\compiler\ti-cgt-armllvm_4.0.1.LTS\lib\armv6m-ti-none-eabi\c\</path>
         <kind>archive</kind>
         <file>libc.a</file>
         <name>pre_init.c.obj</name>
      </input_file>
      <input_file id="fl-4b">
         <path>C:\ti\ccs2000\ccs\tools\compiler\ti-cgt-armllvm_4.0.1.LTS\lib\armv6m-ti-none-eabi\c\</path>
         <kind>archive</kind>
         <file>libc.a</file>
         <name>cpy_tbl.c.obj</name>
      </input_file>
      <input_file id="fl-4c">
         <path>C:\ti\ccs2000\ccs\tools\compiler\ti-cgt-armllvm_4.0.1.LTS\lib\armv6m-ti-none-eabi\c\</path>
         <kind>archive</kind>
         <file>libc.a</file>
         <name>_printfi.c.obj</name>
      </input_file>
      <input_file id="fl-4d">
         <path>C:\ti\ccs2000\ccs\tools\compiler\ti-cgt-armllvm_4.0.1.LTS\lib\armv6m-ti-none-eabi\c\</path>
         <kind>archive</kind>
         <file>libc.a</file>
         <name>fseek.c.obj</name>
      </input_file>
      <input_file id="fl-4e">
         <path>C:\ti\ccs2000\ccs\tools\compiler\ti-cgt-armllvm_4.0.1.LTS\lib\armv6m-ti-none-eabi\c\</path>
         <kind>archive</kind>
         <file>libc.a</file>
         <name>wcslen.c.obj</name>
      </input_file>
      <input_file id="fl-4f">
         <path>C:\ti\ccs2000\ccs\tools\compiler\ti-cgt-armllvm_4.0.1.LTS\lib\armv6m-ti-none-eabi\c\</path>
         <kind>archive</kind>
         <file>libc.a</file>
         <name>_ltoa.c.obj</name>
      </input_file>
      <input_file id="fl-50">
         <path>C:\ti\ccs2000\ccs\tools\compiler\ti-cgt-armllvm_4.0.1.LTS\lib\armv6m-ti-none-eabi\c\</path>
         <kind>archive</kind>
         <file>libc.a</file>
         <name>atoi.c.obj</name>
      </input_file>
      <input_file id="fl-51">
         <path>C:\ti\ccs2000\ccs\tools\compiler\ti-cgt-armllvm_4.0.1.LTS\lib\armv6m-ti-none-eabi\c\</path>
         <kind>archive</kind>
         <file>libc.a</file>
         <name>memccpy.c.obj</name>
      </input_file>
      <input_file id="fl-52">
         <path>C:\ti\ccs2000\ccs\tools\compiler\ti-cgt-armllvm_4.0.1.LTS\lib\armv6m-ti-none-eabi\c\</path>
         <kind>archive</kind>
         <file>libc.a</file>
         <name>s_frexp.c.obj</name>
      </input_file>
      <input_file id="fl-53">
         <path>C:\ti\ccs2000\ccs\tools\compiler\ti-cgt-armllvm_4.0.1.LTS\lib\armv6m-ti-none-eabi\c\</path>
         <kind>archive</kind>
         <file>libc.a</file>
         <name>s_scalbn.c.obj</name>
      </input_file>
      <input_file id="fl-54">
         <path>C:\ti\ccs2000\ccs\tools\compiler\ti-cgt-armllvm_4.0.1.LTS\lib\armv6m-ti-none-eabi\c\</path>
         <kind>archive</kind>
         <file>libc.a</file>
         <name>aeabi_ctype.S.obj</name>
      </input_file>
      <input_file id="fl-ea">
         <path>C:\ti\ccs2000\ccs\tools\compiler\ti-cgt-armllvm_4.0.1.LTS\lib\armv6m-ti-none-eabi\</path>
         <kind>archive</kind>
         <file>libc++abi.a</file>
         <name>stdlib_new_delete.cpp.obj</name>
      </input_file>
      <input_file id="fl-eb">
         <path>C:\ti\ccs2000\ccs\tools\compiler\ti-cgt-armllvm_4.0.1.LTS\lib\armv6m-ti-none-eabi\</path>
         <kind>archive</kind>
         <file>libc++abi.a</file>
         <name>cxa_handlers.cpp.obj</name>
      </input_file>
      <input_file id="fl-ec">
         <path>C:\ti\ccs2000\ccs\tools\compiler\ti-cgt-armllvm_4.0.1.LTS\lib\armv6m-ti-none-eabi\</path>
         <kind>archive</kind>
         <file>libc++abi.a</file>
         <name>abort_message.cpp.obj</name>
      </input_file>
      <input_file id="fl-ed">
         <path>C:\ti\ccs2000\ccs\tools\compiler\ti-cgt-armllvm_4.0.1.LTS\lib\armv6m-ti-none-eabi\</path>
         <kind>archive</kind>
         <file>libc++abi.a</file>
         <name>cxa_default_handlers.cpp.obj</name>
      </input_file>
      <input_file id="fl-ee">
         <path>C:\ti\ccs2000\ccs\tools\compiler\ti-cgt-armllvm_4.0.1.LTS\lib\armv6m-ti-none-eabi\c\</path>
         <kind>archive</kind>
         <file>libsysbm.a</file>
         <name>write.c.obj</name>
      </input_file>
      <input_file id="fl-ef">
         <path>C:\ti\ccs2000\ccs\tools\compiler\ti-cgt-armllvm_4.0.1.LTS\lib\armv6m-ti-none-eabi\c\</path>
         <kind>archive</kind>
         <file>libsysbm.a</file>
         <name>host_device.c.obj</name>
      </input_file>
      <input_file id="fl-f0">
         <path>C:\ti\ccs2000\ccs\tools\compiler\ti-cgt-armllvm_4.0.1.LTS\lib\armv6m-ti-none-eabi\c\</path>
         <kind>archive</kind>
         <file>libsysbm.a</file>
         <name>remove.c.obj</name>
      </input_file>
      <input_file id="fl-f1">
         <path>C:\ti\ccs2000\ccs\tools\compiler\ti-cgt-armllvm_4.0.1.LTS\lib\armv6m-ti-none-eabi\c\</path>
         <kind>archive</kind>
         <file>libsysbm.a</file>
         <name>open.c.obj</name>
      </input_file>
      <input_file id="fl-f2">
         <path>C:\ti\ccs2000\ccs\tools\compiler\ti-cgt-armllvm_4.0.1.LTS\lib\armv6m-ti-none-eabi\c\</path>
         <kind>archive</kind>
         <file>libsysbm.a</file>
         <name>lseek.c.obj</name>
      </input_file>
      <input_file id="fl-f3">
         <path>C:\ti\ccs2000\ccs\tools\compiler\ti-cgt-armllvm_4.0.1.LTS\lib\armv6m-ti-none-eabi\c\</path>
         <kind>archive</kind>
         <file>libsysbm.a</file>
         <name>close.c.obj</name>
      </input_file>
      <input_file id="fl-f4">
         <path>C:\ti\ccs2000\ccs\tools\compiler\ti-cgt-armllvm_4.0.1.LTS\lib\armv6m-ti-none-eabi\c\</path>
         <kind>archive</kind>
         <file>libsysbm.a</file>
         <name>add_device.c.obj</name>
      </input_file>
      <input_file id="fl-f5">
         <path>C:\ti\ccs2000\ccs\tools\compiler\ti-cgt-armllvm_4.0.1.LTS\lib\armv6m-ti-none-eabi\c\</path>
         <kind>archive</kind>
         <file>libsysbm.a</file>
         <name>unlink.c.obj</name>
      </input_file>
      <input_file id="fl-f6">
         <path>C:\ti\ccs2000\ccs\tools\compiler\ti-cgt-armllvm_4.0.1.LTS\lib\armv6m-ti-none-eabi\c\</path>
         <kind>archive</kind>
         <file>libsysbm.a</file>
         <name>hostclose.c.obj</name>
      </input_file>
      <input_file id="fl-f7">
         <path>C:\ti\ccs2000\ccs\tools\compiler\ti-cgt-armllvm_4.0.1.LTS\lib\armv6m-ti-none-eabi\c\</path>
         <kind>archive</kind>
         <file>libsysbm.a</file>
         <name>hostlseek.c.obj</name>
      </input_file>
      <input_file id="fl-f8">
         <path>C:\ti\ccs2000\ccs\tools\compiler\ti-cgt-armllvm_4.0.1.LTS\lib\armv6m-ti-none-eabi\c\</path>
         <kind>archive</kind>
         <file>libsysbm.a</file>
         <name>hostopen.c.obj</name>
      </input_file>
      <input_file id="fl-f9">
         <path>C:\ti\ccs2000\ccs\tools\compiler\ti-cgt-armllvm_4.0.1.LTS\lib\armv6m-ti-none-eabi\c\</path>
         <kind>archive</kind>
         <file>libsysbm.a</file>
         <name>hostread.c.obj</name>
      </input_file>
      <input_file id="fl-fa">
         <path>C:\ti\ccs2000\ccs\tools\compiler\ti-cgt-armllvm_4.0.1.LTS\lib\armv6m-ti-none-eabi\c\</path>
         <kind>archive</kind>
         <file>libsysbm.a</file>
         <name>hostrename.c.obj</name>
      </input_file>
      <input_file id="fl-fb">
         <path>C:\ti\ccs2000\ccs\tools\compiler\ti-cgt-armllvm_4.0.1.LTS\lib\armv6m-ti-none-eabi\c\</path>
         <kind>archive</kind>
         <file>libsysbm.a</file>
         <name>hostunlink.c.obj</name>
      </input_file>
      <input_file id="fl-fc">
         <path>C:\ti\ccs2000\ccs\tools\compiler\ti-cgt-armllvm_4.0.1.LTS\lib\armv6m-ti-none-eabi\c\</path>
         <kind>archive</kind>
         <file>libsysbm.a</file>
         <name>hostwrite.c.obj</name>
      </input_file>
      <input_file id="fl-fd">
         <path>C:\ti\ccs2000\ccs\tools\compiler\ti-cgt-armllvm_4.0.1.LTS\lib\armv6m-ti-none-eabi\c\</path>
         <kind>archive</kind>
         <file>libsysbm.a</file>
         <name>trgmsg.c.obj</name>
      </input_file>
      <input_file id="fl-fe">
         <path>C:\ti\ccs2000\ccs\tools\compiler\ti-cgt-armllvm_4.0.1.LTS\lib\armv6m-ti-none-eabi\</path>
         <kind>archive</kind>
         <file>libclang_rt.builtins.a</file>
         <name>adddf3.S.obj</name>
      </input_file>
      <input_file id="fl-ff">
         <path>C:\ti\ccs2000\ccs\tools\compiler\ti-cgt-armllvm_4.0.1.LTS\lib\armv6m-ti-none-eabi\</path>
         <kind>archive</kind>
         <file>libclang_rt.builtins.a</file>
         <name>muldf3.S.obj</name>
      </input_file>
      <input_file id="fl-100">
         <path>C:\ti\ccs2000\ccs\tools\compiler\ti-cgt-armllvm_4.0.1.LTS\lib\armv6m-ti-none-eabi\</path>
         <kind>archive</kind>
         <file>libclang_rt.builtins.a</file>
         <name>muldsi3.S.obj</name>
      </input_file>
      <input_file id="fl-101">
         <path>C:\ti\ccs2000\ccs\tools\compiler\ti-cgt-armllvm_4.0.1.LTS\lib\armv6m-ti-none-eabi\</path>
         <kind>archive</kind>
         <file>libclang_rt.builtins.a</file>
         <name>divdf3.S.obj</name>
      </input_file>
      <input_file id="fl-102">
         <path>C:\ti\ccs2000\ccs\tools\compiler\ti-cgt-armllvm_4.0.1.LTS\lib\armv6m-ti-none-eabi\</path>
         <kind>archive</kind>
         <file>libclang_rt.builtins.a</file>
         <name>fixdfsi.S.obj</name>
      </input_file>
      <input_file id="fl-103">
         <path>C:\ti\ccs2000\ccs\tools\compiler\ti-cgt-armllvm_4.0.1.LTS\lib\armv6m-ti-none-eabi\</path>
         <kind>archive</kind>
         <file>libclang_rt.builtins.a</file>
         <name>floatsidf.S.obj</name>
      </input_file>
      <input_file id="fl-104">
         <path>C:\ti\ccs2000\ccs\tools\compiler\ti-cgt-armllvm_4.0.1.LTS\lib\armv6m-ti-none-eabi\</path>
         <kind>archive</kind>
         <file>libclang_rt.builtins.a</file>
         <name>floatunsidf.S.obj</name>
      </input_file>
      <input_file id="fl-105">
         <path>C:\ti\ccs2000\ccs\tools\compiler\ti-cgt-armllvm_4.0.1.LTS\lib\armv6m-ti-none-eabi\</path>
         <kind>archive</kind>
         <file>libclang_rt.builtins.a</file>
         <name>muldi3.S.obj</name>
      </input_file>
      <input_file id="fl-106">
         <path>C:\ti\ccs2000\ccs\tools\compiler\ti-cgt-armllvm_4.0.1.LTS\lib\armv6m-ti-none-eabi\</path>
         <kind>archive</kind>
         <file>libclang_rt.builtins.a</file>
         <name>truncdfsf2.S.obj</name>
      </input_file>
      <input_file id="fl-107">
         <path>C:\ti\ccs2000\ccs\tools\compiler\ti-cgt-armllvm_4.0.1.LTS\lib\armv6m-ti-none-eabi\</path>
         <kind>archive</kind>
         <file>libclang_rt.builtins.a</file>
         <name>aeabi_dcmp.S.obj</name>
      </input_file>
      <input_file id="fl-108">
         <path>C:\ti\ccs2000\ccs\tools\compiler\ti-cgt-armllvm_4.0.1.LTS\lib\armv6m-ti-none-eabi\</path>
         <kind>archive</kind>
         <file>libclang_rt.builtins.a</file>
         <name>aeabi_idivmod.S.obj</name>
      </input_file>
      <input_file id="fl-109">
         <path>C:\ti\ccs2000\ccs\tools\compiler\ti-cgt-armllvm_4.0.1.LTS\lib\armv6m-ti-none-eabi\</path>
         <kind>archive</kind>
         <file>libclang_rt.builtins.a</file>
         <name>aeabi_memcpy.S.obj</name>
      </input_file>
      <input_file id="fl-10a">
         <path>C:\ti\ccs2000\ccs\tools\compiler\ti-cgt-armllvm_4.0.1.LTS\lib\armv6m-ti-none-eabi\</path>
         <kind>archive</kind>
         <file>libclang_rt.builtins.a</file>
         <name>aeabi_memset.S.obj</name>
      </input_file>
      <input_file id="fl-10b">
         <path>C:\ti\ccs2000\ccs\tools\compiler\ti-cgt-armllvm_4.0.1.LTS\lib\armv6m-ti-none-eabi\</path>
         <kind>archive</kind>
         <file>libclang_rt.builtins.a</file>
         <name>aeabi_uidivmod.S.obj</name>
      </input_file>
      <input_file id="fl-10c">
         <path>C:\ti\ccs2000\ccs\tools\compiler\ti-cgt-armllvm_4.0.1.LTS\lib\armv6m-ti-none-eabi\</path>
         <kind>archive</kind>
         <file>libclang_rt.builtins.a</file>
         <name>aeabi_uldivmod.S.obj</name>
      </input_file>
      <input_file id="fl-10d">
         <path>C:\ti\ccs2000\ccs\tools\compiler\ti-cgt-armllvm_4.0.1.LTS\lib\armv6m-ti-none-eabi\</path>
         <kind>archive</kind>
         <file>libclang_rt.builtins.a</file>
         <name>udivmoddi4.S.obj</name>
      </input_file>
      <input_file id="fl-10e">
         <path>C:\ti\ccs2000\ccs\tools\compiler\ti-cgt-armllvm_4.0.1.LTS\lib\armv6m-ti-none-eabi\</path>
         <kind>archive</kind>
         <file>libclang_rt.builtins.a</file>
         <name>ashldi3.S.obj</name>
      </input_file>
      <input_file id="fl-10f">
         <path>C:\ti\ccs2000\ccs\tools\compiler\ti-cgt-armllvm_4.0.1.LTS\lib\armv6m-ti-none-eabi\</path>
         <kind>archive</kind>
         <file>libclang_rt.builtins.a</file>
         <name>comparedf2.c.obj</name>
      </input_file>
      <input_file id="fl-110">
         <path>C:\ti\ccs2000\ccs\tools\compiler\ti-cgt-armllvm_4.0.1.LTS\lib\armv6m-ti-none-eabi\</path>
         <kind>archive</kind>
         <file>libclang_rt.builtins.a</file>
         <name>aeabi_div0.c.obj</name>
      </input_file>
      <input_file id="fl-111">
         <path>C:\ti\ccs2000\ccs\tools\compiler\ti-cgt-armllvm_4.0.1.LTS\lib\armv6m-ti-none-eabi\c\</path>
         <kind>archive</kind>
         <file>libc.a</file>
         <name>getdevice.c.obj</name>
      </input_file>
      <input_file id="fl-112">
         <path>C:\ti\ccs2000\ccs\tools\compiler\ti-cgt-armllvm_4.0.1.LTS\lib\armv6m-ti-none-eabi\c\</path>
         <kind>archive</kind>
         <file>libc.a</file>
         <name>memcpy16.S.obj</name>
      </input_file>
      <input_file id="fl-113">
         <path>C:\ti\ccs2000\ccs\tools\compiler\ti-cgt-armllvm_4.0.1.LTS\lib\armv6m-ti-none-eabi\c\</path>
         <kind>archive</kind>
         <file>libc.a</file>
         <name>memset16.S.obj</name>
      </input_file>
      <input_file id="fl-114">
         <path>C:\ti\ccs2000\ccs\tools\compiler\ti-cgt-armllvm_4.0.1.LTS\lib\armv6m-ti-none-eabi\c\</path>
         <kind>archive</kind>
         <file>libc.a</file>
         <name>strcmp-armv6m.S.obj</name>
      </input_file>
   </input_file_list>
   <object_component_list>
      <object_component id="oc-18">
         <name>.intvecs</name>
         <load_address>0x0</load_address>
         <readonly>true</readonly>
         <run_address>0x0</run_address>
         <size>0xc0</size>
         <alignment>0x4</alignment>
         <input_file_ref idref="fl-15"/>
      </object_component>
      <object_component id="oc-c9">
         <name>.text.main</name>
         <load_address>0x188e0</load_address>
         <readonly>true</readonly>
         <executable>true</executable>
         <run_address>0x188e0</run_address>
         <size>0x634</size>
         <alignment>0x4</alignment>
         <input_file_ref idref="fl-7"/>
      </object_component>
      <object_component id="oc-11e">
         <name>.text._Z8InitGamev</name>
         <load_address>0x18f14</load_address>
         <readonly>true</readonly>
         <executable>true</executable>
         <run_address>0x18f14</run_address>
         <size>0x348</size>
         <alignment>0x4</alignment>
         <input_file_ref idref="fl-7"/>
      </object_component>
      <object_component id="oc-42">
         <name>.text.TIMG12_IRQHandler</name>
         <load_address>0x1925c</load_address>
         <readonly>true</readonly>
         <executable>true</executable>
         <run_address>0x1925c</run_address>
         <size>0x2bc</size>
         <alignment>0x4</alignment>
         <input_file_ref idref="fl-7"/>
      </object_component>
      <object_component id="oc-12e">
         <name>.text._Z17ST7735_DrawBitmapssPKtss</name>
         <load_address>0x19518</load_address>
         <readonly>true</readonly>
         <executable>true</executable>
         <run_address>0x19518</run_address>
         <size>0x210</size>
         <alignment>0x4</alignment>
         <input_file_ref idref="fl-c"/>
      </object_component>
      <object_component id="oc-9a">
         <name>.text._ZN4Ball6bounceEtt</name>
         <load_address>0x19728</load_address>
         <readonly>true</readonly>
         <executable>true</executable>
         <run_address>0x19728</run_address>
         <size>0x1e8</size>
         <alignment>0x4</alignment>
         <input_file_ref idref="fl-1"/>
      </object_component>
      <object_component id="oc-118">
         <name>.text._Z12DrawMainMenuv</name>
         <load_address>0x19910</load_address>
         <readonly>true</readonly>
         <executable>true</executable>
         <run_address>0x19910</run_address>
         <size>0x1d0</size>
         <alignment>0x4</alignment>
         <input_file_ref idref="fl-7"/>
      </object_component>
      <object_component id="oc-143">
         <name>.text._Z16DrawYouWonScreenv</name>
         <load_address>0x19ae0</load_address>
         <readonly>true</readonly>
         <executable>true</executable>
         <run_address>0x19ae0</run_address>
         <size>0x1bc</size>
         <alignment>0x4</alignment>
         <input_file_ref idref="fl-7"/>
      </object_component>
      <object_component id="oc-175">
         <name>.text._Z15Clock_Init80MHzi</name>
         <load_address>0x19c9c</load_address>
         <readonly>true</readonly>
         <executable>true</executable>
         <run_address>0x19c9c</run_address>
         <size>0x1b4</size>
         <alignment>0x4</alignment>
         <input_file_ref idref="fl-2"/>
      </object_component>
      <object_component id="oc-1d3">
         <name>.text._Z15ST7735_DrawCharsscssh</name>
         <load_address>0x19e50</load_address>
         <readonly>true</readonly>
         <executable>true</executable>
         <run_address>0x19e50</run_address>
         <size>0x1a8</size>
         <alignment>0x4</alignment>
         <input_file_ref idref="fl-c"/>
      </object_component>
      <object_component id="oc-21e">
         <name>.text._openfile</name>
         <load_address>0x19ff8</load_address>
         <readonly>true</readonly>
         <executable>true</executable>
         <run_address>0x19ff8</run_address>
         <size>0x154</size>
         <alignment>0x4</alignment>
         <input_file_ref idref="fl-36"/>
      </object_component>
      <object_component id="oc-142">
         <name>.text._Z19DrawLevelTransitionv</name>
         <load_address>0x1a14c</load_address>
         <readonly>true</readonly>
         <executable>true</executable>
         <run_address>0x1a14c</run_address>
         <size>0x134</size>
         <alignment>0x4</alignment>
         <input_file_ref idref="fl-7"/>
      </object_component>
      <object_component id="oc-19e">
         <name>.text._Z8ADC_InitP10ADC12_Regsjj</name>
         <load_address>0x1a280</load_address>
         <readonly>true</readonly>
         <executable>true</executable>
         <run_address>0x1a280</run_address>
         <size>0x128</size>
         <alignment>0x4</alignment>
         <input_file_ref idref="fl-12"/>
      </object_component>
      <object_component id="oc-198">
         <name>.text._Z15ST7735_FillRectsssst</name>
         <load_address>0x1a3a8</load_address>
         <readonly>true</readonly>
         <executable>true</executable>
         <run_address>0x1a3a8</run_address>
         <size>0x118</size>
         <alignment>0x4</alignment>
         <input_file_ref idref="fl-c"/>
      </object_component>
      <object_component id="oc-11f">
         <name>.text._Z16DrawInstructionsv</name>
         <load_address>0x1a4c0</load_address>
         <readonly>true</readonly>
         <executable>true</executable>
         <run_address>0x1a4c0</run_address>
         <size>0x118</size>
         <alignment>0x4</alignment>
         <input_file_ref idref="fl-7"/>
      </object_component>
      <object_component id="oc-28e">
         <name>.text.aligned_alloc</name>
         <load_address>0x1a5d8</load_address>
         <readonly>true</readonly>
         <executable>true</executable>
         <run_address>0x1a5d8</run_address>
         <size>0x114</size>
         <alignment>0x4</alignment>
         <input_file_ref idref="fl-3d"/>
      </object_component>
      <object_component id="oc-13d">
         <name>.text._Z25mergeSpriteWithBackgroundPtPKtttS1_tttt</name>
         <load_address>0x1a6ec</load_address>
         <readonly>true</readonly>
         <executable>true</executable>
         <run_address>0x1a6ec</run_address>
         <size>0xf8</size>
         <alignment>0x2</alignment>
         <input_file_ref idref="fl-7"/>
      </object_component>
      <object_component id="oc-250">
         <name>.text._Z8SPI_Initv</name>
         <load_address>0x1a7e4</load_address>
         <readonly>true</readonly>
         <executable>true</executable>
         <run_address>0x1a7e4</run_address>
         <size>0xf8</size>
         <alignment>0x4</alignment>
         <input_file_ref idref="fl-b"/>
      </object_component>
      <object_component id="oc-17a">
         <name>.text.add_device</name>
         <load_address>0x1a8dc</load_address>
         <readonly>true</readonly>
         <executable>true</executable>
         <run_address>0x1a8dc</run_address>
         <size>0xec</size>
         <alignment>0x4</alignment>
         <input_file_ref idref="fl-f4"/>
      </object_component>
      <object_component id="oc-1d0">
         <name>.text._Z14ST7735_OutCharc</name>
         <load_address>0x1a9c8</load_address>
         <readonly>true</readonly>
         <executable>true</executable>
         <run_address>0x1a9c8</run_address>
         <size>0xe8</size>
         <alignment>0x4</alignment>
         <input_file_ref idref="fl-c"/>
      </object_component>
      <object_component id="oc-1a0">
         <name>.text._Z9UART_Initv</name>
         <load_address>0x1aab0</load_address>
         <readonly>true</readonly>
         <executable>true</executable>
         <run_address>0x1aab0</run_address>
         <size>0xe8</size>
         <alignment>0x4</alignment>
         <input_file_ref idref="fl-12"/>
      </object_component>
      <object_component id="oc-1ca">
         <name>.text.free</name>
         <load_address>0x1ab98</load_address>
         <readonly>true</readonly>
         <executable>true</executable>
         <run_address>0x1ab98</run_address>
         <size>0xe8</size>
         <alignment>0x4</alignment>
         <input_file_ref idref="fl-3d"/>
      </object_component>
      <object_component id="oc-140">
         <name>.text._Z12DrawGameOverv</name>
         <load_address>0x1ac80</load_address>
         <readonly>true</readonly>
         <executable>true</executable>
         <run_address>0x1ac80</run_address>
         <size>0xe0</size>
         <alignment>0x4</alignment>
         <input_file_ref idref="fl-7"/>
      </object_component>
      <object_component id="oc-185">
         <name>.text.setvbuf</name>
         <load_address>0x1ad60</load_address>
         <readonly>true</readonly>
         <executable>true</executable>
         <run_address>0x1ad60</run_address>
         <size>0xe0</size>
         <alignment>0x4</alignment>
         <input_file_ref idref="fl-37"/>
      </object_component>
      <object_component id="oc-af">
         <name>.text._ZN4Ball8moveBallEv</name>
         <load_address>0x1ae40</load_address>
         <readonly>true</readonly>
         <executable>true</executable>
         <run_address>0x1ae40</run_address>
         <size>0xcc</size>
         <alignment>0x4</alignment>
         <input_file_ref idref="fl-1"/>
      </object_component>
      <object_component id="oc-1ac">
         <name>.text._Z20ST7735_DrawFastHLinessst</name>
         <load_address>0x1af0c</load_address>
         <readonly>true</readonly>
         <executable>true</executable>
         <run_address>0x1af0c</run_address>
         <size>0xb0</size>
         <alignment>0x4</alignment>
         <input_file_ref idref="fl-c"/>
      </object_component>
      <object_component id="oc-1e7">
         <name>.text._Z20ST7735_DrawFastVLinessst</name>
         <load_address>0x1afbc</load_address>
         <readonly>true</readonly>
         <executable>true</executable>
         <run_address>0x1afbc</run_address>
         <size>0xb0</size>
         <alignment>0x4</alignment>
         <input_file_ref idref="fl-c"/>
      </object_component>
      <object_component id="oc-1a6">
         <name>.text._Z14TimerG7_IntArmtjj</name>
         <load_address>0x1b06c</load_address>
         <readonly>true</readonly>
         <executable>true</executable>
         <run_address>0x1b06c</run_address>
         <size>0xa8</size>
         <alignment>0x4</alignment>
         <input_file_ref idref="fl-13"/>
      </object_component>
      <object_component id="oc-208">
         <name>.text._ZL11commandListPKh</name>
         <load_address>0x1b114</load_address>
         <readonly>true</readonly>
         <executable>true</executable>
         <run_address>0x1b114</run_address>
         <size>0xa2</size>
         <alignment>0x2</alignment>
         <input_file_ref idref="fl-c"/>
      </object_component>
      <object_component id="oc-168">
         <name>.text.__aeabi_idiv0</name>
         <load_address>0x1b1b6</load_address>
         <readonly>true</readonly>
         <executable>true</executable>
         <run_address>0x1b1b6</run_address>
         <size>0x2</size>
         <alignment>0x2</alignment>
         <input_file_ref idref="fl-110"/>
      </object_component>
      <object_component id="oc-179">
         <name>.text._Z12ST7735_InitR10initRFlags</name>
         <load_address>0x1b1b8</load_address>
         <readonly>true</readonly>
         <executable>true</executable>
         <run_address>0x1b1b8</run_address>
         <size>0xa0</size>
         <alignment>0x4</alignment>
         <input_file_ref idref="fl-c"/>
      </object_component>
      <object_component id="oc-101">
         <name>.text._Z17ST7735_InitPrintf10initRFlags</name>
         <load_address>0x1b258</load_address>
         <readonly>true</readonly>
         <executable>true</executable>
         <run_address>0x1b258</run_address>
         <size>0xa0</size>
         <alignment>0x4</alignment>
         <input_file_ref idref="fl-c"/>
      </object_component>
      <object_component id="oc-279">
         <name>.text.open</name>
         <load_address>0x1b2f8</load_address>
         <readonly>true</readonly>
         <executable>true</executable>
         <run_address>0x1b2f8</run_address>
         <size>0xa0</size>
         <alignment>0x4</alignment>
         <input_file_ref idref="fl-f1"/>
      </object_component>
      <object_component id="oc-12b">
         <name>.text._Z14ST7735_OutUDecj</name>
         <load_address>0x1b398</load_address>
         <readonly>true</readonly>
         <executable>true</executable>
         <run_address>0x1b398</run_address>
         <size>0x9c</size>
         <alignment>0x4</alignment>
         <input_file_ref idref="fl-c"/>
      </object_component>
      <object_component id="oc-115">
         <name>.text._Z15TimerG12_IntArmjj</name>
         <load_address>0x1b434</load_address>
         <readonly>true</readonly>
         <executable>true</executable>
         <run_address>0x1b434</run_address>
         <size>0x94</size>
         <alignment>0x4</alignment>
         <input_file_ref idref="fl-13"/>
      </object_component>
      <object_component id="oc-1d7">
         <name>.text._ZL13setAddrWindowhhhh</name>
         <load_address>0x1b4c8</load_address>
         <readonly>true</readonly>
         <executable>true</executable>
         <run_address>0x1b4c8</run_address>
         <size>0x88</size>
         <alignment>0x4</alignment>
         <input_file_ref idref="fl-c"/>
      </object_component>
      <object_component id="oc-251">
         <name>.text:strcmp</name>
         <load_address>0x1b550</load_address>
         <readonly>true</readonly>
         <executable>true</executable>
         <run_address>0x1b550</run_address>
         <size>0x88</size>
         <alignment>0x10</alignment>
         <input_file_ref idref="fl-114"/>
      </object_component>
      <object_component id="oc-1d2">
         <name>.text._Z17ST7735_DrawStringttPcs</name>
         <load_address>0x1b5d8</load_address>
         <readonly>true</readonly>
         <executable>true</executable>
         <run_address>0x1b5d8</run_address>
         <size>0x84</size>
         <alignment>0x2</alignment>
         <input_file_ref idref="fl-c"/>
      </object_component>
      <object_component id="oc-e5">
         <name>.text._ZN4Ball5isqrtEi</name>
         <load_address>0x1b65c</load_address>
         <readonly>true</readonly>
         <executable>true</executable>
         <run_address>0x1b65c</run_address>
         <size>0x7e</size>
         <alignment>0x2</alignment>
         <input_file_ref idref="fl-1"/>
      </object_component>
      <object_component id="oc-23c">
         <name>.text._nop</name>
         <load_address>0x1b6da</load_address>
         <readonly>true</readonly>
         <executable>true</executable>
         <run_address>0x1b6da</run_address>
         <size>0x2</size>
         <alignment>0x2</alignment>
         <input_file_ref idref="fl-3a"/>
      </object_component>
      <object_component id="oc-fc">
         <name>.text._Z14LaunchPad_Initv</name>
         <load_address>0x1b6dc</load_address>
         <readonly>true</readonly>
         <executable>true</executable>
         <run_address>0x1b6dc</run_address>
         <size>0x7c</size>
         <alignment>0x4</alignment>
         <input_file_ref idref="fl-8"/>
      </object_component>
      <object_component id="oc-107">
         <name>.text._ZN8SlidePot4InitEv</name>
         <load_address>0x1b758</load_address>
         <readonly>true</readonly>
         <executable>true</executable>
         <run_address>0x1b758</run_address>
         <size>0x7c</size>
         <alignment>0x4</alignment>
         <input_file_ref idref="fl-d"/>
      </object_component>
      <object_component id="oc-221">
         <name>.text.__TI_closefile</name>
         <load_address>0x1b7d4</load_address>
         <readonly>true</readonly>
         <executable>true</executable>
         <run_address>0x1b7d4</run_address>
         <size>0x7c</size>
         <alignment>0x4</alignment>
         <input_file_ref idref="fl-44"/>
      </object_component>
      <object_component id="oc-1c">
         <name>.text:decompress:lzss</name>
         <load_address>0x1b850</load_address>
         <readonly>true</readonly>
         <executable>true</executable>
         <run_address>0x1b850</run_address>
         <size>0x7c</size>
         <alignment>0x4</alignment>
         <input_file_ref idref="fl-40"/>
      </object_component>
      <object_component id="oc-117">
         <name>.text._Z9DrawTitlev</name>
         <load_address>0x1b8cc</load_address>
         <readonly>true</readonly>
         <executable>true</executable>
         <run_address>0x1b8cc</run_address>
         <size>0x78</size>
         <alignment>0x4</alignment>
         <input_file_ref idref="fl-7"/>
      </object_component>
      <object_component id="oc-267">
         <name>.text.HOSTlseek</name>
         <load_address>0x1b944</load_address>
         <readonly>true</readonly>
         <executable>true</executable>
         <run_address>0x1b944</run_address>
         <size>0x6c</size>
         <alignment>0x4</alignment>
         <input_file_ref idref="fl-f7"/>
      </object_component>
      <object_component id="oc-26f">
         <name>.text.HOSTrename</name>
         <load_address>0x1b9b0</load_address>
         <readonly>true</readonly>
         <executable>true</executable>
         <run_address>0x1b9b0</run_address>
         <size>0x6c</size>
         <alignment>0x4</alignment>
         <input_file_ref idref="fl-fa"/>
      </object_component>
      <object_component id="oc-a6">
         <name>.text._ZN4Ball18checkHoleCollisionEtt</name>
         <load_address>0x1ba1c</load_address>
         <readonly>true</readonly>
         <executable>true</executable>
         <run_address>0x1ba1c</run_address>
         <size>0x6c</size>
         <alignment>0x2</alignment>
         <input_file_ref idref="fl-1"/>
      </object_component>
      <object_component id="oc-2b7">
         <name>.text.getdevice</name>
         <load_address>0x1ba88</load_address>
         <readonly>true</readonly>
         <executable>true</executable>
         <run_address>0x1ba88</run_address>
         <size>0x6c</size>
         <alignment>0x4</alignment>
         <input_file_ref idref="fl-111"/>
      </object_component>
      <object_component id="oc-1bc">
         <name>.text._ZN3Peg4initEiiah</name>
         <load_address>0x1baf4</load_address>
         <readonly>true</readonly>
         <executable>true</executable>
         <run_address>0x1baf4</run_address>
         <size>0x64</size>
         <alignment>0x4</alignment>
         <input_file_ref idref="fl-a"/>
      </object_component>
      <object_component id="oc-2cd">
         <name>.text.split</name>
         <load_address>0x1bb58</load_address>
         <readonly>true</readonly>
         <executable>true</executable>
         <run_address>0x1bb58</run_address>
         <size>0x64</size>
         <alignment>0x4</alignment>
         <input_file_ref idref="fl-3d"/>
      </object_component>
      <object_component id="oc-257">
         <name>.text.HOSTopen</name>
         <load_address>0x1bbbc</load_address>
         <readonly>true</readonly>
         <executable>true</executable>
         <run_address>0x1bbbc</run_address>
         <size>0x60</size>
         <alignment>0x4</alignment>
         <input_file_ref idref="fl-f8"/>
      </object_component>
      <object_component id="oc-38">
         <name>.text.SysTick_Handler</name>
         <load_address>0x1bc1c</load_address>
         <readonly>true</readonly>
         <executable>true</executable>
         <run_address>0x1bc1c</run_address>
         <size>0x60</size>
         <alignment>0x4</alignment>
         <input_file_ref idref="fl-f"/>
      </object_component>
      <object_component id="oc-110">
         <name>.text._Z13TimerG12_Initv</name>
         <load_address>0x1bc7c</load_address>
         <readonly>true</readonly>
         <executable>true</executable>
         <run_address>0x1bc7c</run_address>
         <size>0x60</size>
         <alignment>0x4</alignment>
         <input_file_ref idref="fl-13"/>
      </object_component>
      <object_component id="oc-95">
         <name>.text._ZN4Ball14checkCollisionEtt</name>
         <load_address>0x1bcdc</load_address>
         <readonly>true</readonly>
         <executable>true</executable>
         <run_address>0x1bcdc</run_address>
         <size>0x60</size>
         <alignment>0x2</alignment>
         <input_file_ref idref="fl-1"/>
      </object_component>
      <object_component id="oc-25f">
         <name>.text.HOSTread</name>
         <load_address>0x1bd3c</load_address>
         <readonly>true</readonly>
         <executable>true</executable>
         <run_address>0x1bd3c</run_address>
         <size>0x58</size>
         <alignment>0x4</alignment>
         <input_file_ref idref="fl-f9"/>
      </object_component>
      <object_component id="oc-263">
         <name>.text.HOSTwrite</name>
         <load_address>0x1bd94</load_address>
         <readonly>true</readonly>
         <executable>true</executable>
         <run_address>0x1bd94</run_address>
         <size>0x58</size>
         <alignment>0x4</alignment>
         <input_file_ref idref="fl-fc"/>
      </object_component>
      <object_component id="oc-10f">
         <name>.text._Z10TExaS_InitP10ADC12_RegsjPFhvE</name>
         <load_address>0x1bdec</load_address>
         <readonly>true</readonly>
         <executable>true</executable>
         <run_address>0x1bdec</run_address>
         <size>0x58</size>
         <alignment>0x4</alignment>
         <input_file_ref idref="fl-12"/>
      </object_component>
      <object_component id="oc-e6">
         <name>.text.__aeabi_idivmod</name>
         <load_address>0x1be44</load_address>
         <readonly>true</readonly>
         <executable>true</executable>
         <run_address>0x1be44</run_address>
         <size>0x56</size>
         <alignment>0x4</alignment>
         <input_file_ref idref="fl-108"/>
      </object_component>
      <object_component id="oc-1d1">
         <name>.text._Z11fillmessagej</name>
         <load_address>0x1be9c</load_address>
         <readonly>true</readonly>
         <executable>true</executable>
         <run_address>0x1be9c</run_address>
         <size>0x54</size>
         <alignment>0x4</alignment>
         <input_file_ref idref="fl-c"/>
      </object_component>
      <object_component id="oc-12f">
         <name>.text._ZN3Peg8getImageEv</name>
         <load_address>0x1bef0</load_address>
         <readonly>true</readonly>
         <executable>true</executable>
         <run_address>0x1bef0</run_address>
         <size>0x54</size>
         <alignment>0x4</alignment>
         <input_file_ref idref="fl-a"/>
      </object_component>
      <object_component id="oc-164">
         <name>.text._ZN4BallC2Eh</name>
         <load_address>0x1bf44</load_address>
         <readonly>true</readonly>
         <executable>true</executable>
         <run_address>0x1bf44</run_address>
         <size>0x54</size>
         <alignment>0x4</alignment>
         <input_file_ref idref="fl-1"/>
      </object_component>
      <object_component id="oc-1b5">
         <name>.text._ZN5LevelC2Eh</name>
         <load_address>0x1bf98</load_address>
         <readonly>true</readonly>
         <executable>true</executable>
         <run_address>0x1bf98</run_address>
         <size>0x54</size>
         <alignment>0x4</alignment>
         <input_file_ref idref="fl-9"/>
      </object_component>
      <object_component id="oc-156">
         <name>.text:__TI_auto_init_nobinit</name>
         <load_address>0x1bfec</load_address>
         <readonly>true</readonly>
         <executable>true</executable>
         <run_address>0x1bfec</run_address>
         <size>0x54</size>
         <alignment>0x4</alignment>
         <input_file_ref idref="fl-49"/>
      </object_component>
      <object_component id="oc-27d">
         <name>.text.__TI_doflush</name>
         <load_address>0x1c040</load_address>
         <readonly>true</readonly>
         <executable>true</executable>
         <run_address>0x1c040</run_address>
         <size>0x52</size>
         <alignment>0x2</alignment>
         <input_file_ref idref="fl-45"/>
      </object_component>
      <object_component id="oc-ec">
         <name>.text._Z11Sound_StartPKhj</name>
         <load_address>0x1c094</load_address>
         <readonly>true</readonly>
         <executable>true</executable>
         <run_address>0x1c094</run_address>
         <size>0x50</size>
         <alignment>0x4</alignment>
         <input_file_ref idref="fl-f"/>
      </object_component>
      <object_component id="oc-283">
         <name>.text.close</name>
         <load_address>0x1c0e4</load_address>
         <readonly>true</readonly>
         <executable>true</executable>
         <run_address>0x1c0e4</run_address>
         <size>0x50</size>
         <alignment>0x4</alignment>
         <input_file_ref idref="fl-f3"/>
      </object_component>
      <object_component id="oc-10e">
         <name>.text._Z10Sound_Initv</name>
         <load_address>0x1c134</load_address>
         <readonly>true</readonly>
         <executable>true</executable>
         <run_address>0x1c134</run_address>
         <size>0x4c</size>
         <alignment>0x4</alignment>
         <input_file_ref idref="fl-f"/>
      </object_component>
      <object_component id="oc-25b">
         <name>.text.HOSTclose</name>
         <load_address>0x1c180</load_address>
         <readonly>true</readonly>
         <executable>true</executable>
         <run_address>0x1c180</run_address>
         <size>0x48</size>
         <alignment>0x4</alignment>
         <input_file_ref idref="fl-f6"/>
      </object_component>
      <object_component id="oc-26b">
         <name>.text.HOSTunlink</name>
         <load_address>0x1c1c8</load_address>
         <readonly>true</readonly>
         <executable>true</executable>
         <run_address>0x1c1c8</run_address>
         <size>0x48</size>
         <alignment>0x4</alignment>
         <input_file_ref idref="fl-fb"/>
      </object_component>
      <object_component id="oc-209">
         <name>.text._Z14SPI_OutCommandc</name>
         <load_address>0x1c210</load_address>
         <readonly>true</readonly>
         <executable>true</executable>
         <run_address>0x1c210</run_address>
         <size>0x48</size>
         <alignment>0x4</alignment>
         <input_file_ref idref="fl-b"/>
      </object_component>
      <object_component id="oc-7e">
         <name>.text._ZN8SlidePot2InEv</name>
         <load_address>0x1c258</load_address>
         <readonly>true</readonly>
         <executable>true</executable>
         <run_address>0x1c258</run_address>
         <size>0x48</size>
         <alignment>0x4</alignment>
         <input_file_ref idref="fl-d"/>
      </object_component>
      <object_component id="oc-89">
         <name>.text._ZN4Hole8moveHoleEv</name>
         <load_address>0x1c2a0</load_address>
         <readonly>true</readonly>
         <executable>true</executable>
         <run_address>0x1c2a0</run_address>
         <size>0x44</size>
         <alignment>0x2</alignment>
         <input_file_ref idref="fl-5"/>
      </object_component>
      <object_component id="oc-3d">
         <name>.text.TIMG7_IRQHandler</name>
         <load_address>0x1c2e4</load_address>
         <readonly>true</readonly>
         <executable>true</executable>
         <run_address>0x1c2e4</run_address>
         <size>0x40</size>
         <alignment>0x4</alignment>
         <input_file_ref idref="fl-12"/>
      </object_component>
      <object_component id="oc-297">
         <name>.text._Z9SPI_Resetv</name>
         <load_address>0x1c324</load_address>
         <readonly>true</readonly>
         <executable>true</executable>
         <run_address>0x1c324</run_address>
         <size>0x40</size>
         <alignment>0x4</alignment>
         <input_file_ref idref="fl-b"/>
      </object_component>
      <object_component id="oc-1a2">
         <name>.text.__aeabi_uidivmod</name>
         <load_address>0x1c364</load_address>
         <readonly>true</readonly>
         <executable>true</executable>
         <run_address>0x1c364</run_address>
         <size>0x40</size>
         <alignment>0x4</alignment>
         <input_file_ref idref="fl-10b"/>
      </object_component>
      <object_component id="oc-21d">
         <name>.text._search_fp</name>
         <load_address>0x1c3a4</load_address>
         <readonly>true</readonly>
         <executable>true</executable>
         <run_address>0x1c3a4</run_address>
         <size>0x40</size>
         <alignment>0x4</alignment>
         <input_file_ref idref="fl-36"/>
      </object_component>
      <object_component id="oc-19d">
         <name>.text._Z9DAC5_Initv</name>
         <load_address>0x1c3e4</load_address>
         <readonly>true</readonly>
         <executable>true</executable>
         <run_address>0x1c3e4</run_address>
         <size>0x3c</size>
         <alignment>0x4</alignment>
         <input_file_ref idref="fl-3"/>
      </object_component>
      <object_component id="oc-8e">
         <name>.text._ZN3Peg11isDestroyedEv</name>
         <load_address>0x1c420</load_address>
         <readonly>true</readonly>
         <executable>true</executable>
         <run_address>0x1c420</run_address>
         <size>0x3c</size>
         <alignment>0x2</alignment>
         <input_file_ref idref="fl-a"/>
      </object_component>
      <object_component id="oc-1d8">
         <name>.text._Z11SPI_OutDatac</name>
         <load_address>0x1c45c</load_address>
         <readonly>true</readonly>
         <executable>true</executable>
         <run_address>0x1c45c</run_address>
         <size>0x38</size>
         <alignment>0x4</alignment>
         <input_file_ref idref="fl-b"/>
      </object_component>
      <object_component id="oc-176">
         <name>.text._Z15ActivatePortA_Bv</name>
         <load_address>0x1c494</load_address>
         <readonly>true</readonly>
         <executable>true</executable>
         <run_address>0x1c494</run_address>
         <size>0x38</size>
         <alignment>0x4</alignment>
         <input_file_ref idref="fl-8"/>
      </object_component>
      <object_component id="oc-165">
         <name>.text._ZN4HoleC2Ev</name>
         <load_address>0x1c4cc</load_address>
         <readonly>true</readonly>
         <executable>true</executable>
         <run_address>0x1c4cc</run_address>
         <size>0x38</size>
         <alignment>0x4</alignment>
         <input_file_ref idref="fl-5"/>
      </object_component>
      <object_component id="oc-18c">
         <name>.text._Z12ST7735_writeiPKcj</name>
         <load_address>0x1c504</load_address>
         <readonly>true</readonly>
         <executable>true</executable>
         <run_address>0x1c504</run_address>
         <size>0x34</size>
         <alignment>0x2</alignment>
         <input_file_ref idref="fl-c"/>
      </object_component>
      <object_component id="oc-1e8">
         <name>.text._Z14Clock_Delay1msj</name>
         <load_address>0x1c538</load_address>
         <readonly>true</readonly>
         <executable>true</executable>
         <run_address>0x1c538</run_address>
         <size>0x34</size>
         <alignment>0x4</alignment>
         <input_file_ref idref="fl-2"/>
      </object_component>
      <object_component id="oc-128">
         <name>.text._Z16ST7735_SetCursorjj</name>
         <load_address>0x1c56c</load_address>
         <readonly>true</readonly>
         <executable>true</executable>
         <run_address>0x1c56c</run_address>
         <size>0x34</size>
         <alignment>0x4</alignment>
         <input_file_ref idref="fl-c"/>
      </object_component>
      <object_component id="oc-109">
         <name>.text._Z8LED_Initv</name>
         <load_address>0x1c5a0</load_address>
         <readonly>true</readonly>
         <executable>true</executable>
         <run_address>0x1c5a0</run_address>
         <size>0x34</size>
         <alignment>0x4</alignment>
         <input_file_ref idref="fl-6"/>
      </object_component>
      <object_component id="oc-228">
         <name>.text.__TI_cleanup</name>
         <load_address>0x1c5d4</load_address>
         <readonly>true</readonly>
         <executable>true</executable>
         <run_address>0x1c5d4</run_address>
         <size>0x34</size>
         <alignment>0x4</alignment>
         <input_file_ref idref="fl-36"/>
      </object_component>
      <object_component id="oc-29f">
         <name>.text.__TI_readmsg</name>
         <load_address>0x1c608</load_address>
         <readonly>true</readonly>
         <executable>true</executable>
         <run_address>0x1c608</run_address>
         <size>0x34</size>
         <alignment>0x4</alignment>
         <input_file_ref idref="fl-fd"/>
      </object_component>
      <object_component id="oc-299">
         <name>.text.__TI_writemsg</name>
         <load_address>0x1c63c</load_address>
         <readonly>true</readonly>
         <executable>true</executable>
         <run_address>0x1c63c</run_address>
         <size>0x34</size>
         <alignment>0x4</alignment>
         <input_file_ref idref="fl-fd"/>
      </object_component>
      <object_component id="oc-14e">
         <name>.text.exit</name>
         <load_address>0x1c670</load_address>
         <readonly>true</readonly>
         <executable>true</executable>
         <run_address>0x1c670</run_address>
         <size>0x34</size>
         <alignment>0x4</alignment>
         <input_file_ref idref="fl-39"/>
      </object_component>
      <object_component id="oc-211">
         <name>.text.finddevice</name>
         <load_address>0x1c6a4</load_address>
         <readonly>true</readonly>
         <executable>true</executable>
         <run_address>0x1c6a4</run_address>
         <size>0x34</size>
         <alignment>0x4</alignment>
         <input_file_ref idref="fl-111"/>
      </object_component>
      <object_component id="oc-184">
         <name>.text.freopen</name>
         <load_address>0x1c6d8</load_address>
         <readonly>true</readonly>
         <executable>true</executable>
         <run_address>0x1c6d8</run_address>
         <size>0x34</size>
         <alignment>0x4</alignment>
         <input_file_ref idref="fl-36"/>
      </object_component>
      <object_component id="oc-1aa">
         <name>.text._Z15ST7735_Color565hhh</name>
         <load_address>0x1c70c</load_address>
         <readonly>true</readonly>
         <executable>true</executable>
         <run_address>0x1c70c</run_address>
         <size>0x32</size>
         <alignment>0x2</alignment>
         <input_file_ref idref="fl-c"/>
      </object_component>
      <object_component id="oc-207">
         <name>.text._ZL10commonInitPKh</name>
         <load_address>0x1c740</load_address>
         <readonly>true</readonly>
         <executable>true</executable>
         <run_address>0x1c740</run_address>
         <size>0x30</size>
         <alignment>0x4</alignment>
         <input_file_ref idref="fl-c"/>
      </object_component>
      <object_component id="oc-a9">
         <name>.text._ZN4Ball5resetEh</name>
         <load_address>0x1c770</load_address>
         <readonly>true</readonly>
         <executable>true</executable>
         <run_address>0x1c770</run_address>
         <size>0x30</size>
         <alignment>0x4</alignment>
         <input_file_ref idref="fl-1"/>
      </object_component>
      <object_component id="oc-ab">
         <name>.text._ZN9GameState7useBallEv</name>
         <load_address>0x1c7a0</load_address>
         <readonly>true</readonly>
         <executable>true</executable>
         <run_address>0x1c7a0</run_address>
         <size>0x30</size>
         <alignment>0x2</alignment>
         <input_file_ref idref="fl-4"/>
      </object_component>
      <object_component id="oc-d7">
         <name>.text.__cxx_global_var_init.3</name>
         <load_address>0x1c7d0</load_address>
         <readonly>true</readonly>
         <executable>true</executable>
         <run_address>0x1c7d0</run_address>
         <size>0x30</size>
         <alignment>0x4</alignment>
         <input_file_ref idref="fl-7"/>
      </object_component>
      <object_component id="oc-17e">
         <name>.text.fopen</name>
         <load_address>0x1c800</load_address>
         <readonly>true</readonly>
         <executable>true</executable>
         <run_address>0x1c800</run_address>
         <size>0x30</size>
         <alignment>0x4</alignment>
         <input_file_ref idref="fl-36"/>
      </object_component>
      <object_component id="oc-166">
         <name>.text._ZN3PegC2Ev</name>
         <load_address>0x1c830</load_address>
         <readonly>true</readonly>
         <executable>true</executable>
         <run_address>0x1c830</run_address>
         <size>0x2e</size>
         <alignment>0x2</alignment>
         <input_file_ref idref="fl-a"/>
      </object_component>
      <object_component id="oc-106">
         <name>.text._Z17ST7735_FillScreent</name>
         <load_address>0x1c860</load_address>
         <readonly>true</readonly>
         <executable>true</executable>
         <run_address>0x1c860</run_address>
         <size>0x2c</size>
         <alignment>0x4</alignment>
         <input_file_ref idref="fl-c"/>
      </object_component>
      <object_component id="oc-1ba">
         <name>.text._ZN9GameState17setBallsRemainingEh</name>
         <load_address>0x1c88c</load_address>
         <readonly>true</readonly>
         <executable>true</executable>
         <run_address>0x1c88c</run_address>
         <size>0x2c</size>
         <alignment>0x2</alignment>
         <input_file_ref idref="fl-4"/>
      </object_component>
      <object_component id="oc-2c6">
         <name>.text.unlink</name>
         <load_address>0x1c8b8</load_address>
         <readonly>true</readonly>
         <executable>true</executable>
         <run_address>0x1c8b8</run_address>
         <size>0x2c</size>
         <alignment>0x4</alignment>
         <input_file_ref idref="fl-f5"/>
      </object_component>
      <object_component id="oc-108">
         <name>.text._Z11Switch_Initv</name>
         <load_address>0x1c8e4</load_address>
         <readonly>true</readonly>
         <executable>true</executable>
         <run_address>0x1c8e4</run_address>
         <size>0x28</size>
         <alignment>0x4</alignment>
         <input_file_ref idref="fl-11"/>
      </object_component>
      <object_component id="oc-19f">
         <name>.text._Z9ADC_StartP10ADC12_Regs</name>
         <load_address>0x1c90c</load_address>
         <readonly>true</readonly>
         <executable>true</executable>
         <run_address>0x1c90c</run_address>
         <size>0x28</size>
         <alignment>0x4</alignment>
         <input_file_ref idref="fl-12"/>
      </object_component>
      <object_component id="oc-236">
         <name>.text.free_list_insert</name>
         <load_address>0x1c934</load_address>
         <readonly>true</readonly>
         <executable>true</executable>
         <run_address>0x1c934</run_address>
         <size>0x28</size>
         <alignment>0x4</alignment>
         <input_file_ref idref="fl-3d"/>
      </object_component>
      <object_component id="oc-2bd">
         <name>.text.write</name>
         <load_address>0x1c95c</load_address>
         <readonly>true</readonly>
         <executable>true</executable>
         <run_address>0x1c95c</run_address>
         <size>0x28</size>
         <alignment>0x4</alignment>
         <input_file_ref idref="fl-ee"/>
      </object_component>
      <object_component id="oc-62">
         <name>.text:_c_int00_noargs</name>
         <load_address>0x1c984</load_address>
         <readonly>true</readonly>
         <executable>true</executable>
         <run_address>0x1c984</run_address>
         <size>0x28</size>
         <alignment>0x4</alignment>
         <input_file_ref idref="fl-41"/>
      </object_component>
      <object_component id="oc-129">
         <name>.text._Z16ST7735_OutStringPc</name>
         <load_address>0x1c9ac</load_address>
         <readonly>true</readonly>
         <executable>true</executable>
         <run_address>0x1c9ac</run_address>
         <size>0x26</size>
         <alignment>0x2</alignment>
         <input_file_ref idref="fl-c"/>
      </object_component>
      <object_component id="oc-1fd">
         <name>.text._ZL17operator_new_implj</name>
         <load_address>0x1c9d2</load_address>
         <readonly>true</readonly>
         <executable>true</executable>
         <run_address>0x1c9d2</run_address>
         <size>0x26</size>
         <alignment>0x2</alignment>
         <input_file_ref idref="fl-ea"/>
      </object_component>
      <object_component id="oc-84">
         <name>.text._Z9Switch_Inv</name>
         <load_address>0x1c9f8</load_address>
         <readonly>true</readonly>
         <executable>true</executable>
         <run_address>0x1c9f8</run_address>
         <size>0x24</size>
         <alignment>0x4</alignment>
         <input_file_ref idref="fl-11"/>
      </object_component>
      <object_component id="oc-aa">
         <name>.text._ZN4Ball6isLostEv</name>
         <load_address>0x1ca1c</load_address>
         <readonly>true</readonly>
         <executable>true</executable>
         <run_address>0x1ca1c</run_address>
         <size>0x24</size>
         <alignment>0x2</alignment>
         <input_file_ref idref="fl-1"/>
      </object_component>
      <object_component id="oc-233">
         <name>.text._Z8Random32v</name>
         <load_address>0x1ca40</load_address>
         <readonly>true</readonly>
         <executable>true</executable>
         <run_address>0x1ca40</run_address>
         <size>0x20</size>
         <alignment>0x4</alignment>
         <input_file_ref idref="fl-7"/>
      </object_component>
      <object_component id="oc-d5">
         <name>.text.__cxx_global_var_init.1</name>
         <load_address>0x1ca60</load_address>
         <readonly>true</readonly>
         <executable>true</executable>
         <run_address>0x1ca60</run_address>
         <size>0x20</size>
         <alignment>0x4</alignment>
         <input_file_ref idref="fl-7"/>
      </object_component>
      <object_component id="oc-d6">
         <name>.text.__cxx_global_var_init.2</name>
         <load_address>0x1ca80</load_address>
         <readonly>true</readonly>
         <executable>true</executable>
         <run_address>0x1ca80</run_address>
         <size>0x20</size>
         <alignment>0x4</alignment>
         <input_file_ref idref="fl-7"/>
      </object_component>
      <object_component id="oc-238">
         <name>.text._ZL9pushColort</name>
         <load_address>0x1caa0</load_address>
         <readonly>true</readonly>
         <executable>true</executable>
         <run_address>0x1caa0</run_address>
         <size>0x1e</size>
         <alignment>0x2</alignment>
         <input_file_ref idref="fl-c"/>
      </object_component>
      <object_component id="oc-a7">
         <name>.text._ZN9GameState7addBallEv</name>
         <load_address>0x1cabe</load_address>
         <readonly>true</readonly>
         <executable>true</executable>
         <run_address>0x1cabe</run_address>
         <size>0x1e</size>
         <alignment>0x2</alignment>
         <input_file_ref idref="fl-4"/>
      </object_component>
      <object_component id="oc-36">
         <name>.text.Default_Handler</name>
         <load_address>0x1cadc</load_address>
         <readonly>true</readonly>
         <executable>true</executable>
         <run_address>0x1cadc</run_address>
         <size>0x1c</size>
         <alignment>0x4</alignment>
         <input_file_ref idref="fl-15"/>
      </object_component>
      <object_component id="oc-37">
         <name>.text.HardFault_Handler</name>
         <load_address>0x1caf8</load_address>
         <readonly>true</readonly>
         <executable>true</executable>
         <run_address>0x1caf8</run_address>
         <size>0x1c</size>
         <alignment>0x4</alignment>
         <input_file_ref idref="fl-15"/>
      </object_component>
      <object_component id="oc-18f">
         <name>.text._Z11ST7735_openPKcji</name>
         <load_address>0x1cb14</load_address>
         <readonly>true</readonly>
         <executable>true</executable>
         <run_address>0x1cb14</run_address>
         <size>0x1c</size>
         <alignment>0x4</alignment>
         <input_file_ref idref="fl-c"/>
      </object_component>
      <object_component id="oc-6f">
         <name>.text._Z8DAC5_Outj</name>
         <load_address>0x1cb30</load_address>
         <readonly>true</readonly>
         <executable>true</executable>
         <run_address>0x1cb30</run_address>
         <size>0x1c</size>
         <alignment>0x4</alignment>
         <input_file_ref idref="fl-3"/>
      </object_component>
      <object_component id="oc-83">
         <name>.text._ZN8SlidePot7ConvertEj</name>
         <load_address>0x1cb4c</load_address>
         <readonly>true</readonly>
         <executable>true</executable>
         <run_address>0x1cb4c</run_address>
         <size>0x1c</size>
         <alignment>0x4</alignment>
         <input_file_ref idref="fl-d"/>
      </object_component>
      <object_component id="oc-234">
         <name>.text.free_list_remove</name>
         <load_address>0x1cb68</load_address>
         <readonly>true</readonly>
         <executable>true</executable>
         <run_address>0x1cb68</run_address>
         <size>0x1c</size>
         <alignment>0x4</alignment>
         <input_file_ref idref="fl-3d"/>
      </object_component>
      <object_component id="oc-69">
         <name>.text._GLOBAL__sub_I_Lab9HMain.cpp</name>
         <load_address>0x1cb84</load_address>
         <readonly>true</readonly>
         <executable>true</executable>
         <run_address>0x1cb84</run_address>
         <size>0x18</size>
         <alignment>0x2</alignment>
         <input_file_ref idref="fl-7"/>
      </object_component>
      <object_component id="oc-1bb">
         <name>.text._Z6Randomj</name>
         <load_address>0x1cb9c</load_address>
         <readonly>true</readonly>
         <executable>true</executable>
         <run_address>0x1cb9c</run_address>
         <size>0x18</size>
         <alignment>0x2</alignment>
         <input_file_ref idref="fl-7"/>
      </object_component>
      <object_component id="oc-d4">
         <name>.text.__cxx_global_var_init</name>
         <load_address>0x1cbb4</load_address>
         <readonly>true</readonly>
         <executable>true</executable>
         <run_address>0x1cbb4</run_address>
         <size>0x18</size>
         <alignment>0x4</alignment>
         <input_file_ref idref="fl-7"/>
      </object_component>
      <object_component id="oc-18d">
         <name>.text._Z11ST7735_readiPcj</name>
         <load_address>0x1cbcc</load_address>
         <readonly>true</readonly>
         <executable>true</executable>
         <run_address>0x1cbcc</run_address>
         <size>0x16</size>
         <alignment>0x2</alignment>
         <input_file_ref idref="fl-c"/>
      </object_component>
      <object_component id="oc-126">
         <name>.text._ZN4Ball9setActiveEb</name>
         <load_address>0x1cbe2</load_address>
         <readonly>true</readonly>
         <executable>true</executable>
         <run_address>0x1cbe2</run_address>
         <size>0x16</size>
         <alignment>0x2</alignment>
         <input_file_ref idref="fl-1"/>
      </object_component>
      <object_component id="oc-59">
         <name>.text:decompress:ZI:__TI_zero_init_nomemset</name>
         <load_address>0x1cbf8</load_address>
         <readonly>true</readonly>
         <executable>true</executable>
         <run_address>0x1cbf8</run_address>
         <size>0x16</size>
         <alignment>0x2</alignment>
         <input_file_ref idref="fl-3e"/>
      </object_component>
      <object_component id="oc-1b9">
         <name>.text._Z10SeedRandomj</name>
         <load_address>0x1cc10</load_address>
         <readonly>true</readonly>
         <executable>true</executable>
         <run_address>0x1cc10</run_address>
         <size>0x14</size>
         <alignment>0x4</alignment>
         <input_file_ref idref="fl-7"/>
      </object_component>
      <object_component id="oc-116">
         <name>.text._Z11Sound_Shootv</name>
         <load_address>0x1cc24</load_address>
         <readonly>true</readonly>
         <executable>true</executable>
         <run_address>0x1cc24</run_address>
         <size>0x14</size>
         <alignment>0x4</alignment>
         <input_file_ref idref="fl-f"/>
      </object_component>
      <object_component id="oc-a8">
         <name>.text._Z12Sound_Killedv</name>
         <load_address>0x1cc38</load_address>
         <readonly>true</readonly>
         <executable>true</executable>
         <run_address>0x1cc38</run_address>
         <size>0x14</size>
         <alignment>0x4</alignment>
         <input_file_ref idref="fl-f"/>
      </object_component>
      <object_component id="oc-13f">
         <name>.text._Z15Sound_Explosionv</name>
         <load_address>0x1cc4c</load_address>
         <readonly>true</readonly>
         <executable>true</executable>
         <run_address>0x1cc4c</run_address>
         <size>0x14</size>
         <alignment>0x4</alignment>
         <input_file_ref idref="fl-f"/>
      </object_component>
      <object_component id="oc-a1">
         <name>.text._Z18Sound_Fastinvader1v</name>
         <load_address>0x1cc60</load_address>
         <readonly>true</readonly>
         <executable>true</executable>
         <run_address>0x1cc60</run_address>
         <size>0x14</size>
         <alignment>0x4</alignment>
         <input_file_ref idref="fl-f"/>
      </object_component>
      <object_component id="oc-ac">
         <name>.text._Z18Sound_Fastinvader2v</name>
         <load_address>0x1cc74</load_address>
         <readonly>true</readonly>
         <executable>true</executable>
         <run_address>0x1cc74</run_address>
         <size>0x14</size>
         <alignment>0x4</alignment>
         <input_file_ref idref="fl-f"/>
      </object_component>
      <object_component id="oc-1ab">
         <name>.text._Z19ST7735_SetTextColort</name>
         <load_address>0x1cc88</load_address>
         <readonly>true</readonly>
         <executable>true</executable>
         <run_address>0x1cc88</run_address>
         <size>0x14</size>
         <alignment>0x4</alignment>
         <input_file_ref idref="fl-c"/>
      </object_component>
      <object_component id="oc-a3">
         <name>.text._ZN3Peg9updatePegEv</name>
         <load_address>0x1cc9c</load_address>
         <readonly>true</readonly>
         <executable>true</executable>
         <run_address>0x1cc9c</run_address>
         <size>0x14</size>
         <alignment>0x2</alignment>
         <input_file_ref idref="fl-a"/>
      </object_component>
      <object_component id="oc-127">
         <name>.text._ZN4Ball3aimEj</name>
         <load_address>0x1ccb0</load_address>
         <readonly>true</readonly>
         <executable>true</executable>
         <run_address>0x1ccb0</run_address>
         <size>0x14</size>
         <alignment>0x2</alignment>
         <input_file_ref idref="fl-1"/>
      </object_component>
      <object_component id="oc-9c">
         <name>.text._ZN9GameState9addPointsEj</name>
         <load_address>0x1ccc4</load_address>
         <readonly>true</readonly>
         <executable>true</executable>
         <run_address>0x1ccc4</run_address>
         <size>0x14</size>
         <alignment>0x2</alignment>
         <input_file_ref idref="fl-4"/>
      </object_component>
      <object_component id="oc-141">
         <name>.text._ZN9GameState9resetGameEv</name>
         <load_address>0x1ccd8</load_address>
         <readonly>true</readonly>
         <executable>true</executable>
         <run_address>0x1ccd8</run_address>
         <size>0x14</size>
         <alignment>0x2</alignment>
         <input_file_ref idref="fl-4"/>
      </object_component>
      <object_component id="oc-167">
         <name>.text._ZN9GameStateC2Ev</name>
         <load_address>0x1ccec</load_address>
         <readonly>true</readonly>
         <executable>true</executable>
         <run_address>0x1ccec</run_address>
         <size>0x14</size>
         <alignment>0x2</alignment>
         <input_file_ref idref="fl-4"/>
      </object_component>
      <object_component id="oc-163">
         <name>.text._Znwj</name>
         <load_address>0x1cd00</load_address>
         <readonly>true</readonly>
         <executable>true</executable>
         <run_address>0x1cd00</run_address>
         <size>0x14</size>
         <alignment>0x2</alignment>
         <input_file_ref idref="fl-ea"/>
      </object_component>
      <object_component id="oc-1b6">
         <name>.text._ZN9GameState15setCurrentLevelEh</name>
         <load_address>0x1cd14</load_address>
         <readonly>true</readonly>
         <executable>true</executable>
         <run_address>0x1cd14</run_address>
         <size>0x12</size>
         <alignment>0x2</alignment>
         <input_file_ref idref="fl-4"/>
      </object_component>
      <object_component id="oc-f1">
         <name>.text:TI_memcpy_small</name>
         <load_address>0x1cd26</load_address>
         <readonly>true</readonly>
         <executable>true</executable>
         <run_address>0x1cd26</run_address>
         <size>0x12</size>
         <alignment>0x1</alignment>
         <input_file_ref idref="fl-112"/>
      </object_component>
      <object_component id="oc-20">
         <name>.text:decompress:none</name>
         <load_address>0x1cd38</load_address>
         <readonly>true</readonly>
         <executable>true</executable>
         <run_address>0x1cd38</run_address>
         <size>0x12</size>
         <alignment>0x2</alignment>
         <input_file_ref idref="fl-3f"/>
      </object_component>
      <object_component id="oc-119">
         <name>.text._Z11Clock_Delayj</name>
         <load_address>0x1cd4a</load_address>
         <readonly>true</readonly>
[...]
         <value>0x1cc4d</value>
         <object_component_ref idref="oc-13f"/>
      </symbol>
      <symbol id="sm-2a4">
         <name>_Z18Sound_Fastinvader1v</name>
         <value>0x1cc61</value>
         <object_component_ref idref="oc-a1"/>
      </symbol>
      <symbol id="sm-2a5">
         <name>_Z18Sound_Fastinvader2v</name>
         <value>0x1cc75</value>
         <object_component_ref idref="oc-ac"/>
      </symbol>
      <symbol id="sm-2b3">
         <name>_Z11Switch_Initv</name>
         <value>0x1c8e5</value>
         <object_component_ref idref="oc-108"/>
      </symbol>
      <symbol id="sm-2b4">
         <name>_Z9Switch_Inv</name>
         <value>0x1c9f9</value>
         <object_component_ref idref="oc-84"/>
      </symbol>
      <symbol id="sm-2ca">
         <name>_Z8ADC_InitP10ADC12_Regsjj</name>
         <value>0x1a281</value>
         <object_component_ref idref="oc-19e"/>
      </symbol>
      <symbol id="sm-2cb">
         <name>_Z9ADC_StartP10ADC12_Regs</name>
         <value>0x1c90d</value>
         <object_component_ref idref="oc-19f"/>
      </symbol>
      <symbol id="sm-2cc">
         <name>_Z9UART_Initv</name>
         <value>0x1aab1</value>
         <object_component_ref idref="oc-1a0"/>
      </symbol>
      <symbol id="sm-2cd">
         <name>TIMG7_IRQHandler</name>
         <value>0x1c2e5</value>
         <object_component_ref idref="oc-3d"/>
      </symbol>
      <symbol id="sm-2ce">
         <name>TExaSadc</name>
         <value>0x202009cc</value>
         <object_component_ref idref="oc-7a"/>
      </symbol>
      <symbol id="sm-2cf">
         <name>TExaSLogic</name>
         <value>0x202009c8</value>
         <object_component_ref idref="oc-7b"/>
      </symbol>
      <symbol id="sm-2d0">
         <name>_Z10TExaS_InitP10ADC12_RegsjPFhvE</name>
         <value>0x1bded</value>
         <object_component_ref idref="oc-10f"/>
      </symbol>
      <symbol id="sm-2e0">
         <name>_Z14TimerG7_IntArmtjj</name>
         <value>0x1b06d</value>
         <object_component_ref idref="oc-1a6"/>
      </symbol>
      <symbol id="sm-2e1">
         <name>_Z15TimerG12_IntArmjj</name>
         <value>0x1b435</value>
         <object_component_ref idref="oc-115"/>
      </symbol>
      <symbol id="sm-2e2">
         <name>_Z13TimerG12_Initv</name>
         <value>0x1bc7d</value>
         <object_component_ref idref="oc-110"/>
      </symbol>
      <symbol id="sm-2f4">
         <name>Default_Handler</name>
         <value>0x1cadd</value>
         <object_component_ref idref="oc-36"/>
      </symbol>
      <symbol id="sm-2f5">
         <name>Reset_Handler</name>
         <value>0x1cf51</value>
         <object_component_ref idref="oc-32"/>
      </symbol>
      <symbol id="sm-2f6">
         <name>HardFault_Handler</name>
         <value>0x1caf9</value>
         <object_component_ref idref="oc-37"/>
      </symbol>
      <symbol id="sm-2f7">
         <name>interruptVectors</name>
         <value>0x0</value>
         <object_component_ref idref="oc-18"/>
      </symbol>
      <symbol id="sm-2f8">
         <name>NMI_Handler</name>
         <value>0x1cadd</value>
         <object_component_ref idref="oc-36"/>
      </symbol>
      <symbol id="sm-2f9">
         <name>SVC_Handler</name>
         <value>0x1cadd</value>
         <object_component_ref idref="oc-36"/>
      </symbol>
      <symbol id="sm-2fa">
         <name>PendSV_Handler</name>
         <value>0x1cadd</value>
         <object_component_ref idref="oc-36"/>
      </symbol>
      <symbol id="sm-2fb">
         <name>GROUP0_IRQHandler</name>
         <value>0x1cadd</value>
         <object_component_ref idref="oc-36"/>
      </symbol>
      <symbol id="sm-2fc">
         <name>GROUP1_IRQHandler</name>
         <value>0x1cadd</value>
         <object_component_ref idref="oc-36"/>
      </symbol>
      <symbol id="sm-2fd">
         <name>TIMG8_IRQHandler</name>
         <value>0x1cadd</value>
         <object_component_ref idref="oc-36"/>
      </symbol>
      <symbol id="sm-2fe">
         <name>UART3_IRQHandler</name>
         <value>0x1cadd</value>
         <object_component_ref idref="oc-36"/>
      </symbol>
      <symbol id="sm-2ff">
         <name>ADC0_IRQHandler</name>
         <value>0x1cadd</value>
         <object_component_ref idref="oc-36"/>
      </symbol>
      <symbol id="sm-300">
         <name>ADC1_IRQHandler</name>
         <value>0x1cadd</value>
         <object_component_ref idref="oc-36"/>
      </symbol>
      <symbol id="sm-301">
         <name>CANFD0_IRQHandler</name>
         <value>0x1cadd</value>
         <object_component_ref idref="oc-36"/>
      </symbol>
      <symbol id="sm-302">
         <name>DAC0_IRQHandler</name>
         <value>0x1cadd</value>
         <object_component_ref idref="oc-36"/>
      </symbol>
      <symbol id="sm-303">
         <name>SPI0_IRQHandler</name>
         <value>0x1cadd</value>
         <object_component_ref idref="oc-36"/>
      </symbol>
      <symbol id="sm-304">
         <name>SPI1_IRQHandler</name>
         <value>0x1cadd</value>
         <object_component_ref idref="oc-36"/>
      </symbol>
      <symbol id="sm-305">
         <name>UART1_IRQHandler</name>
         <value>0x1cadd</value>
         <object_component_ref idref="oc-36"/>
      </symbol>
      <symbol id="sm-306">
         <name>UART2_IRQHandler</name>
         <value>0x1cadd</value>
         <object_component_ref idref="oc-36"/>
      </symbol>
      <symbol id="sm-307">
         <name>UART0_IRQHandler</name>
         <value>0x1cadd</value>
         <object_component_ref idref="oc-36"/>
      </symbol>
      <symbol id="sm-308">
         <name>TIMG0_IRQHandler</name>
         <value>0x1cadd</value>
         <object_component_ref idref="oc-36"/>
      </symbol>
      <symbol id="sm-309">
         <name>TIMG6_IRQHandler</name>
         <value>0x1cadd</value>
         <object_component_ref idref="oc-36"/>
      </symbol>
      <symbol id="sm-30a">
         <name>TIMA0_IRQHandler</name>
         <value>0x1cadd</value>
         <object_component_ref idref="oc-36"/>
      </symbol>
      <symbol id="sm-30b">
         <name>TIMA1_IRQHandler</name>
         <value>0x1cadd</value>
         <object_component_ref idref="oc-36"/>
      </symbol>
      <symbol id="sm-30c">
         <name>I2C0_IRQHandler</name>
         <value>0x1cadd</value>
         <object_component_ref idref="oc-36"/>
      </symbol>
      <symbol id="sm-30d">
         <name>I2C1_IRQHandler</name>
         <value>0x1cadd</value>
         <object_component_ref idref="oc-36"/>
      </symbol>
      <symbol id="sm-30e">
         <name>AES_IRQHandler</name>
         <value>0x1cadd</value>
         <object_component_ref idref="oc-36"/>
      </symbol>
      <symbol id="sm-30f">
         <name>RTC_IRQHandler</name>
         <value>0x1cadd</value>
         <object_component_ref idref="oc-36"/>
      </symbol>
      <symbol id="sm-310">
         <name>DMA_IRQHandler</name>
         <value>0x1cadd</value>
         <object_component_ref idref="oc-36"/>
      </symbol>
      <symbol id="sm-311">
         <name>__TI_ATRegion0_src_addr</name>
         <value>0x0</value>
      </symbol>
      <symbol id="sm-312">
         <name>__TI_ATRegion0_trg_addr</name>
         <value>0x0</value>
      </symbol>
      <symbol id="sm-313">
         <name>__TI_ATRegion0_region_sz</name>
         <value>0x0</value>
      </symbol>
      <symbol id="sm-314">
         <name>__TI_ATRegion1_src_addr</name>
         <value>0x0</value>
      </symbol>
      <symbol id="sm-315">
         <name>__TI_ATRegion1_trg_addr</name>
         <value>0x0</value>
      </symbol>
      <symbol id="sm-316">
         <name>__TI_ATRegion1_region_sz</name>
         <value>0x0</value>
      </symbol>
      <symbol id="sm-317">
         <name>__TI_ATRegion2_src_addr</name>
         <value>0x0</value>
      </symbol>
      <symbol id="sm-318">
         <name>__TI_ATRegion2_trg_addr</name>
         <value>0x0</value>
      </symbol>
      <symbol id="sm-319">
         <name>__TI_ATRegion2_region_sz</name>
         <value>0x0</value>
      </symbol>
      <symbol id="sm-332">
         <name>fopen</name>
         <value>0x1c801</value>
         <object_component_ref idref="oc-17e"/>
      </symbol>
      <symbol id="sm-333">
         <name>__TI_cleanup</name>
         <value>0x1c5d5</value>
         <object_component_ref idref="oc-228"/>
      </symbol>
      <symbol id="sm-334">
         <name>freopen</name>
         <value>0x1c6d9</value>
         <object_component_ref idref="oc-184"/>
      </symbol>
      <symbol id="sm-33e">
         <name>setvbuf</name>
         <value>0x1ad61</value>
         <object_component_ref idref="oc-185"/>
      </symbol>
      <symbol id="sm-34d">
         <name>abort</name>
         <value>0x1cf5d</value>
         <object_component_ref idref="oc-149"/>
      </symbol>
      <symbol id="sm-34e">
         <name>C$$EXIT</name>
         <value>0x1cf5c</value>
         <object_component_ref idref="oc-149"/>
      </symbol>
      <symbol id="sm-34f">
         <name>__TI_cleanup_ptr</name>
         <value>0x20200598</value>
         <object_component_ref idref="oc-1f5"/>
      </symbol>
      <symbol id="sm-350">
         <name>__TI_dtors_ptr</name>
         <value>0x2020059c</value>
         <object_component_ref idref="oc-1f5"/>
      </symbol>
      <symbol id="sm-351">
         <name>exit</name>
         <value>0x1c671</value>
         <object_component_ref idref="oc-14e"/>
      </symbol>
      <symbol id="sm-35a">
         <name>_nop</name>
         <value>0x1b6db</value>
         <object_component_ref idref="oc-23c"/>
      </symbol>
      <symbol id="sm-35b">
         <name>_lock</name>
         <value>0x202005b8</value>
         <object_component_ref idref="oc-1f3"/>
      </symbol>
      <symbol id="sm-35c">
         <name>_unlock</name>
         <value>0x202005bc</value>
         <object_component_ref idref="oc-1f6"/>
      </symbol>
      <symbol id="sm-362">
         <name>_ftable</name>
         <value>0x202003c0</value>
         <object_component_ref idref="oc-193"/>
      </symbol>
      <symbol id="sm-363">
         <name>__TI_ft_end</name>
         <value>0x202005b0</value>
         <object_component_ref idref="oc-278"/>
      </symbol>
      <symbol id="sm-364">
         <name>__TI_tmpnams</name>
         <value>0x20200910</value>
         <object_component_ref idref="oc-28b"/>
      </symbol>
      <symbol id="sm-387">
         <name>malloc</name>
         <value>0x1cf05</value>
         <object_component_ref idref="oc-227"/>
      </symbol>
      <symbol id="sm-388">
         <name>aligned_alloc</name>
         <value>0x1a5d9</value>
         <object_component_ref idref="oc-28e"/>
      </symbol>
      <symbol id="sm-389">
         <name>free</name>
         <value>0x1ab99</value>
         <object_component_ref idref="oc-1ca"/>
      </symbol>
      <symbol id="sm-38a">
         <name>_sys_memory</name>
         <value>0x202005f0</value>
         <object_component_ref idref="oc-30"/>
      </symbol>
      <symbol id="sm-38b">
         <name>memalign</name>
         <value>0x1a5d9</value>
         <object_component_ref idref="oc-28e"/>
      </symbol>
      <symbol id="sm-395">
         <name>__TI_zero_init_nomemset</name>
         <value>0x1cbf9</value>
         <object_component_ref idref="oc-59"/>
      </symbol>
      <symbol id="sm-39e">
         <name>__TI_decompress_none</name>
         <value>0x1cd39</value>
         <object_component_ref idref="oc-20"/>
      </symbol>
      <symbol id="sm-3a9">
         <name>__TI_decompress_lzss</name>
         <value>0x1b851</value>
         <object_component_ref idref="oc-1c"/>
      </symbol>
      <symbol id="sm-3b4">
         <name>_c_int00_noargs</name>
         <value>0x1c985</value>
         <object_component_ref idref="oc-62"/>
      </symbol>
      <symbol id="sm-3b5">
         <name>__stack</name>
         <value>0x20207e00</value>
         <object_component_ref idref="oc-1a"/>
      </symbol>
      <symbol id="sm-3c2">
         <name>__TI_closefile</name>
         <value>0x1b7d5</value>
         <object_component_ref idref="oc-221"/>
      </symbol>
      <symbol id="sm-3cc">
         <name>__TI_doflush</name>
         <value>0x1c041</value>
         <object_component_ref idref="oc-27d"/>
      </symbol>
      <symbol id="sm-3da">
         <name>__TI_auto_init_nobinit</name>
         <value>0x1bfed</value>
         <object_component_ref idref="oc-156"/>
      </symbol>
      <symbol id="sm-3e2">
         <name>_system_pre_init</name>
         <value>0x1cf55</value>
         <object_component_ref idref="oc-c5"/>
      </symbol>
      <symbol id="sm-400">
         <name>_Znwj</name>
         <value>0x1cd01</value>
         <object_component_ref idref="oc-163"/>
      </symbol>
      <symbol id="sm-401">
         <name>_Z22__throw_bad_alloc_shimv</name>
         <value>0x1ce45</value>
         <object_component_ref idref="oc-1fe"/>
      </symbol>
      <symbol id="sm-402">
         <name>_Znaj</name>
         <value>0x1cf37</value>
         <object_component_ref idref="oc-134"/>
      </symbol>
      <symbol id="sm-403">
         <name>_ZdlPv</name>
         <value>0x1cf2f</value>
         <object_component_ref idref="oc-120"/>
      </symbol>
      <symbol id="sm-40e">
         <name>_ZSt15get_new_handlerv</name>
         <value>0x1ceed</value>
         <object_component_ref idref="oc-245"/>
      </symbol>
      <symbol id="sm-417">
         <name>abort_message</name>
         <value>0x1cf59</value>
         <object_component_ref idref="oc-24b"/>
      </symbol>
      <symbol id="sm-41e">
         <name>__cxa_new_handler</name>
         <value>0x202005b4</value>
         <object_component_ref idref="oc-290"/>
      </symbol>
      <symbol id="sm-428">
         <name>write</name>
         <value>0x1c95d</value>
         <object_component_ref idref="oc-2bd"/>
      </symbol>
      <symbol id="sm-42d">
         <name>_device</name>
         <value>0x202004b0</value>
         <object_component_ref idref="oc-218"/>
      </symbol>
      <symbol id="sm-42e">
         <name>_stream</name>
         <value>0x20200528</value>
         <object_component_ref idref="oc-2b9"/>
      </symbol>
      <symbol id="sm-437">
         <name>remove</name>
         <value>0x1cf49</value>
         <object_component_ref idref="oc-287"/>
      </symbol>
      <symbol id="sm-443">
         <name>open</name>
         <value>0x1b2f9</value>
         <object_component_ref idref="oc-279"/>
      </symbol>
      <symbol id="sm-44e">
         <name>close</name>
         <value>0x1c0e5</value>
         <object_component_ref idref="oc-283"/>
      </symbol>
      <symbol id="sm-45a">
         <name>add_device</name>
         <value>0x1a8dd</value>
         <object_component_ref idref="oc-17a"/>
      </symbol>
      <symbol id="sm-464">
         <name>unlink</name>
         <value>0x1c8b9</value>
         <object_component_ref idref="oc-2c6"/>
      </symbol>
      <symbol id="sm-46e">
         <name>HOSTclose</name>
         <value>0x1c181</value>
         <object_component_ref idref="oc-25b"/>
      </symbol>
      <symbol id="sm-478">
         <name>HOSTlseek</name>
         <value>0x1b945</value>
         <object_component_ref idref="oc-267"/>
      </symbol>
      <symbol id="sm-482">
         <name>HOSTopen</name>
         <value>0x1bbbd</value>
         <object_component_ref idref="oc-257"/>
      </symbol>
      <symbol id="sm-483">
         <name>parmbuf</name>
         <value>0x202009bc</value>
         <object_component_ref idref="oc-2a0"/>
      </symbol>
      <symbol id="sm-48d">
         <name>HOSTread</name>
         <value>0x1bd3d</value>
         <object_component_ref idref="oc-25f"/>
      </symbol>
      <symbol id="sm-49e">
         <name>HOSTrename</name>
         <value>0x1b9b1</value>
         <object_component_ref idref="oc-26f"/>
      </symbol>
      <symbol id="sm-4a8">
         <name>HOSTunlink</name>
         <value>0x1c1c9</value>
         <object_component_ref idref="oc-26b"/>
      </symbol>
      <symbol id="sm-4b2">
         <name>HOSTwrite</name>
         <value>0x1bd95</value>
         <object_component_ref idref="oc-263"/>
      </symbol>
      <symbol id="sm-4c0">
         <name>C$$IO$$</name>
         <value>0x1c669</value>
         <object_component_ref idref="oc-299"/>
      </symbol>
      <symbol id="sm-4c1">
         <name>__TI_writemsg</name>
         <value>0x1c63d</value>
         <object_component_ref idref="oc-299"/>
      </symbol>
      <symbol id="sm-4c2">
         <name>__CIOBUF_</name>
         <value>0x202007f0</value>
         <object_component_ref idref="oc-2d4"/>
      </symbol>
      <symbol id="sm-4c3">
         <name>__TI_readmsg</name>
         <value>0x1c609</value>
         <object_component_ref idref="oc-29f"/>
      </symbol>
      <symbol id="sm-4c4">
         <name>_CIOBUF_</name>
         <value>0x202007f0</value>
         <object_component_ref idref="oc-2d4"/>
      </symbol>
      <symbol id="sm-4ca">
         <name>__aeabi_idiv</name>
         <value>0x1be45</value>
         <object_component_ref idref="oc-e6"/>
      </symbol>
      <symbol id="sm-4cb">
         <name>__aeabi_idivmod</name>
         <value>0x1be45</value>
         <object_component_ref idref="oc-e6"/>
      </symbol>
      <symbol id="sm-4d1">
         <name>__aeabi_memcpy</name>
         <value>0x1cf41</value>
         <object_component_ref idref="oc-52"/>
      </symbol>
      <symbol id="sm-4d2">
         <name>__aeabi_memcpy4</name>
         <value>0x1cf41</value>
         <object_component_ref idref="oc-52"/>
      </symbol>
      <symbol id="sm-4d3">
         <name>__aeabi_memcpy8</name>
         <value>0x1cf41</value>
         <object_component_ref idref="oc-52"/>
      </symbol>
      <symbol id="sm-4da">
         <name>__aeabi_memclr</name>
         <value>0x1cef9</value>
         <object_component_ref idref="oc-c0"/>
      </symbol>
      <symbol id="sm-4db">
         <name>__aeabi_memclr4</name>
         <value>0x1cef9</value>
         <object_component_ref idref="oc-c0"/>
      </symbol>
      <symbol id="sm-4dc">
         <name>__aeabi_memclr8</name>
         <value>0x1cef9</value>
         <object_component_ref idref="oc-c0"/>
      </symbol>
      <symbol id="sm-4e2">
         <name>__aeabi_uidiv</name>
         <value>0x1c365</value>
         <object_component_ref idref="oc-1a2"/>
      </symbol>
      <symbol id="sm-4e3">
         <name>__aeabi_uidivmod</name>
         <value>0x1c365</value>
         <object_component_ref idref="oc-1a2"/>
      </symbol>
      <symbol id="sm-4ee">
         <name>__aeabi_idiv0</name>
         <value>0x1b1b7</value>
         <object_component_ref idref="oc-168"/>
      </symbol>
      <symbol id="sm-4fc">
         <name>finddevice</name>
         <value>0x1c6a5</value>
         <object_component_ref idref="oc-211"/>
      </symbol>
      <symbol id="sm-4fd">
         <name>getdevice</name>
         <value>0x1ba89</value>
         <object_component_ref idref="oc-2b7"/>
      </symbol>
      <symbol id="sm-506">
         <name>TI_memcpy_small</name>
         <value>0x1cd27</value>
         <object_component_ref idref="oc-f1"/>
      </symbol>
      <symbol id="sm-50f">
         <name>TI_memset_small</name>
         <value>0x1ce1f</value>
         <object_component_ref idref="oc-16f"/>
      </symbol>
      <symbol id="sm-517">
         <name>strcmp</name>
         <value>0x1b551</value>
         <object_component_ref idref="oc-251"/>
      </symbol>
      <symbol id="sm-518">
         <name>__TI_static_base__</name>
         <value>0x0</value>
      </symbol>
      <symbol id="sm-51b">
         <name>__mpu_init</name>
         <value>0x0</value>
      </symbol>
      <symbol id="sm-51c">
         <name>_system_post_cinit</name>
         <value>0x0</value>
      </symbol>
   </symbol_table>
   <title>Link successful</title>
</link_info>
