******************************************************************************
            TI ARM Clang Linker PC v4.0.1                      
******************************************************************************
>> Linked Sun Apr 20 02:10:03 2025

OUTPUT FILE NAME:   <ECE319K_Lab9H.out>
ENTRY POINT SYMBOL: "_c_int00_noargs"  address: 0000dd3d


MEMORY CONFIGURATION

         name            origin    length      used     unused   attr    fill
----------------------  --------  ---------  --------  --------  ----  --------
  FLASH                 00000000   00020000  0000e198  00011e68  R  X
  SRAM                  20200000   00008000  000007f2  0000780e  RW X
  BCR_CONFIG            41c00000   00000080  00000000  00000080  R   
  BSL_CONFIG            41c00100   00000080  00000000  00000080  R   


SEGMENT ALLOCATION MAP

run origin  load origin   length   init length attrs members
----------  ----------- ---------- ----------- ----- -------
00000000    00000000    0000e198   0000e198    r-x
  00000000    00000000    000000c0   000000c0    r-- .intvecs
  000000c0    000000c0    0000b758   0000b758    r-- .rodata
  0000b818    0000b818    00000008   00000008    r-- .init_array
  0000b820    0000b820    000028e0   000028e0    r-x .text
  0000e100    0000e100    00000098   00000098    r-- .cinit
20200000    20200000    000005f9   00000000    rw-
  20200000    20200000    00000211   00000000    rw- .data
  20200218    20200218    00000200   00000000    rw- .sysmem
  20200418    20200418    000001e1   00000000    rw- .bss
20207e00    20207e00    00000200   00000000    rw-
  20207e00    20207e00    00000200   00000000    rw- .stack


SECTION ALLOCATION MAP

 output                                  attributes/
section   page    origin      length       input sections
--------  ----  ----------  ----------   ----------------
.intvecs   0    00000000    000000c0     
                  00000000    000000c0     startup_mspm0g3507_ticlang.o (.intvecs)

.binit     0    00000000    00000000     

.text      0    0000b820    000028e0     
                  0000b820    00000210     ST7735.o (.text._Z17ST7735_DrawBitmapssPKtss)
                  0000ba30    000001b4     Clock.o (.text._Z15Clock_Init80MHzi)
                  0000bbe4    000001a8     ST7735.o (.text._Z15ST7735_DrawCharsscssh)
                  0000bd8c    00000154     libc.a : fopen.c.obj (.text._openfile)
                  0000bee0    00000128     TExaS.o (.text._Z8ADC_InitP10ADC12_Regsjj)
                  0000c008    00000128     Lab9HMain.o (.text.main)
                  0000c130    00000118     ST7735.o (.text._Z15ST7735_FillRectsssst)
                  0000c248    00000114     libc.a : memory.c.obj (.text.aligned_alloc)
                  0000c35c    000000f8     SPI.o (.text._Z8SPI_Initv)
                  0000c454    000000ec     libsysbm.a : add_device.c.obj (.text.add_device)
                  0000c540    000000e8     ST7735.o (.text._Z14ST7735_OutCharc)
                  0000c628    000000e8     TExaS.o (.text._Z9UART_Initv)
                  0000c710    000000e8     libc.a : memory.c.obj (.text.free)
                  0000c7f8    000000e0            : setvbuf.c.obj (.text.setvbuf)
                  0000c8d8    000000a8     Timer.o (.text._Z14TimerG7_IntArmtjj)
                  0000c980    000000a2     ST7735.o (.text._ZL11commandListPKh)
                  0000ca22    00000002     libclang_rt.builtins.a : aeabi_div0.c.obj (.text.__aeabi_idiv0)
                  0000ca24    000000a0     Lab9HMain.o (.text.TIMG12_IRQHandler)
                  0000cac4    000000a0     ST7735.o (.text._Z12ST7735_InitR10initRFlags)
                  0000cb64    000000a0     ST7735.o (.text._Z17ST7735_InitPrintf10initRFlags)
                  0000cc04    000000a0     libsysbm.a : open.c.obj (.text.open)
                  0000cca4    00000094     Timer.o (.text._Z15TimerG12_IntArmjj)
                  0000cd38    00000088     ST7735.o (.text._ZL13setAddrWindowhhhh)
                  0000cdc0    00000088     libc.a : strcmp-armv6m.S.obj (.text:strcmp)
                  0000ce48    00000084     ST7735.o (.text._Z17ST7735_DrawStringttPcs)
                  0000cecc    0000007c     LaunchPad.o (.text._Z14LaunchPad_Initv)
                  0000cf48    0000007c     SlidePot.o (.text._ZN8SlidePot4InitEv)
                  0000cfc4    0000007c     libc.a : fclose.c.obj (.text.__TI_closefile)
                  0000d040    0000007c            : copy_decompress_lzss.c.obj (.text:decompress:lzss)
                  0000d0bc    0000006c     libsysbm.a : hostlseek.c.obj (.text.HOSTlseek)
                  0000d128    0000006c                : hostrename.c.obj (.text.HOSTrename)
                  0000d194    0000006c     libc.a : getdevice.c.obj (.text.getdevice)
                  0000d200    0000006a     Ball.o (.text._ZN4Ball8moveBallEv)
                  0000d26a    00000002     libc.a : _lock.c.obj (.text._nop)
                  0000d26c    00000064            : memory.c.obj (.text.split)
                  0000d2d0    00000060     libsysbm.a : hostopen.c.obj (.text.HOSTopen)
                  0000d330    00000060     Timer.o (.text._Z13TimerG12_Initv)
                  0000d390    00000058     libsysbm.a : hostread.c.obj (.text.HOSTread)
                  0000d3e8    00000058                : hostwrite.c.obj (.text.HOSTwrite)
                  0000d440    00000058     TExaS.o (.text._Z10TExaS_InitP10ADC12_RegsjPFhvE)
                  0000d498    00000054     libc.a : autoinit.c.obj (.text:__TI_auto_init_nobinit)
                  0000d4ec    00000052            : fflush.c.obj (.text.__TI_doflush)
                  0000d53e    00000002     --HOLE-- [fill = 0]
                  0000d540    00000050     Sound.o (.text._Z10Sound_Initv)
                  0000d590    00000050     Ball.o (.text._ZN4BallC2Ei)
                  0000d5e0    00000050     libsysbm.a : close.c.obj (.text.close)
                  0000d630    00000048                : hostclose.c.obj (.text.HOSTclose)
                  0000d678    00000048                : hostunlink.c.obj (.text.HOSTunlink)
                  0000d6c0    00000048     SPI.o (.text._Z14SPI_OutCommandc)
                  0000d708    00000048     SlidePot.o (.text._ZN8SlidePot2InEv)
                  0000d750    00000044     Hole.o (.text._ZN4Hole8moveHoleEv)
                  0000d794    00000040     TExaS.o (.text.TIMG7_IRQHandler)
                  0000d7d4    00000040     SPI.o (.text._Z9SPI_Resetv)
                  0000d814    00000040     libclang_rt.builtins.a : aeabi_uidivmod.S.obj (.text.__aeabi_uidivmod)
                  0000d854    00000040     libc.a : fopen.c.obj (.text._search_fp)
                  0000d894    00000038     SPI.o (.text._Z11SPI_OutDatac)
                  0000d8cc    00000038     LaunchPad.o (.text._Z15ActivatePortA_Bv)
                  0000d904    00000038     Hole.o (.text._ZN4HoleC2Ev)
                  0000d93c    00000034     ST7735.o (.text._Z12ST7735_writeiPKcj)
                  0000d970    00000034     Clock.o (.text._Z14Clock_Delay1msj)
                  0000d9a4    00000034     ST7735.o (.text._Z16ST7735_SetCursorjj)
                  0000d9d8    00000034     LED.o (.text._Z8LED_Initv)
                  0000da0c    00000034     Level.o (.text._ZN5LevelC2Eh)
                  0000da40    00000034     libc.a : fopen.c.obj (.text.__TI_cleanup)
                  0000da74    00000034     libsysbm.a : trgmsg.c.obj (.text.__TI_readmsg)
                  0000daa8    00000034                : trgmsg.c.obj (.text.__TI_writemsg)
                  0000dadc    00000034     libc.a : exit.c.obj (.text.exit)
                  0000db10    00000034            : getdevice.c.obj (.text.finddevice)
                  0000db44    00000034            : fopen.c.obj (.text.freopen)
                  0000db78    00000032     ST7735.o (.text._Z15ST7735_Color565hhh)
                  0000dbaa    00000002     --HOLE-- [fill = 0]
                  0000dbac    00000030     Sound.o (.text.SysTick_Handler)
                  0000dbdc    00000030     ST7735.o (.text._ZL10commonInitPKh)
                  0000dc0c    00000030     Ball.o (.text._ZN4Ball5resetEi)
                  0000dc3c    00000030     libc.a : fopen.c.obj (.text.fopen)
                  0000dc6c    0000002c     ST7735.o (.text._Z17ST7735_FillScreent)
                  0000dc98    0000002c     libsysbm.a : unlink.c.obj (.text.unlink)
                  0000dcc4    00000028     TExaS.o (.text._Z9ADC_StartP10ADC12_Regs)
                  0000dcec    00000028     libc.a : memory.c.obj (.text.free_list_insert)
                  0000dd14    00000028     libsysbm.a : write.c.obj (.text.write)
                  0000dd3c    00000028     libc.a : boot_cortex_m.c.obj (.text:_c_int00_noargs)
                  0000dd64    00000026     libc++abi.a : stdlib_new_delete.cpp.obj (.text._ZL17operator_new_implj)
                  0000dd8a    00000002     --HOLE-- [fill = 0]
                  0000dd8c    00000024     Switch.o (.text._Z9Switch_Inv)
                  0000ddb0    00000020     Lab9HMain.o (.text.__cxx_global_var_init.1)
                  0000ddd0    00000020     Lab9HMain.o (.text.__cxx_global_var_init.2)
                  0000ddf0    00000020     Lab9HMain.o (.text.__cxx_global_var_init.3)
                  0000de10    0000001e     ST7735.o (.text._ZL9pushColort)
                  0000de2e    00000002     --HOLE-- [fill = 0]
                  0000de30    0000001c     startup_mspm0g3507_ticlang.o (.text.Default_Handler)
                  0000de4c    0000001c     startup_mspm0g3507_ticlang.o (.text.HardFault_Handler)
                  0000de68    0000001c     ST7735.o (.text._Z11ST7735_openPKcji)
                  0000de84    0000001c     SlidePot.o (.text._ZN8SlidePot7ConvertEj)
                  0000dea0    0000001c     libc.a : memory.c.obj (.text.free_list_remove)
                  0000debc    00000018     Lab9HMain.o (.text.__cxx_global_var_init)
                  0000ded4    00000016     ST7735.o (.text._Z11ST7735_readiPcj)
                  0000deea    00000016     libc.a : copy_zero_init.c.obj (.text:decompress:ZI:__TI_zero_init_nomemset)
                  0000df00    00000014     Lab9HMain.o (.text._GLOBAL__sub_I_Lab9HMain.cpp)
                  0000df14    00000014     Ball.o (.text._ZN4Ball11IncrementVYEv)
                  0000df28    00000014     libc++abi.a : stdlib_new_delete.cpp.obj (.text._Znwj)
                  0000df3c    00000012     Ball.o (.text._ZN4Ball10setCounterEa)
                  0000df4e    00000012     libc.a : memcpy16.S.obj (.text:TI_memcpy_small)
                  0000df60    00000012            : copy_decompress_none.c.obj (.text:decompress:none)
                  0000df72    00000010     Clock.o (.text._Z11Clock_Delayj)
                  0000df82    00000002     --HOLE-- [fill = 0]
                  0000df84    00000010     Switch.o (.text._Z11Switch_Initv)
                  0000df94    00000010     Lab9HMain.o (.text._Z28TExaS_LaunchPadLogicPB27PB26v)
                  0000dfa4    00000010     Ball.o (.text._ZN10GameObjectC2Ev)
                  0000dfb4    0000000e     libc.a : memory.c.obj (.text.OUTLINED_FUNCTION_0)
                  0000dfc2    0000000e     ST7735.o (.text._Z12ST7735_lseekili)
                  0000dfd0    0000000e     Ball.o (.text._ZN4Ball10getCounterEv)
                  0000dfde    0000000e     SlidePot.o (.text._ZN8SlidePotC2Ejj)
                  0000dfec    0000000e     libsysbm.a : hostrename.c.obj (.text.strcpy)
                  0000dffa    0000000e                : hostrename.c.obj (.text.strlen)
                  0000e008    0000000e     libc.a : memset16.S.obj (.text:TI_memset_small)
                  0000e016    00000002     --HOLE-- [fill = 0]
                  0000e018    0000000c     Clock.o (.text._Z10Clock_Freqv)
                  0000e024    0000000c     ST7735.o (.text._Z13ST7735_renamePKcS0_)
                  0000e030    0000000c     libc++abi.a : stdlib_new_delete.cpp.obj (.text._Z22__throw_bad_alloc_shimv)
                  0000e03c    0000000c     Ball.o (.text._ZN4Ball4getXEv)
                  0000e048    0000000c     Ball.o (.text._ZN4Ball4getYEv)
                  0000e054    0000000c     Ball.o (.text._ZN4Ball8getImageEv)
                  0000e060    0000000c     Hole.o (.text._ZN4Hole4getXEv)
                  0000e06c    0000000c     Hole.o (.text._ZN4Hole4getYEv)
                  0000e078    0000000c     Hole.o (.text._ZN4Hole8getImageEv)
                  0000e084    0000000c     Level.o (.text._ZN5Level8getImageEv)
                  0000e090    0000000c     libc++abi.a : cxa_handlers.cpp.obj (.text._ZSt15get_new_handlerv)
                  0000e09c    0000000c     libclang_rt.builtins.a : aeabi_memset.S.obj (.text.__aeabi_memclr)
                  0000e0a8    0000000c     libc.a : memory.c.obj (.text.malloc)
                  0000e0b4    0000000a     ST7735.o (.text._Z12ST7735_closei)
                  0000e0be    0000000a     ST7735.o (.text._Z13ST7735_unlinkPKc)
                  0000e0c8    0000000a     Lab9HMain.o (.text._Z8PLL_Initv)
                  0000e0d2    00000008     DAC5.o (.text._Z8DAC5_Outj)
                  0000e0da    00000002     --HOLE-- [fill = 0]
                  0000e0dc    00000008     libclang_rt.builtins.a : aeabi_memcpy.S.obj (.text.__aeabi_memcpy)
                  0000e0e4    00000008     libsysbm.a : remove.c.obj (.text.remove)
                  0000e0ec    00000004     startup_mspm0g3507_ticlang.o (.text.Reset_Handler)
                  0000e0f0    00000004     libc.a : pre_init.c.obj (.text._system_pre_init)
                  0000e0f4    00000004     libc++abi.a : abort_message.cpp.obj (.text.abort_message)
                  0000e0f8    00000004     libc.a : exit.c.obj (.text:abort)
                  0000e0fc    00000004     --HOLE-- [fill = 0]

.cinit     0    0000e100    00000098     
                  0000e100    0000006f     (.cinit..data.load) [load image, compression = lzss]
                  0000e16f    00000001     --HOLE-- [fill = 0]
                  0000e170    0000000c     (__TI_handler_table)
                  0000e17c    00000008     (.cinit..bss.load) [load image, compression = zero_init]
                  0000e184    00000010     (__TI_cinit_table)
                  0000e194    00000004     --HOLE-- [fill = 0]

.rodata    0    000000c0    0000b758     
                  000000c0    0000a000     Level.o (.rodata._ZL6level1)
                  0000a0c0    00000900     Hole.o (.rodata._ZL6bucket)
                  0000a9c0    00000800     Ball.o (.rodata._ZL10angleTable)
                  0000b1c0    000004fb     ST7735.o (.rodata._ZL4Font)
                  0000b6bb    00000001     --HOLE-- [fill = 0]
                  0000b6bc    00000080     Ball.o (.rodata._ZL4ball)
                  0000b73c    0000003b     ST7735.o (.rodata._ZL5Rcmd1)
                  0000b777    0000002d     libc++abi.a : stdlib_new_delete.cpp.obj (.rodata.str1.177346920702326194221)
                  0000b7a4    0000002b     ST7735.o (.rodata._ZL5Rcmd3)
                  0000b7cf    00000016     ST7735.o (.rodata.str1.120157123834947517821)
                  0000b7e5    0000000d     ST7735.o (.rodata._ZL10Rcmd2green)
                  0000b7f2    0000000d     ST7735.o (.rodata._ZL8Rcmd2red)
                  0000b7ff    00000008     ST7735.o (.rodata.str1.39562344344181558271)
                  0000b807    00000007     ST7735.o (.rodata.str1.121322603453744172521)
                  0000b80e    00000007     ST7735.o (.rodata.str1.175409668377903254331)
                  0000b815    00000002     ST7735.o (.rodata.str1.59249497501465847671)
                  0000b817    00000001     --HOLE-- [fill = 0]

.init_array 
*          0    0000b818    00000008     
                  0000b818    00000004     Lab9HMain.o (.init_array)
                  0000b81c    00000004     --HOLE-- [fill = 0]

.data      0    20200000    00000211     UNINITIALIZED
                  20200000    000000f0     libc.a : defs.c.obj (.data._ftable)
                  202000f0    00000078     libsysbm.a : host_device.c.obj (.data._device)
                  20200168    00000050                : host_device.c.obj (.data._stream)
                  202001b8    00000014     Lab9HMain.o (.data.Sensor)
                  202001cc    00000008     libc.a : exit.c.obj (.data..L_MergedGlobals)
                  202001d4    00000004     Clock.o (.data.BusFreq)
                  202001d8    00000004     Sound.o (.data.Index)
                  202001dc    00000004     ST7735.o (.data.StX)
                  202001e0    00000004     ST7735.o (.data.StY)
                  202001e4    00000004     libc.a : defs.c.obj (.data.__TI_ft_end)
                  202001e8    00000004     libc++abi.a : cxa_default_handlers.cpp.obj (.data.__cxa_new_handler)
                  202001ec    00000004     libc.a : _lock.c.obj (.data._lock)
                  202001f0    00000004            : _lock.c.obj (.data._unlock)
                  202001f4    00000004     Lab9HMain.o (.data.currBall)
                  202001f8    00000004     Lab9HMain.o (.data.level)
                  202001fc    00000004     Lab9HMain.o (.data.movingHole)
                  20200200    00000004     Sound.o (.data.outTable)
                  20200204    00000002     ST7735.o (.data._ZL6_width)
                  20200206    00000002     ST7735.o (.data._ZL7_height)
                  20200208    00000001     libsysbm.a : add_device.c.obj (.data.add_device.device_init)
                  20200209    00000003     --HOLE--
                  2020020c    00000001     libc.a : memory.c.obj (.data.memory_is_initialized)
                  2020020d    00000003     --HOLE--
                  20200210    00000001     libsysbm.a : open.c.obj (.data.open.stream_init)

.sysmem    0    20200218    00000200     UNINITIALIZED
                  20200218    00000010     libc.a : memory.c.obj (.sysmem)
                  20200228    000001f0     --HOLE--

.bss       0    20200418    000001e1     UNINITIALIZED
                  20200418    00000120     libsysbm.a : trgmsg.c.obj (.bss:_CIOBUF_)
                  20200538    000000a0     libc.a : defs.c.obj (.bss.__TI_tmpnams)
                  202005d8    00000008     libsysbm.a : hostopen.c.obj (.bss.parmbuf)
                  202005e0    00000004     TExaS.o (.bss.TExaSLogic)
                  202005e4    00000004     TExaS.o (.bss.TExaSadc)
                  202005e8    00000004     Lab9HMain.o (.bss.data)
                  202005ec    00000004     Lab9HMain.o (.bss.input)
                  202005f0    00000004     libc.a : memory.c.obj (.bss.sys_free)
                  202005f4    00000002     ST7735.o (.bss.StTextColor)
                  202005f6    00000001     ST7735.o (.bss._ZL8ColStart)
                  202005f7    00000001     ST7735.o (.bss._ZL8RowStart)
                  202005f8    00000001     ST7735.o (.bss._ZL8TabColor)

.stack     0    20207e00    00000200     UNINITIALIZED
                  20207e00    00000004     libc.a : boot_cortex_m.c.obj (.stack)
                  20207e04    000001fc     --HOLE--

__llvm_prf_cnts 
*          0    20200000    00000000     UNINITIALIZED

__llvm_prf_bits 
*          0    20200000    00000000     UNINITIALIZED

MODULE SUMMARY

       Module                         code    ro data   rw data
       ------                         ----    -------   -------
    .\
       Level.o                        64      40960     0      
       ST7735.o                       2586    1449      17     
       Ball.o                         338     2176      0      
       Hole.o                         160     2304      0      
       TExaS.o                        720     0         8      
       Lab9HMain.o                    622     4         40     
       Clock.o                        516     0         4      
       SPI.o                          440     0         0      
       Timer.o                        412     0         0      
       SlidePot.o                     238     0         0      
       LaunchPad.o                    180     0         0      
       Sound.o                        128     0         8      
       LED.o                          52      0         0      
       Switch.o                       52      0         0      
       DAC5.o                         8       0         0      
    +--+------------------------------+-------+---------+---------+
       Total:                         6516    46893     77     
                                                               
    .\ticlang\
       startup_mspm0g3507_ticlang.o   60      192       0      
    +--+------------------------------+-------+---------+---------+
       Total:                         60      192       0      
                                                               
    C:\ti\ccs2000\ccs\tools\compiler\ti-cgt-armllvm_4.0.1.LTS\lib\armv6m-ti-none-eabi/c/libc.a
       memory.c.obj                   702     0         5      
       fopen.c.obj                    556     0         0      
       defs.c.obj                     0       0         404    
       setvbuf.c.obj                  224     0         0      
       getdevice.c.obj                160     0         0      
       strcmp-armv6m.S.obj            136     0         0      
       copy_decompress_lzss.c.obj     124     0         0      
       fclose.c.obj                   124     0         0      
       autoinit.c.obj                 84      0         0      
       fflush.c.obj                   82      0         0      
       exit.c.obj                     56      0         8      
       boot_cortex_m.c.obj            40      0         0      
       copy_zero_init.c.obj           22      0         0      
       copy_decompress_none.c.obj     18      0         0      
       memcpy16.S.obj                 18      0         0      
       memset16.S.obj                 14      0         0      
       _lock.c.obj                    2       0         8      
       pre_init.c.obj                 4       0         0      
    +--+------------------------------+-------+---------+---------+
       Total:                         2366    0         425    
                                                               
    C:\ti\ccs2000\ccs\tools\compiler\ti-cgt-armllvm_4.0.1.LTS\lib\armv6m-ti-none-eabi/c/libsysbm.a
       trgmsg.c.obj                   104     0         288    
       add_device.c.obj               236     0         1      
       host_device.c.obj              0       0         200    
       open.c.obj                     160     0         1      
       hostrename.c.obj               136     0         0      
       hostlseek.c.obj                108     0         0      
       hostopen.c.obj                 96      0         8      
       hostread.c.obj                 88      0         0      
       hostwrite.c.obj                88      0         0      
       close.c.obj                    80      0         0      
       hostclose.c.obj                72      0         0      
       hostunlink.c.obj               72      0         0      
       unlink.c.obj                   44      0         0      
       write.c.obj                    40      0         0      
       remove.c.obj                   8       0         0      
    +--+------------------------------+-------+---------+---------+
       Total:                         1332    0         498    
                                                               
    C:\ti\ccs2000\ccs\tools\compiler\ti-cgt-armllvm_4.0.1.LTS\lib\armv6m-ti-none-eabi/libc++abi.a
       stdlib_new_delete.cpp.obj      70      45        0      
       cxa_handlers.cpp.obj           12      0         0      
       abort_message.cpp.obj          4       0         0      
       cxa_default_handlers.cpp.obj   0       0         4      
    +--+------------------------------+-------+---------+---------+
       Total:                         86      45        4      
                                                               
    C:\ti\ccs2000\ccs\tools\compiler\ti-cgt-armllvm_4.0.1.LTS\lib\armv6m-ti-none-eabi/libclang_rt.builtins.a
       aeabi_uidivmod.S.obj           64      0         0      
       aeabi_memset.S.obj             12      0         0      
       aeabi_memcpy.S.obj             8       0         0      
       aeabi_div0.c.obj               2       0         0      
    +--+------------------------------+-------+---------+---------+
       Total:                         86      0         0      
                                                               
       Heap:                          0       0         512    
       Stack:                         0       0         512    
       Linker Generated:              0       147       0      
    +--+------------------------------+-------+---------+---------+
       Grand Total:                   10446   47277     2028   


LINKER GENERATED COPY TABLES

__TI_cinit_table @ 0000e184 records: 2, size/record: 8, table size: 16
	.data: load addr=0000e100, load size=0000006f bytes, run addr=20200000, run size=00000211 bytes, compression=lzss
	.bss: load addr=0000e17c, load size=00000008 bytes, run addr=20200418, run size=000001e1 bytes, compression=zero_init


LINKER GENERATED HANDLER TABLE

__TI_handler_table @ 0000e170 records: 3, size/record: 4, table size: 12
	index: 0, handler: __TI_decompress_lzss
	index: 1, handler: __TI_decompress_none
	index: 2, handler: __TI_zero_init


GLOBAL SYMBOLS: SORTED ALPHABETICALLY BY Name 

address   name                             
-------   ----                             
0000de31  ADC0_IRQHandler                  
0000de31  ADC1_IRQHandler                  
0000de31  AES_IRQHandler                   
202001d4  BusFreq                          
0000e0f8  C$$EXIT                          
0000dad5  C$$IO$$                          
0000de31  CANFD0_IRQHandler                
0000de31  DAC0_IRQHandler                  
0000de31  DMA_IRQHandler                   
0000de31  Default_Handler                  
0000de31  GROUP0_IRQHandler                
0000de31  GROUP1_IRQHandler                
0000d631  HOSTclose                        
0000d0bd  HOSTlseek                        
0000d2d1  HOSTopen                         
0000d391  HOSTread                         
0000d129  HOSTrename                       
0000d679  HOSTunlink                       
0000d3e9  HOSTwrite                        
0000de4d  HardFault_Handler                
0000de31  I2C0_IRQHandler                  
0000de31  I2C1_IRQHandler                  
202001d8  Index                            
0000de31  NMI_Handler                      
0000de31  PendSV_Handler                   
0000de31  RTC_IRQHandler                   
0000e0ed  Reset_Handler                    
0000b818  SHT$$INIT_ARRAY$$Base            
0000b81c  SHT$$INIT_ARRAY$$Limit           
0000de31  SPI0_IRQHandler                  
0000de31  SPI1_IRQHandler                  
0000de31  SVC_Handler                      
202001b8  Sensor                           
202005f4  StTextColor                      
202001dc  StX                              
202001e0  StY                              
0000dbad  SysTick_Handler                  
202005e0  TExaSLogic                       
202005e4  TExaSadc                         
0000de31  TIMA0_IRQHandler                 
0000de31  TIMA1_IRQHandler                 
0000de31  TIMG0_IRQHandler                 
0000ca25  TIMG12_IRQHandler                
0000de31  TIMG6_IRQHandler                 
0000d795  TIMG7_IRQHandler                 
0000de31  TIMG8_IRQHandler                 
0000df4f  TI_memcpy_small                  
0000e009  TI_memset_small                  
0000de31  UART0_IRQHandler                 
0000de31  UART1_IRQHandler                 
0000de31  UART2_IRQHandler                 
0000de31  UART3_IRQHandler                 
20200418  _CIOBUF_                         
0000e019  _Z10Clock_Freqv                  
0000d541  _Z10Sound_Initv                  
0000d441  _Z10TExaS_InitP10ADC12_RegsjPFhvE
0000df73  _Z11Clock_Delayj                 
0000d895  _Z11SPI_OutDatac                 
0000de69  _Z11ST7735_openPKcji             
0000ded5  _Z11ST7735_readiPcj              
0000df85  _Z11Switch_Initv                 
0000cac5  _Z12ST7735_InitR10initRFlags     
0000e0b5  _Z12ST7735_closei                
0000dfc3  _Z12ST7735_lseekili              
0000d93d  _Z12ST7735_writeiPKcj            
0000e025  _Z13ST7735_renamePKcS0_          
0000e0bf  _Z13ST7735_unlinkPKc             
0000d331  _Z13TimerG12_Initv               
0000d971  _Z14Clock_Delay1msj              
0000cecd  _Z14LaunchPad_Initv              
0000d6c1  _Z14SPI_OutCommandc              
0000c541  _Z14ST7735_OutCharc              
0000c8d9  _Z14TimerG7_IntArmtjj            
0000d8cd  _Z15ActivatePortA_Bv             
0000ba31  _Z15Clock_Init80MHzi             
0000db79  _Z15ST7735_Color565hhh           
0000bbe5  _Z15ST7735_DrawCharsscssh        
0000c131  _Z15ST7735_FillRectsssst         
0000cca5  _Z15TimerG12_IntArmjj            
0000d9a5  _Z16ST7735_SetCursorjj           
0000b821  _Z17ST7735_DrawBitmapssPKtss     
0000ce49  _Z17ST7735_DrawStringttPcs       
0000dc6d  _Z17ST7735_FillScreent           
0000cb65  _Z17ST7735_InitPrintf10initRFlags
0000e031  _Z22__throw_bad_alloc_shimv      
0000df95  _Z28TExaS_LaunchPadLogicPB27PB26v
0000bee1  _Z8ADC_InitP10ADC12_Regsjj       
0000e0d3  _Z8DAC5_Outj                     
0000d9d9  _Z8LED_Initv                     
0000e0c9  _Z8PLL_Initv                     
0000c35d  _Z8SPI_Initv                     
0000dcc5  _Z9ADC_StartP10ADC12_Regs        
0000d7d5  _Z9SPI_Resetv                    
0000dd8d  _Z9Switch_Inv                    
0000c629  _Z9UART_Initv                    
0000dfa5  _ZN10GameObjectC2Ev              
0000dfd1  _ZN4Ball10getCounterEv           
0000df3d  _ZN4Ball10setCounterEa           
0000df15  _ZN4Ball11IncrementVYEv          
0000e03d  _ZN4Ball4getXEv                  
0000e049  _ZN4Ball4getYEv                  
0000dc0d  _ZN4Ball5resetEi                 
0000e055  _ZN4Ball8getImageEv              
0000d201  _ZN4Ball8moveBallEv              
0000d591  _ZN4BallC1Ei                     
0000d591  _ZN4BallC2Ei                     
0000e061  _ZN4Hole4getXEv                  
0000e06d  _ZN4Hole4getYEv                  
0000e079  _ZN4Hole8getImageEv              
0000d751  _ZN4Hole8moveHoleEv              
0000d905  _ZN4HoleC1Ev                     
0000d905  _ZN4HoleC2Ev                     
0000e085  _ZN5Level8getImageEv             
0000da0d  _ZN5LevelC1Eh                    
0000da0d  _ZN5LevelC2Eh                    
0000d709  _ZN8SlidePot2InEv                
0000cf49  _ZN8SlidePot4InitEv              
0000de85  _ZN8SlidePot7ConvertEj           
0000dfdf  _ZN8SlidePotC1Ejj                
0000dfdf  _ZN8SlidePotC2Ejj                
0000e091  _ZSt15get_new_handlerv           
0000df29  _Znwj                            
20200418  __CIOBUF_                        
20208000  __STACK_END                      
00000200  __STACK_SIZE                     
00000200  __SYSMEM_SIZE                    
00000000  __TI_ATRegion0_region_sz         
00000000  __TI_ATRegion0_src_addr          
00000000  __TI_ATRegion0_trg_addr          
00000000  __TI_ATRegion1_region_sz         
00000000  __TI_ATRegion1_src_addr          
00000000  __TI_ATRegion1_trg_addr          
00000000  __TI_ATRegion2_region_sz         
00000000  __TI_ATRegion2_src_addr          
00000000  __TI_ATRegion2_trg_addr          
0000e184  __TI_CINIT_Base                  
0000e194  __TI_CINIT_Limit                 
0000e194  __TI_CINIT_Warm                  
0000e170  __TI_Handler_Table_Base          
0000e17c  __TI_Handler_Table_Limit         
0000d499  __TI_auto_init_nobinit           
0000da41  __TI_cleanup                     
202001cc  __TI_cleanup_ptr                 
0000cfc5  __TI_closefile                   
0000d041  __TI_decompress_lzss             
0000df61  __TI_decompress_none             
0000d4ed  __TI_doflush                     
202001d0  __TI_dtors_ptr                   
202001e4  __TI_ft_end                      
ffffffff  __TI_pprof_out_hndl              
ffffffff  __TI_prof_data_size              
ffffffff  __TI_prof_data_start             
0000da75  __TI_readmsg                     
00000000  __TI_static_base__               
20200538  __TI_tmpnams                     
0000daa9  __TI_writemsg                    
0000deeb  __TI_zero_init_nomemset          
0000ca23  __aeabi_idiv0                    
0000e09d  __aeabi_memclr                   
0000e09d  __aeabi_memclr4                  
0000e09d  __aeabi_memclr8                  
0000e0dd  __aeabi_memcpy                   
0000e0dd  __aeabi_memcpy4                  
0000e0dd  __aeabi_memcpy8                  
0000d815  __aeabi_uidiv                    
0000d815  __aeabi_uidivmod                 
ffffffff  __binit__                        
202001e8  __cxa_new_handler                
UNDEFED   __mpu_init                       
20207e00  __stack                          
20200000  __start___llvm_prf_bits          
20200000  __start___llvm_prf_cnts          
20200000  __stop___llvm_prf_bits           
20200000  __stop___llvm_prf_cnts           
0000dd3d  _c_int00_noargs                  
202000f0  _device                          
20200000  _ftable                          
202001ec  _lock                            
0000d26b  _nop                             
20200168  _stream                          
20200218  _sys_memory                      
UNDEFED   _system_post_cinit               
0000e0f1  _system_pre_init                 
202001f0  _unlock                          
0000e0f9  abort                            
0000e0f5  abort_message                    
0000c455  add_device                       
0000c249  aligned_alloc                    
ffffffff  binit                            
0000d5e1  close                            
202001f4  currBall                         
202005e8  data                             
0000dadd  exit                             
0000db11  finddevice                       
0000dc3d  fopen                            
0000c711  free                             
0000db45  freopen                          
0000d195  getdevice                        
202005ec  input                            
00000000  interruptVectors                 
202001f8  level                            
0000c009  main                             
0000e0a9  malloc                           
0000c249  memalign                         
202001fc  movingHole                       
0000cc05  open                             
20200200  outTable                         
202005d8  parmbuf                          
0000e0e5  remove                           
0000c7f9  setvbuf                          
0000cdc1  strcmp                           
0000dc99  unlink                           
0000dd15  write                            


GLOBAL SYMBOLS: SORTED BY Symbol Address 

address   name                             
-------   ----                             
00000000  __TI_ATRegion0_region_sz         
00000000  __TI_ATRegion0_src_addr          
00000000  __TI_ATRegion0_trg_addr          
00000000  __TI_ATRegion1_region_sz         
00000000  __TI_ATRegion1_src_addr          
00000000  __TI_ATRegion1_trg_addr          
00000000  __TI_ATRegion2_region_sz         
00000000  __TI_ATRegion2_src_addr          
00000000  __TI_ATRegion2_trg_addr          
00000000  __TI_static_base__               
00000000  interruptVectors                 
00000200  __STACK_SIZE                     
00000200  __SYSMEM_SIZE                    
0000b818  SHT$$INIT_ARRAY$$Base            
0000b81c  SHT$$INIT_ARRAY$$Limit           
0000b821  _Z17ST7735_DrawBitmapssPKtss     
0000ba31  _Z15Clock_Init80MHzi             
0000bbe5  _Z15ST7735_DrawCharsscssh        
0000bee1  _Z8ADC_InitP10ADC12_Regsjj       
0000c009  main                             
0000c131  _Z15ST7735_FillRectsssst         
0000c249  aligned_alloc                    
0000c249  memalign                         
0000c35d  _Z8SPI_Initv                     
0000c455  add_device                       
0000c541  _Z14ST7735_OutCharc              
0000c629  _Z9UART_Initv                    
0000c711  free                             
0000c7f9  setvbuf                          
0000c8d9  _Z14TimerG7_IntArmtjj            
0000ca23  __aeabi_idiv0                    
0000ca25  TIMG12_IRQHandler                
0000cac5  _Z12ST7735_InitR10initRFlags     
0000cb65  _Z17ST7735_InitPrintf10initRFlags
0000cc05  open                             
0000cca5  _Z15TimerG12_IntArmjj            
0000cdc1  strcmp                           
0000ce49  _Z17ST7735_DrawStringttPcs       
0000cecd  _Z14LaunchPad_Initv              
0000cf49  _ZN8SlidePot4InitEv              
0000cfc5  __TI_closefile                   
0000d041  __TI_decompress_lzss             
0000d0bd  HOSTlseek                        
0000d129  HOSTrename                       
0000d195  getdevice                        
0000d201  _ZN4Ball8moveBallEv              
0000d26b  _nop                             
0000d2d1  HOSTopen                         
0000d331  _Z13TimerG12_Initv               
0000d391  HOSTread                         
0000d3e9  HOSTwrite                        
0000d441  _Z10TExaS_InitP10ADC12_RegsjPFhvE
0000d499  __TI_auto_init_nobinit           
0000d4ed  __TI_doflush                     
0000d541  _Z10Sound_Initv                  
0000d591  _ZN4BallC1Ei                     
0000d591  _ZN4BallC2Ei                     
0000d5e1  close                            
0000d631  HOSTclose                        
0000d679  HOSTunlink                       
0000d6c1  _Z14SPI_OutCommandc              
0000d709  _ZN8SlidePot2InEv                
0000d751  _ZN4Hole8moveHoleEv              
0000d795  TIMG7_IRQHandler                 
0000d7d5  _Z9SPI_Resetv                    
0000d815  __aeabi_uidiv                    
0000d815  __aeabi_uidivmod                 
0000d895  _Z11SPI_OutDatac                 
0000d8cd  _Z15ActivatePortA_Bv             
0000d905  _ZN4HoleC1Ev                     
0000d905  _ZN4HoleC2Ev                     
0000d93d  _Z12ST7735_writeiPKcj            
0000d971  _Z14Clock_Delay1msj              
0000d9a5  _Z16ST7735_SetCursorjj           
0000d9d9  _Z8LED_Initv                     
0000da0d  _ZN5LevelC1Eh                    
0000da0d  _ZN5LevelC2Eh                    
0000da41  __TI_cleanup                     
0000da75  __TI_readmsg                     
0000daa9  __TI_writemsg                    
0000dad5  C$$IO$$                          
0000dadd  exit                             
0000db11  finddevice                       
0000db45  freopen                          
0000db79  _Z15ST7735_Color565hhh           
0000dbad  SysTick_Handler                  
0000dc0d  _ZN4Ball5resetEi                 
0000dc3d  fopen                            
0000dc6d  _Z17ST7735_FillScreent           
0000dc99  unlink                           
0000dcc5  _Z9ADC_StartP10ADC12_Regs        
0000dd15  write                            
0000dd3d  _c_int00_noargs                  
0000dd8d  _Z9Switch_Inv                    
0000de31  ADC0_IRQHandler                  
0000de31  ADC1_IRQHandler                  
0000de31  AES_IRQHandler                   
0000de31  CANFD0_IRQHandler                
0000de31  DAC0_IRQHandler                  
0000de31  DMA_IRQHandler                   
0000de31  Default_Handler                  
0000de31  GROUP0_IRQHandler                
0000de31  GROUP1_IRQHandler                
0000de31  I2C0_IRQHandler                  
0000de31  I2C1_IRQHandler                  
0000de31  NMI_Handler                      
0000de31  PendSV_Handler                   
0000de31  RTC_IRQHandler                   
0000de31  SPI0_IRQHandler                  
0000de31  SPI1_IRQHandler                  
0000de31  SVC_Handler                      
0000de31  TIMA0_IRQHandler                 
0000de31  TIMA1_IRQHandler                 
0000de31  TIMG0_IRQHandler                 
0000de31  TIMG6_IRQHandler                 
0000de31  TIMG8_IRQHandler                 
0000de31  UART0_IRQHandler                 
0000de31  UART1_IRQHandler                 
0000de31  UART2_IRQHandler                 
0000de31  UART3_IRQHandler                 
0000de4d  HardFault_Handler                
0000de69  _Z11ST7735_openPKcji             
0000de85  _ZN8SlidePot7ConvertEj           
0000ded5  _Z11ST7735_readiPcj              
0000deeb  __TI_zero_init_nomemset          
0000df15  _ZN4Ball11IncrementVYEv          
0000df29  _Znwj                            
0000df3d  _ZN4Ball10setCounterEa           
0000df4f  TI_memcpy_small                  
0000df61  __TI_decompress_none             
0000df73  _Z11Clock_Delayj                 
0000df85  _Z11Switch_Initv                 
0000df95  _Z28TExaS_LaunchPadLogicPB27PB26v
0000dfa5  _ZN10GameObjectC2Ev              
0000dfc3  _Z12ST7735_lseekili              
0000dfd1  _ZN4Ball10getCounterEv           
0000dfdf  _ZN8SlidePotC1Ejj                
0000dfdf  _ZN8SlidePotC2Ejj                
0000e009  TI_memset_small                  
0000e019  _Z10Clock_Freqv                  
0000e025  _Z13ST7735_renamePKcS0_          
0000e031  _Z22__throw_bad_alloc_shimv      
0000e03d  _ZN4Ball4getXEv                  
0000e049  _ZN4Ball4getYEv                  
0000e055  _ZN4Ball8getImageEv              
0000e061  _ZN4Hole4getXEv                  
0000e06d  _ZN4Hole4getYEv                  
0000e079  _ZN4Hole8getImageEv              
0000e085  _ZN5Level8getImageEv             
0000e091  _ZSt15get_new_handlerv           
0000e09d  __aeabi_memclr                   
0000e09d  __aeabi_memclr4                  
0000e09d  __aeabi_memclr8                  
0000e0a9  malloc                           
0000e0b5  _Z12ST7735_closei                
0000e0bf  _Z13ST7735_unlinkPKc             
0000e0c9  _Z8PLL_Initv                     
0000e0d3  _Z8DAC5_Outj                     
0000e0dd  __aeabi_memcpy                   
0000e0dd  __aeabi_memcpy4                  
0000e0dd  __aeabi_memcpy8                  
0000e0e5  remove                           
0000e0ed  Reset_Handler                    
0000e0f1  _system_pre_init                 
0000e0f5  abort_message                    
0000e0f8  C$$EXIT                          
0000e0f9  abort                            
0000e170  __TI_Handler_Table_Base          
0000e17c  __TI_Handler_Table_Limit         
0000e184  __TI_CINIT_Base                  
0000e194  __TI_CINIT_Limit                 
0000e194  __TI_CINIT_Warm                  
20200000  __start___llvm_prf_bits          
20200000  __start___llvm_prf_cnts          
20200000  __stop___llvm_prf_bits           
20200000  __stop___llvm_prf_cnts           
20200000  _ftable                          
202000f0  _device                          
20200168  _stream                          
202001b8  Sensor                           
202001cc  __TI_cleanup_ptr                 
202001d0  __TI_dtors_ptr                   
202001d4  BusFreq                          
202001d8  Index                            
202001dc  StX                              
202001e0  StY                              
202001e4  __TI_ft_end                      
202001e8  __cxa_new_handler                
202001ec  _lock                            
202001f0  _unlock                          
202001f4  currBall                         
202001f8  level                            
202001fc  movingHole                       
20200200  outTable                         
20200218  _sys_memory                      
20200418  _CIOBUF_                         
20200418  __CIOBUF_                        
20200538  __TI_tmpnams                     
202005d8  parmbuf                          
202005e0  TExaSLogic                       
202005e4  TExaSadc                         
202005e8  data                             
202005ec  input                            
202005f4  StTextColor                      
20207e00  __stack                          
20208000  __STACK_END                      
ffffffff  __TI_pprof_out_hndl              
ffffffff  __TI_prof_data_size              
ffffffff  __TI_prof_data_start             
ffffffff  __binit__                        
ffffffff  binit                            
UNDEFED   __mpu_init                       
UNDEFED   _system_post_cinit               

[213 symbols]
