******************************************************************************
            TI ARM Clang Linker PC v4.0.1                      
******************************************************************************
>> Linked Sun Apr 20 06:34:12 2025

OUTPUT FILE NAME:   <ECE319K_Lab9H.out>
ENTRY POINT SYMBOL: "_c_int00_noargs"  address: 0000e321


MEMORY CONFIGURATION

         name            origin    length      used     unused   attr    fill
----------------------  --------  ---------  --------  --------  ----  --------
  FLASH                 00000000   00020000  0000e788  00011878  R  X
  SRAM                  20200000   00008000  0000081b  000077e5  RW X
  BCR_CONFIG            41c00000   00000080  00000000  00000080  R   
  BSL_CONFIG            41c00100   00000080  00000000  00000080  R   


SEGMENT ALLOCATION MAP

run origin  load origin   length   init length attrs members
----------  ----------- ---------- ----------- ----- -------
00000000    00000000    0000e788   0000e788    r-x
  00000000    00000000    000000c0   000000c0    r-- .intvecs
  000000c0    000000c0    0000b858   0000b858    r-- .rodata
  0000b918    0000b918    00000008   00000008    r-- .init_array
  0000b920    0000b920    00002dd0   00002dd0    r-x .text
  0000e6f0    0000e6f0    00000098   00000098    r-- .cinit
20200000    20200000    00000620   00000000    rw-
  20200000    20200000    00000211   00000000    rw- .data
  20200214    20200214    0000020a   00000000    rw- .bss
  20200420    20200420    00000200   00000000    rw- .sysmem
20207e00    20207e00    00000200   00000000    rw-
  20207e00    20207e00    00000200   00000000    rw- .stack


SECTION ALLOCATION MAP

 output                                  attributes/
section   page    origin      length       input sections
--------  ----  ----------  ----------   ----------------
.intvecs   0    00000000    000000c0     
                  00000000    000000c0     startup_mspm0g3507_ticlang.o (.intvecs)

.binit     0    00000000    00000000     

.text      0    0000b920    00002dd0     
                  0000b920    000002dc     Lab9HMain.o (.text.main)
                  0000bbfc    00000210     ST7735.o (.text._Z17ST7735_DrawBitmapssPKtss)
                  0000be0c    000001b4     Clock.o (.text._Z15Clock_Init80MHzi)
                  0000bfc0    000001a8     ST7735.o (.text._Z15ST7735_DrawCharsscssh)
                  0000c168    00000154     libc.a : fopen.c.obj (.text._openfile)
                  0000c2bc    0000013c     Lab9HMain.o (.text.TIMG12_IRQHandler)
                  0000c3f8    00000128     TExaS.o (.text._Z8ADC_InitP10ADC12_Regsjj)
                  0000c520    00000118     ST7735.o (.text._Z15ST7735_FillRectsssst)
                  0000c638    00000114     libc.a : memory.c.obj (.text.aligned_alloc)
                  0000c74c    000000f8     SPI.o (.text._Z8SPI_Initv)
                  0000c844    000000ec     libsysbm.a : add_device.c.obj (.text.add_device)
                  0000c930    000000e8     ST7735.o (.text._Z14ST7735_OutCharc)
                  0000ca18    000000e8     TExaS.o (.text._Z9UART_Initv)
                  0000cb00    000000e8     libc.a : memory.c.obj (.text.free)
                  0000cbe8    000000e0            : setvbuf.c.obj (.text.setvbuf)
                  0000ccc8    000000de     Ball.o (.text._ZN4Ball6bounceEtt)
                  0000cda6    00000002     libclang_rt.builtins.a : aeabi_div0.c.obj (.text.__aeabi_idiv0)
                  0000cda8    000000a8     Timer.o (.text._Z14TimerG7_IntArmtjj)
                  0000ce50    000000a2     ST7735.o (.text._ZL11commandListPKh)
                  0000cef2    00000002     libc.a : _lock.c.obj (.text._nop)
                  0000cef4    000000a0     ST7735.o (.text._Z12ST7735_InitR10initRFlags)
                  0000cf94    000000a0     ST7735.o (.text._Z17ST7735_InitPrintf10initRFlags)
                  0000d034    000000a0     libsysbm.a : open.c.obj (.text.open)
                  0000d0d4    0000009c     Ball.o (.text._ZN4Ball14checkCollisionEtttt)
                  0000d170    00000098     Ball.o (.text._ZN4Ball8moveBallEv)
                  0000d208    00000094     Timer.o (.text._Z15TimerG12_IntArmjj)
                  0000d29c    00000088     ST7735.o (.text._ZL13setAddrWindowhhhh)
                  0000d324    0000000c     Clock.o (.text._Z10Clock_Freqv)
                  0000d330    00000088     libc.a : strcmp-armv6m.S.obj (.text:strcmp)
                  0000d3b8    00000084     ST7735.o (.text._Z17ST7735_DrawStringttPcs)
                  0000d43c    0000007c     LaunchPad.o (.text._Z14LaunchPad_Initv)
                  0000d4b8    0000007c     SlidePot.o (.text._ZN8SlidePot4InitEv)
                  0000d534    0000007c     libc.a : fclose.c.obj (.text.__TI_closefile)
                  0000d5b0    0000007c            : copy_decompress_lzss.c.obj (.text:decompress:lzss)
                  0000d62c    00000078     Ball.o (.text._ZN4Ball12angleToIndexEv)
                  0000d6a4    0000006c     libsysbm.a : hostlseek.c.obj (.text.HOSTlseek)
                  0000d710    0000006c                : hostrename.c.obj (.text.HOSTrename)
                  0000d77c    0000006c     libc.a : getdevice.c.obj (.text.getdevice)
                  0000d7e8    00000064            : memory.c.obj (.text.split)
                  0000d84c    00000060     libsysbm.a : hostopen.c.obj (.text.HOSTopen)
                  0000d8ac    00000060     Timer.o (.text._Z13TimerG12_Initv)
                  0000d90c    00000058     libsysbm.a : hostread.c.obj (.text.HOSTread)
                  0000d964    00000058                : hostwrite.c.obj (.text.HOSTwrite)
                  0000d9bc    00000058     TExaS.o (.text._Z10TExaS_InitP10ADC12_RegsjPFhvE)
                  0000da14    00000054     Peg.o (.text._ZN3PegC2Eiiii)
                  0000da68    00000054     Ball.o (.text._ZN4BallC2Ei)
                  0000dabc    00000054     libc.a : autoinit.c.obj (.text:__TI_auto_init_nobinit)
                  0000db10    00000052            : fflush.c.obj (.text.__TI_doflush)
                  0000db62    00000002     --HOLE-- [fill = 0]
                  0000db64    00000050     Sound.o (.text._Z10Sound_Initv)
                  0000dbb4    00000050     libsysbm.a : close.c.obj (.text.close)
                  0000dc04    00000048                : hostclose.c.obj (.text.HOSTclose)
                  0000dc4c    00000048                : hostunlink.c.obj (.text.HOSTunlink)
                  0000dc94    00000048     SPI.o (.text._Z14SPI_OutCommandc)
                  0000dcdc    00000048     Level.o (.text._ZN5LevelC2Eh)
                  0000dd24    00000048     SlidePot.o (.text._ZN8SlidePot2InEv)
                  0000dd6c    00000044     Hole.o (.text._ZN4Hole8moveHoleEv)
                  0000ddb0    00000040     TExaS.o (.text.TIMG7_IRQHandler)
                  0000ddf0    00000040     SPI.o (.text._Z9SPI_Resetv)
                  0000de30    00000040     libclang_rt.builtins.a : aeabi_uidivmod.S.obj (.text.__aeabi_uidivmod)
                  0000de70    00000040     libc.a : fopen.c.obj (.text._search_fp)
                  0000deb0    00000038     SPI.o (.text._Z11SPI_OutDatac)
                  0000dee8    00000038     LaunchPad.o (.text._Z15ActivatePortA_Bv)
                  0000df20    00000038     Hole.o (.text._ZN4HoleC2Ev)
                  0000df58    00000034     ST7735.o (.text._Z12ST7735_writeiPKcj)
                  0000df8c    00000034     Clock.o (.text._Z14Clock_Delay1msj)
                  0000dfc0    00000034     ST7735.o (.text._Z16ST7735_SetCursorjj)
                  0000dff4    00000034     LED.o (.text._Z8LED_Initv)
                  0000e028    00000034     libc.a : fopen.c.obj (.text.__TI_cleanup)
                  0000e05c    00000034     libsysbm.a : trgmsg.c.obj (.text.__TI_readmsg)
                  0000e090    00000034                : trgmsg.c.obj (.text.__TI_writemsg)
                  0000e0c4    00000034     libc.a : exit.c.obj (.text.exit)
                  0000e0f8    00000034            : getdevice.c.obj (.text.finddevice)
                  0000e12c    00000034            : fopen.c.obj (.text.freopen)
                  0000e160    00000032     ST7735.o (.text._Z15ST7735_Color565hhh)
                  0000e192    00000002     --HOLE-- [fill = 0]
                  0000e194    00000030     Sound.o (.text.SysTick_Handler)
                  0000e1c4    00000030     ST7735.o (.text._ZL10commonInitPKh)
                  0000e1f4    00000030     libc.a : fopen.c.obj (.text.fopen)
                  0000e224    0000002c     ST7735.o (.text._Z17ST7735_FillScreent)
                  0000e250    0000002c     Ball.o (.text._ZN4Ball5resetEi)
                  0000e27c    0000002c     libsysbm.a : unlink.c.obj (.text.unlink)
                  0000e2a8    00000028     TExaS.o (.text._Z9ADC_StartP10ADC12_Regs)
                  0000e2d0    00000028     libc.a : memory.c.obj (.text.free_list_insert)
                  0000e2f8    00000028     libsysbm.a : write.c.obj (.text.write)
                  0000e320    00000028     libc.a : boot_cortex_m.c.obj (.text:_c_int00_noargs)
                  0000e348    00000026     libc++abi.a : stdlib_new_delete.cpp.obj (.text._ZL17operator_new_implj)
                  0000e36e    00000002     --HOLE-- [fill = 0]
                  0000e370    00000024     Switch.o (.text._Z9Switch_Inv)
                  0000e394    00000020     Lab9HMain.o (.text._Z8Random32v)
                  0000e3b4    00000020     Lab9HMain.o (.text.__cxx_global_var_init.1)
                  0000e3d4    00000020     Lab9HMain.o (.text.__cxx_global_var_init.2)
                  0000e3f4    0000001e     ST7735.o (.text._ZL9pushColort)
                  0000e412    00000002     --HOLE-- [fill = 0]
                  0000e414    0000001c     startup_mspm0g3507_ticlang.o (.text.Default_Handler)
                  0000e430    0000001c     startup_mspm0g3507_ticlang.o (.text.HardFault_Handler)
                  0000e44c    0000001c     ST7735.o (.text._Z11ST7735_openPKcji)
                  0000e468    0000001c     SlidePot.o (.text._ZN8SlidePot7ConvertEj)
                  0000e484    0000001c     libc.a : memory.c.obj (.text.free_list_remove)
                  0000e4a0    00000018     Lab9HMain.o (.text._Z6Randomj)
                  0000e4b8    00000018     Lab9HMain.o (.text.__cxx_global_var_init)
                  0000e4d0    00000016     ST7735.o (.text._Z11ST7735_readiPcj)
                  0000e4e6    00000016     libc.a : copy_zero_init.c.obj (.text:decompress:ZI:__TI_zero_init_nomemset)
                  0000e4fc    00000014     libc++abi.a : stdlib_new_delete.cpp.obj (.text._Znwj)
                  0000e510    00000012     libc.a : memcpy16.S.obj (.text:TI_memcpy_small)
                  0000e522    00000012            : copy_decompress_none.c.obj (.text:decompress:none)
                  0000e534    00000010     Lab9HMain.o (.text._GLOBAL__sub_I_Lab9HMain.cpp)
                  0000e544    00000010     Clock.o (.text._Z11Clock_Delayj)
                  0000e554    00000010     Switch.o (.text._Z11Switch_Initv)
                  0000e564    00000010     Lab9HMain.o (.text._Z28TExaS_LaunchPadLogicPB27PB26v)
                  0000e574    00000010     Ball.o (.text._ZN10GameObjectC2Ev)
                  0000e584    0000000e     libc.a : memory.c.obj (.text.OUTLINED_FUNCTION_0)
                  0000e592    0000000e     ST7735.o (.text._Z12ST7735_lseekili)
                  0000e5a0    0000000e     Peg.o (.text._ZN3Peg4getXEv)
                  0000e5ae    0000000e     Peg.o (.text._ZN3Peg4getYEv)
                  0000e5bc    0000000e     SlidePot.o (.text._ZN8SlidePotC2Ejj)
                  0000e5ca    0000000e     libsysbm.a : hostrename.c.obj (.text.strcpy)
                  0000e5d8    0000000e                : hostrename.c.obj (.text.strlen)
                  0000e5e6    0000000e     libc.a : memset16.S.obj (.text:TI_memset_small)
                  0000e5f4    0000000c     ST7735.o (.text._Z13ST7735_renamePKcS0_)
                  0000e600    0000000c     libc++abi.a : stdlib_new_delete.cpp.obj (.text._Z22__throw_bad_alloc_shimv)
                  0000e60c    0000000c     Peg.o (.text._ZN3Peg4getHEv)
                  0000e618    0000000c     Peg.o (.text._ZN3Peg4getWEv)
                  0000e624    0000000c     Peg.o (.text._ZN3Peg8getImageEv)
                  0000e630    0000000c     Ball.o (.text._ZN4Ball4getXEv)
                  0000e63c    0000000c     Ball.o (.text._ZN4Ball4getYEv)
                  0000e648    0000000c     Ball.o (.text._ZN4Ball8getImageEv)
                  0000e654    0000000c     Hole.o (.text._ZN4Hole4getXEv)
                  0000e660    0000000c     Hole.o (.text._ZN4Hole4getYEv)
                  0000e66c    0000000c     Hole.o (.text._ZN4Hole8getImageEv)
                  0000e678    0000000c     Level.o (.text._ZN5Level8getImageEv)
                  0000e684    0000000c     libc++abi.a : cxa_handlers.cpp.obj (.text._ZSt15get_new_handlerv)
                  0000e690    0000000c     libclang_rt.builtins.a : aeabi_memset.S.obj (.text.__aeabi_memclr)
                  0000e69c    0000000c     libc.a : memory.c.obj (.text.malloc)
                  0000e6a8    0000000a     ST7735.o (.text._Z12ST7735_closei)
                  0000e6b2    0000000a     ST7735.o (.text._Z13ST7735_unlinkPKc)
                  0000e6bc    0000000a     Lab9HMain.o (.text._Z8PLL_Initv)
                  0000e6c6    00000008     DAC5.o (.text._Z8DAC5_Outj)
                  0000e6ce    00000002     --HOLE-- [fill = 0]
                  0000e6d0    00000008     libclang_rt.builtins.a : aeabi_memcpy.S.obj (.text.__aeabi_memcpy)
                  0000e6d8    00000008     libsysbm.a : remove.c.obj (.text.remove)
                  0000e6e0    00000004     startup_mspm0g3507_ticlang.o (.text.Reset_Handler)
                  0000e6e4    00000004     libc.a : pre_init.c.obj (.text._system_pre_init)
                  0000e6e8    00000004     libc++abi.a : abort_message.cpp.obj (.text.abort_message)
                  0000e6ec    00000004     libc.a : exit.c.obj (.text:abort)

.cinit     0    0000e6f0    00000098     
                  0000e6f0    00000070     (.cinit..data.load) [load image, compression = lzss]
                  0000e760    0000000c     (__TI_handler_table)
                  0000e76c    00000008     (.cinit..bss.load) [load image, compression = zero_init]
                  0000e774    00000010     (__TI_cinit_table)
                  0000e784    00000004     --HOLE-- [fill = 0]

.rodata    0    000000c0    0000b858     
                  000000c0    0000a000     Level.o (.rodata._ZL6level1)
                  0000a0c0    00000900     Hole.o (.rodata._ZL6bucket)
                  0000a9c0    00000800     Ball.o (.rodata._ZL10angleTable)
                  0000b1c0    000004fb     ST7735.o (.rodata._ZL4Font)
                  0000b6bb    00000001     --HOLE-- [fill = 0]
                  0000b6bc    00000080     Ball.o (.rodata._ZL4ball)
                  0000b73c    00000080     Peg.o (.rodata._ZL7bluepeg)
                  0000b7bc    00000080     Peg.o (.rodata._ZL9orangepeg)
                  0000b83c    0000003b     ST7735.o (.rodata._ZL5Rcmd1)
                  0000b877    0000002d     libc++abi.a : stdlib_new_delete.cpp.obj (.rodata.str1.177346920702326194221)
                  0000b8a4    0000002b     ST7735.o (.rodata._ZL5Rcmd3)
                  0000b8cf    00000016     ST7735.o (.rodata.str1.120157123834947517821)
                  0000b8e5    0000000d     ST7735.o (.rodata._ZL10Rcmd2green)
                  0000b8f2    0000000d     ST7735.o (.rodata._ZL8Rcmd2red)
                  0000b8ff    00000008     ST7735.o (.rodata.str1.39562344344181558271)
                  0000b907    00000007     ST7735.o (.rodata.str1.121322603453744172521)
                  0000b90e    00000007     ST7735.o (.rodata.str1.175409668377903254331)
                  0000b915    00000002     ST7735.o (.rodata.str1.59249497501465847671)
                  0000b917    00000001     --HOLE-- [fill = 0]

.init_array 
*          0    0000b918    00000008     
                  0000b918    00000004     Lab9HMain.o (.init_array)
                  0000b91c    00000004     --HOLE-- [fill = 0]

.data      0    20200000    00000211     UNINITIALIZED
                  20200000    000000f0     libc.a : defs.c.obj (.data._ftable)
                  202000f0    00000078     libsysbm.a : host_device.c.obj (.data._device)
                  20200168    00000050                : host_device.c.obj (.data._stream)
                  202001b8    00000014     Lab9HMain.o (.data.Sensor)
                  202001cc    00000008     libc.a : exit.c.obj (.data..L_MergedGlobals)
                  202001d4    00000004     Clock.o (.data.BusFreq)
                  202001d8    00000004     Sound.o (.data.Index)
                  202001dc    00000004     Lab9HMain.o (.data.M)
                  202001e0    00000004     ST7735.o (.data.StX)
                  202001e4    00000004     ST7735.o (.data.StY)
                  202001e8    00000004     libc.a : defs.c.obj (.data.__TI_ft_end)
                  202001ec    00000004     libc++abi.a : cxa_default_handlers.cpp.obj (.data.__cxa_new_handler)
                  202001f0    00000004     libc.a : _lock.c.obj (.data._lock)
                  202001f4    00000004            : _lock.c.obj (.data._unlock)
                  202001f8    00000004     Lab9HMain.o (.data.currBall)
                  202001fc    00000004     Lab9HMain.o (.data.movingHole)
                  20200200    00000004     Sound.o (.data.outTable)
                  20200204    00000002     ST7735.o (.data._ZL6_width)
                  20200206    00000002     ST7735.o (.data._ZL7_height)
                  20200208    00000001     libsysbm.a : add_device.c.obj (.data.add_device.device_init)
                  20200209    00000001     Lab9HMain.o (.data.pegCount)
                  2020020a    00000002     --HOLE--
                  2020020c    00000001     libc.a : memory.c.obj (.data.memory_is_initialized)
                  2020020d    00000003     --HOLE--
                  20200210    00000001     libsysbm.a : open.c.obj (.data.open.stream_init)

.bss       0    20200214    0000020a     UNINITIALIZED
                  20200214    00000120     libsysbm.a : trgmsg.c.obj (.bss:_CIOBUF_)
                  20200334    000000a0     libc.a : defs.c.obj (.bss.__TI_tmpnams)
                  202003d4    00000028     Lab9HMain.o (.bss.pegs)
                  202003fc    00000008     libsysbm.a : hostopen.c.obj (.bss.parmbuf)
                  20200404    00000004     TExaS.o (.bss.TExaSLogic)
                  20200408    00000004     TExaS.o (.bss.TExaSadc)
                  2020040c    00000004     Lab9HMain.o (.bss.data)
                  20200410    00000004     Lab9HMain.o (.bss.input)
                  20200414    00000004     libc.a : memory.c.obj (.bss.sys_free)
                  20200418    00000002     ST7735.o (.bss.StTextColor)
                  2020041a    00000001     ST7735.o (.bss._ZL8ColStart)
                  2020041b    00000001     ST7735.o (.bss._ZL8RowStart)
                  2020041c    00000001     ST7735.o (.bss._ZL8TabColor)
                  2020041d    00000001     Lab9HMain.o (.bss.indexAngle)

.sysmem    0    20200420    00000200     UNINITIALIZED
                  20200420    00000010     libc.a : memory.c.obj (.sysmem)
                  20200430    000001f0     --HOLE--

.stack     0    20207e00    00000200     UNINITIALIZED
                  20207e00    00000004     libc.a : boot_cortex_m.c.obj (.stack)
                  20207e04    000001fc     --HOLE--

__llvm_prf_cnts 
*          0    20200000    00000000     UNINITIALIZED

__llvm_prf_bits 
*          0    20200000    00000000     UNINITIALIZED

MODULE SUMMARY

       Module                         code    ro data   rw data
       ------                         ----    -------   -------
    .\
       Level.o                        84      40960     0      
       ST7735.o                       2586    1449      17     
       Ball.o                         830     2176      0      
       Hole.o                         160     2304      0      
       Lab9HMain.o                    1234    4         82     
       TExaS.o                        720     0         8      
       Clock.o                        516     0         4      
       SPI.o                          440     0         0      
       Timer.o                        412     0         0      
       Peg.o                          148     256       0      
       SlidePot.o                     238     0         0      
       LaunchPad.o                    180     0         0      
       Sound.o                        128     0         8      
       LED.o                          52      0         0      
       Switch.o                       52      0         0      
       DAC5.o                         8       0         0      
    +--+------------------------------+-------+---------+---------+
       Total:                         7788    47149     119    
                                                               
    .\ticlang\
       startup_mspm0g3507_ticlang.o   60      192       0      
    +--+------------------------------+-------+---------+---------+
       Total:                         60      192       0      
                                                               
    C:\ti\ccs2000\ccs\tools\compiler\ti-cgt-armllvm_4.0.1.LTS\lib\armv6m-ti-none-eabi/c/libc.a
       memory.c.obj                   702     0         5      
       fopen.c.obj                    556     0         0      
       defs.c.obj                     0       0         404    
       setvbuf.c.obj                  224     0         0      
       getdevice.c.obj                160     0         0      
       strcmp-armv6m.S.obj            136     0         0      
       copy_decompress_lzss.c.obj     124     0         0      
       fclose.c.obj                   124     0         0      
       autoinit.c.obj                 84      0         0      
       fflush.c.obj                   82      0         0      
       exit.c.obj                     56      0         8      
       boot_cortex_m.c.obj            40      0         0      
       copy_zero_init.c.obj           22      0         0      
       copy_decompress_none.c.obj     18      0         0      
       memcpy16.S.obj                 18      0         0      
       memset16.S.obj                 14      0         0      
       _lock.c.obj                    2       0         8      
       pre_init.c.obj                 4       0         0      
    +--+------------------------------+-------+---------+---------+
       Total:                         2366    0         425    
                                                               
    C:\ti\ccs2000\ccs\tools\compiler\ti-cgt-armllvm_4.0.1.LTS\lib\armv6m-ti-none-eabi/c/libsysbm.a
       trgmsg.c.obj                   104     0         288    
       add_device.c.obj               236     0         1      
       host_device.c.obj              0       0         200    
       open.c.obj                     160     0         1      
       hostrename.c.obj               136     0         0      
       hostlseek.c.obj                108     0         0      
       hostopen.c.obj                 96      0         8      
       hostread.c.obj                 88      0         0      
       hostwrite.c.obj                88      0         0      
       close.c.obj                    80      0         0      
       hostclose.c.obj                72      0         0      
       hostunlink.c.obj               72      0         0      
       unlink.c.obj                   44      0         0      
       write.c.obj                    40      0         0      
       remove.c.obj                   8       0         0      
    +--+------------------------------+-------+---------+---------+
       Total:                         1332    0         498    
                                                               
    C:\ti\ccs2000\ccs\tools\compiler\ti-cgt-armllvm_4.0.1.LTS\lib\armv6m-ti-none-eabi/libc++abi.a
       stdlib_new_delete.cpp.obj      70      45        0      
       cxa_handlers.cpp.obj           12      0         0      
       abort_message.cpp.obj          4       0         0      
       cxa_default_handlers.cpp.obj   0       0         4      
    +--+------------------------------+-------+---------+---------+
       Total:                         86      45        4      
                                                               
    C:\ti\ccs2000\ccs\tools\compiler\ti-cgt-armllvm_4.0.1.LTS\lib\armv6m-ti-none-eabi/libclang_rt.builtins.a
       aeabi_uidivmod.S.obj           64      0         0      
       aeabi_memset.S.obj             12      0         0      
       aeabi_memcpy.S.obj             8       0         0      
       aeabi_div0.c.obj               2       0         0      
    +--+------------------------------+-------+---------+---------+
       Total:                         86      0         0      
                                                               
       Heap:                          0       0         512    
       Stack:                         0       0         512    
       Linker Generated:              0       148       0      
    +--+------------------------------+-------+---------+---------+
       Grand Total:                   11718   47534     2070   


LINKER GENERATED COPY TABLES

__TI_cinit_table @ 0000e774 records: 2, size/record: 8, table size: 16
	.data: load addr=0000e6f0, load size=00000070 bytes, run addr=20200000, run size=00000211 bytes, compression=lzss
	.bss: load addr=0000e76c, load size=00000008 bytes, run addr=20200214, run size=0000020a bytes, compression=zero_init


LINKER GENERATED HANDLER TABLE

__TI_handler_table @ 0000e760 records: 3, size/record: 4, table size: 12
	index: 0, handler: __TI_decompress_lzss
	index: 1, handler: __TI_decompress_none
	index: 2, handler: __TI_zero_init


GLOBAL SYMBOLS: SORTED ALPHABETICALLY BY Name 

address   name                             
-------   ----                             
0000e415  ADC0_IRQHandler                  
0000e415  ADC1_IRQHandler                  
0000e415  AES_IRQHandler                   
202001d4  BusFreq                          
0000e6ec  C$$EXIT                          
0000e0bd  C$$IO$$                          
0000e415  CANFD0_IRQHandler                
0000e415  DAC0_IRQHandler                  
0000e415  DMA_IRQHandler                   
0000e415  Default_Handler                  
0000e415  GROUP0_IRQHandler                
0000e415  GROUP1_IRQHandler                
0000dc05  HOSTclose                        
0000d6a5  HOSTlseek                        
0000d84d  HOSTopen                         
0000d90d  HOSTread                         
0000d711  HOSTrename                       
0000dc4d  HOSTunlink                       
0000d965  HOSTwrite                        
0000e431  HardFault_Handler                
0000e415  I2C0_IRQHandler                  
0000e415  I2C1_IRQHandler                  
202001d8  Index                            
202001dc  M                                
0000e415  NMI_Handler                      
0000e415  PendSV_Handler                   
0000e415  RTC_IRQHandler                   
0000e6e1  Reset_Handler                    
0000b918  SHT$$INIT_ARRAY$$Base            
0000b91c  SHT$$INIT_ARRAY$$Limit           
0000e415  SPI0_IRQHandler                  
0000e415  SPI1_IRQHandler                  
0000e415  SVC_Handler                      
202001b8  Sensor                           
20200418  StTextColor                      
202001e0  StX                              
202001e4  StY                              
0000e195  SysTick_Handler                  
20200404  TExaSLogic                       
20200408  TExaSadc                         
0000e415  TIMA0_IRQHandler                 
0000e415  TIMA1_IRQHandler                 
0000e415  TIMG0_IRQHandler                 
0000c2bd  TIMG12_IRQHandler                
0000e415  TIMG6_IRQHandler                 
0000ddb1  TIMG7_IRQHandler                 
0000e415  TIMG8_IRQHandler                 
0000e511  TI_memcpy_small                  
0000e5e7  TI_memset_small                  
0000e415  UART0_IRQHandler                 
0000e415  UART1_IRQHandler                 
0000e415  UART2_IRQHandler                 
0000e415  UART3_IRQHandler                 
20200214  _CIOBUF_                         
0000d325  _Z10Clock_Freqv                  
0000db65  _Z10Sound_Initv                  
0000d9bd  _Z10TExaS_InitP10ADC12_RegsjPFhvE
0000e545  _Z11Clock_Delayj                 
0000deb1  _Z11SPI_OutDatac                 
0000e44d  _Z11ST7735_openPKcji             
0000e4d1  _Z11ST7735_readiPcj              
0000e555  _Z11Switch_Initv                 
0000cef5  _Z12ST7735_InitR10initRFlags     
0000e6a9  _Z12ST7735_closei                
0000e593  _Z12ST7735_lseekili              
0000df59  _Z12ST7735_writeiPKcj            
0000e5f5  _Z13ST7735_renamePKcS0_          
0000e6b3  _Z13ST7735_unlinkPKc             
0000d8ad  _Z13TimerG12_Initv               
0000df8d  _Z14Clock_Delay1msj              
0000d43d  _Z14LaunchPad_Initv              
0000dc95  _Z14SPI_OutCommandc              
0000c931  _Z14ST7735_OutCharc              
0000cda9  _Z14TimerG7_IntArmtjj            
0000dee9  _Z15ActivatePortA_Bv             
0000be0d  _Z15Clock_Init80MHzi             
0000e161  _Z15ST7735_Color565hhh           
0000bfc1  _Z15ST7735_DrawCharsscssh        
0000c521  _Z15ST7735_FillRectsssst         
0000d209  _Z15TimerG12_IntArmjj            
0000dfc1  _Z16ST7735_SetCursorjj           
0000bbfd  _Z17ST7735_DrawBitmapssPKtss     
0000d3b9  _Z17ST7735_DrawStringttPcs       
0000e225  _Z17ST7735_FillScreent           
0000cf95  _Z17ST7735_InitPrintf10initRFlags
0000e601  _Z22__throw_bad_alloc_shimv      
0000e565  _Z28TExaS_LaunchPadLogicPB27PB26v
0000e4a1  _Z6Randomj                       
0000c3f9  _Z8ADC_InitP10ADC12_Regsjj       
0000e6c7  _Z8DAC5_Outj                     
0000dff5  _Z8LED_Initv                     
0000e6bd  _Z8PLL_Initv                     
0000e395  _Z8Random32v                     
0000c74d  _Z8SPI_Initv                     
0000e2a9  _Z9ADC_StartP10ADC12_Regs        
0000ddf1  _Z9SPI_Resetv                    
0000e371  _Z9Switch_Inv                    
0000ca19  _Z9UART_Initv                    
0000e575  _ZN10GameObjectC2Ev              
0000e60d  _ZN3Peg4getHEv                   
0000e619  _ZN3Peg4getWEv                   
0000e5a1  _ZN3Peg4getXEv                   
0000e5af  _ZN3Peg4getYEv                   
0000e625  _ZN3Peg8getImageEv               
0000da15  _ZN3PegC1Eiiii                   
0000da15  _ZN3PegC2Eiiii                   
0000d62d  _ZN4Ball12angleToIndexEv         
0000d0d5  _ZN4Ball14checkCollisionEtttt    
0000e631  _ZN4Ball4getXEv                  
0000e63d  _ZN4Ball4getYEv                  
0000e251  _ZN4Ball5resetEi                 
0000ccc9  _ZN4Ball6bounceEtt               
0000e649  _ZN4Ball8getImageEv              
0000d171  _ZN4Ball8moveBallEv              
0000da69  _ZN4BallC1Ei                     
0000da69  _ZN4BallC2Ei                     
0000e655  _ZN4Hole4getXEv                  
0000e661  _ZN4Hole4getYEv                  
0000e66d  _ZN4Hole8getImageEv              
0000dd6d  _ZN4Hole8moveHoleEv              
0000df21  _ZN4HoleC1Ev                     
0000df21  _ZN4HoleC2Ev                     
0000e679  _ZN5Level8getImageEv             
0000dcdd  _ZN5LevelC1Eh                    
0000dcdd  _ZN5LevelC2Eh                    
0000dd25  _ZN8SlidePot2InEv                
0000d4b9  _ZN8SlidePot4InitEv              
0000e469  _ZN8SlidePot7ConvertEj           
0000e5bd  _ZN8SlidePotC1Ejj                
0000e5bd  _ZN8SlidePotC2Ejj                
0000e685  _ZSt15get_new_handlerv           
0000e4fd  _Znwj                            
20200214  __CIOBUF_                        
20208000  __STACK_END                      
00000200  __STACK_SIZE                     
00000200  __SYSMEM_SIZE                    
00000000  __TI_ATRegion0_region_sz         
00000000  __TI_ATRegion0_src_addr          
00000000  __TI_ATRegion0_trg_addr          
00000000  __TI_ATRegion1_region_sz         
00000000  __TI_ATRegion1_src_addr          
00000000  __TI_ATRegion1_trg_addr          
00000000  __TI_ATRegion2_region_sz         
00000000  __TI_ATRegion2_src_addr          
00000000  __TI_ATRegion2_trg_addr          
0000e774  __TI_CINIT_Base                  
0000e784  __TI_CINIT_Limit                 
0000e784  __TI_CINIT_Warm                  
0000e760  __TI_Handler_Table_Base          
0000e76c  __TI_Handler_Table_Limit         
0000dabd  __TI_auto_init_nobinit           
0000e029  __TI_cleanup                     
202001cc  __TI_cleanup_ptr                 
0000d535  __TI_closefile                   
0000d5b1  __TI_decompress_lzss             
0000e523  __TI_decompress_none             
0000db11  __TI_doflush                     
202001d0  __TI_dtors_ptr                   
202001e8  __TI_ft_end                      
ffffffff  __TI_pprof_out_hndl              
ffffffff  __TI_prof_data_size              
ffffffff  __TI_prof_data_start             
0000e05d  __TI_readmsg                     
00000000  __TI_static_base__               
20200334  __TI_tmpnams                     
0000e091  __TI_writemsg                    
0000e4e7  __TI_zero_init_nomemset          
0000cda7  __aeabi_idiv0                    
0000e691  __aeabi_memclr                   
0000e691  __aeabi_memclr4                  
0000e691  __aeabi_memclr8                  
0000e6d1  __aeabi_memcpy                   
0000e6d1  __aeabi_memcpy4                  
0000e6d1  __aeabi_memcpy8                  
0000de31  __aeabi_uidiv                    
0000de31  __aeabi_uidivmod                 
ffffffff  __binit__                        
202001ec  __cxa_new_handler                
UNDEFED   __mpu_init                       
20207e00  __stack                          
20200000  __start___llvm_prf_bits          
20200000  __start___llvm_prf_cnts          
20200000  __stop___llvm_prf_bits           
20200000  __stop___llvm_prf_cnts           
0000e321  _c_int00_noargs                  
202000f0  _device                          
20200000  _ftable                          
202001f0  _lock                            
0000cef3  _nop                             
20200168  _stream                          
20200420  _sys_memory                      
UNDEFED   _system_post_cinit               
0000e6e5  _system_pre_init                 
202001f4  _unlock                          
0000e6ed  abort                            
0000e6e9  abort_message                    
0000c845  add_device                       
0000c639  aligned_alloc                    
ffffffff  binit                            
0000dbb5  close                            
202001f8  currBall                         
2020040c  data                             
0000e0c5  exit                             
0000e0f9  finddevice                       
0000e1f5  fopen                            
0000cb01  free                             
0000e12d  freopen                          
0000d77d  getdevice                        
2020041d  indexAngle                       
20200410  input                            
00000000  interruptVectors                 
0000b921  main                             
0000e69d  malloc                           
0000c639  memalign                         
202001fc  movingHole                       
0000d035  open                             
20200200  outTable                         
202003fc  parmbuf                          
20200209  pegCount                         
202003d4  pegs                             
0000e6d9  remove                           
0000cbe9  setvbuf                          
0000d331  strcmp                           
0000e27d  unlink                           
0000e2f9  write                            


GLOBAL SYMBOLS: SORTED BY Symbol Address 

address   name                             
-------   ----                             
00000000  __TI_ATRegion0_region_sz         
00000000  __TI_ATRegion0_src_addr          
00000000  __TI_ATRegion0_trg_addr          
00000000  __TI_ATRegion1_region_sz         
00000000  __TI_ATRegion1_src_addr          
00000000  __TI_ATRegion1_trg_addr          
00000000  __TI_ATRegion2_region_sz         
00000000  __TI_ATRegion2_src_addr          
00000000  __TI_ATRegion2_trg_addr          
00000000  __TI_static_base__               
00000000  interruptVectors                 
00000200  __STACK_SIZE                     
00000200  __SYSMEM_SIZE                    
0000b918  SHT$$INIT_ARRAY$$Base            
0000b91c  SHT$$INIT_ARRAY$$Limit           
0000b921  main                             
0000bbfd  _Z17ST7735_DrawBitmapssPKtss     
0000be0d  _Z15Clock_Init80MHzi             
0000bfc1  _Z15ST7735_DrawCharsscssh        
0000c2bd  TIMG12_IRQHandler                
0000c3f9  _Z8ADC_InitP10ADC12_Regsjj       
0000c521  _Z15ST7735_FillRectsssst         
0000c639  aligned_alloc                    
0000c639  memalign                         
0000c74d  _Z8SPI_Initv                     
0000c845  add_device                       
0000c931  _Z14ST7735_OutCharc              
0000ca19  _Z9UART_Initv                    
0000cb01  free                             
0000cbe9  setvbuf                          
0000ccc9  _ZN4Ball6bounceEtt               
0000cda7  __aeabi_idiv0                    
0000cda9  _Z14TimerG7_IntArmtjj            
0000cef3  _nop                             
0000cef5  _Z12ST7735_InitR10initRFlags     
0000cf95  _Z17ST7735_InitPrintf10initRFlags
0000d035  open                             
0000d0d5  _ZN4Ball14checkCollisionEtttt    
0000d171  _ZN4Ball8moveBallEv              
0000d209  _Z15TimerG12_IntArmjj            
0000d325  _Z10Clock_Freqv                  
0000d331  strcmp                           
0000d3b9  _Z17ST7735_DrawStringttPcs       
0000d43d  _Z14LaunchPad_Initv              
0000d4b9  _ZN8SlidePot4InitEv              
0000d535  __TI_closefile                   
0000d5b1  __TI_decompress_lzss             
0000d62d  _ZN4Ball12angleToIndexEv         
0000d6a5  HOSTlseek                        
0000d711  HOSTrename                       
0000d77d  getdevice                        
0000d84d  HOSTopen                         
0000d8ad  _Z13TimerG12_Initv               
0000d90d  HOSTread                         
0000d965  HOSTwrite                        
0000d9bd  _Z10TExaS_InitP10ADC12_RegsjPFhvE
0000da15  _ZN3PegC1Eiiii                   
0000da15  _ZN3PegC2Eiiii                   
0000da69  _ZN4BallC1Ei                     
0000da69  _ZN4BallC2Ei                     
0000dabd  __TI_auto_init_nobinit           
0000db11  __TI_doflush                     
0000db65  _Z10Sound_Initv                  
0000dbb5  close                            
0000dc05  HOSTclose                        
0000dc4d  HOSTunlink                       
0000dc95  _Z14SPI_OutCommandc              
0000dcdd  _ZN5LevelC1Eh                    
0000dcdd  _ZN5LevelC2Eh                    
0000dd25  _ZN8SlidePot2InEv                
0000dd6d  _ZN4Hole8moveHoleEv              
0000ddb1  TIMG7_IRQHandler                 
0000ddf1  _Z9SPI_Resetv                    
0000de31  __aeabi_uidiv                    
0000de31  __aeabi_uidivmod                 
0000deb1  _Z11SPI_OutDatac                 
0000dee9  _Z15ActivatePortA_Bv             
0000df21  _ZN4HoleC1Ev                     
0000df21  _ZN4HoleC2Ev                     
0000df59  _Z12ST7735_writeiPKcj            
0000df8d  _Z14Clock_Delay1msj              
0000dfc1  _Z16ST7735_SetCursorjj           
0000dff5  _Z8LED_Initv                     
0000e029  __TI_cleanup                     
0000e05d  __TI_readmsg                     
0000e091  __TI_writemsg                    
0000e0bd  C$$IO$$                          
0000e0c5  exit                             
0000e0f9  finddevice                       
0000e12d  freopen                          
0000e161  _Z15ST7735_Color565hhh           
0000e195  SysTick_Handler                  
0000e1f5  fopen                            
0000e225  _Z17ST7735_FillScreent           
0000e251  _ZN4Ball5resetEi                 
0000e27d  unlink                           
0000e2a9  _Z9ADC_StartP10ADC12_Regs        
0000e2f9  write                            
0000e321  _c_int00_noargs                  
0000e371  _Z9Switch_Inv                    
0000e395  _Z8Random32v                     
0000e415  ADC0_IRQHandler                  
0000e415  ADC1_IRQHandler                  
0000e415  AES_IRQHandler                   
0000e415  CANFD0_IRQHandler                
0000e415  DAC0_IRQHandler                  
0000e415  DMA_IRQHandler                   
0000e415  Default_Handler                  
0000e415  GROUP0_IRQHandler                
0000e415  GROUP1_IRQHandler                
0000e415  I2C0_IRQHandler                  
0000e415  I2C1_IRQHandler                  
0000e415  NMI_Handler                      
0000e415  PendSV_Handler                   
0000e415  RTC_IRQHandler                   
0000e415  SPI0_IRQHandler                  
0000e415  SPI1_IRQHandler                  
0000e415  SVC_Handler                      
0000e415  TIMA0_IRQHandler                 
0000e415  TIMA1_IRQHandler                 
0000e415  TIMG0_IRQHandler                 
0000e415  TIMG6_IRQHandler                 
0000e415  TIMG8_IRQHandler                 
0000e415  UART0_IRQHandler                 
0000e415  UART1_IRQHandler                 
0000e415  UART2_IRQHandler                 
0000e415  UART3_IRQHandler                 
0000e431  HardFault_Handler                
0000e44d  _Z11ST7735_openPKcji             
0000e469  _ZN8SlidePot7ConvertEj           
0000e4a1  _Z6Randomj                       
0000e4d1  _Z11ST7735_readiPcj              
0000e4e7  __TI_zero_init_nomemset          
0000e4fd  _Znwj                            
0000e511  TI_memcpy_small                  
0000e523  __TI_decompress_none             
0000e545  _Z11Clock_Delayj                 
0000e555  _Z11Switch_Initv                 
0000e565  _Z28TExaS_LaunchPadLogicPB27PB26v
0000e575  _ZN10GameObjectC2Ev              
0000e593  _Z12ST7735_lseekili              
0000e5a1  _ZN3Peg4getXEv                   
0000e5af  _ZN3Peg4getYEv                   
0000e5bd  _ZN8SlidePotC1Ejj                
0000e5bd  _ZN8SlidePotC2Ejj                
0000e5e7  TI_memset_small                  
0000e5f5  _Z13ST7735_renamePKcS0_          
0000e601  _Z22__throw_bad_alloc_shimv      
0000e60d  _ZN3Peg4getHEv                   
0000e619  _ZN3Peg4getWEv                   
0000e625  _ZN3Peg8getImageEv               
0000e631  _ZN4Ball4getXEv                  
0000e63d  _ZN4Ball4getYEv                  
0000e649  _ZN4Ball8getImageEv              
0000e655  _ZN4Hole4getXEv                  
0000e661  _ZN4Hole4getYEv                  
0000e66d  _ZN4Hole8getImageEv              
0000e679  _ZN5Level8getImageEv             
0000e685  _ZSt15get_new_handlerv           
0000e691  __aeabi_memclr                   
0000e691  __aeabi_memclr4                  
0000e691  __aeabi_memclr8                  
0000e69d  malloc                           
0000e6a9  _Z12ST7735_closei                
0000e6b3  _Z13ST7735_unlinkPKc             
0000e6bd  _Z8PLL_Initv                     
0000e6c7  _Z8DAC5_Outj                     
0000e6d1  __aeabi_memcpy                   
0000e6d1  __aeabi_memcpy4                  
0000e6d1  __aeabi_memcpy8                  
0000e6d9  remove                           
0000e6e1  Reset_Handler                    
0000e6e5  _system_pre_init                 
0000e6e9  abort_message                    
0000e6ec  C$$EXIT                          
0000e6ed  abort                            
0000e760  __TI_Handler_Table_Base          
0000e76c  __TI_Handler_Table_Limit         
0000e774  __TI_CINIT_Base                  
0000e784  __TI_CINIT_Limit                 
0000e784  __TI_CINIT_Warm                  
20200000  __start___llvm_prf_bits          
20200000  __start___llvm_prf_cnts          
20200000  __stop___llvm_prf_bits           
20200000  __stop___llvm_prf_cnts           
20200000  _ftable                          
202000f0  _device                          
20200168  _stream                          
202001b8  Sensor                           
202001cc  __TI_cleanup_ptr                 
202001d0  __TI_dtors_ptr                   
202001d4  BusFreq                          
202001d8  Index                            
202001dc  M                                
202001e0  StX                              
202001e4  StY                              
202001e8  __TI_ft_end                      
202001ec  __cxa_new_handler                
202001f0  _lock                            
202001f4  _unlock                          
202001f8  currBall                         
202001fc  movingHole                       
20200200  outTable                         
20200209  pegCount                         
20200214  _CIOBUF_                         
20200214  __CIOBUF_                        
20200334  __TI_tmpnams                     
202003d4  pegs                             
202003fc  parmbuf                          
20200404  TExaSLogic                       
20200408  TExaSadc                         
2020040c  data                             
20200410  input                            
20200418  StTextColor                      
2020041d  indexAngle                       
20200420  _sys_memory                      
20207e00  __stack                          
20208000  __STACK_END                      
ffffffff  __TI_pprof_out_hndl              
ffffffff  __TI_prof_data_size              
ffffffff  __TI_prof_data_start             
ffffffff  __binit__                        
ffffffff  binit                            
UNDEFED   __mpu_init                       
UNDEFED   _system_post_cinit               

[225 symbols]
