******************************************************************************
            TI ARM Clang Linker PC v4.0.1                      
******************************************************************************
>> Linked Tue Apr 22 19:54:18 2025

OUTPUT FILE NAME:   <ECE319K_Lab9H.out>
ENTRY POINT SYMBOL: "_c_int00_noargs"  address: 0001cd0d


MEMORY CONFIGURATION

         name            origin    length      used     unused   attr    fill
----------------------  --------  ---------  --------  --------  ----  --------
  FLASH                 00000000   00020000  0001d3c8  00002c38  R  X
  SRAM                  20200000   00008000  00000bde  00007422  RW X
  BCR_CONFIG            41c00000   00000080  00000000  00000080  R   
  BSL_CONFIG            41c00100   00000080  00000000  00000080  R   


SEGMENT ALLOCATION MAP

run origin  load origin   length   init length attrs members
----------  ----------- ---------- ----------- ----- -------
00000000    00000000    0001d3c8   0001d3c8    r-x
  00000000    00000000    000000c0   000000c0    r-- .intvecs
  000000c0    000000c0    000184b0   000184b0    r-- .rodata
  00018570    00018570    00004db0   00004db0    r-x .text
  0001d320    0001d320    00000008   00000008    r-- .init_array
  0001d328    0001d328    000000a0   000000a0    r-- .cinit
20200000    20200000    000009e1   00000000    rw-
  20200000    20200000    000005ed   00000000    rw- .data
  202005f0    202005f0    00000200   00000000    rw- .sysmem
  202007f0    202007f0    000001f1   00000000    rw- .bss
20207e00    20207e00    00000200   00000000    rw-
  20207e00    20207e00    00000200   00000000    rw- .stack


SECTION ALLOCATION MAP

 output                                  attributes/
section   page    origin      length       input sections
--------  ----  ----------  ----------   ----------------
.intvecs   0    00000000    000000c0     
                  00000000    000000c0     startup_mspm0g3507_ticlang.o (.intvecs)

.binit     0    00000000    00000000     

.text      0    00018570    00004db0     
                  00018570    00000934     Lab9HMain.o (.text.main)
                  00018ea4    0000036c     Lab9HMain.o (.text._Z8InitGamev)
                  00019210    000002bc     Lab9HMain.o (.text.TIMG12_IRQHandler)
                  000194cc    00000210     ST7735.o (.text._Z17ST7735_DrawBitmapssPKtss)
                  000196dc    000001e8     Ball.o (.text._ZN4Ball6bounceEtt)
                  000198c4    000001d0     Lab9HMain.o (.text._Z12DrawMainMenuv)
                  00019a94    000001b4     Clock.o (.text._Z15Clock_Init80MHzi)
                  00019c48    000001a8     ST7735.o (.text._Z15ST7735_DrawCharsscssh)
                  00019df0    000001a4     ST7735.o (.text._Z16ST7735_DrawCharSsscssh)
                  00019f94    00000190     Lab9HMain.o (.text._Z25mergeSpriteWithBackgroundPtPKtttS1_tttt)
                  0001a124    00000168     Lab9HMain.o (.text._Z16DrawYouWonScreenv)
                  0001a28c    00000154     libc.a : fopen.c.obj (.text._openfile)
                  0001a3e0    00000134     Lab9HMain.o (.text._Z19DrawLevelTransitionv)
                  0001a514    00000128     TExaS.o (.text._Z8ADC_InitP10ADC12_Regsjj)
                  0001a63c    00000118     ST7735.o (.text._Z15ST7735_FillRectsssst)
                  0001a754    00000118     Lab9HMain.o (.text._Z16DrawInstructionsv)
                  0001a86c    00000114     libc.a : memory.c.obj (.text.aligned_alloc)
                  0001a980    000000f8     ST7735.o (.text._Z25ST7735_OutCharTransparentc)
                  0001aa78    000000f8     SPI.o (.text._Z8SPI_Initv)
                  0001ab70    000000ec     libsysbm.a : add_device.c.obj (.text.add_device)
                  0001ac5c    000000e8     ST7735.o (.text._Z14ST7735_OutCharc)
                  0001ad44    000000e8     TExaS.o (.text._Z9UART_Initv)
                  0001ae2c    000000e8     libc.a : memory.c.obj (.text.free)
                  0001af14    000000e0     Lab9HMain.o (.text._Z12DrawGameOverv)
                  0001aff4    000000e0     libc.a : setvbuf.c.obj (.text.setvbuf)
                  0001b0d4    000000cc     Ball.o (.text._ZN4Ball8moveBallEv)
                  0001b1a0    000000b0     ST7735.o (.text._Z20ST7735_DrawFastHLinessst)
                  0001b250    000000b0     ST7735.o (.text._Z20ST7735_DrawFastVLinessst)
                  0001b300    000000a8     Timer.o (.text._Z14TimerG7_IntArmtjj)
                  0001b3a8    000000a2     ST7735.o (.text._ZL11commandListPKh)
                  0001b44a    00000002     libclang_rt.builtins.a : aeabi_div0.c.obj (.text.__aeabi_idiv0)
                  0001b44c    000000a0     ST7735.o (.text._Z12ST7735_InitR10initRFlags)
                  0001b4ec    000000a0     ST7735.o (.text._Z17ST7735_InitPrintf10initRFlags)
                  0001b58c    000000a0     libsysbm.a : open.c.obj (.text.open)
                  0001b62c    0000009c     ST7735.o (.text._Z14ST7735_OutUDecj)
                  0001b6c8    00000094     Timer.o (.text._Z15TimerG12_IntArmjj)
                  0001b75c    00000088     ST7735.o (.text._ZL13setAddrWindowhhhh)
                  0001b7e4    0000000c     Clock.o (.text._Z10Clock_Freqv)
                  0001b7f0    00000088     libc.a : strcmp-armv6m.S.obj (.text:strcmp)
                  0001b878    00000084     ST7735.o (.text._Z17ST7735_DrawStringttPcs)
                  0001b8fc    00000084     ST7735.o (.text._Z28ST7735_DrawStringTransparentttPcs)
                  0001b980    0000007e     Ball.o (.text._ZN4Ball5isqrtEi)
                  0001b9fe    00000002     libc.a : _lock.c.obj (.text._nop)
                  0001ba00    0000007c     LaunchPad.o (.text._Z14LaunchPad_Initv)
                  0001ba7c    0000007c     SlidePot.o (.text._ZN8SlidePot4InitEv)
                  0001baf8    0000007c     libc.a : fclose.c.obj (.text.__TI_closefile)
                  0001bb74    0000007c            : copy_decompress_lzss.c.obj (.text:decompress:lzss)
                  0001bbf0    00000078     Lab9HMain.o (.text._Z9DrawTitlev)
                  0001bc68    00000070     ST7735.o (.text._Z16ST7735_DrawPixelsst)
                  0001bcd8    0000006c     libsysbm.a : hostlseek.c.obj (.text.HOSTlseek)
                  0001bd44    0000006c                : hostrename.c.obj (.text.HOSTrename)
                  0001bdb0    0000006c     Ball.o (.text._ZN4Ball18checkHoleCollisionEtt)
                  0001be1c    0000006c     libc.a : getdevice.c.obj (.text.getdevice)
                  0001be88    00000064     Peg.o (.text._ZN3Peg4initEiiah)
                  0001beec    00000064     libc.a : memory.c.obj (.text.split)
                  0001bf50    00000060     libsysbm.a : hostopen.c.obj (.text.HOSTopen)
                  0001bfb0    00000060     Sound.o (.text.SysTick_Handler)
                  0001c010    00000060     Timer.o (.text._Z13TimerG12_Initv)
                  0001c070    00000060     Ball.o (.text._ZN4Ball14checkCollisionEtt)
                  0001c0d0    00000058     libsysbm.a : hostread.c.obj (.text.HOSTread)
                  0001c128    00000058                : hostwrite.c.obj (.text.HOSTwrite)
                  0001c180    00000058     TExaS.o (.text._Z10TExaS_InitP10ADC12_RegsjPFhvE)
                  0001c1d8    00000056     libclang_rt.builtins.a : aeabi_idivmod.S.obj (.text.__aeabi_idivmod)
                  0001c22e    00000002     --HOLE-- [fill = 0]
                  0001c230    00000054     ST7735.o (.text._Z11fillmessagej)
                  0001c284    00000054     Peg.o (.text._ZN3Peg8getImageEv)
                  0001c2d8    00000054     Ball.o (.text._ZN4BallC2Eh)
                  0001c32c    00000054     Level.o (.text._ZN5LevelC2Eh)
                  0001c380    00000054     libc.a : autoinit.c.obj (.text:__TI_auto_init_nobinit)
                  0001c3d4    00000052            : fflush.c.obj (.text.__TI_doflush)
                  0001c426    00000002     --HOLE-- [fill = 0]
                  0001c428    00000050     Sound.o (.text._Z11Sound_StartPKhj)
                  0001c478    00000050     libsysbm.a : close.c.obj (.text.close)
                  0001c4c8    0000004c     Sound.o (.text._Z10Sound_Initv)
                  0001c514    00000048     libsysbm.a : hostclose.c.obj (.text.HOSTclose)
                  0001c55c    00000048                : hostunlink.c.obj (.text.HOSTunlink)
                  0001c5a4    00000048     SPI.o (.text._Z14SPI_OutCommandc)
                  0001c5ec    00000048     SlidePot.o (.text._ZN8SlidePot2InEv)
                  0001c634    00000040     TExaS.o (.text.TIMG7_IRQHandler)
                  0001c674    00000040     SPI.o (.text._Z9SPI_Resetv)
                  0001c6b4    00000040     libclang_rt.builtins.a : aeabi_uidivmod.S.obj (.text.__aeabi_uidivmod)
                  0001c6f4    00000040     libc.a : fopen.c.obj (.text._search_fp)
                  0001c734    0000003c     DAC5.o (.text._Z9DAC5_Initv)
                  0001c770    0000003c     Peg.o (.text._ZN3Peg11isDestroyedEv)
                  0001c7ac    00000038     SPI.o (.text._Z11SPI_OutDatac)
                  0001c7e4    00000038     LaunchPad.o (.text._Z15ActivatePortA_Bv)
                  0001c81c    00000038     Hole.o (.text._ZN4HoleC2Ev)
                  0001c854    00000036     Hole.o (.text._ZN4Hole8moveHoleEv)
                  0001c88a    00000034     ST7735.o (.text._Z12ST7735_writeiPKcj)
                  0001c8be    00000002     --HOLE-- [fill = 0]
                  0001c8c0    00000034     Clock.o (.text._Z14Clock_Delay1msj)
                  0001c8f4    00000034     ST7735.o (.text._Z16ST7735_SetCursorjj)
                  0001c928    00000034     LED.o (.text._Z8LED_Initv)
                  0001c95c    00000034     libc.a : fopen.c.obj (.text.__TI_cleanup)
                  0001c990    00000034     libsysbm.a : trgmsg.c.obj (.text.__TI_readmsg)
                  0001c9c4    00000034                : trgmsg.c.obj (.text.__TI_writemsg)
                  0001c9f8    00000034     libc.a : exit.c.obj (.text.exit)
                  0001ca2c    00000034            : getdevice.c.obj (.text.finddevice)
                  0001ca60    00000034            : fopen.c.obj (.text.freopen)
                  0001ca94    00000032     ST7735.o (.text._Z15ST7735_Color565hhh)
                  0001cac6    00000002     --HOLE-- [fill = 0]
                  0001cac8    00000030     ST7735.o (.text._ZL10commonInitPKh)
                  0001caf8    00000030     Ball.o (.text._ZN4Ball5resetEh)
                  0001cb28    00000030     GameState.o (.text._ZN9GameState7useBallEv)
                  0001cb58    00000030     Lab9HMain.o (.text.__cxx_global_var_init.3)
                  0001cb88    00000030     libc.a : fopen.c.obj (.text.fopen)
                  0001cbb8    0000002e     Peg.o (.text._ZN3PegC2Ev)
                  0001cbe6    00000002     --HOLE-- [fill = 0]
                  0001cbe8    0000002c     ST7735.o (.text._Z17ST7735_FillScreent)
                  0001cc14    0000002c     GameState.o (.text._ZN9GameState17setBallsRemainingEh)
                  0001cc40    0000002c     libsysbm.a : unlink.c.obj (.text.unlink)
                  0001cc6c    00000028     Switch.o (.text._Z11Switch_Initv)
                  0001cc94    00000028     TExaS.o (.text._Z9ADC_StartP10ADC12_Regs)
                  0001ccbc    00000028     libc.a : memory.c.obj (.text.free_list_insert)
                  0001cce4    00000028     libsysbm.a : write.c.obj (.text.write)
                  0001cd0c    00000028     libc.a : boot_cortex_m.c.obj (.text:_c_int00_noargs)
                  0001cd34    00000026     ST7735.o (.text._Z16ST7735_OutStringPc)
                  0001cd5a    00000026     ST7735.o (.text._Z27ST7735_OutStringTransparentPc)
                  0001cd80    00000026     libc++abi.a : stdlib_new_delete.cpp.obj (.text._ZL17operator_new_implj)
                  0001cda6    00000002     --HOLE-- [fill = 0]
                  0001cda8    00000024     Switch.o (.text._Z9Switch_Inv)
                  0001cdcc    00000024     Ball.o (.text._ZN4Ball6isLostEv)
                  0001cdf0    00000020     Lab9HMain.o (.text._Z8Random32v)
                  0001ce10    00000020     Lab9HMain.o (.text.__cxx_global_var_init.1)
                  0001ce30    00000020     Lab9HMain.o (.text.__cxx_global_var_init.2)
                  0001ce50    0000001e     ST7735.o (.text._ZL9pushColort)
                  0001ce6e    0000001e     GameState.o (.text._ZN9GameState7addBallEv)
                  0001ce8c    0000001c     startup_mspm0g3507_ticlang.o (.text.Default_Handler)
                  0001cea8    0000001c     startup_mspm0g3507_ticlang.o (.text.HardFault_Handler)
                  0001cec4    0000001c     ST7735.o (.text._Z11ST7735_openPKcji)
                  0001cee0    0000001c     DAC5.o (.text._Z8DAC5_Outj)
                  0001cefc    0000001c     SlidePot.o (.text._ZN8SlidePot7ConvertEj)
                  0001cf18    0000001c     libc.a : memory.c.obj (.text.free_list_remove)
                  0001cf34    00000018     Lab9HMain.o (.text._GLOBAL__sub_I_Lab9HMain.cpp)
                  0001cf4c    00000018     Lab9HMain.o (.text._Z6Randomj)
                  0001cf64    00000018     Lab9HMain.o (.text.__cxx_global_var_init)
                  0001cf7c    00000016     ST7735.o (.text._Z11ST7735_readiPcj)
                  0001cf92    00000016     Ball.o (.text._ZN4Ball9setActiveEb)
                  0001cfa8    00000016     libc.a : copy_zero_init.c.obj (.text:decompress:ZI:__TI_zero_init_nomemset)
                  0001cfbe    00000002     --HOLE-- [fill = 0]
                  0001cfc0    00000014     Lab9HMain.o (.text._Z10SeedRandomj)
                  0001cfd4    00000014     Sound.o (.text._Z11Sound_Shootv)
                  0001cfe8    00000014     Sound.o (.text._Z12Sound_Killedv)
                  0001cffc    00000014     Sound.o (.text._Z15Sound_Explosionv)
                  0001d010    00000014     Sound.o (.text._Z18Sound_Fastinvader1v)
                  0001d024    00000014     Sound.o (.text._Z18Sound_Fastinvader2v)
                  0001d038    00000014     ST7735.o (.text._Z19ST7735_SetTextColort)
                  0001d04c    00000014     Peg.o (.text._ZN3Peg9updatePegEv)
                  0001d060    00000014     Ball.o (.text._ZN4Ball3aimEj)
                  0001d074    00000014     GameState.o (.text._ZN9GameState9addPointsEj)
                  0001d088    00000014     GameState.o (.text._ZN9GameState9resetGameEv)
                  0001d09c    00000014     GameState.o (.text._ZN9GameStateC2Ev)
                  0001d0b0    00000014     libc++abi.a : stdlib_new_delete.cpp.obj (.text._Znwj)
                  0001d0c4    00000012     GameState.o (.text._ZN9GameState15setCurrentLevelEh)
                  0001d0d6    00000012     libc.a : memcpy16.S.obj (.text:TI_memcpy_small)
                  0001d0e8    00000012            : copy_decompress_none.c.obj (.text:decompress:none)
                  0001d0fa    00000010     Clock.o (.text._Z11Clock_Delayj)
                  0001d10a    00000002     --HOLE-- [fill = 0]
                  0001d10c    00000010     Lab9HMain.o (.text._Z28TExaS_LaunchPadLogicPB27PB26v)
                  0001d11c    00000010     Ball.o (.text._ZN10GameObjectC2Ev)
                  0001d12c    00000010     Peg.o (.text._ZN3Peg11getHitStateEv)
                  0001d13c    00000010     Ball.o (.text._ZN4Ball9getActiveEv)
                  0001d14c    00000010     GameState.o (.text._ZNK9GameState10isGameOverEv)
                  0001d15c    00000010     Lab9HMain.o (.text.__cxx_global_var_init.4)
                  0001d16c    0000000e     libc.a : memory.c.obj (.text.OUTLINED_FUNCTION_0)
                  0001d17a    0000000e     ST7735.o (.text._Z12ST7735_lseekili)
                  0001d188    0000000e     Ball.o (.text._ZN4Ball4getHEv)
                  0001d196    0000000e     Ball.o (.text._ZN4Ball4getWEv)
                  0001d1a4    0000000e     SlidePot.o (.text._ZN8SlidePotC2Ejj)
                  0001d1b2    0000000e     libsysbm.a : hostrename.c.obj (.text.strcpy)
                  0001d1c0    0000000e                : hostrename.c.obj (.text.strlen)
                  0001d1ce    0000000e     libc.a : memset16.S.obj (.text:TI_memset_small)
                  0001d1dc    0000000c     ST7735.o (.text._Z13ST7735_renamePKcS0_)
                  0001d1e8    0000000c     libc++abi.a : stdlib_new_delete.cpp.obj (.text._Z22__throw_bad_alloc_shimv)
                  0001d1f4    0000000c     Peg.o (.text._ZN3Peg4getHEv)
                  0001d200    0000000c     Peg.o (.text._ZN3Peg4getWEv)
                  0001d20c    0000000c     Peg.o (.text._ZN3Peg4getXEv)
                  0001d218    0000000c     Peg.o (.text._ZN3Peg4getYEv)
                  0001d224    0000000c     Peg.o (.text._ZN3Peg8getColorEv)
                  0001d230    0000000c     Ball.o (.text._ZN4Ball4getXEv)
                  0001d23c    0000000c     Ball.o (.text._ZN4Ball4getYEv)
                  0001d248    0000000c     Ball.o (.text._ZN4Ball8getImageEv)
                  0001d254    0000000c     Hole.o (.text._ZN4Hole4getXEv)
                  0001d260    0000000c     Hole.o (.text._ZN4Hole4getYEv)
                  0001d26c    0000000c     Hole.o (.text._ZN4Hole8getImageEv)
                  0001d278    0000000c     Level.o (.text._ZN5Level8getImageEv)
                  0001d284    0000000c     GameState.o (.text._ZNK9GameState17getBallsRemainingEv)
                  0001d290    0000000c     GameState.o (.text._ZNK9GameState8getScoreEv)
                  0001d29c    0000000c     libc++abi.a : cxa_handlers.cpp.obj (.text._ZSt15get_new_handlerv)
                  0001d2a8    0000000c     libclang_rt.builtins.a : aeabi_memset.S.obj (.text.__aeabi_memclr)
                  0001d2b4    0000000c     libc.a : memory.c.obj (.text.malloc)
                  0001d2c0    0000000a     ST7735.o (.text._Z12ST7735_closei)
                  0001d2ca    0000000a     ST7735.o (.text._Z13ST7735_unlinkPKc)
                  0001d2d4    0000000a     Lab9HMain.o (.text._Z8PLL_Initv)
                  0001d2de    00000008     libc++abi.a : stdlib_new_delete.cpp.obj (.text._ZdaPv)
                  0001d2e6    00000008                 : stdlib_new_delete.cpp.obj (.text._ZdlPv)
                  0001d2ee    00000008                 : stdlib_new_delete.cpp.obj (.text._Znaj)
                  0001d2f6    00000002     --HOLE-- [fill = 0]
                  0001d2f8    00000008     libclang_rt.builtins.a : aeabi_memcpy.S.obj (.text.__aeabi_memcpy)
                  0001d300    00000008     libsysbm.a : remove.c.obj (.text.remove)
                  0001d308    00000004     startup_mspm0g3507_ticlang.o (.text.Reset_Handler)
                  0001d30c    00000004     libc.a : pre_init.c.obj (.text._system_pre_init)
                  0001d310    00000004     libc++abi.a : abort_message.cpp.obj (.text.abort_message)
                  0001d314    00000004     libc.a : exit.c.obj (.text:abort)
                  0001d318    00000008     --HOLE-- [fill = 0]

.cinit     0    0001d328    000000a0     
                  0001d328    00000078     (.cinit..data.load) [load image, compression = lzss]
                  0001d3a0    0000000c     (__TI_handler_table)
                  0001d3ac    00000008     (.cinit..bss.load) [load image, compression = zero_init]
                  0001d3b4    00000010     (__TI_cinit_table)
                  0001d3c4    00000004     --HOLE-- [fill = 0]

.rodata    0    000000c0    000184b0     
                  000000c0    0000a000     Level.o (.rodata._ZL6level1)
                  0000a0c0    0000a000     Level.o (.rodata._ZL6level2)
                  000140c0    00000ff0     Sound.o (.rodata._ZL5shoot)
                  000150b0    00000d31     Sound.o (.rodata._ZL13invaderkilled)
                  00015de1    00000002     ST7735.o (.rodata.str1.59249497501465847671)
                  00015de3    00000001     --HOLE-- [fill = 0]
                  00015de4    00000800     Ball.o (.rodata._ZL10angleTable)
                  000165e4    000007d0     Sound.o (.rodata._ZL9explosion)
                  00016db4    000005a0     Hole.o (.rodata._ZL6bucket)
                  00017354    000004fb     ST7735.o (.rodata._ZL4Font)
                  0001784f    00000412     Sound.o (.rodata._ZL12fastinvader2)
                  00017c61    000003d6     Sound.o (.rodata._ZL12fastinvader1)
                  00018037    00000001     --HOLE-- [fill = 0]
                  00018038    00000080     Peg.o (.rodata._ZL10bluepeghit)
                  000180b8    00000080     Peg.o (.rodata._ZL12orangepeghit)
                  00018138    00000080     Lab9HMain.o (.rodata._ZL16BlackCoverSprite)
                  000181b8    00000080     Ball.o (.rodata._ZL4ball)
                  00018238    00000080     Peg.o (.rodata._ZL7bluepeg)
                  000182b8    00000080     Peg.o (.rodata._ZL9orangepeg)
                  00018338    0000003b     ST7735.o (.rodata._ZL5Rcmd1)
                  00018373    0000002d     libc++abi.a : stdlib_new_delete.cpp.obj (.rodata.str1.177346920702326194221)
                  000183a0    0000002b     ST7735.o (.rodata._ZL5Rcmd3)
                  000183cb    00000016     ST7735.o (.rodata.str1.120157123834947517821)
                  000183e1    00000014     Lab9HMain.o (.rodata.str1.1045638472106105921)
                  000183f5    00000014     Lab9HMain.o (.rodata.str1.150236657587030721481)
                  00018409    00000014     Lab9HMain.o (.rodata.str1.15360766164854299121)
                  0001841d    00000014     Lab9HMain.o (.rodata.str1.64434510243936695551)
                  00018431    00000012     Lab9HMain.o (.rodata.str1.77946550721901366211)
                  00018443    00000012     Lab9HMain.o (.rodata.str1.89800876338655967931)
                  00018455    00000011     Lab9HMain.o (.rodata.str1.92738753765294272191)
                  00018466    00000010     Lab9HMain.o (.rodata.str1.11344128452655267101)
                  00018476    00000010     Lab9HMain.o (.rodata.str1.142763588511342823311)
                  00018486    0000000f     Lab9HMain.o (.rodata.str1.94539348878818337631)
                  00018495    0000000e     Lab9HMain.o (.rodata.str1.23765623467681484731)
                  000184a3    0000000e     Lab9HMain.o (.rodata.str1.8734979013979085121)
                  000184b1    0000000d     ST7735.o (.rodata._ZL10Rcmd2green)
                  000184be    0000000d     ST7735.o (.rodata._ZL8Rcmd2red)
                  000184cb    0000000d     Lab9HMain.o (.rodata.str1.109436695696880395661)
                  000184d8    0000000d     Lab9HMain.o (.rodata.str1.43928348135455860411)
                  000184e5    0000000c     Lab9HMain.o (.rodata.str1.150864919958333191721)
                  000184f1    0000000c     Lab9HMain.o (.rodata.str1.160588362872062865081)
                  000184fd    0000000c     Lab9HMain.o (.rodata.str1.36435047076059183751)
                  00018509    0000000b     Lab9HMain.o (.rodata.str1.74067424030976851731)
                  00018514    0000000a     Lab9HMain.o (.rodata.str1.102680895847577752451)
                  0001851e    0000000a     Lab9HMain.o (.rodata.str1.148045851500927898161)
                  00018528    00000009     Lab9HMain.o (.rodata.str1.135587178987165645761)
                  00018531    00000008     Lab9HMain.o (.rodata.str1.135363822859471765721)
                  00018539    00000008     Lab9HMain.o (.rodata.str1.136243777921425235241)
                  00018541    00000008     ST7735.o (.rodata.str1.39562344344181558271)
                  00018549    00000008     Lab9HMain.o (.rodata.str1.74972908382394591551)
                  00018551    00000007     ST7735.o (.rodata.str1.121322603453744172521)
                  00018558    00000007     Lab9HMain.o (.rodata.str1.144606553268132684431)
                  0001855f    00000007     ST7735.o (.rodata.str1.175409668377903254331)
                  00018566    00000007     Lab9HMain.o (.rodata.str1.5541580624040671811)
                  0001856d    00000003     --HOLE-- [fill = 0]

.init_array 
*          0    0001d320    00000008     
                  0001d320    00000004     Lab9HMain.o (.init_array)
                  0001d324    00000004     --HOLE-- [fill = 0]

.data      0    20200000    000005ed     UNINITIALIZED
                  20200000    000003c0     Lab9HMain.o (.data.pegs)
                  202003c0    000000f0     libc.a : defs.c.obj (.data._ftable)
                  202004b0    00000078     libsysbm.a : host_device.c.obj (.data._device)
                  20200528    00000050                : host_device.c.obj (.data._stream)
                  20200578    00000014     Lab9HMain.o (.data.Sensor)
                  2020058c    0000000c     Lab9HMain.o (.data.gameState)
                  20200598    00000008     libc.a : exit.c.obj (.data..L_MergedGlobals)
                  202005a0    00000004     Clock.o (.data.BusFreq)
                  202005a4    00000004     Lab9HMain.o (.data.M)
                  202005a8    00000004     ST7735.o (.data.StX)
                  202005ac    00000004     ST7735.o (.data.StY)
                  202005b0    00000004     libc.a : defs.c.obj (.data.__TI_ft_end)
                  202005b4    00000004     libc++abi.a : cxa_default_handlers.cpp.obj (.data.__cxa_new_handler)
                  202005b8    00000004     libc.a : _lock.c.obj (.data._lock)
                  202005bc    00000004            : _lock.c.obj (.data._unlock)
                  202005c0    00000004     Lab9HMain.o (.data.currBall)
                  202005c4    00000004     Lab9HMain.o (.data.currentLevel)
                  202005c8    00000004     Lab9HMain.o (.data.movingHole)
                  202005cc    00000004     Sound.o (.data.soundIndex)
                  202005d0    00000004     Sound.o (.data.soundLen)
                  202005d4    00000004     Sound.o (.data.soundPtr)
                  202005d8    00000002     ST7735.o (.data._ZL6_width)
                  202005da    00000002     ST7735.o (.data._ZL7_height)
                  202005dc    00000002     Lab9HMain.o (.data._ZZ4mainE9prevBallX)
                  202005de    00000002     Lab9HMain.o (.data._ZZ4mainE9prevBallY)
                  202005e0    00000001     libsysbm.a : add_device.c.obj (.data.add_device.device_init)
                  202005e1    00000001     Sound.o (.data.isPlaying)
                  202005e2    00000001     Lab9HMain.o (.data.levelSelect)
                  202005e3    00000001     Lab9HMain.o (.data.maxPegs)
                  202005e4    00000001     Lab9HMain.o (.data.maxSeperation)
                  202005e5    00000001     Lab9HMain.o (.data.menuState)
                  202005e6    00000001     Lab9HMain.o (.data.orangeCount)
                  202005e7    00000001     Lab9HMain.o (.data.pegCount)
                  202005e8    00000001     libc.a : memory.c.obj (.data.memory_is_initialized)
                  202005e9    00000001     Lab9HMain.o (.data.randomColor)
                  202005ea    00000001     Lab9HMain.o (.data.selectedOption)
                  202005eb    00000001     Lab9HMain.o (.data.transitionedToGameOver)
                  202005ec    00000001     libsysbm.a : open.c.obj (.data.open.stream_init)

.sysmem    0    202005f0    00000200     UNINITIALIZED
                  202005f0    00000010     libc.a : memory.c.obj (.sysmem)
                  20200600    000001f0     --HOLE--

.bss       0    202007f0    000001f1     UNINITIALIZED
                  202007f0    00000120     libsysbm.a : trgmsg.c.obj (.bss:_CIOBUF_)
                  20200910    000000a0     libc.a : defs.c.obj (.bss.__TI_tmpnams)
                  202009b0    0000000c     ST7735.o (.bss.Message)
                  202009bc    00000008     libsysbm.a : hostopen.c.obj (.bss.parmbuf)
                  202009c4    00000004     ST7735.o (.bss.Messageindex)
                  202009c8    00000004     TExaS.o (.bss.TExaSLogic)
                  202009cc    00000004     TExaS.o (.bss.TExaSadc)
                  202009d0    00000004     Lab9HMain.o (.bss.data)
                  202009d4    00000004     Lab9HMain.o (.bss.input)
                  202009d8    00000004     libc.a : memory.c.obj (.bss.sys_free)
                  202009dc    00000002     ST7735.o (.bss.StTextColor)
                  202009de    00000001     ST7735.o (.bss._ZL8ColStart)
                  202009df    00000001     ST7735.o (.bss._ZL8RowStart)
                  202009e0    00000001     ST7735.o (.bss._ZL8TabColor)

.stack     0    20207e00    00000200     UNINITIALIZED
                  20207e00    00000004     libc.a : boot_cortex_m.c.obj (.stack)
                  20207e04    000001fc     --HOLE--

__llvm_prf_cnts 
*          0    20200000    00000000     UNINITIALIZED

__llvm_prf_bits 
*          0    20200000    00000000     UNINITIALIZED

MODULE SUMMARY

       Module                         code    ro data   rw data
       ------                         ----    -------   -------
    .\
       Level.o                        96      81920     0      
       Sound.o                        352     11481     13     
       Lab9HMain.o                    6366    480       1029   
       ST7735.o                       4186    1449      33     
       Ball.o                         1328    2176      0      
       Hole.o                         146     1440      0      
       Peg.o                          386     512       0      
       TExaS.o                        720     0         8      
       Clock.o                        516     0         4      
       SPI.o                          440     0         0      
       Timer.o                        412     0         0      
       GameState.o                    240     0         0      
       SlidePot.o                     238     0         0      
       LaunchPad.o                    180     0         0      
       DAC5.o                         88      0         0      
       Switch.o                       76      0         0      
       LED.o                          52      0         0      
    +--+------------------------------+-------+---------+---------+
       Total:                         15822   99458     1087   
                                                               
    .\ticlang\
       startup_mspm0g3507_ticlang.o   60      192       0      
    +--+------------------------------+-------+---------+---------+
       Total:                         60      192       0      
                                                               
    C:\ti\ccs2000\ccs\tools\compiler\ti-cgt-armllvm_4.0.1.LTS\lib\armv6m-ti-none-eabi/c/libc.a
       memory.c.obj                   702     0         5      
       fopen.c.obj                    556     0         0      
       defs.c.obj                     0       0         404    
       setvbuf.c.obj                  224     0         0      
       getdevice.c.obj                160     0         0      
       strcmp-armv6m.S.obj            136     0         0      
       copy_decompress_lzss.c.obj     124     0         0      
       fclose.c.obj                   124     0         0      
       autoinit.c.obj                 84      0         0      
       fflush.c.obj                   82      0         0      
       exit.c.obj                     56      0         8      
       boot_cortex_m.c.obj            40      0         0      
       copy_zero_init.c.obj           22      0         0      
       copy_decompress_none.c.obj     18      0         0      
       memcpy16.S.obj                 18      0         0      
       memset16.S.obj                 14      0         0      
       _lock.c.obj                    2       0         8      
       pre_init.c.obj                 4       0         0      
    +--+------------------------------+-------+---------+---------+
       Total:                         2366    0         425    
                                                               
    C:\ti\ccs2000\ccs\tools\compiler\ti-cgt-armllvm_4.0.1.LTS\lib\armv6m-ti-none-eabi/c/libsysbm.a
       trgmsg.c.obj                   104     0         288    
       add_device.c.obj               236     0         1      
       host_device.c.obj              0       0         200    
       open.c.obj                     160     0         1      
       hostrename.c.obj               136     0         0      
       hostlseek.c.obj                108     0         0      
       hostopen.c.obj                 96      0         8      
       hostread.c.obj                 88      0         0      
       hostwrite.c.obj                88      0         0      
       close.c.obj                    80      0         0      
       hostclose.c.obj                72      0         0      
       hostunlink.c.obj               72      0         0      
       unlink.c.obj                   44      0         0      
       write.c.obj                    40      0         0      
       remove.c.obj                   8       0         0      
    +--+------------------------------+-------+---------+---------+
       Total:                         1332    0         498    
                                                               
    C:\ti\ccs2000\ccs\tools\compiler\ti-cgt-armllvm_4.0.1.LTS\lib\armv6m-ti-none-eabi/libc++abi.a
       stdlib_new_delete.cpp.obj      94      45        0      
       cxa_handlers.cpp.obj           12      0         0      
       abort_message.cpp.obj          4       0         0      
       cxa_default_handlers.cpp.obj   0       0         4      
    +--+------------------------------+-------+---------+---------+
       Total:                         110     45        4      
                                                               
    C:\ti\ccs2000\ccs\tools\compiler\ti-cgt-armllvm_4.0.1.LTS\lib\armv6m-ti-none-eabi/libclang_rt.builtins.a
       aeabi_idivmod.S.obj            86      0         0      
       aeabi_uidivmod.S.obj           64      0         0      
       aeabi_memset.S.obj             12      0         0      
       aeabi_memcpy.S.obj             8       0         0      
       aeabi_div0.c.obj               2       0         0      
    +--+------------------------------+-------+---------+---------+
       Total:                         172     0         0      
                                                               
       Heap:                          0       0         512    
       Stack:                         0       0         512    
       Linker Generated:              0       156       0      
    +--+------------------------------+-------+---------+---------+
       Grand Total:                   19862   99851     3038   


LINKER GENERATED COPY TABLES

__TI_cinit_table @ 0001d3b4 records: 2, size/record: 8, table size: 16
	.data: load addr=0001d328, load size=00000078 bytes, run addr=20200000, run size=000005ed bytes, compression=lzss
	.bss: load addr=0001d3ac, load size=00000008 bytes, run addr=202007f0, run size=000001f1 bytes, compression=zero_init


LINKER GENERATED HANDLER TABLE

__TI_handler_table @ 0001d3a0 records: 3, size/record: 4, table size: 12
	index: 0, handler: __TI_decompress_lzss
	index: 1, handler: __TI_decompress_none
	index: 2, handler: __TI_zero_init


GLOBAL SYMBOLS: SORTED ALPHABETICALLY BY Name 

address   name                                       
-------   ----                                       
0001ce8d  ADC0_IRQHandler                            
0001ce8d  ADC1_IRQHandler                            
0001ce8d  AES_IRQHandler                             
202005a0  BusFreq                                    
0001d314  C$$EXIT                                    
0001c9f1  C$$IO$$                                    
0001ce8d  CANFD0_IRQHandler                          
0001ce8d  DAC0_IRQHandler                            
0001ce8d  DMA_IRQHandler                             
0001ce8d  Default_Handler                            
0001ce8d  GROUP0_IRQHandler                          
0001ce8d  GROUP1_IRQHandler                          
0001c515  HOSTclose                                  
0001bcd9  HOSTlseek                                  
0001bf51  HOSTopen                                   
0001c0d1  HOSTread                                   
0001bd45  HOSTrename                                 
0001c55d  HOSTunlink                                 
0001c129  HOSTwrite                                  
0001cea9  HardFault_Handler                          
0001ce8d  I2C0_IRQHandler                            
0001ce8d  I2C1_IRQHandler                            
202005a4  M                                          
202009b0  Message                                    
202009c4  Messageindex                               
0001ce8d  NMI_Handler                                
0001ce8d  PendSV_Handler                             
0001ce8d  RTC_IRQHandler                             
0001d309  Reset_Handler                              
0001d320  SHT$$INIT_ARRAY$$Base                      
0001d324  SHT$$INIT_ARRAY$$Limit                     
0001ce8d  SPI0_IRQHandler                            
0001ce8d  SPI1_IRQHandler                            
0001ce8d  SVC_Handler                                
20200578  Sensor                                     
202009dc  StTextColor                                
202005a8  StX                                        
202005ac  StY                                        
0001bfb1  SysTick_Handler                            
202009c8  TExaSLogic                                 
202009cc  TExaSadc                                   
0001ce8d  TIMA0_IRQHandler                           
0001ce8d  TIMA1_IRQHandler                           
0001ce8d  TIMG0_IRQHandler                           
00019211  TIMG12_IRQHandler                          
0001ce8d  TIMG6_IRQHandler                           
0001c635  TIMG7_IRQHandler                           
0001ce8d  TIMG8_IRQHandler                           
0001d0d7  TI_memcpy_small                            
0001d1cf  TI_memset_small                            
0001ce8d  UART0_IRQHandler                           
0001ce8d  UART1_IRQHandler                           
0001ce8d  UART2_IRQHandler                           
0001ce8d  UART3_IRQHandler                           
202007f0  _CIOBUF_                                   
0001b7e5  _Z10Clock_Freqv                            
0001cfc1  _Z10SeedRandomj                            
0001c4c9  _Z10Sound_Initv                            
0001c181  _Z10TExaS_InitP10ADC12_RegsjPFhvE          
0001d0fb  _Z11Clock_Delayj                           
0001c7ad  _Z11SPI_OutDatac                           
0001cec5  _Z11ST7735_openPKcji                       
0001cf7d  _Z11ST7735_readiPcj                        
0001cfd5  _Z11Sound_Shootv                           
0001c429  _Z11Sound_StartPKhj                        
0001cc6d  _Z11Switch_Initv                           
0001c231  _Z11fillmessagej                           
0001af15  _Z12DrawGameOverv                          
000198c5  _Z12DrawMainMenuv                          
0001b44d  _Z12ST7735_InitR10initRFlags               
0001d2c1  _Z12ST7735_closei                          
0001d17b  _Z12ST7735_lseekili                        
0001c88b  _Z12ST7735_writeiPKcj                      
0001cfe9  _Z12Sound_Killedv                          
0001d1dd  _Z13ST7735_renamePKcS0_                    
0001d2cb  _Z13ST7735_unlinkPKc                       
0001c011  _Z13TimerG12_Initv                         
0001c8c1  _Z14Clock_Delay1msj                        
0001ba01  _Z14LaunchPad_Initv                        
0001c5a5  _Z14SPI_OutCommandc                        
0001ac5d  _Z14ST7735_OutCharc                        
0001b62d  _Z14ST7735_OutUDecj                        
0001b301  _Z14TimerG7_IntArmtjj                      
0001c7e5  _Z15ActivatePortA_Bv                       
00019a95  _Z15Clock_Init80MHzi                       
0001ca95  _Z15ST7735_Color565hhh                     
00019c49  _Z15ST7735_DrawCharsscssh                  
0001a63d  _Z15ST7735_FillRectsssst                   
0001cffd  _Z15Sound_Explosionv                       
0001b6c9  _Z15TimerG12_IntArmjj                      
0001a755  _Z16DrawInstructionsv                      
0001a125  _Z16DrawYouWonScreenv                      
00019df1  _Z16ST7735_DrawCharSsscssh                 
0001bc69  _Z16ST7735_DrawPixelsst                    
0001cd35  _Z16ST7735_OutStringPc                     
0001c8f5  _Z16ST7735_SetCursorjj                     
000194cd  _Z17ST7735_DrawBitmapssPKtss               
0001b879  _Z17ST7735_DrawStringttPcs                 
0001cbe9  _Z17ST7735_FillScreent                     
0001b4ed  _Z17ST7735_InitPrintf10initRFlags          
0001d011  _Z18Sound_Fastinvader1v                    
0001d025  _Z18Sound_Fastinvader2v                    
0001a3e1  _Z19DrawLevelTransitionv                   
0001d039  _Z19ST7735_SetTextColort                   
0001b1a1  _Z20ST7735_DrawFastHLinessst               
0001b251  _Z20ST7735_DrawFastVLinessst               
0001d1e9  _Z22__throw_bad_alloc_shimv                
0001a981  _Z25ST7735_OutCharTransparentc             
00019f95  _Z25mergeSpriteWithBackgroundPtPKtttS1_tttt
0001cd5b  _Z27ST7735_OutStringTransparentPc          
0001b8fd  _Z28ST7735_DrawStringTransparentttPcs      
0001d10d  _Z28TExaS_LaunchPadLogicPB27PB26v          
0001cf4d  _Z6Randomj                                 
0001a515  _Z8ADC_InitP10ADC12_Regsjj                 
0001cee1  _Z8DAC5_Outj                               
00018ea5  _Z8InitGamev                               
0001c929  _Z8LED_Initv                               
0001d2d5  _Z8PLL_Initv                               
0001cdf1  _Z8Random32v                               
0001aa79  _Z8SPI_Initv                               
0001cc95  _Z9ADC_StartP10ADC12_Regs                  
0001c735  _Z9DAC5_Initv                              
0001bbf1  _Z9DrawTitlev                              
0001c675  _Z9SPI_Resetv                              
0001cda9  _Z9Switch_Inv                              
0001ad45  _Z9UART_Initv                              
0001d11d  _ZN10GameObjectC2Ev                        
0001d12d  _ZN3Peg11getHitStateEv                     
0001c771  _ZN3Peg11isDestroyedEv                     
0001d1f5  _ZN3Peg4getHEv                             
0001d201  _ZN3Peg4getWEv                             
0001d20d  _ZN3Peg4getXEv                             
0001d219  _ZN3Peg4getYEv                             
0001be89  _ZN3Peg4initEiiah                          
0001d225  _ZN3Peg8getColorEv                         
0001c285  _ZN3Peg8getImageEv                         
0001d04d  _ZN3Peg9updatePegEv                        
0001cbb9  _ZN3PegC1Ev                                
0001cbb9  _ZN3PegC2Ev                                
0001c071  _ZN4Ball14checkCollisionEtt                
0001bdb1  _ZN4Ball18checkHoleCollisionEtt            
0001d061  _ZN4Ball3aimEj                             
0001d189  _ZN4Ball4getHEv                            
0001d197  _ZN4Ball4getWEv                            
0001d231  _ZN4Ball4getXEv                            
0001d23d  _ZN4Ball4getYEv                            
0001b981  _ZN4Ball5isqrtEi                           
0001caf9  _ZN4Ball5resetEh                           
000196dd  _ZN4Ball6bounceEtt                         
0001cdcd  _ZN4Ball6isLostEv                          
0001d249  _ZN4Ball8getImageEv                        
0001b0d5  _ZN4Ball8moveBallEv                        
0001d13d  _ZN4Ball9getActiveEv                       
0001cf93  _ZN4Ball9setActiveEb                       
0001c2d9  _ZN4BallC1Eh                               
0001c2d9  _ZN4BallC2Eh                               
0001d255  _ZN4Hole4getXEv                            
0001d261  _ZN4Hole4getYEv                            
0001d26d  _ZN4Hole8getImageEv                        
0001c855  _ZN4Hole8moveHoleEv                        
0001c81d  _ZN4HoleC1Ev                               
0001c81d  _ZN4HoleC2Ev                               
0001d279  _ZN5Level8getImageEv                       
0001c32d  _ZN5LevelC1Eh                              
0001c32d  _ZN5LevelC2Eh                              
0001c5ed  _ZN8SlidePot2InEv                          
0001ba7d  _ZN8SlidePot4InitEv                        
0001cefd  _ZN8SlidePot7ConvertEj                     
0001d1a5  _ZN8SlidePotC1Ejj                          
0001d1a5  _ZN8SlidePotC2Ejj                          
0001d0c5  _ZN9GameState15setCurrentLevelEh           
0001cc15  _ZN9GameState17setBallsRemainingEh         
0001ce6f  _ZN9GameState7addBallEv                    
0001cb29  _ZN9GameState7useBallEv                    
0001d075  _ZN9GameState9addPointsEj                  
0001d089  _ZN9GameState9resetGameEv                  
0001d09d  _ZN9GameStateC1Ev                          
0001d09d  _ZN9GameStateC2Ev                          
0001d14d  _ZNK9GameState10isGameOverEv               
0001d285  _ZNK9GameState17getBallsRemainingEv        
0001d291  _ZNK9GameState8getScoreEv                  
0001d29d  _ZSt15get_new_handlerv                     
0001d2df  _ZdaPv                                     
0001d2e7  _ZdlPv                                     
0001d2ef  _Znaj                                      
0001d0b1  _Znwj                                      
202007f0  __CIOBUF_                                  
20208000  __STACK_END                                
00000200  __STACK_SIZE                               
00000200  __SYSMEM_SIZE                              
00000000  __TI_ATRegion0_region_sz                   
00000000  __TI_ATRegion0_src_addr                    
00000000  __TI_ATRegion0_trg_addr                    
00000000  __TI_ATRegion1_region_sz                   
00000000  __TI_ATRegion1_src_addr                    
00000000  __TI_ATRegion1_trg_addr                    
00000000  __TI_ATRegion2_region_sz                   
00000000  __TI_ATRegion2_src_addr                    
00000000  __TI_ATRegion2_trg_addr                    
0001d3b4  __TI_CINIT_Base                            
0001d3c4  __TI_CINIT_Limit                           
0001d3c4  __TI_CINIT_Warm                            
0001d3a0  __TI_Handler_Table_Base                    
0001d3ac  __TI_Handler_Table_Limit                   
0001c381  __TI_auto_init_nobinit                     
0001c95d  __TI_cleanup                               
20200598  __TI_cleanup_ptr                           
0001baf9  __TI_closefile                             
0001bb75  __TI_decompress_lzss                       
0001d0e9  __TI_decompress_none                       
0001c3d5  __TI_doflush                               
2020059c  __TI_dtors_ptr                             
202005b0  __TI_ft_end                                
ffffffff  __TI_pprof_out_hndl                        
ffffffff  __TI_prof_data_size                        
ffffffff  __TI_prof_data_start                       
0001c991  __TI_readmsg                               
00000000  __TI_static_base__                         
20200910  __TI_tmpnams                               
0001c9c5  __TI_writemsg                              
0001cfa9  __TI_zero_init_nomemset                    
0001c1d9  __aeabi_idiv                               
0001b44b  __aeabi_idiv0                              
0001c1d9  __aeabi_idivmod                            
0001d2a9  __aeabi_memclr                             
0001d2a9  __aeabi_memclr4                            
0001d2a9  __aeabi_memclr8                            
0001d2f9  __aeabi_memcpy                             
0001d2f9  __aeabi_memcpy4                            
0001d2f9  __aeabi_memcpy8                            
0001c6b5  __aeabi_uidiv                              
0001c6b5  __aeabi_uidivmod                           
ffffffff  __binit__                                  
202005b4  __cxa_new_handler                          
UNDEFED   __mpu_init                                 
20207e00  __stack                                    
20200000  __start___llvm_prf_bits                    
20200000  __start___llvm_prf_cnts                    
20200000  __stop___llvm_prf_bits                     
20200000  __stop___llvm_prf_cnts                     
0001cd0d  _c_int00_noargs                            
202004b0  _device                                    
202003c0  _ftable                                    
202005b8  _lock                                      
0001b9ff  _nop                                       
20200528  _stream                                    
202005f0  _sys_memory                                
UNDEFED   _system_post_cinit                         
0001d30d  _system_pre_init                           
202005bc  _unlock                                    
0001d315  abort                                      
0001d311  abort_message                              
0001ab71  add_device                                 
0001a86d  aligned_alloc                              
ffffffff  binit                                      
0001c479  close                                      
202005c0  currBall                                   
202005c4  currentLevel                               
202009d0  data                                       
0001c9f9  exit                                       
0001ca2d  finddevice                                 
0001cb89  fopen                                      
0001ae2d  free                                       
0001ca61  freopen                                    
2020058c  gameState                                  
0001be1d  getdevice                                  
202009d4  input                                      
00000000  interruptVectors                           
202005e1  isPlaying                                  
202005e2  levelSelect                                
00018571  main                                       
0001d2b5  malloc                                     
202005e3  maxPegs                                    
202005e4  maxSeperation                              
0001a86d  memalign                                   
202005e5  menuState                                  
202005c8  movingHole                                 
0001b58d  open                                       
202005e6  orangeCount                                
202009bc  parmbuf                                    
202005e7  pegCount                                   
20200000  pegs                                       
202005e9  randomColor                                
0001d301  remove                                     
202005ea  selectedOption                             
0001aff5  setvbuf                                    
202005cc  soundIndex                                 
202005d0  soundLen                                   
202005d4  soundPtr                                   
0001b7f1  strcmp                                     
202005eb  transitionedToGameOver                     
0001cc41  unlink                                     
0001cce5  write                                      


GLOBAL SYMBOLS: SORTED BY Symbol Address 

address   name                                       
-------   ----                                       
00000000  __TI_ATRegion0_region_sz                   
00000000  __TI_ATRegion0_src_addr                    
00000000  __TI_ATRegion0_trg_addr                    
00000000  __TI_ATRegion1_region_sz                   
00000000  __TI_ATRegion1_src_addr                    
00000000  __TI_ATRegion1_trg_addr                    
00000000  __TI_ATRegion2_region_sz                   
00000000  __TI_ATRegion2_src_addr                    
00000000  __TI_ATRegion2_trg_addr                    
00000000  __TI_static_base__                         
00000000  interruptVectors                           
00000200  __STACK_SIZE                               
00000200  __SYSMEM_SIZE                              
00018571  main                                       
00018ea5  _Z8InitGamev                               
00019211  TIMG12_IRQHandler                          
000194cd  _Z17ST7735_DrawBitmapssPKtss               
000196dd  _ZN4Ball6bounceEtt                         
000198c5  _Z12DrawMainMenuv                          
00019a95  _Z15Clock_Init80MHzi                       
00019c49  _Z15ST7735_DrawCharsscssh                  
00019df1  _Z16ST7735_DrawCharSsscssh                 
00019f95  _Z25mergeSpriteWithBackgroundPtPKtttS1_tttt
0001a125  _Z16DrawYouWonScreenv                      
0001a3e1  _Z19DrawLevelTransitionv                   
0001a515  _Z8ADC_InitP10ADC12_Regsjj                 
0001a63d  _Z15ST7735_FillRectsssst                   
0001a755  _Z16DrawInstructionsv                      
0001a86d  aligned_alloc                              
0001a86d  memalign                                   
0001a981  _Z25ST7735_OutCharTransparentc             
0001aa79  _Z8SPI_Initv                               
0001ab71  add_device                                 
0001ac5d  _Z14ST7735_OutCharc                        
0001ad45  _Z9UART_Initv                              
0001ae2d  free                                       
0001af15  _Z12DrawGameOverv                          
0001aff5  setvbuf                                    
0001b0d5  _ZN4Ball8moveBallEv                        
0001b1a1  _Z20ST7735_DrawFastHLinessst               
0001b251  _Z20ST7735_DrawFastVLinessst               
0001b301  _Z14TimerG7_IntArmtjj                      
0001b44b  __aeabi_idiv0                              
0001b44d  _Z12ST7735_InitR10initRFlags               
0001b4ed  _Z17ST7735_InitPrintf10initRFlags          
0001b58d  open                                       
0001b62d  _Z14ST7735_OutUDecj                        
0001b6c9  _Z15TimerG12_IntArmjj                      
0001b7e5  _Z10Clock_Freqv                            
0001b7f1  strcmp                                     
0001b879  _Z17ST7735_DrawStringttPcs                 
0001b8fd  _Z28ST7735_DrawStringTransparentttPcs      
0001b981  _ZN4Ball5isqrtEi                           
0001b9ff  _nop                                       
0001ba01  _Z14LaunchPad_Initv                        
0001ba7d  _ZN8SlidePot4InitEv                        
0001baf9  __TI_closefile                             
0001bb75  __TI_decompress_lzss                       
0001bbf1  _Z9DrawTitlev                              
0001bc69  _Z16ST7735_DrawPixelsst                    
0001bcd9  HOSTlseek                                  
0001bd45  HOSTrename                                 
0001bdb1  _ZN4Ball18checkHoleCollisionEtt            
0001be1d  getdevice                                  
0001be89  _ZN3Peg4initEiiah                          
0001bf51  HOSTopen                                   
0001bfb1  SysTick_Handler                            
0001c011  _Z13TimerG12_Initv                         
0001c071  _ZN4Ball14checkCollisionEtt                
0001c0d1  HOSTread                                   
0001c129  HOSTwrite                                  
0001c181  _Z10TExaS_InitP10ADC12_RegsjPFhvE          
0001c1d9  __aeabi_idiv                               
0001c1d9  __aeabi_idivmod                            
0001c231  _Z11fillmessagej                           
0001c285  _ZN3Peg8getImageEv                         
0001c2d9  _ZN4BallC1Eh                               
0001c2d9  _ZN4BallC2Eh                               
0001c32d  _ZN5LevelC1Eh                              
0001c32d  _ZN5LevelC2Eh                              
0001c381  __TI_auto_init_nobinit                     
0001c3d5  __TI_doflush                               
0001c429  _Z11Sound_StartPKhj                        
0001c479  close                                      
0001c4c9  _Z10Sound_Initv                            
0001c515  HOSTclose                                  
0001c55d  HOSTunlink                                 
0001c5a5  _Z14SPI_OutCommandc                        
0001c5ed  _ZN8SlidePot2InEv                          
0001c635  TIMG7_IRQHandler                           
0001c675  _Z9SPI_Resetv                              
0001c6b5  __aeabi_uidiv                              
0001c6b5  __aeabi_uidivmod                           
0001c735  _Z9DAC5_Initv                              
0001c771  _ZN3Peg11isDestroyedEv                     
0001c7ad  _Z11SPI_OutDatac                           
0001c7e5  _Z15ActivatePortA_Bv                       
0001c81d  _ZN4HoleC1Ev                               
0001c81d  _ZN4HoleC2Ev                               
0001c855  _ZN4Hole8moveHoleEv                        
0001c88b  _Z12ST7735_writeiPKcj                      
0001c8c1  _Z14Clock_Delay1msj                        
0001c8f5  _Z16ST7735_SetCursorjj                     
0001c929  _Z8LED_Initv                               
0001c95d  __TI_cleanup                               
0001c991  __TI_readmsg                               
0001c9c5  __TI_writemsg                              
0001c9f1  C$$IO$$                                    
0001c9f9  exit                                       
0001ca2d  finddevice                                 
0001ca61  freopen                                    
0001ca95  _Z15ST7735_Color565hhh                     
0001caf9  _ZN4Ball5resetEh                           
0001cb29  _ZN9GameState7useBallEv                    
0001cb89  fopen                                      
0001cbb9  _ZN3PegC1Ev                                
0001cbb9  _ZN3PegC2Ev                                
0001cbe9  _Z17ST7735_FillScreent                     
0001cc15  _ZN9GameState17setBallsRemainingEh         
0001cc41  unlink                                     
0001cc6d  _Z11Switch_Initv                           
0001cc95  _Z9ADC_StartP10ADC12_Regs                  
0001cce5  write                                      
0001cd0d  _c_int00_noargs                            
0001cd35  _Z16ST7735_OutStringPc                     
0001cd5b  _Z27ST7735_OutStringTransparentPc          
0001cda9  _Z9Switch_Inv                              
0001cdcd  _ZN4Ball6isLostEv                          
0001cdf1  _Z8Random32v                               
0001ce6f  _ZN9GameState7addBallEv                    
0001ce8d  ADC0_IRQHandler                            
0001ce8d  ADC1_IRQHandler                            
0001ce8d  AES_IRQHandler                             
0001ce8d  CANFD0_IRQHandler                          
0001ce8d  DAC0_IRQHandler                            
0001ce8d  DMA_IRQHandler                             
0001ce8d  Default_Handler                            
0001ce8d  GROUP0_IRQHandler                          
0001ce8d  GROUP1_IRQHandler                          
0001ce8d  I2C0_IRQHandler                            
0001ce8d  I2C1_IRQHandler                            
0001ce8d  NMI_Handler                                
0001ce8d  PendSV_Handler                             
0001ce8d  RTC_IRQHandler                             
0001ce8d  SPI0_IRQHandler                            
0001ce8d  SPI1_IRQHandler                            
0001ce8d  SVC_Handler                                
0001ce8d  TIMA0_IRQHandler                           
0001ce8d  TIMA1_IRQHandler                           
0001ce8d  TIMG0_IRQHandler                           
0001ce8d  TIMG6_IRQHandler                           
0001ce8d  TIMG8_IRQHandler                           
0001ce8d  UART0_IRQHandler                           
0001ce8d  UART1_IRQHandler                           
0001ce8d  UART2_IRQHandler                           
0001ce8d  UART3_IRQHandler                           
0001cea9  HardFault_Handler                          
0001cec5  _Z11ST7735_openPKcji                       
0001cee1  _Z8DAC5_Outj                               
0001cefd  _ZN8SlidePot7ConvertEj                     
0001cf4d  _Z6Randomj                                 
0001cf7d  _Z11ST7735_readiPcj                        
0001cf93  _ZN4Ball9setActiveEb                       
0001cfa9  __TI_zero_init_nomemset                    
0001cfc1  _Z10SeedRandomj                            
0001cfd5  _Z11Sound_Shootv                           
0001cfe9  _Z12Sound_Killedv                          
0001cffd  _Z15Sound_Explosionv                       
0001d011  _Z18Sound_Fastinvader1v                    
0001d025  _Z18Sound_Fastinvader2v                    
0001d039  _Z19ST7735_SetTextColort                   
0001d04d  _ZN3Peg9updatePegEv                        
0001d061  _ZN4Ball3aimEj                             
0001d075  _ZN9GameState9addPointsEj                  
0001d089  _ZN9GameState9resetGameEv                  
0001d09d  _ZN9GameStateC1Ev                          
0001d09d  _ZN9GameStateC2Ev                          
0001d0b1  _Znwj                                      
0001d0c5  _ZN9GameState15setCurrentLevelEh           
0001d0d7  TI_memcpy_small                            
0001d0e9  __TI_decompress_none                       
0001d0fb  _Z11Clock_Delayj                           
0001d10d  _Z28TExaS_LaunchPadLogicPB27PB26v          
0001d11d  _ZN10GameObjectC2Ev                        
0001d12d  _ZN3Peg11getHitStateEv                     
0001d13d  _ZN4Ball9getActiveEv                       
0001d14d  _ZNK9GameState10isGameOverEv               
0001d17b  _Z12ST7735_lseekili                        
0001d189  _ZN4Ball4getHEv                            
0001d197  _ZN4Ball4getWEv                            
0001d1a5  _ZN8SlidePotC1Ejj                          
0001d1a5  _ZN8SlidePotC2Ejj                          
0001d1cf  TI_memset_small                            
0001d1dd  _Z13ST7735_renamePKcS0_                    
0001d1e9  _Z22__throw_bad_alloc_shimv                
0001d1f5  _ZN3Peg4getHEv                             
0001d201  _ZN3Peg4getWEv                             
0001d20d  _ZN3Peg4getXEv                             
0001d219  _ZN3Peg4getYEv                             
0001d225  _ZN3Peg8getColorEv                         
0001d231  _ZN4Ball4getXEv                            
0001d23d  _ZN4Ball4getYEv                            
0001d249  _ZN4Ball8getImageEv                        
0001d255  _ZN4Hole4getXEv                            
0001d261  _ZN4Hole4getYEv                            
0001d26d  _ZN4Hole8getImageEv                        
0001d279  _ZN5Level8getImageEv                       
0001d285  _ZNK9GameState17getBallsRemainingEv        
0001d291  _ZNK9GameState8getScoreEv                  
0001d29d  _ZSt15get_new_handlerv                     
0001d2a9  __aeabi_memclr                             
0001d2a9  __aeabi_memclr4                            
0001d2a9  __aeabi_memclr8                            
0001d2b5  malloc                                     
0001d2c1  _Z12ST7735_closei                          
0001d2cb  _Z13ST7735_unlinkPKc                       
0001d2d5  _Z8PLL_Initv                               
0001d2df  _ZdaPv                                     
0001d2e7  _ZdlPv                                     
0001d2ef  _Znaj                                      
0001d2f9  __aeabi_memcpy                             
0001d2f9  __aeabi_memcpy4                            
0001d2f9  __aeabi_memcpy8                            
0001d301  remove                                     
0001d309  Reset_Handler                              
0001d30d  _system_pre_init                           
0001d311  abort_message                              
0001d314  C$$EXIT                                    
0001d315  abort                                      
0001d320  SHT$$INIT_ARRAY$$Base                      
0001d324  SHT$$INIT_ARRAY$$Limit                     
0001d3a0  __TI_Handler_Table_Base                    
0001d3ac  __TI_Handler_Table_Limit                   
0001d3b4  __TI_CINIT_Base                            
0001d3c4  __TI_CINIT_Limit                           
0001d3c4  __TI_CINIT_Warm                            
20200000  __start___llvm_prf_bits                    
20200000  __start___llvm_prf_cnts                    
20200000  __stop___llvm_prf_bits                     
20200000  __stop___llvm_prf_cnts                     
20200000  pegs                                       
202003c0  _ftable                                    
202004b0  _device                                    
20200528  _stream                                    
20200578  Sensor                                     
2020058c  gameState                                  
20200598  __TI_cleanup_ptr                           
2020059c  __TI_dtors_ptr                             
202005a0  BusFreq                                    
202005a4  M                                          
202005a8  StX                                        
202005ac  StY                                        
202005b0  __TI_ft_end                                
202005b4  __cxa_new_handler                          
202005b8  _lock                                      
202005bc  _unlock                                    
202005c0  currBall                                   
202005c4  currentLevel                               
202005c8  movingHole                                 
202005cc  soundIndex                                 
202005d0  soundLen                                   
202005d4  soundPtr                                   
202005e1  isPlaying                                  
202005e2  levelSelect                                
202005e3  maxPegs                                    
202005e4  maxSeperation                              
202005e5  menuState                                  
202005e6  orangeCount                                
202005e7  pegCount                                   
202005e9  randomColor                                
202005ea  selectedOption                             
202005eb  transitionedToGameOver                     
202005f0  _sys_memory                                
202007f0  _CIOBUF_                                   
202007f0  __CIOBUF_                                  
20200910  __TI_tmpnams                               
202009b0  Message                                    
202009bc  parmbuf                                    
202009c4  Messageindex                               
202009c8  TExaSLogic                                 
202009cc  TExaSadc                                   
202009d0  data                                       
202009d4  input                                      
202009dc  StTextColor                                
20207e00  __stack                                    
20208000  __STACK_END                                
ffffffff  __TI_pprof_out_hndl                        
ffffffff  __TI_prof_data_size                        
ffffffff  __TI_prof_data_start                       
ffffffff  __binit__                                  
ffffffff  binit                                      
UNDEFED   __mpu_init                                 
UNDEFED   _system_post_cinit                         

[293 symbols]
