******************************************************************************
            TI ARM Clang Linker PC v4.0.1                      
******************************************************************************
>> Linked Sun Apr 20 17:23:55 2025

OUTPUT FILE NAME:   <ECE319K_Lab9H.out>
ENTRY POINT SYMBOL: "_c_int00_noargs"  address: 0000e36d


MEMORY CONFIGURATION

         name            origin    length      used     unused   attr    fill
----------------------  --------  ---------  --------  --------  ----  --------
  FLASH                 00000000   00020000  0000e808  000117f8  R  X
  SRAM                  20200000   00008000  000009e6  0000761a  RW X
  BCR_CONFIG            41c00000   00000080  00000000  00000080  R   
  BSL_CONFIG            41c00100   00000080  00000000  00000080  R   


SEGMENT ALLOCATION MAP

run origin  load origin   length   init length attrs members
----------  ----------- ---------- ----------- ----- -------
00000000    00000000    0000e808   0000e808    r-x
  00000000    00000000    000000c0   000000c0    r-- .intvecs
  000000c0    000000c0    0000b858   0000b858    r-- .rodata
  0000b918    0000b918    00000008   00000008    r-- .init_array
  0000b920    0000b920    00002e50   00002e50    r-x .text
  0000e770    0000e770    00000098   00000098    r-- .cinit
20200000    20200000    000007e9   00000000    rw-
  20200000    20200000    00000405   00000000    rw- .data
  20200408    20200408    00000200   00000000    rw- .sysmem
  20200608    20200608    000001e1   00000000    rw- .bss
20207e00    20207e00    00000200   00000000    rw-
  20207e00    20207e00    00000200   00000000    rw- .stack


SECTION ALLOCATION MAP

 output                                  attributes/
section   page    origin      length       input sections
--------  ----  ----------  ----------   ----------------
.intvecs   0    00000000    000000c0     
                  00000000    000000c0     startup_mspm0g3507_ticlang.o (.intvecs)

.binit     0    00000000    00000000     

.text      0    0000b920    00002e50     
                  0000b920    000002c4     Lab9HMain.o (.text.main)
                  0000bbe4    00000210     ST7735.o (.text._Z17ST7735_DrawBitmapssPKtss)
                  0000bdf4    000001b4     Clock.o (.text._Z15Clock_Init80MHzi)
                  0000bfa8    000001a8     ST7735.o (.text._Z15ST7735_DrawCharsscssh)
                  0000c150    00000154     libc.a : fopen.c.obj (.text._openfile)
                  0000c2a4    00000150     Ball.o (.text._ZN4Ball6bounceEtt)
                  0000c3f4    00000128     TExaS.o (.text._Z8ADC_InitP10ADC12_Regsjj)
                  0000c51c    00000118     ST7735.o (.text._Z15ST7735_FillRectsssst)
                  0000c634    00000114     libc.a : memory.c.obj (.text.aligned_alloc)
                  0000c748    00000104     Lab9HMain.o (.text.TIMG12_IRQHandler)
                  0000c84c    000000f8     SPI.o (.text._Z8SPI_Initv)
                  0000c944    000000ec     libsysbm.a : add_device.c.obj (.text.add_device)
                  0000ca30    000000e8     ST7735.o (.text._Z14ST7735_OutCharc)
                  0000cb18    000000e8     TExaS.o (.text._Z9UART_Initv)
                  0000cc00    000000e8     libc.a : memory.c.obj (.text.free)
                  0000cce8    000000e0            : setvbuf.c.obj (.text.setvbuf)
                  0000cdc8    000000a8     Timer.o (.text._Z14TimerG7_IntArmtjj)
                  0000ce70    000000a2     ST7735.o (.text._ZL11commandListPKh)
                  0000cf12    00000002     libclang_rt.builtins.a : aeabi_div0.c.obj (.text.__aeabi_idiv0)
                  0000cf14    000000a0     ST7735.o (.text._Z12ST7735_InitR10initRFlags)
                  0000cfb4    000000a0     ST7735.o (.text._Z17ST7735_InitPrintf10initRFlags)
                  0000d054    000000a0     libsysbm.a : open.c.obj (.text.open)
                  0000d0f4    00000098     Ball.o (.text._ZN4Ball8moveBallEv)
                  0000d18c    00000094     Timer.o (.text._Z15TimerG12_IntArmjj)
                  0000d220    00000088     ST7735.o (.text._ZL13setAddrWindowhhhh)
                  0000d2a8    00000008     DAC5.o (.text._Z8DAC5_Outj)
                  0000d2b0    00000088     libc.a : strcmp-armv6m.S.obj (.text:strcmp)
                  0000d338    00000084     ST7735.o (.text._Z17ST7735_DrawStringttPcs)
                  0000d3bc    0000007e     Ball.o (.text._ZN4Ball5isqrtEi)
                  0000d43a    00000002     libc.a : _lock.c.obj (.text._nop)
                  0000d43c    0000007c     LaunchPad.o (.text._Z14LaunchPad_Initv)
                  0000d4b8    0000007c     SlidePot.o (.text._ZN8SlidePot4InitEv)
                  0000d534    0000007c     libc.a : fclose.c.obj (.text.__TI_closefile)
                  0000d5b0    0000007c            : copy_decompress_lzss.c.obj (.text:decompress:lzss)
                  0000d62c    0000006c     libsysbm.a : hostlseek.c.obj (.text.HOSTlseek)
                  0000d698    0000006c                : hostrename.c.obj (.text.HOSTrename)
                  0000d704    0000006c     libc.a : getdevice.c.obj (.text.getdevice)
                  0000d770    00000064            : memory.c.obj (.text.split)
                  0000d7d4    00000060     libsysbm.a : hostopen.c.obj (.text.HOSTopen)
                  0000d834    00000060     Timer.o (.text._Z13TimerG12_Initv)
                  0000d894    00000060     Ball.o (.text._ZN4Ball14checkCollisionEtt)
                  0000d8f4    0000005c     Peg.o (.text._ZN3Peg4initEssaa)
                  0000d950    00000058     libsysbm.a : hostread.c.obj (.text.HOSTread)
                  0000d9a8    00000058                : hostwrite.c.obj (.text.HOSTwrite)
                  0000da00    00000058     TExaS.o (.text._Z10TExaS_InitP10ADC12_RegsjPFhvE)
                  0000da58    00000056     libclang_rt.builtins.a : aeabi_idivmod.S.obj (.text.__aeabi_idivmod)
                  0000daae    00000002     --HOLE-- [fill = 0]
                  0000dab0    00000054     Ball.o (.text._ZN4BallC2Eh)
                  0000db04    00000054     libc.a : autoinit.c.obj (.text:__TI_auto_init_nobinit)
                  0000db58    00000052            : fflush.c.obj (.text.__TI_doflush)
                  0000dbaa    00000002     --HOLE-- [fill = 0]
                  0000dbac    00000050     Sound.o (.text._Z10Sound_Initv)
                  0000dbfc    00000050     libsysbm.a : close.c.obj (.text.close)
                  0000dc4c    00000048                : hostclose.c.obj (.text.HOSTclose)
                  0000dc94    00000048                : hostunlink.c.obj (.text.HOSTunlink)
                  0000dcdc    00000048     SPI.o (.text._Z14SPI_OutCommandc)
                  0000dd24    00000048     Level.o (.text._ZN5LevelC2Eh)
                  0000dd6c    00000048     SlidePot.o (.text._ZN8SlidePot2InEv)
                  0000ddb4    00000044     Hole.o (.text._ZN4Hole8moveHoleEv)
                  0000ddf8    00000040     TExaS.o (.text.TIMG7_IRQHandler)
                  0000de38    00000040     SPI.o (.text._Z9SPI_Resetv)
                  0000de78    00000040     libclang_rt.builtins.a : aeabi_uidivmod.S.obj (.text.__aeabi_uidivmod)
                  0000deb8    00000040     libc.a : fopen.c.obj (.text._search_fp)
                  0000def8    00000038     SPI.o (.text._Z11SPI_OutDatac)
                  0000df30    00000038     LaunchPad.o (.text._Z15ActivatePortA_Bv)
                  0000df68    00000038     Hole.o (.text._ZN4HoleC2Ev)
                  0000dfa0    00000034     ST7735.o (.text._Z12ST7735_writeiPKcj)
                  0000dfd4    00000034     Clock.o (.text._Z14Clock_Delay1msj)
                  0000e008    00000034     ST7735.o (.text._Z16ST7735_SetCursorjj)
                  0000e03c    00000034     LED.o (.text._Z8LED_Initv)
                  0000e070    00000034     libc.a : fopen.c.obj (.text.__TI_cleanup)
                  0000e0a4    00000034     libsysbm.a : trgmsg.c.obj (.text.__TI_readmsg)
                  0000e0d8    00000034                : trgmsg.c.obj (.text.__TI_writemsg)
                  0000e10c    00000034     libc.a : exit.c.obj (.text.exit)
                  0000e140    00000034            : getdevice.c.obj (.text.finddevice)
                  0000e174    00000034            : fopen.c.obj (.text.freopen)
                  0000e1a8    00000032     ST7735.o (.text._Z15ST7735_Color565hhh)
                  0000e1da    00000002     --HOLE-- [fill = 0]
                  0000e1dc    00000030     Sound.o (.text.SysTick_Handler)
                  0000e20c    00000030     ST7735.o (.text._ZL10commonInitPKh)
                  0000e23c    00000030     Lab9HMain.o (.text.__cxx_global_var_init.3)
                  0000e26c    00000030     libc.a : fopen.c.obj (.text.fopen)
                  0000e29c    0000002c     ST7735.o (.text._Z17ST7735_FillScreent)
                  0000e2c8    0000002c     libsysbm.a : unlink.c.obj (.text.unlink)
                  0000e2f4    00000028     TExaS.o (.text._Z9ADC_StartP10ADC12_Regs)
                  0000e31c    00000028     libc.a : memory.c.obj (.text.free_list_insert)
                  0000e344    00000028     libsysbm.a : write.c.obj (.text.write)
                  0000e36c    00000028     libc.a : boot_cortex_m.c.obj (.text:_c_int00_noargs)
                  0000e394    00000026     libc++abi.a : stdlib_new_delete.cpp.obj (.text._ZL17operator_new_implj)
                  0000e3ba    00000002     --HOLE-- [fill = 0]
                  0000e3bc    00000024     Switch.o (.text._Z9Switch_Inv)
                  0000e3e0    00000022     Peg.o (.text._ZN3PegC2Ev)
                  0000e402    00000002     --HOLE-- [fill = 0]
                  0000e404    00000020     Lab9HMain.o (.text._Z8Random32v)
                  0000e424    00000020     Lab9HMain.o (.text.__cxx_global_var_init.1)
                  0000e444    00000020     Lab9HMain.o (.text.__cxx_global_var_init.2)
                  0000e464    0000001e     ST7735.o (.text._ZL9pushColort)
                  0000e482    00000002     --HOLE-- [fill = 0]
                  0000e484    0000001c     startup_mspm0g3507_ticlang.o (.text.Default_Handler)
                  0000e4a0    0000001c     startup_mspm0g3507_ticlang.o (.text.HardFault_Handler)
                  0000e4bc    0000001c     ST7735.o (.text._Z11ST7735_openPKcji)
                  0000e4d8    0000001c     SlidePot.o (.text._ZN8SlidePot7ConvertEj)
                  0000e4f4    0000001c     libc.a : memory.c.obj (.text.free_list_remove)
                  0000e510    00000018     Lab9HMain.o (.text._Z6Randomj)
                  0000e528    00000018     Lab9HMain.o (.text.__cxx_global_var_init)
                  0000e540    00000016     ST7735.o (.text._Z11ST7735_readiPcj)
                  0000e556    00000016     libc.a : copy_zero_init.c.obj (.text:decompress:ZI:__TI_zero_init_nomemset)
                  0000e56c    00000014     Lab9HMain.o (.text._GLOBAL__sub_I_Lab9HMain.cpp)
                  0000e580    00000014     Lab9HMain.o (.text._Z10SeedRandomj)
                  0000e594    00000014     libc++abi.a : stdlib_new_delete.cpp.obj (.text._Znwj)
                  0000e5a8    00000012     libc.a : memcpy16.S.obj (.text:TI_memcpy_small)
                  0000e5ba    00000012            : copy_decompress_none.c.obj (.text:decompress:none)
                  0000e5cc    00000010     Clock.o (.text._Z11Clock_Delayj)
                  0000e5dc    00000010     Switch.o (.text._Z11Switch_Initv)
                  0000e5ec    00000010     Lab9HMain.o (.text._Z28TExaS_LaunchPadLogicPB27PB26v)
                  0000e5fc    00000010     Ball.o (.text._ZN10GameObjectC2Ev)
                  0000e60c    0000000e     libc.a : memory.c.obj (.text.OUTLINED_FUNCTION_0)
                  0000e61a    0000000e     ST7735.o (.text._Z12ST7735_lseekili)
                  0000e628    0000000e     Peg.o (.text._ZN3Peg4getXEv)
                  0000e636    0000000e     Peg.o (.text._ZN3Peg4getYEv)
                  0000e644    0000000e     SlidePot.o (.text._ZN8SlidePotC2Ejj)
                  0000e652    0000000e     libsysbm.a : hostrename.c.obj (.text.strcpy)
                  0000e660    0000000e                : hostrename.c.obj (.text.strlen)
                  0000e66e    0000000e     libc.a : memset16.S.obj (.text:TI_memset_small)
                  0000e67c    0000000c     Clock.o (.text._Z10Clock_Freqv)
                  0000e688    0000000c     ST7735.o (.text._Z13ST7735_renamePKcS0_)
                  0000e694    0000000c     libc++abi.a : stdlib_new_delete.cpp.obj (.text._Z22__throw_bad_alloc_shimv)
                  0000e6a0    0000000c     Peg.o (.text._ZN3Peg8getImageEv)
                  0000e6ac    0000000c     Ball.o (.text._ZN4Ball4getXEv)
                  0000e6b8    0000000c     Ball.o (.text._ZN4Ball4getYEv)
                  0000e6c4    0000000c     Ball.o (.text._ZN4Ball8getImageEv)
                  0000e6d0    0000000c     Hole.o (.text._ZN4Hole4getXEv)
                  0000e6dc    0000000c     Hole.o (.text._ZN4Hole4getYEv)
                  0000e6e8    0000000c     Hole.o (.text._ZN4Hole8getImageEv)
                  0000e6f4    0000000c     Level.o (.text._ZN5Level8getImageEv)
                  0000e700    0000000c     libc++abi.a : cxa_handlers.cpp.obj (.text._ZSt15get_new_handlerv)
                  0000e70c    0000000c     libclang_rt.builtins.a : aeabi_memset.S.obj (.text.__aeabi_memclr)
                  0000e718    0000000c     libc.a : memory.c.obj (.text.malloc)
                  0000e724    0000000a     ST7735.o (.text._Z12ST7735_closei)
                  0000e72e    0000000a     ST7735.o (.text._Z13ST7735_unlinkPKc)
                  0000e738    0000000a     Lab9HMain.o (.text._Z8PLL_Initv)
                  0000e742    00000002     --HOLE-- [fill = 0]
                  0000e744    00000008     libclang_rt.builtins.a : aeabi_memcpy.S.obj (.text.__aeabi_memcpy)
                  0000e74c    00000008     libsysbm.a : remove.c.obj (.text.remove)
                  0000e754    00000004     startup_mspm0g3507_ticlang.o (.text.Reset_Handler)
                  0000e758    00000004     libc.a : pre_init.c.obj (.text._system_pre_init)
                  0000e75c    00000004     libc++abi.a : abort_message.cpp.obj (.text.abort_message)
                  0000e760    00000004     libc.a : exit.c.obj (.text:abort)
                  0000e764    0000000c     --HOLE-- [fill = 0]

.cinit     0    0000e770    00000098     
                  0000e770    0000006f     (.cinit..data.load) [load image, compression = lzss]
                  0000e7df    00000001     --HOLE-- [fill = 0]
                  0000e7e0    0000000c     (__TI_handler_table)
                  0000e7ec    00000008     (.cinit..bss.load) [load image, compression = zero_init]
                  0000e7f4    00000010     (__TI_cinit_table)
                  0000e804    00000004     --HOLE-- [fill = 0]

.rodata    0    000000c0    0000b858     
                  000000c0    0000a000     Level.o (.rodata._ZL6level1)
                  0000a0c0    00000900     Hole.o (.rodata._ZL6bucket)
                  0000a9c0    00000800     Ball.o (.rodata._ZL10angleTable)
                  0000b1c0    000004fb     ST7735.o (.rodata._ZL4Font)
                  0000b6bb    00000001     --HOLE-- [fill = 0]
                  0000b6bc    00000080     Ball.o (.rodata._ZL4ball)
                  0000b73c    00000080     Peg.o (.rodata._ZL7bluepeg)
                  0000b7bc    00000080     Peg.o (.rodata._ZL9orangepeg)
                  0000b83c    0000003b     ST7735.o (.rodata._ZL5Rcmd1)
                  0000b877    0000002d     libc++abi.a : stdlib_new_delete.cpp.obj (.rodata.str1.177346920702326194221)
                  0000b8a4    0000002b     ST7735.o (.rodata._ZL5Rcmd3)
                  0000b8cf    00000016     ST7735.o (.rodata.str1.120157123834947517821)
                  0000b8e5    0000000d     ST7735.o (.rodata._ZL10Rcmd2green)
                  0000b8f2    0000000d     ST7735.o (.rodata._ZL8Rcmd2red)
                  0000b8ff    00000008     ST7735.o (.rodata.str1.39562344344181558271)
                  0000b907    00000007     ST7735.o (.rodata.str1.121322603453744172521)
                  0000b90e    00000007     ST7735.o (.rodata.str1.175409668377903254331)
                  0000b915    00000002     ST7735.o (.rodata.str1.59249497501465847671)
                  0000b917    00000001     --HOLE-- [fill = 0]

.init_array 
*          0    0000b918    00000008     
                  0000b918    00000004     Lab9HMain.o (.init_array)
                  0000b91c    00000004     --HOLE-- [fill = 0]

.data      0    20200000    00000405     UNINITIALIZED
                  20200000    000001f4     Lab9HMain.o (.data.pegs)
                  202001f4    000000f0     libc.a : defs.c.obj (.data._ftable)
                  202002e4    00000078     libsysbm.a : host_device.c.obj (.data._device)
                  2020035c    00000050                : host_device.c.obj (.data._stream)
                  202003ac    00000014     Lab9HMain.o (.data.Sensor)
                  202003c0    00000008     libc.a : exit.c.obj (.data..L_MergedGlobals)
                  202003c8    00000004     Clock.o (.data.BusFreq)
                  202003cc    00000004     Sound.o (.data.Index)
                  202003d0    00000004     Lab9HMain.o (.data.M)
                  202003d4    00000004     ST7735.o (.data.StX)
                  202003d8    00000004     ST7735.o (.data.StY)
                  202003dc    00000004     libc.a : defs.c.obj (.data.__TI_ft_end)
                  202003e0    00000004     libc++abi.a : cxa_default_handlers.cpp.obj (.data.__cxa_new_handler)
                  202003e4    00000004     libc.a : _lock.c.obj (.data._lock)
                  202003e8    00000004            : _lock.c.obj (.data._unlock)
                  202003ec    00000004     Lab9HMain.o (.data.currBall)
                  202003f0    00000004     Lab9HMain.o (.data.movingHole)
                  202003f4    00000004     Sound.o (.data.outTable)
                  202003f8    00000002     ST7735.o (.data._ZL6_width)
                  202003fa    00000002     ST7735.o (.data._ZL7_height)
                  202003fc    00000001     libsysbm.a : add_device.c.obj (.data.add_device.device_init)
                  202003fd    00000001     Lab9HMain.o (.data.pegCount)
                  202003fe    00000002     --HOLE--
                  20200400    00000001     libc.a : memory.c.obj (.data.memory_is_initialized)
                  20200401    00000003     --HOLE--
                  20200404    00000001     libsysbm.a : open.c.obj (.data.open.stream_init)

.sysmem    0    20200408    00000200     UNINITIALIZED
                  20200408    00000010     libc.a : memory.c.obj (.sysmem)
                  20200418    000001f0     --HOLE--

.bss       0    20200608    000001e1     UNINITIALIZED
                  20200608    00000120     libsysbm.a : trgmsg.c.obj (.bss:_CIOBUF_)
                  20200728    000000a0     libc.a : defs.c.obj (.bss.__TI_tmpnams)
                  202007c8    00000008     libsysbm.a : hostopen.c.obj (.bss.parmbuf)
                  202007d0    00000004     TExaS.o (.bss.TExaSLogic)
                  202007d4    00000004     TExaS.o (.bss.TExaSadc)
                  202007d8    00000004     Lab9HMain.o (.bss.data)
                  202007dc    00000004     Lab9HMain.o (.bss.input)
                  202007e0    00000004     libc.a : memory.c.obj (.bss.sys_free)
                  202007e4    00000002     ST7735.o (.bss.StTextColor)
                  202007e6    00000001     ST7735.o (.bss._ZL8ColStart)
                  202007e7    00000001     ST7735.o (.bss._ZL8RowStart)
                  202007e8    00000001     ST7735.o (.bss._ZL8TabColor)

.stack     0    20207e00    00000200     UNINITIALIZED
                  20207e00    00000004     libc.a : boot_cortex_m.c.obj (.stack)
                  20207e04    000001fc     --HOLE--

__llvm_prf_cnts 
*          0    20200000    00000000     UNINITIALIZED

__llvm_prf_bits 
*          0    20200000    00000000     UNINITIALIZED

MODULE SUMMARY

       Module                         code    ro data   rw data
       ------                         ----    -------   -------
    .\
       Level.o                        84      40960     0      
       ST7735.o                       2586    1449      17     
       Ball.o                         846     2176      0      
       Hole.o                         160     2304      0      
       Lab9HMain.o                    1226    4         541    
       TExaS.o                        720     0         8      
       Clock.o                        516     0         4      
       SPI.o                          440     0         0      
       Peg.o                          166     256       0      
       Timer.o                        412     0         0      
       SlidePot.o                     238     0         0      
       LaunchPad.o                    180     0         0      
       Sound.o                        128     0         8      
       LED.o                          52      0         0      
       Switch.o                       52      0         0      
       DAC5.o                         8       0         0      
    +--+------------------------------+-------+---------+---------+
       Total:                         7814    47149     578    
                                                               
    .\ticlang\
       startup_mspm0g3507_ticlang.o   60      192       0      
    +--+------------------------------+-------+---------+---------+
       Total:                         60      192       0      
                                                               
    C:\ti\ccs2000\ccs\tools\compiler\ti-cgt-armllvm_4.0.1.LTS\lib\armv6m-ti-none-eabi/c/libc.a
       memory.c.obj                   702     0         5      
       fopen.c.obj                    556     0         0      
       defs.c.obj                     0       0         404    
       setvbuf.c.obj                  224     0         0      
       getdevice.c.obj                160     0         0      
       strcmp-armv6m.S.obj            136     0         0      
       copy_decompress_lzss.c.obj     124     0         0      
       fclose.c.obj                   124     0         0      
       autoinit.c.obj                 84      0         0      
       fflush.c.obj                   82      0         0      
       exit.c.obj                     56      0         8      
       boot_cortex_m.c.obj            40      0         0      
       copy_zero_init.c.obj           22      0         0      
       copy_decompress_none.c.obj     18      0         0      
       memcpy16.S.obj                 18      0         0      
       memset16.S.obj                 14      0         0      
       _lock.c.obj                    2       0         8      
       pre_init.c.obj                 4       0         0      
    +--+------------------------------+-------+---------+---------+
       Total:                         2366    0         425    
                                                               
    C:\ti\ccs2000\ccs\tools\compiler\ti-cgt-armllvm_4.0.1.LTS\lib\armv6m-ti-none-eabi/c/libsysbm.a
       trgmsg.c.obj                   104     0         288    
       add_device.c.obj               236     0         1      
       host_device.c.obj              0       0         200    
       open.c.obj                     160     0         1      
       hostrename.c.obj               136     0         0      
       hostlseek.c.obj                108     0         0      
       hostopen.c.obj                 96      0         8      
       hostread.c.obj                 88      0         0      
       hostwrite.c.obj                88      0         0      
       close.c.obj                    80      0         0      
       hostclose.c.obj                72      0         0      
       hostunlink.c.obj               72      0         0      
       unlink.c.obj                   44      0         0      
       write.c.obj                    40      0         0      
       remove.c.obj                   8       0         0      
    +--+------------------------------+-------+---------+---------+
       Total:                         1332    0         498    
                                                               
    C:\ti\ccs2000\ccs\tools\compiler\ti-cgt-armllvm_4.0.1.LTS\lib\armv6m-ti-none-eabi/libc++abi.a
       stdlib_new_delete.cpp.obj      70      45        0      
       cxa_handlers.cpp.obj           12      0         0      
       abort_message.cpp.obj          4       0         0      
       cxa_default_handlers.cpp.obj   0       0         4      
    +--+------------------------------+-------+---------+---------+
       Total:                         86      45        4      
                                                               
    C:\ti\ccs2000\ccs\tools\compiler\ti-cgt-armllvm_4.0.1.LTS\lib\armv6m-ti-none-eabi/libclang_rt.builtins.a
       aeabi_idivmod.S.obj            86      0         0      
       aeabi_uidivmod.S.obj           64      0         0      
       aeabi_memset.S.obj             12      0         0      
       aeabi_memcpy.S.obj             8       0         0      
       aeabi_div0.c.obj               2       0         0      
    +--+------------------------------+-------+---------+---------+
       Total:                         172     0         0      
                                                               
       Heap:                          0       0         512    
       Stack:                         0       0         512    
       Linker Generated:              0       147       0      
    +--+------------------------------+-------+---------+---------+
       Grand Total:                   11830   47533     2529   


LINKER GENERATED COPY TABLES

__TI_cinit_table @ 0000e7f4 records: 2, size/record: 8, table size: 16
	.data: load addr=0000e770, load size=0000006f bytes, run addr=20200000, run size=00000405 bytes, compression=lzss
	.bss: load addr=0000e7ec, load size=00000008 bytes, run addr=20200608, run size=000001e1 bytes, compression=zero_init


LINKER GENERATED HANDLER TABLE

__TI_handler_table @ 0000e7e0 records: 3, size/record: 4, table size: 12
	index: 0, handler: __TI_decompress_lzss
	index: 1, handler: __TI_decompress_none
	index: 2, handler: __TI_zero_init


GLOBAL SYMBOLS: SORTED ALPHABETICALLY BY Name 

address   name                             
-------   ----                             
0000e485  ADC0_IRQHandler                  
0000e485  ADC1_IRQHandler                  
0000e485  AES_IRQHandler                   
202003c8  BusFreq                          
0000e760  C$$EXIT                          
0000e105  C$$IO$$                          
0000e485  CANFD0_IRQHandler                
0000e485  DAC0_IRQHandler                  
0000e485  DMA_IRQHandler                   
0000e485  Default_Handler                  
0000e485  GROUP0_IRQHandler                
0000e485  GROUP1_IRQHandler                
0000dc4d  HOSTclose                        
0000d62d  HOSTlseek                        
0000d7d5  HOSTopen                         
0000d951  HOSTread                         
0000d699  HOSTrename                       
0000dc95  HOSTunlink                       
0000d9a9  HOSTwrite                        
0000e4a1  HardFault_Handler                
0000e485  I2C0_IRQHandler                  
0000e485  I2C1_IRQHandler                  
202003cc  Index                            
202003d0  M                                
0000e485  NMI_Handler                      
0000e485  PendSV_Handler                   
0000e485  RTC_IRQHandler                   
0000e755  Reset_Handler                    
0000b918  SHT$$INIT_ARRAY$$Base            
0000b91c  SHT$$INIT_ARRAY$$Limit           
0000e485  SPI0_IRQHandler                  
0000e485  SPI1_IRQHandler                  
0000e485  SVC_Handler                      
202003ac  Sensor                           
202007e4  StTextColor                      
202003d4  StX                              
202003d8  StY                              
0000e1dd  SysTick_Handler                  
202007d0  TExaSLogic                       
202007d4  TExaSadc                         
0000e485  TIMA0_IRQHandler                 
0000e485  TIMA1_IRQHandler                 
0000e485  TIMG0_IRQHandler                 
0000c749  TIMG12_IRQHandler                
0000e485  TIMG6_IRQHandler                 
0000ddf9  TIMG7_IRQHandler                 
0000e485  TIMG8_IRQHandler                 
0000e5a9  TI_memcpy_small                  
0000e66f  TI_memset_small                  
0000e485  UART0_IRQHandler                 
0000e485  UART1_IRQHandler                 
0000e485  UART2_IRQHandler                 
0000e485  UART3_IRQHandler                 
20200608  _CIOBUF_                         
0000e67d  _Z10Clock_Freqv                  
0000e581  _Z10SeedRandomj                  
0000dbad  _Z10Sound_Initv                  
0000da01  _Z10TExaS_InitP10ADC12_RegsjPFhvE
0000e5cd  _Z11Clock_Delayj                 
0000def9  _Z11SPI_OutDatac                 
0000e4bd  _Z11ST7735_openPKcji             
0000e541  _Z11ST7735_readiPcj              
0000e5dd  _Z11Switch_Initv                 
0000cf15  _Z12ST7735_InitR10initRFlags     
0000e725  _Z12ST7735_closei                
0000e61b  _Z12ST7735_lseekili              
0000dfa1  _Z12ST7735_writeiPKcj            
0000e689  _Z13ST7735_renamePKcS0_          
0000e72f  _Z13ST7735_unlinkPKc             
0000d835  _Z13TimerG12_Initv               
0000dfd5  _Z14Clock_Delay1msj              
0000d43d  _Z14LaunchPad_Initv              
0000dcdd  _Z14SPI_OutCommandc              
0000ca31  _Z14ST7735_OutCharc              
0000cdc9  _Z14TimerG7_IntArmtjj            
0000df31  _Z15ActivatePortA_Bv             
0000bdf5  _Z15Clock_Init80MHzi             
0000e1a9  _Z15ST7735_Color565hhh           
0000bfa9  _Z15ST7735_DrawCharsscssh        
0000c51d  _Z15ST7735_FillRectsssst         
0000d18d  _Z15TimerG12_IntArmjj            
0000e009  _Z16ST7735_SetCursorjj           
0000bbe5  _Z17ST7735_DrawBitmapssPKtss     
0000d339  _Z17ST7735_DrawStringttPcs       
0000e29d  _Z17ST7735_FillScreent           
0000cfb5  _Z17ST7735_InitPrintf10initRFlags
0000e695  _Z22__throw_bad_alloc_shimv      
0000e5ed  _Z28TExaS_LaunchPadLogicPB27PB26v
0000e511  _Z6Randomj                       
0000c3f5  _Z8ADC_InitP10ADC12_Regsjj       
0000d2a9  _Z8DAC5_Outj                     
0000e03d  _Z8LED_Initv                     
0000e739  _Z8PLL_Initv                     
0000e405  _Z8Random32v                     
0000c84d  _Z8SPI_Initv                     
0000e2f5  _Z9ADC_StartP10ADC12_Regs        
0000de39  _Z9SPI_Resetv                    
0000e3bd  _Z9Switch_Inv                    
0000cb19  _Z9UART_Initv                    
0000e5fd  _ZN10GameObjectC2Ev              
0000e629  _ZN3Peg4getXEv                   
0000e637  _ZN3Peg4getYEv                   
0000d8f5  _ZN3Peg4initEssaa                
0000e6a1  _ZN3Peg8getImageEv               
0000e3e1  _ZN3PegC1Ev                      
0000e3e1  _ZN3PegC2Ev                      
0000d895  _ZN4Ball14checkCollisionEtt      
0000e6ad  _ZN4Ball4getXEv                  
0000e6b9  _ZN4Ball4getYEv                  
0000d3bd  _ZN4Ball5isqrtEi                 
0000c2a5  _ZN4Ball6bounceEtt               
0000e6c5  _ZN4Ball8getImageEv              
0000d0f5  _ZN4Ball8moveBallEv              
0000dab1  _ZN4BallC1Eh                     
0000dab1  _ZN4BallC2Eh                     
0000e6d1  _ZN4Hole4getXEv                  
0000e6dd  _ZN4Hole4getYEv                  
0000e6e9  _ZN4Hole8getImageEv              
0000ddb5  _ZN4Hole8moveHoleEv              
0000df69  _ZN4HoleC1Ev                     
0000df69  _ZN4HoleC2Ev                     
0000e6f5  _ZN5Level8getImageEv             
0000dd25  _ZN5LevelC1Eh                    
0000dd25  _ZN5LevelC2Eh                    
0000dd6d  _ZN8SlidePot2InEv                
0000d4b9  _ZN8SlidePot4InitEv              
0000e4d9  _ZN8SlidePot7ConvertEj           
0000e645  _ZN8SlidePotC1Ejj                
0000e645  _ZN8SlidePotC2Ejj                
0000e701  _ZSt15get_new_handlerv           
0000e595  _Znwj                            
20200608  __CIOBUF_                        
20208000  __STACK_END                      
00000200  __STACK_SIZE                     
00000200  __SYSMEM_SIZE                    
00000000  __TI_ATRegion0_region_sz         
00000000  __TI_ATRegion0_src_addr          
00000000  __TI_ATRegion0_trg_addr          
00000000  __TI_ATRegion1_region_sz         
00000000  __TI_ATRegion1_src_addr          
00000000  __TI_ATRegion1_trg_addr          
00000000  __TI_ATRegion2_region_sz         
00000000  __TI_ATRegion2_src_addr          
00000000  __TI_ATRegion2_trg_addr          
0000e7f4  __TI_CINIT_Base                  
0000e804  __TI_CINIT_Limit                 
0000e804  __TI_CINIT_Warm                  
0000e7e0  __TI_Handler_Table_Base          
0000e7ec  __TI_Handler_Table_Limit         
0000db05  __TI_auto_init_nobinit           
0000e071  __TI_cleanup                     
202003c0  __TI_cleanup_ptr                 
0000d535  __TI_closefile                   
0000d5b1  __TI_decompress_lzss             
0000e5bb  __TI_decompress_none             
0000db59  __TI_doflush                     
202003c4  __TI_dtors_ptr                   
202003dc  __TI_ft_end                      
ffffffff  __TI_pprof_out_hndl              
ffffffff  __TI_prof_data_size              
ffffffff  __TI_prof_data_start             
0000e0a5  __TI_readmsg                     
00000000  __TI_static_base__               
20200728  __TI_tmpnams                     
0000e0d9  __TI_writemsg                    
0000e557  __TI_zero_init_nomemset          
0000da59  __aeabi_idiv                     
0000cf13  __aeabi_idiv0                    
0000da59  __aeabi_idivmod                  
0000e70d  __aeabi_memclr                   
0000e70d  __aeabi_memclr4                  
0000e70d  __aeabi_memclr8                  
0000e745  __aeabi_memcpy                   
0000e745  __aeabi_memcpy4                  
0000e745  __aeabi_memcpy8                  
0000de79  __aeabi_uidiv                    
0000de79  __aeabi_uidivmod                 
ffffffff  __binit__                        
202003e0  __cxa_new_handler                
UNDEFED   __mpu_init                       
20207e00  __stack                          
20200000  __start___llvm_prf_bits          
20200000  __start___llvm_prf_cnts          
20200000  __stop___llvm_prf_bits           
20200000  __stop___llvm_prf_cnts           
0000e36d  _c_int00_noargs                  
202002e4  _device                          
202001f4  _ftable                          
202003e4  _lock                            
0000d43b  _nop                             
2020035c  _stream                          
20200408  _sys_memory                      
UNDEFED   _system_post_cinit               
0000e759  _system_pre_init                 
202003e8  _unlock                          
0000e761  abort                            
0000e75d  abort_message                    
0000c945  add_device                       
0000c635  aligned_alloc                    
ffffffff  binit                            
0000dbfd  close                            
202003ec  currBall                         
202007d8  data                             
0000e10d  exit                             
0000e141  finddevice                       
0000e26d  fopen                            
0000cc01  free                             
0000e175  freopen                          
0000d705  getdevice                        
202007dc  input                            
00000000  interruptVectors                 
0000b921  main                             
0000e719  malloc                           
0000c635  memalign                         
202003f0  movingHole                       
0000d055  open                             
202003f4  outTable                         
202007c8  parmbuf                          
202003fd  pegCount                         
20200000  pegs                             
0000e74d  remove                           
0000cce9  setvbuf                          
0000d2b1  strcmp                           
0000e2c9  unlink                           
0000e345  write                            


GLOBAL SYMBOLS: SORTED BY Symbol Address 

address   name                             
-------   ----                             
00000000  __TI_ATRegion0_region_sz         
00000000  __TI_ATRegion0_src_addr          
00000000  __TI_ATRegion0_trg_addr          
00000000  __TI_ATRegion1_region_sz         
00000000  __TI_ATRegion1_src_addr          
00000000  __TI_ATRegion1_trg_addr          
00000000  __TI_ATRegion2_region_sz         
00000000  __TI_ATRegion2_src_addr          
00000000  __TI_ATRegion2_trg_addr          
00000000  __TI_static_base__               
00000000  interruptVectors                 
00000200  __STACK_SIZE                     
00000200  __SYSMEM_SIZE                    
0000b918  SHT$$INIT_ARRAY$$Base            
0000b91c  SHT$$INIT_ARRAY$$Limit           
0000b921  main                             
0000bbe5  _Z17ST7735_DrawBitmapssPKtss     
0000bdf5  _Z15Clock_Init80MHzi             
0000bfa9  _Z15ST7735_DrawCharsscssh        
0000c2a5  _ZN4Ball6bounceEtt               
0000c3f5  _Z8ADC_InitP10ADC12_Regsjj       
0000c51d  _Z15ST7735_FillRectsssst         
0000c635  aligned_alloc                    
0000c635  memalign                         
0000c749  TIMG12_IRQHandler                
0000c84d  _Z8SPI_Initv                     
0000c945  add_device                       
0000ca31  _Z14ST7735_OutCharc              
0000cb19  _Z9UART_Initv                    
0000cc01  free                             
0000cce9  setvbuf                          
0000cdc9  _Z14TimerG7_IntArmtjj            
0000cf13  __aeabi_idiv0                    
0000cf15  _Z12ST7735_InitR10initRFlags     
0000cfb5  _Z17ST7735_InitPrintf10initRFlags
0000d055  open                             
0000d0f5  _ZN4Ball8moveBallEv              
0000d18d  _Z15TimerG12_IntArmjj            
0000d2a9  _Z8DAC5_Outj                     
0000d2b1  strcmp                           
0000d339  _Z17ST7735_DrawStringttPcs       
0000d3bd  _ZN4Ball5isqrtEi                 
0000d43b  _nop                             
0000d43d  _Z14LaunchPad_Initv              
0000d4b9  _ZN8SlidePot4InitEv              
0000d535  __TI_closefile                   
0000d5b1  __TI_decompress_lzss             
0000d62d  HOSTlseek                        
0000d699  HOSTrename                       
0000d705  getdevice                        
0000d7d5  HOSTopen                         
0000d835  _Z13TimerG12_Initv               
0000d895  _ZN4Ball14checkCollisionEtt      
0000d8f5  _ZN3Peg4initEssaa                
0000d951  HOSTread                         
0000d9a9  HOSTwrite                        
0000da01  _Z10TExaS_InitP10ADC12_RegsjPFhvE
0000da59  __aeabi_idiv                     
0000da59  __aeabi_idivmod                  
0000dab1  _ZN4BallC1Eh                     
0000dab1  _ZN4BallC2Eh                     
0000db05  __TI_auto_init_nobinit           
0000db59  __TI_doflush                     
0000dbad  _Z10Sound_Initv                  
0000dbfd  close                            
0000dc4d  HOSTclose                        
0000dc95  HOSTunlink                       
0000dcdd  _Z14SPI_OutCommandc              
0000dd25  _ZN5LevelC1Eh                    
0000dd25  _ZN5LevelC2Eh                    
0000dd6d  _ZN8SlidePot2InEv                
0000ddb5  _ZN4Hole8moveHoleEv              
0000ddf9  TIMG7_IRQHandler                 
0000de39  _Z9SPI_Resetv                    
0000de79  __aeabi_uidiv                    
0000de79  __aeabi_uidivmod                 
0000def9  _Z11SPI_OutDatac                 
0000df31  _Z15ActivatePortA_Bv             
0000df69  _ZN4HoleC1Ev                     
0000df69  _ZN4HoleC2Ev                     
0000dfa1  _Z12ST7735_writeiPKcj            
0000dfd5  _Z14Clock_Delay1msj              
0000e009  _Z16ST7735_SetCursorjj           
0000e03d  _Z8LED_Initv                     
0000e071  __TI_cleanup                     
0000e0a5  __TI_readmsg                     
0000e0d9  __TI_writemsg                    
0000e105  C$$IO$$                          
0000e10d  exit                             
0000e141  finddevice                       
0000e175  freopen                          
0000e1a9  _Z15ST7735_Color565hhh           
0000e1dd  SysTick_Handler                  
0000e26d  fopen                            
0000e29d  _Z17ST7735_FillScreent           
0000e2c9  unlink                           
0000e2f5  _Z9ADC_StartP10ADC12_Regs        
0000e345  write                            
0000e36d  _c_int00_noargs                  
0000e3bd  _Z9Switch_Inv                    
0000e3e1  _ZN3PegC1Ev                      
0000e3e1  _ZN3PegC2Ev                      
0000e405  _Z8Random32v                     
0000e485  ADC0_IRQHandler                  
0000e485  ADC1_IRQHandler                  
0000e485  AES_IRQHandler                   
0000e485  CANFD0_IRQHandler                
0000e485  DAC0_IRQHandler                  
0000e485  DMA_IRQHandler                   
0000e485  Default_Handler                  
0000e485  GROUP0_IRQHandler                
0000e485  GROUP1_IRQHandler                
0000e485  I2C0_IRQHandler                  
0000e485  I2C1_IRQHandler                  
0000e485  NMI_Handler                      
0000e485  PendSV_Handler                   
0000e485  RTC_IRQHandler                   
0000e485  SPI0_IRQHandler                  
0000e485  SPI1_IRQHandler                  
0000e485  SVC_Handler                      
0000e485  TIMA0_IRQHandler                 
0000e485  TIMA1_IRQHandler                 
0000e485  TIMG0_IRQHandler                 
0000e485  TIMG6_IRQHandler                 
0000e485  TIMG8_IRQHandler                 
0000e485  UART0_IRQHandler                 
0000e485  UART1_IRQHandler                 
0000e485  UART2_IRQHandler                 
0000e485  UART3_IRQHandler                 
0000e4a1  HardFault_Handler                
0000e4bd  _Z11ST7735_openPKcji             
0000e4d9  _ZN8SlidePot7ConvertEj           
0000e511  _Z6Randomj                       
0000e541  _Z11ST7735_readiPcj              
0000e557  __TI_zero_init_nomemset          
0000e581  _Z10SeedRandomj                  
0000e595  _Znwj                            
0000e5a9  TI_memcpy_small                  
0000e5bb  __TI_decompress_none             
0000e5cd  _Z11Clock_Delayj                 
0000e5dd  _Z11Switch_Initv                 
0000e5ed  _Z28TExaS_LaunchPadLogicPB27PB26v
0000e5fd  _ZN10GameObjectC2Ev              
0000e61b  _Z12ST7735_lseekili              
0000e629  _ZN3Peg4getXEv                   
0000e637  _ZN3Peg4getYEv                   
0000e645  _ZN8SlidePotC1Ejj                
0000e645  _ZN8SlidePotC2Ejj                
0000e66f  TI_memset_small                  
0000e67d  _Z10Clock_Freqv                  
0000e689  _Z13ST7735_renamePKcS0_          
0000e695  _Z22__throw_bad_alloc_shimv      
0000e6a1  _ZN3Peg8getImageEv               
0000e6ad  _ZN4Ball4getXEv                  
0000e6b9  _ZN4Ball4getYEv                  
0000e6c5  _ZN4Ball8getImageEv              
0000e6d1  _ZN4Hole4getXEv                  
0000e6dd  _ZN4Hole4getYEv                  
0000e6e9  _ZN4Hole8getImageEv              
0000e6f5  _ZN5Level8getImageEv             
0000e701  _ZSt15get_new_handlerv           
0000e70d  __aeabi_memclr                   
0000e70d  __aeabi_memclr4                  
0000e70d  __aeabi_memclr8                  
0000e719  malloc                           
0000e725  _Z12ST7735_closei                
0000e72f  _Z13ST7735_unlinkPKc             
0000e739  _Z8PLL_Initv                     
0000e745  __aeabi_memcpy                   
0000e745  __aeabi_memcpy4                  
0000e745  __aeabi_memcpy8                  
0000e74d  remove                           
0000e755  Reset_Handler                    
0000e759  _system_pre_init                 
0000e75d  abort_message                    
0000e760  C$$EXIT                          
0000e761  abort                            
0000e7e0  __TI_Handler_Table_Base          
0000e7ec  __TI_Handler_Table_Limit         
0000e7f4  __TI_CINIT_Base                  
0000e804  __TI_CINIT_Limit                 
0000e804  __TI_CINIT_Warm                  
20200000  __start___llvm_prf_bits          
20200000  __start___llvm_prf_cnts          
20200000  __stop___llvm_prf_bits           
20200000  __stop___llvm_prf_cnts           
20200000  pegs                             
202001f4  _ftable                          
202002e4  _device                          
2020035c  _stream                          
202003ac  Sensor                           
202003c0  __TI_cleanup_ptr                 
202003c4  __TI_dtors_ptr                   
202003c8  BusFreq                          
202003cc  Index                            
202003d0  M                                
202003d4  StX                              
202003d8  StY                              
202003dc  __TI_ft_end                      
202003e0  __cxa_new_handler                
202003e4  _lock                            
202003e8  _unlock                          
202003ec  currBall                         
202003f0  movingHole                       
202003f4  outTable                         
202003fd  pegCount                         
20200408  _sys_memory                      
20200608  _CIOBUF_                         
20200608  __CIOBUF_                        
20200728  __TI_tmpnams                     
202007c8  parmbuf                          
202007d0  TExaSLogic                       
202007d4  TExaSadc                         
202007d8  data                             
202007dc  input                            
202007e4  StTextColor                      
20207e00  __stack                          
20208000  __STACK_END                      
ffffffff  __TI_pprof_out_hndl              
ffffffff  __TI_prof_data_size              
ffffffff  __TI_prof_data_start             
ffffffff  __binit__                        
ffffffff  binit                            
UNDEFED   __mpu_init                       
UNDEFED   _system_post_cinit               

[225 symbols]
