******************************************************************************
            TI ARM Clang Linker PC v4.0.1                      
******************************************************************************
>> Linked Sat Apr 19 19:53:40 2025

OUTPUT FILE NAME:   <ECE319K_Lab9H.out>
ENTRY POINT SYMBOL: "_c_int00_noargs"  address: 0000ddcd


MEMORY CONFIGURATION

         name            origin    length      used     unused   attr    fill
----------------------  --------  ---------  --------  --------  ----  --------
  FLASH                 00000000   00020000  0000e228  00011dd8  R  X
  SRAM                  20200000   00008000  000007f2  0000780e  RW X
  BCR_CONFIG            41c00000   00000080  00000000  00000080  R   
  BSL_CONFIG            41c00100   00000080  00000000  00000080  R   


SEGMENT ALLOCATION MAP

run origin  load origin   length   init length attrs members
----------  ----------- ---------- ----------- ----- -------
00000000    00000000    0000e228   0000e228    r-x
  00000000    00000000    000000c0   000000c0    r-- .intvecs
  000000c0    000000c0    0000b758   0000b758    r-- .rodata
  0000b818    0000b818    00000008   00000008    r-- .init_array
  0000b820    0000b820    00002970   00002970    r-x .text
  0000e190    0000e190    00000098   00000098    r-- .cinit
20200000    20200000    000005f9   00000000    rw-
  20200000    20200000    00000211   00000000    rw- .data
  20200218    20200218    00000200   00000000    rw- .sysmem
  20200418    20200418    000001e1   00000000    rw- .bss
20207e00    20207e00    00000200   00000000    rw-
  20207e00    20207e00    00000200   00000000    rw- .stack


SECTION ALLOCATION MAP

 output                                  attributes/
section   page    origin      length       input sections
--------  ----  ----------  ----------   ----------------
.intvecs   0    00000000    000000c0     
                  00000000    000000c0     startup_mspm0g3507_ticlang.o (.intvecs)

.binit     0    00000000    00000000     

.text      0    0000b820    00002970     
                  0000b820    00000210     ST7735.o (.text._Z17ST7735_DrawBitmapssPKtss)
                  0000ba30    000001b4     Clock.o (.text._Z15Clock_Init80MHzi)
                  0000bbe4    000001a8     ST7735.o (.text._Z15ST7735_DrawCharsscssh)
                  0000bd8c    00000154     libc.a : fopen.c.obj (.text._openfile)
                  0000bee0    00000128     TExaS.o (.text._Z8ADC_InitP10ADC12_Regsjj)
                  0000c008    00000128     Lab9HMain.o (.text.main)
                  0000c130    00000118     ST7735.o (.text._Z15ST7735_FillRectsssst)
                  0000c248    00000114     libc.a : memory.c.obj (.text.aligned_alloc)
                  0000c35c    000000f8     SPI.o (.text._Z8SPI_Initv)
                  0000c454    000000ec     libsysbm.a : add_device.c.obj (.text.add_device)
                  0000c540    000000e8     ST7735.o (.text._Z14ST7735_OutCharc)
                  0000c628    000000e8     TExaS.o (.text._Z9UART_Initv)
                  0000c710    000000e8     libc.a : memory.c.obj (.text.free)
                  0000c7f8    000000e0            : setvbuf.c.obj (.text.setvbuf)
                  0000c8d8    000000a8     Timer.o (.text._Z14TimerG7_IntArmtjj)
                  0000c980    000000a2     ST7735.o (.text._ZL11commandListPKh)
                  0000ca22    00000002     libclang_rt.builtins.a : aeabi_div0.c.obj (.text.__aeabi_idiv0)
                  0000ca24    000000a0     Lab9HMain.o (.text.TIMG12_IRQHandler)
                  0000cac4    000000a0     ST7735.o (.text._Z12ST7735_InitR10initRFlags)
                  0000cb64    000000a0     ST7735.o (.text._Z17ST7735_InitPrintf10initRFlags)
                  0000cc04    000000a0     libsysbm.a : open.c.obj (.text.open)
                  0000cca4    00000094     Timer.o (.text._Z15TimerG12_IntArmjj)
                  0000cd38    00000088     ST7735.o (.text._ZL13setAddrWindowhhhh)
                  0000cdc0    00000088     libc.a : strcmp-armv6m.S.obj (.text:strcmp)
                  0000ce48    00000084     ST7735.o (.text._Z17ST7735_DrawStringttPcs)
                  0000cecc    0000007c     LaunchPad.o (.text._Z14LaunchPad_Initv)
                  0000cf48    0000007c     SlidePot.o (.text._ZN8SlidePot4InitEv)
                  0000cfc4    0000007c     libc.a : fclose.c.obj (.text.__TI_closefile)
                  0000d040    0000007c            : copy_decompress_lzss.c.obj (.text:decompress:lzss)
                  0000d0bc    0000006c     libsysbm.a : hostlseek.c.obj (.text.HOSTlseek)
                  0000d128    0000006c                : hostrename.c.obj (.text.HOSTrename)
                  0000d194    0000006c     libc.a : getdevice.c.obj (.text.getdevice)
                  0000d200    0000006a     Ball.o (.text._ZN4Ball8moveBallEv)
                  0000d26a    00000002     libc.a : _lock.c.obj (.text._nop)
                  0000d26c    00000068     Ball.o (.text._ZN4BallC2Ei)
                  0000d2d4    00000064     libc.a : memory.c.obj (.text.split)
                  0000d338    00000060     libsysbm.a : hostopen.c.obj (.text.HOSTopen)
                  0000d398    00000060     Timer.o (.text._Z13TimerG12_Initv)
                  0000d3f8    00000058     libsysbm.a : hostread.c.obj (.text.HOSTread)
                  0000d450    00000058                : hostwrite.c.obj (.text.HOSTwrite)
                  0000d4a8    00000058     TExaS.o (.text._Z10TExaS_InitP10ADC12_RegsjPFhvE)
                  0000d500    00000056     libclang_rt.builtins.a : aeabi_idivmod.S.obj (.text.__aeabi_idivmod)
                  0000d556    00000002     --HOLE-- [fill = 0]
                  0000d558    00000054     libc.a : autoinit.c.obj (.text:__TI_auto_init_nobinit)
                  0000d5ac    00000052            : fflush.c.obj (.text.__TI_doflush)
                  0000d5fe    00000002     --HOLE-- [fill = 0]
                  0000d600    00000050     Sound.o (.text._Z10Sound_Initv)
                  0000d650    00000050     Ball.o (.text._ZN4Ball5resetEi)
                  0000d6a0    00000050     libsysbm.a : close.c.obj (.text.close)
                  0000d6f0    00000048                : hostclose.c.obj (.text.HOSTclose)
                  0000d738    00000048                : hostunlink.c.obj (.text.HOSTunlink)
                  0000d780    00000048     SPI.o (.text._Z14SPI_OutCommandc)
                  0000d7c8    00000048     SlidePot.o (.text._ZN8SlidePot2InEv)
                  0000d810    00000044     Hole.o (.text._ZN4Hole8moveHoleEv)
                  0000d854    00000040     TExaS.o (.text.TIMG7_IRQHandler)
                  0000d894    00000040     SPI.o (.text._Z9SPI_Resetv)
                  0000d8d4    00000040     libclang_rt.builtins.a : aeabi_uidivmod.S.obj (.text.__aeabi_uidivmod)
                  0000d914    00000040     libc.a : fopen.c.obj (.text._search_fp)
                  0000d954    00000038     SPI.o (.text._Z11SPI_OutDatac)
                  0000d98c    00000038     LaunchPad.o (.text._Z15ActivatePortA_Bv)
                  0000d9c4    00000038     Hole.o (.text._ZN4HoleC2Ev)
                  0000d9fc    00000034     ST7735.o (.text._Z12ST7735_writeiPKcj)
                  0000da30    00000034     Clock.o (.text._Z14Clock_Delay1msj)
                  0000da64    00000034     ST7735.o (.text._Z16ST7735_SetCursorjj)
                  0000da98    00000034     LED.o (.text._Z8LED_Initv)
                  0000dacc    00000034     Level.o (.text._ZN5LevelC2Eh)
                  0000db00    00000034     libc.a : fopen.c.obj (.text.__TI_cleanup)
                  0000db34    00000034     libsysbm.a : trgmsg.c.obj (.text.__TI_readmsg)
                  0000db68    00000034                : trgmsg.c.obj (.text.__TI_writemsg)
                  0000db9c    00000034     libc.a : exit.c.obj (.text.exit)
                  0000dbd0    00000034            : getdevice.c.obj (.text.finddevice)
                  0000dc04    00000034            : fopen.c.obj (.text.freopen)
                  0000dc38    00000032     ST7735.o (.text._Z15ST7735_Color565hhh)
                  0000dc6a    00000002     --HOLE-- [fill = 0]
                  0000dc6c    00000030     Sound.o (.text.SysTick_Handler)
                  0000dc9c    00000030     ST7735.o (.text._ZL10commonInitPKh)
                  0000dccc    00000030     libc.a : fopen.c.obj (.text.fopen)
                  0000dcfc    0000002c     ST7735.o (.text._Z17ST7735_FillScreent)
                  0000dd28    0000002c     libsysbm.a : unlink.c.obj (.text.unlink)
                  0000dd54    00000028     TExaS.o (.text._Z9ADC_StartP10ADC12_Regs)
                  0000dd7c    00000028     libc.a : memory.c.obj (.text.free_list_insert)
                  0000dda4    00000028     libsysbm.a : write.c.obj (.text.write)
                  0000ddcc    00000028     libc.a : boot_cortex_m.c.obj (.text:_c_int00_noargs)
                  0000ddf4    00000026     libc++abi.a : stdlib_new_delete.cpp.obj (.text._ZL17operator_new_implj)
                  0000de1a    00000002     --HOLE-- [fill = 0]
                  0000de1c    00000024     Switch.o (.text._Z9Switch_Inv)
                  0000de40    00000020     Lab9HMain.o (.text.__cxx_global_var_init.1)
                  0000de60    00000020     Lab9HMain.o (.text.__cxx_global_var_init.2)
                  0000de80    00000020     Lab9HMain.o (.text.__cxx_global_var_init.3)
                  0000dea0    0000001e     ST7735.o (.text._ZL9pushColort)
                  0000debe    00000002     --HOLE-- [fill = 0]
                  0000dec0    0000001c     startup_mspm0g3507_ticlang.o (.text.Default_Handler)
                  0000dedc    0000001c     startup_mspm0g3507_ticlang.o (.text.HardFault_Handler)
                  0000def8    0000001c     ST7735.o (.text._Z11ST7735_openPKcji)
                  0000df14    0000001c     SlidePot.o (.text._ZN8SlidePot7ConvertEj)
                  0000df30    0000001c     libc.a : memory.c.obj (.text.free_list_remove)
                  0000df4c    00000018     Lab9HMain.o (.text.__cxx_global_var_init)
                  0000df64    00000016     ST7735.o (.text._Z11ST7735_readiPcj)
                  0000df7a    00000016     libc.a : copy_zero_init.c.obj (.text:decompress:ZI:__TI_zero_init_nomemset)
                  0000df90    00000014     Lab9HMain.o (.text._GLOBAL__sub_I_Lab9HMain.cpp)
                  0000dfa4    00000014     Ball.o (.text._ZN4Ball11IncrementVYEv)
                  0000dfb8    00000014     libc++abi.a : stdlib_new_delete.cpp.obj (.text._Znwj)
                  0000dfcc    00000012     Ball.o (.text._ZN4Ball10setCounterEa)
                  0000dfde    00000012     libc.a : memcpy16.S.obj (.text:TI_memcpy_small)
                  0000dff0    00000012            : copy_decompress_none.c.obj (.text:decompress:none)
                  0000e002    00000010     Clock.o (.text._Z11Clock_Delayj)
                  0000e012    00000002     --HOLE-- [fill = 0]
                  0000e014    00000010     Switch.o (.text._Z11Switch_Initv)
                  0000e024    00000010     Lab9HMain.o (.text._Z28TExaS_LaunchPadLogicPB27PB26v)
                  0000e034    00000010     Ball.o (.text._ZN10GameObjectC2Ev)
                  0000e044    0000000e     libc.a : memory.c.obj (.text.OUTLINED_FUNCTION_0)
                  0000e052    0000000e     ST7735.o (.text._Z12ST7735_lseekili)
                  0000e060    0000000e     Ball.o (.text._ZN4Ball10getCounterEv)
                  0000e06e    0000000e     SlidePot.o (.text._ZN8SlidePotC2Ejj)
                  0000e07c    0000000e     libsysbm.a : hostrename.c.obj (.text.strcpy)
                  0000e08a    0000000e                : hostrename.c.obj (.text.strlen)
                  0000e098    0000000e     libc.a : memset16.S.obj (.text:TI_memset_small)
                  0000e0a6    00000002     --HOLE-- [fill = 0]
                  0000e0a8    0000000c     Clock.o (.text._Z10Clock_Freqv)
                  0000e0b4    0000000c     ST7735.o (.text._Z13ST7735_renamePKcS0_)
                  0000e0c0    0000000c     libc++abi.a : stdlib_new_delete.cpp.obj (.text._Z22__throw_bad_alloc_shimv)
                  0000e0cc    0000000c     Ball.o (.text._ZN4Ball4getXEv)
                  0000e0d8    0000000c     Ball.o (.text._ZN4Ball4getYEv)
                  0000e0e4    0000000c     Ball.o (.text._ZN4Ball8getImageEv)
                  0000e0f0    0000000c     Hole.o (.text._ZN4Hole4getXEv)
                  0000e0fc    0000000c     Hole.o (.text._ZN4Hole4getYEv)
                  0000e108    0000000c     Hole.o (.text._ZN4Hole8getImageEv)
                  0000e114    0000000c     Level.o (.text._ZN5Level8getImageEv)
                  0000e120    0000000c     libc++abi.a : cxa_handlers.cpp.obj (.text._ZSt15get_new_handlerv)
                  0000e12c    0000000c     libclang_rt.builtins.a : aeabi_memset.S.obj (.text.__aeabi_memclr)
                  0000e138    0000000c     libc.a : memory.c.obj (.text.malloc)
                  0000e144    0000000a     ST7735.o (.text._Z12ST7735_closei)
                  0000e14e    0000000a     ST7735.o (.text._Z13ST7735_unlinkPKc)
                  0000e158    0000000a     Lab9HMain.o (.text._Z8PLL_Initv)
                  0000e162    00000008     DAC5.o (.text._Z8DAC5_Outj)
                  0000e16a    00000002     --HOLE-- [fill = 0]
                  0000e16c    00000008     libclang_rt.builtins.a : aeabi_memcpy.S.obj (.text.__aeabi_memcpy)
                  0000e174    00000008     libsysbm.a : remove.c.obj (.text.remove)
                  0000e17c    00000004     startup_mspm0g3507_ticlang.o (.text.Reset_Handler)
                  0000e180    00000004     libc.a : pre_init.c.obj (.text._system_pre_init)
                  0000e184    00000004     libc++abi.a : abort_message.cpp.obj (.text.abort_message)
                  0000e188    00000004     libc.a : exit.c.obj (.text:abort)
                  0000e18c    00000004     --HOLE-- [fill = 0]

.cinit     0    0000e190    00000098     
                  0000e190    0000006f     (.cinit..data.load) [load image, compression = lzss]
                  0000e1ff    00000001     --HOLE-- [fill = 0]
                  0000e200    0000000c     (__TI_handler_table)
                  0000e20c    00000008     (.cinit..bss.load) [load image, compression = zero_init]
                  0000e214    00000010     (__TI_cinit_table)
                  0000e224    00000004     --HOLE-- [fill = 0]

.rodata    0    000000c0    0000b758     
                  000000c0    0000a000     Level.o (.rodata._ZL6level1)
                  0000a0c0    00000900     Hole.o (.rodata._ZL6bucket)
                  0000a9c0    00000800     Ball.o (.rodata._ZL10angleTable)
                  0000b1c0    000004fb     ST7735.o (.rodata._ZL4Font)
                  0000b6bb    00000001     --HOLE-- [fill = 0]
                  0000b6bc    00000080     Ball.o (.rodata._ZL4ball)
                  0000b73c    0000003b     ST7735.o (.rodata._ZL5Rcmd1)
                  0000b777    0000002d     libc++abi.a : stdlib_new_delete.cpp.obj (.rodata.str1.177346920702326194221)
                  0000b7a4    0000002b     ST7735.o (.rodata._ZL5Rcmd3)
                  0000b7cf    00000016     ST7735.o (.rodata.str1.120157123834947517821)
                  0000b7e5    0000000d     ST7735.o (.rodata._ZL10Rcmd2green)
                  0000b7f2    0000000d     ST7735.o (.rodata._ZL8Rcmd2red)
                  0000b7ff    00000008     ST7735.o (.rodata.str1.39562344344181558271)
                  0000b807    00000007     ST7735.o (.rodata.str1.121322603453744172521)
                  0000b80e    00000007     ST7735.o (.rodata.str1.175409668377903254331)
                  0000b815    00000002     ST7735.o (.rodata.str1.59249497501465847671)
                  0000b817    00000001     --HOLE-- [fill = 0]

.init_array 
*          0    0000b818    00000008     
                  0000b818    00000004     Lab9HMain.o (.init_array)
                  0000b81c    00000004     --HOLE-- [fill = 0]

.data      0    20200000    00000211     UNINITIALIZED
                  20200000    000000f0     libc.a : defs.c.obj (.data._ftable)
                  202000f0    00000078     libsysbm.a : host_device.c.obj (.data._device)
                  20200168    00000050                : host_device.c.obj (.data._stream)
                  202001b8    00000014     Lab9HMain.o (.data.Sensor)
                  202001cc    00000008     libc.a : exit.c.obj (.data..L_MergedGlobals)
                  202001d4    00000004     Clock.o (.data.BusFreq)
                  202001d8    00000004     Sound.o (.data.Index)
                  202001dc    00000004     ST7735.o (.data.StX)
                  202001e0    00000004     ST7735.o (.data.StY)
                  202001e4    00000004     libc.a : defs.c.obj (.data.__TI_ft_end)
                  202001e8    00000004     libc++abi.a : cxa_default_handlers.cpp.obj (.data.__cxa_new_handler)
                  202001ec    00000004     libc.a : _lock.c.obj (.data._lock)
                  202001f0    00000004            : _lock.c.obj (.data._unlock)
                  202001f4    00000004     Lab9HMain.o (.data.currBall)
                  202001f8    00000004     Lab9HMain.o (.data.level)
                  202001fc    00000004     Lab9HMain.o (.data.movingHole)
                  20200200    00000004     Sound.o (.data.outTable)
                  20200204    00000002     ST7735.o (.data._ZL6_width)
                  20200206    00000002     ST7735.o (.data._ZL7_height)
                  20200208    00000001     libsysbm.a : add_device.c.obj (.data.add_device.device_init)
                  20200209    00000003     --HOLE--
                  2020020c    00000001     libc.a : memory.c.obj (.data.memory_is_initialized)
                  2020020d    00000003     --HOLE--
                  20200210    00000001     libsysbm.a : open.c.obj (.data.open.stream_init)

.sysmem    0    20200218    00000200     UNINITIALIZED
                  20200218    00000010     libc.a : memory.c.obj (.sysmem)
                  20200228    000001f0     --HOLE--

.bss       0    20200418    000001e1     UNINITIALIZED
                  20200418    00000120     libsysbm.a : trgmsg.c.obj (.bss:_CIOBUF_)
                  20200538    000000a0     libc.a : defs.c.obj (.bss.__TI_tmpnams)
                  202005d8    00000008     libsysbm.a : hostopen.c.obj (.bss.parmbuf)
                  202005e0    00000004     TExaS.o (.bss.TExaSLogic)
                  202005e4    00000004     TExaS.o (.bss.TExaSadc)
                  202005e8    00000004     Lab9HMain.o (.bss.data)
                  202005ec    00000004     Lab9HMain.o (.bss.input)
                  202005f0    00000004     libc.a : memory.c.obj (.bss.sys_free)
                  202005f4    00000002     ST7735.o (.bss.StTextColor)
                  202005f6    00000001     ST7735.o (.bss._ZL8ColStart)
                  202005f7    00000001     ST7735.o (.bss._ZL8RowStart)
                  202005f8    00000001     ST7735.o (.bss._ZL8TabColor)

.stack     0    20207e00    00000200     UNINITIALIZED
                  20207e00    00000004     libc.a : boot_cortex_m.c.obj (.stack)
                  20207e04    000001fc     --HOLE--

__llvm_prf_cnts 
*          0    20200000    00000000     UNINITIALIZED

__llvm_prf_bits 
*          0    20200000    00000000     UNINITIALIZED

MODULE SUMMARY

       Module                         code    ro data   rw data
       ------                         ----    -------   -------
    .\
       Level.o                        64      40960     0      
       ST7735.o                       2586    1449      17     
       Ball.o                         394     2176      0      
       Hole.o                         160     2304      0      
       TExaS.o                        720     0         8      
       Lab9HMain.o                    622     4         40     
       Clock.o                        516     0         4      
       SPI.o                          440     0         0      
       Timer.o                        412     0         0      
       SlidePot.o                     238     0         0      
       LaunchPad.o                    180     0         0      
       Sound.o                        128     0         8      
       LED.o                          52      0         0      
       Switch.o                       52      0         0      
       DAC5.o                         8       0         0      
    +--+------------------------------+-------+---------+---------+
       Total:                         6572    46893     77     
                                                               
    .\ticlang\
       startup_mspm0g3507_ticlang.o   60      192       0      
    +--+------------------------------+-------+---------+---------+
       Total:                         60      192       0      
                                                               
    C:\ti\ccs2000\ccs\tools\compiler\ti-cgt-armllvm_4.0.1.LTS\lib\armv6m-ti-none-eabi/c/libc.a
       memory.c.obj                   702     0         5      
       fopen.c.obj                    556     0         0      
       defs.c.obj                     0       0         404    
       setvbuf.c.obj                  224     0         0      
       getdevice.c.obj                160     0         0      
       strcmp-armv6m.S.obj            136     0         0      
       copy_decompress_lzss.c.obj     124     0         0      
       fclose.c.obj                   124     0         0      
       autoinit.c.obj                 84      0         0      
       fflush.c.obj                   82      0         0      
       exit.c.obj                     56      0         8      
       boot_cortex_m.c.obj            40      0         0      
       copy_zero_init.c.obj           22      0         0      
       copy_decompress_none.c.obj     18      0         0      
       memcpy16.S.obj                 18      0         0      
       memset16.S.obj                 14      0         0      
       _lock.c.obj                    2       0         8      
       pre_init.c.obj                 4       0         0      
    +--+------------------------------+-------+---------+---------+
       Total:                         2366    0         425    
                                                               
    C:\ti\ccs2000\ccs\tools\compiler\ti-cgt-armllvm_4.0.1.LTS\lib\armv6m-ti-none-eabi/c/libsysbm.a
       trgmsg.c.obj                   104     0         288    
       add_device.c.obj               236     0         1      
       host_device.c.obj              0       0         200    
       open.c.obj                     160     0         1      
       hostrename.c.obj               136     0         0      
       hostlseek.c.obj                108     0         0      
       hostopen.c.obj                 96      0         8      
       hostread.c.obj                 88      0         0      
       hostwrite.c.obj                88      0         0      
       close.c.obj                    80      0         0      
       hostclose.c.obj                72      0         0      
       hostunlink.c.obj               72      0         0      
       unlink.c.obj                   44      0         0      
       write.c.obj                    40      0         0      
       remove.c.obj                   8       0         0      
    +--+------------------------------+-------+---------+---------+
       Total:                         1332    0         498    
                                                               
    C:\ti\ccs2000\ccs\tools\compiler\ti-cgt-armllvm_4.0.1.LTS\lib\armv6m-ti-none-eabi/libc++abi.a
       stdlib_new_delete.cpp.obj      70      45        0      
       cxa_handlers.cpp.obj           12      0         0      
       abort_message.cpp.obj          4       0         0      
       cxa_default_handlers.cpp.obj   0       0         4      
    +--+------------------------------+-------+---------+---------+
       Total:                         86      45        4      
                                                               
    C:\ti\ccs2000\ccs\tools\compiler\ti-cgt-armllvm_4.0.1.LTS\lib\armv6m-ti-none-eabi/libclang_rt.builtins.a
       aeabi_idivmod.S.obj            86      0         0      
       aeabi_uidivmod.S.obj           64      0         0      
       aeabi_memset.S.obj             12      0         0      
       aeabi_memcpy.S.obj             8       0         0      
       aeabi_div0.c.obj               2       0         0      
    +--+------------------------------+-------+---------+---------+
       Total:                         172     0         0      
                                                               
       Heap:                          0       0         512    
       Stack:                         0       0         512    
       Linker Generated:              0       147       0      
    +--+------------------------------+-------+---------+---------+
       Grand Total:                   10588   47277     2028   


LINKER GENERATED COPY TABLES

__TI_cinit_table @ 0000e214 records: 2, size/record: 8, table size: 16
	.data: load addr=0000e190, load size=0000006f bytes, run addr=20200000, run size=00000211 bytes, compression=lzss
	.bss: load addr=0000e20c, load size=00000008 bytes, run addr=20200418, run size=000001e1 bytes, compression=zero_init


LINKER GENERATED HANDLER TABLE

__TI_handler_table @ 0000e200 records: 3, size/record: 4, table size: 12
	index: 0, handler: __TI_decompress_lzss
	index: 1, handler: __TI_decompress_none
	index: 2, handler: __TI_zero_init


GLOBAL SYMBOLS: SORTED ALPHABETICALLY BY Name 

address   name                             
-------   ----                             
0000dec1  ADC0_IRQHandler                  
0000dec1  ADC1_IRQHandler                  
0000dec1  AES_IRQHandler                   
202001d4  BusFreq                          
0000e188  C$$EXIT                          
0000db95  C$$IO$$                          
0000dec1  CANFD0_IRQHandler                
0000dec1  DAC0_IRQHandler                  
0000dec1  DMA_IRQHandler                   
0000dec1  Default_Handler                  
0000dec1  GROUP0_IRQHandler                
0000dec1  GROUP1_IRQHandler                
0000d6f1  HOSTclose                        
0000d0bd  HOSTlseek                        
0000d339  HOSTopen                         
0000d3f9  HOSTread                         
0000d129  HOSTrename                       
0000d739  HOSTunlink                       
0000d451  HOSTwrite                        
0000dedd  HardFault_Handler                
0000dec1  I2C0_IRQHandler                  
0000dec1  I2C1_IRQHandler                  
202001d8  Index                            
0000dec1  NMI_Handler                      
0000dec1  PendSV_Handler                   
0000dec1  RTC_IRQHandler                   
0000e17d  Reset_Handler                    
0000b818  SHT$$INIT_ARRAY$$Base            
0000b81c  SHT$$INIT_ARRAY$$Limit           
0000dec1  SPI0_IRQHandler                  
0000dec1  SPI1_IRQHandler                  
0000dec1  SVC_Handler                      
202001b8  Sensor                           
202005f4  StTextColor                      
202001dc  StX                              
202001e0  StY                              
0000dc6d  SysTick_Handler                  
202005e0  TExaSLogic                       
202005e4  TExaSadc                         
0000dec1  TIMA0_IRQHandler                 
0000dec1  TIMA1_IRQHandler                 
0000dec1  TIMG0_IRQHandler                 
0000ca25  TIMG12_IRQHandler                
0000dec1  TIMG6_IRQHandler                 
0000d855  TIMG7_IRQHandler                 
0000dec1  TIMG8_IRQHandler                 
0000dfdf  TI_memcpy_small                  
0000e099  TI_memset_small                  
0000dec1  UART0_IRQHandler                 
0000dec1  UART1_IRQHandler                 
0000dec1  UART2_IRQHandler                 
0000dec1  UART3_IRQHandler                 
20200418  _CIOBUF_                         
0000e0a9  _Z10Clock_Freqv                  
0000d601  _Z10Sound_Initv                  
0000d4a9  _Z10TExaS_InitP10ADC12_RegsjPFhvE
0000e003  _Z11Clock_Delayj                 
0000d955  _Z11SPI_OutDatac                 
0000def9  _Z11ST7735_openPKcji             
0000df65  _Z11ST7735_readiPcj              
0000e015  _Z11Switch_Initv                 
0000cac5  _Z12ST7735_InitR10initRFlags     
0000e145  _Z12ST7735_closei                
0000e053  _Z12ST7735_lseekili              
0000d9fd  _Z12ST7735_writeiPKcj            
0000e0b5  _Z13ST7735_renamePKcS0_          
0000e14f  _Z13ST7735_unlinkPKc             
0000d399  _Z13TimerG12_Initv               
0000da31  _Z14Clock_Delay1msj              
0000cecd  _Z14LaunchPad_Initv              
0000d781  _Z14SPI_OutCommandc              
0000c541  _Z14ST7735_OutCharc              
0000c8d9  _Z14TimerG7_IntArmtjj            
0000d98d  _Z15ActivatePortA_Bv             
0000ba31  _Z15Clock_Init80MHzi             
0000dc39  _Z15ST7735_Color565hhh           
0000bbe5  _Z15ST7735_DrawCharsscssh        
0000c131  _Z15ST7735_FillRectsssst         
0000cca5  _Z15TimerG12_IntArmjj            
0000da65  _Z16ST7735_SetCursorjj           
0000b821  _Z17ST7735_DrawBitmapssPKtss     
0000ce49  _Z17ST7735_DrawStringttPcs       
0000dcfd  _Z17ST7735_FillScreent           
0000cb65  _Z17ST7735_InitPrintf10initRFlags
0000e0c1  _Z22__throw_bad_alloc_shimv      
0000e025  _Z28TExaS_LaunchPadLogicPB27PB26v
0000bee1  _Z8ADC_InitP10ADC12_Regsjj       
0000e163  _Z8DAC5_Outj                     
0000da99  _Z8LED_Initv                     
0000e159  _Z8PLL_Initv                     
0000c35d  _Z8SPI_Initv                     
0000dd55  _Z9ADC_StartP10ADC12_Regs        
0000d895  _Z9SPI_Resetv                    
0000de1d  _Z9Switch_Inv                    
0000c629  _Z9UART_Initv                    
0000e035  _ZN10GameObjectC2Ev              
0000e061  _ZN4Ball10getCounterEv           
0000dfcd  _ZN4Ball10setCounterEa           
0000dfa5  _ZN4Ball11IncrementVYEv          
0000e0cd  _ZN4Ball4getXEv                  
0000e0d9  _ZN4Ball4getYEv                  
0000d651  _ZN4Ball5resetEi                 
0000e0e5  _ZN4Ball8getImageEv              
0000d201  _ZN4Ball8moveBallEv              
0000d26d  _ZN4BallC1Ei                     
0000d26d  _ZN4BallC2Ei                     
0000e0f1  _ZN4Hole4getXEv                  
0000e0fd  _ZN4Hole4getYEv                  
0000e109  _ZN4Hole8getImageEv              
0000d811  _ZN4Hole8moveHoleEv              
0000d9c5  _ZN4HoleC1Ev                     
0000d9c5  _ZN4HoleC2Ev                     
0000e115  _ZN5Level8getImageEv             
0000dacd  _ZN5LevelC1Eh                    
0000dacd  _ZN5LevelC2Eh                    
0000d7c9  _ZN8SlidePot2InEv                
0000cf49  _ZN8SlidePot4InitEv              
0000df15  _ZN8SlidePot7ConvertEj           
0000e06f  _ZN8SlidePotC1Ejj                
0000e06f  _ZN8SlidePotC2Ejj                
0000e121  _ZSt15get_new_handlerv           
0000dfb9  _Znwj                            
20200418  __CIOBUF_                        
20208000  __STACK_END                      
00000200  __STACK_SIZE                     
00000200  __SYSMEM_SIZE                    
00000000  __TI_ATRegion0_region_sz         
00000000  __TI_ATRegion0_src_addr          
00000000  __TI_ATRegion0_trg_addr          
00000000  __TI_ATRegion1_region_sz         
00000000  __TI_ATRegion1_src_addr          
00000000  __TI_ATRegion1_trg_addr          
00000000  __TI_ATRegion2_region_sz         
00000000  __TI_ATRegion2_src_addr          
00000000  __TI_ATRegion2_trg_addr          
0000e214  __TI_CINIT_Base                  
0000e224  __TI_CINIT_Limit                 
0000e224  __TI_CINIT_Warm                  
0000e200  __TI_Handler_Table_Base          
0000e20c  __TI_Handler_Table_Limit         
0000d559  __TI_auto_init_nobinit           
0000db01  __TI_cleanup                     
202001cc  __TI_cleanup_ptr                 
0000cfc5  __TI_closefile                   
0000d041  __TI_decompress_lzss             
0000dff1  __TI_decompress_none             
0000d5ad  __TI_doflush                     
202001d0  __TI_dtors_ptr                   
202001e4  __TI_ft_end                      
ffffffff  __TI_pprof_out_hndl              
ffffffff  __TI_prof_data_size              
ffffffff  __TI_prof_data_start             
0000db35  __TI_readmsg                     
00000000  __TI_static_base__               
20200538  __TI_tmpnams                     
0000db69  __TI_writemsg                    
0000df7b  __TI_zero_init_nomemset          
0000d501  __aeabi_idiv                     
0000ca23  __aeabi_idiv0                    
0000d501  __aeabi_idivmod                  
0000e12d  __aeabi_memclr                   
0000e12d  __aeabi_memclr4                  
0000e12d  __aeabi_memclr8                  
0000e16d  __aeabi_memcpy                   
0000e16d  __aeabi_memcpy4                  
0000e16d  __aeabi_memcpy8                  
0000d8d5  __aeabi_uidiv                    
0000d8d5  __aeabi_uidivmod                 
ffffffff  __binit__                        
202001e8  __cxa_new_handler                
UNDEFED   __mpu_init                       
20207e00  __stack                          
20200000  __start___llvm_prf_bits          
20200000  __start___llvm_prf_cnts          
20200000  __stop___llvm_prf_bits           
20200000  __stop___llvm_prf_cnts           
0000ddcd  _c_int00_noargs                  
202000f0  _device                          
20200000  _ftable                          
202001ec  _lock                            
0000d26b  _nop                             
20200168  _stream                          
20200218  _sys_memory                      
UNDEFED   _system_post_cinit               
0000e181  _system_pre_init                 
202001f0  _unlock                          
0000e189  abort                            
0000e185  abort_message                    
0000c455  add_device                       
0000c249  aligned_alloc                    
ffffffff  binit                            
0000d6a1  close                            
202001f4  currBall                         
202005e8  data                             
0000db9d  exit                             
0000dbd1  finddevice                       
0000dccd  fopen                            
0000c711  free                             
0000dc05  freopen                          
0000d195  getdevice                        
202005ec  input                            
00000000  interruptVectors                 
202001f8  level                            
0000c009  main                             
0000e139  malloc                           
0000c249  memalign                         
202001fc  movingHole                       
0000cc05  open                             
20200200  outTable                         
202005d8  parmbuf                          
0000e175  remove                           
0000c7f9  setvbuf                          
0000cdc1  strcmp                           
0000dd29  unlink                           
0000dda5  write                            


GLOBAL SYMBOLS: SORTED BY Symbol Address 

address   name                             
-------   ----                             
00000000  __TI_ATRegion0_region_sz         
00000000  __TI_ATRegion0_src_addr          
00000000  __TI_ATRegion0_trg_addr          
00000000  __TI_ATRegion1_region_sz         
00000000  __TI_ATRegion1_src_addr          
00000000  __TI_ATRegion1_trg_addr          
00000000  __TI_ATRegion2_region_sz         
00000000  __TI_ATRegion2_src_addr          
00000000  __TI_ATRegion2_trg_addr          
00000000  __TI_static_base__               
00000000  interruptVectors                 
00000200  __STACK_SIZE                     
00000200  __SYSMEM_SIZE                    
0000b818  SHT$$INIT_ARRAY$$Base            
0000b81c  SHT$$INIT_ARRAY$$Limit           
0000b821  _Z17ST7735_DrawBitmapssPKtss     
0000ba31  _Z15Clock_Init80MHzi             
0000bbe5  _Z15ST7735_DrawCharsscssh        
0000bee1  _Z8ADC_InitP10ADC12_Regsjj       
0000c009  main                             
0000c131  _Z15ST7735_FillRectsssst         
0000c249  aligned_alloc                    
0000c249  memalign                         
0000c35d  _Z8SPI_Initv                     
0000c455  add_device                       
0000c541  _Z14ST7735_OutCharc              
0000c629  _Z9UART_Initv                    
0000c711  free                             
0000c7f9  setvbuf                          
0000c8d9  _Z14TimerG7_IntArmtjj            
0000ca23  __aeabi_idiv0                    
0000ca25  TIMG12_IRQHandler                
0000cac5  _Z12ST7735_InitR10initRFlags     
0000cb65  _Z17ST7735_InitPrintf10initRFlags
0000cc05  open                             
0000cca5  _Z15TimerG12_IntArmjj            
0000cdc1  strcmp                           
0000ce49  _Z17ST7735_DrawStringttPcs       
0000cecd  _Z14LaunchPad_Initv              
0000cf49  _ZN8SlidePot4InitEv              
0000cfc5  __TI_closefile                   
0000d041  __TI_decompress_lzss             
0000d0bd  HOSTlseek                        
0000d129  HOSTrename                       
0000d195  getdevice                        
0000d201  _ZN4Ball8moveBallEv              
0000d26b  _nop                             
0000d26d  _ZN4BallC1Ei                     
0000d26d  _ZN4BallC2Ei                     
0000d339  HOSTopen                         
0000d399  _Z13TimerG12_Initv               
0000d3f9  HOSTread                         
0000d451  HOSTwrite                        
0000d4a9  _Z10TExaS_InitP10ADC12_RegsjPFhvE
0000d501  __aeabi_idiv                     
0000d501  __aeabi_idivmod                  
0000d559  __TI_auto_init_nobinit           
0000d5ad  __TI_doflush                     
0000d601  _Z10Sound_Initv                  
0000d651  _ZN4Ball5resetEi                 
0000d6a1  close                            
0000d6f1  HOSTclose                        
0000d739  HOSTunlink                       
0000d781  _Z14SPI_OutCommandc              
0000d7c9  _ZN8SlidePot2InEv                
0000d811  _ZN4Hole8moveHoleEv              
0000d855  TIMG7_IRQHandler                 
0000d895  _Z9SPI_Resetv                    
0000d8d5  __aeabi_uidiv                    
0000d8d5  __aeabi_uidivmod                 
0000d955  _Z11SPI_OutDatac                 
0000d98d  _Z15ActivatePortA_Bv             
0000d9c5  _ZN4HoleC1Ev                     
0000d9c5  _ZN4HoleC2Ev                     
0000d9fd  _Z12ST7735_writeiPKcj            
0000da31  _Z14Clock_Delay1msj              
0000da65  _Z16ST7735_SetCursorjj           
0000da99  _Z8LED_Initv                     
0000dacd  _ZN5LevelC1Eh                    
0000dacd  _ZN5LevelC2Eh                    
0000db01  __TI_cleanup                     
0000db35  __TI_readmsg                     
0000db69  __TI_writemsg                    
0000db95  C$$IO$$                          
0000db9d  exit                             
0000dbd1  finddevice                       
0000dc05  freopen                          
0000dc39  _Z15ST7735_Color565hhh           
0000dc6d  SysTick_Handler                  
0000dccd  fopen                            
0000dcfd  _Z17ST7735_FillScreent           
0000dd29  unlink                           
0000dd55  _Z9ADC_StartP10ADC12_Regs        
0000dda5  write                            
0000ddcd  _c_int00_noargs                  
0000de1d  _Z9Switch_Inv                    
0000dec1  ADC0_IRQHandler                  
0000dec1  ADC1_IRQHandler                  
0000dec1  AES_IRQHandler                   
0000dec1  CANFD0_IRQHandler                
0000dec1  DAC0_IRQHandler                  
0000dec1  DMA_IRQHandler                   
0000dec1  Default_Handler                  
0000dec1  GROUP0_IRQHandler                
0000dec1  GROUP1_IRQHandler                
0000dec1  I2C0_IRQHandler                  
0000dec1  I2C1_IRQHandler                  
0000dec1  NMI_Handler                      
0000dec1  PendSV_Handler                   
0000dec1  RTC_IRQHandler                   
0000dec1  SPI0_IRQHandler                  
0000dec1  SPI1_IRQHandler                  
0000dec1  SVC_Handler                      
0000dec1  TIMA0_IRQHandler                 
0000dec1  TIMA1_IRQHandler                 
0000dec1  TIMG0_IRQHandler                 
0000dec1  TIMG6_IRQHandler                 
0000dec1  TIMG8_IRQHandler                 
0000dec1  UART0_IRQHandler                 
0000dec1  UART1_IRQHandler                 
0000dec1  UART2_IRQHandler                 
0000dec1  UART3_IRQHandler                 
0000dedd  HardFault_Handler                
0000def9  _Z11ST7735_openPKcji             
0000df15  _ZN8SlidePot7ConvertEj           
0000df65  _Z11ST7735_readiPcj              
0000df7b  __TI_zero_init_nomemset          
0000dfa5  _ZN4Ball11IncrementVYEv          
0000dfb9  _Znwj                            
0000dfcd  _ZN4Ball10setCounterEa           
0000dfdf  TI_memcpy_small                  
0000dff1  __TI_decompress_none             
0000e003  _Z11Clock_Delayj                 
0000e015  _Z11Switch_Initv                 
0000e025  _Z28TExaS_LaunchPadLogicPB27PB26v
0000e035  _ZN10GameObjectC2Ev              
0000e053  _Z12ST7735_lseekili              
0000e061  _ZN4Ball10getCounterEv           
0000e06f  _ZN8SlidePotC1Ejj                
0000e06f  _ZN8SlidePotC2Ejj                
0000e099  TI_memset_small                  
0000e0a9  _Z10Clock_Freqv                  
0000e0b5  _Z13ST7735_renamePKcS0_          
0000e0c1  _Z22__throw_bad_alloc_shimv      
0000e0cd  _ZN4Ball4getXEv                  
0000e0d9  _ZN4Ball4getYEv                  
0000e0e5  _ZN4Ball8getImageEv              
0000e0f1  _ZN4Hole4getXEv                  
0000e0fd  _ZN4Hole4getYEv                  
0000e109  _ZN4Hole8getImageEv              
0000e115  _ZN5Level8getImageEv             
0000e121  _ZSt15get_new_handlerv           
0000e12d  __aeabi_memclr                   
0000e12d  __aeabi_memclr4                  
0000e12d  __aeabi_memclr8                  
0000e139  malloc                           
0000e145  _Z12ST7735_closei                
0000e14f  _Z13ST7735_unlinkPKc             
0000e159  _Z8PLL_Initv                     
0000e163  _Z8DAC5_Outj                     
0000e16d  __aeabi_memcpy                   
0000e16d  __aeabi_memcpy4                  
0000e16d  __aeabi_memcpy8                  
0000e175  remove                           
0000e17d  Reset_Handler                    
0000e181  _system_pre_init                 
0000e185  abort_message                    
0000e188  C$$EXIT                          
0000e189  abort                            
0000e200  __TI_Handler_Table_Base          
0000e20c  __TI_Handler_Table_Limit         
0000e214  __TI_CINIT_Base                  
0000e224  __TI_CINIT_Limit                 
0000e224  __TI_CINIT_Warm                  
20200000  __start___llvm_prf_bits          
20200000  __start___llvm_prf_cnts          
20200000  __stop___llvm_prf_bits           
20200000  __stop___llvm_prf_cnts           
20200000  _ftable                          
202000f0  _device                          
20200168  _stream                          
202001b8  Sensor                           
202001cc  __TI_cleanup_ptr                 
202001d0  __TI_dtors_ptr                   
202001d4  BusFreq                          
202001d8  Index                            
202001dc  StX                              
202001e0  StY                              
202001e4  __TI_ft_end                      
202001e8  __cxa_new_handler                
202001ec  _lock                            
202001f0  _unlock                          
202001f4  currBall                         
202001f8  level                            
202001fc  movingHole                       
20200200  outTable                         
20200218  _sys_memory                      
20200418  _CIOBUF_                         
20200418  __CIOBUF_                        
20200538  __TI_tmpnams                     
202005d8  parmbuf                          
202005e0  TExaSLogic                       
202005e4  TExaSadc                         
202005e8  data                             
202005ec  input                            
202005f4  StTextColor                      
20207e00  __stack                          
20208000  __STACK_END                      
ffffffff  __TI_pprof_out_hndl              
ffffffff  __TI_prof_data_size              
ffffffff  __TI_prof_data_start             
ffffffff  __binit__                        
ffffffff  binit                            
UNDEFED   __mpu_init                       
UNDEFED   _system_post_cinit               

[215 symbols]
