******************************************************************************
            TI ARM Clang Linker PC v4.0.1                      
******************************************************************************
>> Linked Mon Apr 21 17:23:11 2025

OUTPUT FILE NAME:   <ECE319K_Lab9H.out>
ENTRY POINT SYMBOL: "_c_int00_noargs"  address: 0001c389


MEMORY CONFIGURATION

         name            origin    length      used     unused   attr    fill
----------------------  --------  ---------  --------  --------  ----  --------
  FLASH                 00000000   00020000  0001c9d8  00003628  R  X
  SRAM                  20200000   00008000  00000a72  0000758e  RW X
  BCR_CONFIG            41c00000   00000080  00000000  00000080  R   
  BSL_CONFIG            41c00100   00000080  00000000  00000080  R   


SEGMENT ALLOCATION MAP

run origin  load origin   length   init length attrs members
----------  ----------- ---------- ----------- ----- -------
00000000    00000000    0001c9d8   0001c9d8    r-x
  00000000    00000000    000000c0   000000c0    r-- .intvecs
  000000c0    000000c0    000187b8   000187b8    r-- .rodata
  00018878    00018878    00000008   00000008    r-- .init_array
  00018880    00018880    000040c0   000040c0    r-x .text
  0001c940    0001c940    00000098   00000098    r-- .cinit
20200000    20200000    00000879   00000000    rw-
  20200000    20200000    00000481   00000000    rw- .data
  20200488    20200488    00000200   00000000    rw- .sysmem
  20200688    20200688    000001f1   00000000    rw- .bss
20207e00    20207e00    00000200   00000000    rw-
  20207e00    20207e00    00000200   00000000    rw- .stack


SECTION ALLOCATION MAP

 output                                  attributes/
section   page    origin      length       input sections
--------  ----  ----------  ----------   ----------------
.intvecs   0    00000000    000000c0     
                  00000000    000000c0     startup_mspm0g3507_ticlang.o (.intvecs)

.binit     0    00000000    00000000     

.text      0    00018880    000040c0     
                  00018880    000006e4     Lab9HMain.o (.text.main)
                  00018f64    000002a0     Lab9HMain.o (.text._Z8InitGamev)
                  00019204    00000258     Lab9HMain.o (.text.TIMG12_IRQHandler)
                  0001945c    00000210     ST7735.o (.text._Z17ST7735_DrawBitmapssPKtss)
                  0001966c    000001e4     Lab9HMain.o (.text._Z16DrawInstructionsv)
                  00019850    000001b4     Clock.o (.text._Z15Clock_Init80MHzi)
                  00019a04    000001a8     ST7735.o (.text._Z15ST7735_DrawCharsscssh)
                  00019bac    00000180     Lab9HMain.o (.text._Z12DrawMainMenuv)
                  00019d2c    00000180     Ball.o (.text._ZN4Ball6bounceEtt)
                  00019eac    00000154     libc.a : fopen.c.obj (.text._openfile)
                  0001a000    00000128     TExaS.o (.text._Z8ADC_InitP10ADC12_Regsjj)
                  0001a128    00000118     ST7735.o (.text._Z15ST7735_FillRectsssst)
                  0001a240    00000114     libc.a : memory.c.obj (.text.aligned_alloc)
                  0001a354    000000f8     SPI.o (.text._Z8SPI_Initv)
                  0001a44c    000000ec     libsysbm.a : add_device.c.obj (.text.add_device)
                  0001a538    000000e8     ST7735.o (.text._Z14ST7735_OutCharc)
                  0001a620    000000e8     TExaS.o (.text._Z9UART_Initv)
                  0001a708    000000e8     libc.a : memory.c.obj (.text.free)
                  0001a7f0    000000e0            : setvbuf.c.obj (.text.setvbuf)
                  0001a8d0    000000cc     Ball.o (.text._ZN4Ball8moveBallEv)
                  0001a99c    000000b0     ST7735.o (.text._Z20ST7735_DrawFastHLinessst)
                  0001aa4c    000000b0     Lab9HMain.o (.text._Z9DrawTitlev)
                  0001aafc    000000a8     Timer.o (.text._Z14TimerG7_IntArmtjj)
                  0001aba4    000000a2     ST7735.o (.text._ZL11commandListPKh)
                  0001ac46    00000002     libclang_rt.builtins.a : aeabi_div0.c.obj (.text.__aeabi_idiv0)
                  0001ac48    000000a0     ST7735.o (.text._Z12ST7735_InitR10initRFlags)
                  0001ace8    000000a0     ST7735.o (.text._Z17ST7735_InitPrintf10initRFlags)
                  0001ad88    000000a0     libsysbm.a : open.c.obj (.text.open)
                  0001ae28    0000009c     ST7735.o (.text._Z14ST7735_OutUDecj)
                  0001aec4    00000094     Timer.o (.text._Z15TimerG12_IntArmjj)
                  0001af58    00000088     ST7735.o (.text._ZL13setAddrWindowhhhh)
                  0001afe0    00000088     libc.a : strcmp-armv6m.S.obj (.text:strcmp)
                  0001b068    00000084     ST7735.o (.text._Z17ST7735_DrawStringttPcs)
                  0001b0ec    0000007e     Ball.o (.text._ZN4Ball5isqrtEi)
                  0001b16a    00000002     libc.a : _lock.c.obj (.text._nop)
                  0001b16c    0000007c     LaunchPad.o (.text._Z14LaunchPad_Initv)
                  0001b1e8    0000007c     SlidePot.o (.text._ZN8SlidePot4InitEv)
                  0001b264    0000007c     libc.a : fclose.c.obj (.text.__TI_closefile)
                  0001b2e0    0000007c            : copy_decompress_lzss.c.obj (.text:decompress:lzss)
                  0001b35c    0000006c     libsysbm.a : hostlseek.c.obj (.text.HOSTlseek)
                  0001b3c8    0000006c                : hostrename.c.obj (.text.HOSTrename)
                  0001b434    0000006c     Ball.o (.text._ZN4Ball18checkHoleCollisionEtt)
                  0001b4a0    0000006c     Ball.o (.text._ZN4BallC2Eh)
                  0001b50c    0000006c     libc.a : getdevice.c.obj (.text.getdevice)
                  0001b578    00000064            : memory.c.obj (.text.split)
                  0001b5dc    00000060     libsysbm.a : hostopen.c.obj (.text.HOSTopen)
                  0001b63c    00000060     Sound.o (.text.SysTick_Handler)
                  0001b69c    00000060     Timer.o (.text._Z13TimerG12_Initv)
                  0001b6fc    00000060     Peg.o (.text._ZN3Peg4initEiiaa)
                  0001b75c    00000060     Ball.o (.text._ZN4Ball14checkCollisionEtt)
                  0001b7bc    00000058     libsysbm.a : hostread.c.obj (.text.HOSTread)
                  0001b814    00000058                : hostwrite.c.obj (.text.HOSTwrite)
                  0001b86c    00000058     TExaS.o (.text._Z10TExaS_InitP10ADC12_RegsjPFhvE)
                  0001b8c4    00000058     Peg.o (.text._ZN3Peg8getImageEv)
                  0001b91c    00000056     libclang_rt.builtins.a : aeabi_idivmod.S.obj (.text.__aeabi_idivmod)
                  0001b972    00000002     --HOLE-- [fill = 0]
                  0001b974    00000054     ST7735.o (.text._Z11fillmessagej)
                  0001b9c8    00000054     Level.o (.text._ZN5LevelC2Eh)
                  0001ba1c    00000054     libc.a : autoinit.c.obj (.text:__TI_auto_init_nobinit)
                  0001ba70    00000052            : fflush.c.obj (.text.__TI_doflush)
                  0001bac2    00000002     --HOLE-- [fill = 0]
                  0001bac4    00000050     Sound.o (.text._Z11Sound_StartPKhj)
                  0001bb14    00000050     libsysbm.a : close.c.obj (.text.close)
                  0001bb64    0000004c     Sound.o (.text._Z10Sound_Initv)
                  0001bbb0    00000048     libsysbm.a : hostclose.c.obj (.text.HOSTclose)
                  0001bbf8    00000048                : hostunlink.c.obj (.text.HOSTunlink)
                  0001bc40    00000048     SPI.o (.text._Z14SPI_OutCommandc)
                  0001bc88    00000048     SlidePot.o (.text._ZN8SlidePot2InEv)
                  0001bcd0    00000044     Hole.o (.text._ZN4Hole8moveHoleEv)
                  0001bd14    00000040     TExaS.o (.text.TIMG7_IRQHandler)
                  0001bd54    00000040     SPI.o (.text._Z9SPI_Resetv)
                  0001bd94    00000040     libclang_rt.builtins.a : aeabi_uidivmod.S.obj (.text.__aeabi_uidivmod)
                  0001bdd4    00000040     libc.a : fopen.c.obj (.text._search_fp)
                  0001be14    0000003c     DAC5.o (.text._Z9DAC5_Initv)
                  0001be50    0000003c     Peg.o (.text._ZN3Peg11isDestroyedEv)
                  0001be8c    00000038     SPI.o (.text._Z11SPI_OutDatac)
                  0001bec4    00000038     LaunchPad.o (.text._Z15ActivatePortA_Bv)
                  0001befc    00000038     Hole.o (.text._ZN4HoleC2Ev)
                  0001bf34    00000034     ST7735.o (.text._Z12ST7735_writeiPKcj)
                  0001bf68    00000034     Clock.o (.text._Z14Clock_Delay1msj)
                  0001bf9c    00000034     ST7735.o (.text._Z16ST7735_SetCursorjj)
                  0001bfd0    00000034     LED.o (.text._Z8LED_Initv)
                  0001c004    00000034     Ball.o (.text._ZN4Ball5resetEh)
                  0001c038    00000034     libc.a : fopen.c.obj (.text.__TI_cleanup)
                  0001c06c    00000034     libsysbm.a : trgmsg.c.obj (.text.__TI_readmsg)
                  0001c0a0    00000034                : trgmsg.c.obj (.text.__TI_writemsg)
                  0001c0d4    00000034     libc.a : exit.c.obj (.text.exit)
                  0001c108    00000034            : getdevice.c.obj (.text.finddevice)
                  0001c13c    00000034            : fopen.c.obj (.text.freopen)
                  0001c170    00000032     ST7735.o (.text._Z15ST7735_Color565hhh)
                  0001c1a2    00000002     --HOLE-- [fill = 0]
                  0001c1a4    00000030     ST7735.o (.text._ZL10commonInitPKh)
                  0001c1d4    00000030     GameState.o (.text._ZN9GameState7useBallEv)
                  0001c204    00000030     Lab9HMain.o (.text.__cxx_global_var_init.3)
                  0001c234    00000030     libc.a : fopen.c.obj (.text.fopen)
                  0001c264    0000002c     ST7735.o (.text._Z17ST7735_FillScreent)
                  0001c290    0000002c     Peg.o (.text._ZN3PegC2Ev)
                  0001c2bc    0000002c     libsysbm.a : unlink.c.obj (.text.unlink)
                  0001c2e8    00000028     Switch.o (.text._Z11Switch_Initv)
                  0001c310    00000028     TExaS.o (.text._Z9ADC_StartP10ADC12_Regs)
                  0001c338    00000028     libc.a : memory.c.obj (.text.free_list_insert)
                  0001c360    00000028     libsysbm.a : write.c.obj (.text.write)
                  0001c388    00000028     libc.a : boot_cortex_m.c.obj (.text:_c_int00_noargs)
                  0001c3b0    00000026     ST7735.o (.text._Z16ST7735_OutStringPc)
                  0001c3d6    00000026     libc++abi.a : stdlib_new_delete.cpp.obj (.text._ZL17operator_new_implj)
                  0001c3fc    00000024     Switch.o (.text._Z9Switch_Inv)
                  0001c420    00000024     Ball.o (.text._ZN4Ball6isLostEv)
                  0001c444    00000020     Lab9HMain.o (.text._Z8Random32v)
                  0001c464    00000020     Lab9HMain.o (.text.__cxx_global_var_init.1)
                  0001c484    00000020     Lab9HMain.o (.text.__cxx_global_var_init.2)
                  0001c4a4    0000001e     ST7735.o (.text._ZL9pushColort)
                  0001c4c2    0000001e     GameState.o (.text._ZN9GameState7addBallEv)
                  0001c4e0    0000001c     startup_mspm0g3507_ticlang.o (.text.Default_Handler)
                  0001c4fc    0000001c     startup_mspm0g3507_ticlang.o (.text.HardFault_Handler)
                  0001c518    0000001c     ST7735.o (.text._Z11ST7735_openPKcji)
                  0001c534    0000001c     DAC5.o (.text._Z8DAC5_Outj)
                  0001c550    0000001c     SlidePot.o (.text._ZN8SlidePot7ConvertEj)
                  0001c56c    0000001c     libc.a : memory.c.obj (.text.free_list_remove)
                  0001c588    00000018     Lab9HMain.o (.text._GLOBAL__sub_I_Lab9HMain.cpp)
                  0001c5a0    00000018     Lab9HMain.o (.text._Z6Randomj)
                  0001c5b8    00000018     Peg.o (.text._ZN3Peg9updatePegEv)
                  0001c5d0    00000018     Lab9HMain.o (.text.__cxx_global_var_init)
                  0001c5e8    00000016     ST7735.o (.text._Z11ST7735_readiPcj)
                  0001c5fe    00000016     Ball.o (.text._ZN4Ball9setActiveEb)
                  0001c614    00000016     libc.a : copy_zero_init.c.obj (.text:decompress:ZI:__TI_zero_init_nomemset)
                  0001c62a    00000002     --HOLE-- [fill = 0]
                  0001c62c    00000014     Lab9HMain.o (.text._Z10SeedRandomj)
                  0001c640    00000014     Sound.o (.text._Z11Sound_Shootv)
                  0001c654    00000014     Sound.o (.text._Z12Sound_Killedv)
                  0001c668    00000014     Sound.o (.text._Z15Sound_Explosionv)
                  0001c67c    00000014     Sound.o (.text._Z18Sound_Fastinvader1v)
                  0001c690    00000014     Sound.o (.text._Z18Sound_Fastinvader2v)
                  0001c6a4    00000014     ST7735.o (.text._Z19ST7735_SetTextColort)
                  0001c6b8    00000014     GameState.o (.text._ZN9GameState9addPointsEj)
                  0001c6cc    00000014     GameState.o (.text._ZN9GameState9resetGameEv)
                  0001c6e0    00000014     GameState.o (.text._ZN9GameStateC2Ev)
                  0001c6f4    00000014     libc++abi.a : stdlib_new_delete.cpp.obj (.text._Znwj)
                  0001c708    00000012     GameState.o (.text._ZN9GameState15setCurrentLevelEh)
                  0001c71a    00000012     libc.a : memcpy16.S.obj (.text:TI_memcpy_small)
                  0001c72c    00000012            : copy_decompress_none.c.obj (.text:decompress:none)
                  0001c73e    00000010     Clock.o (.text._Z11Clock_Delayj)
                  0001c74e    00000002     --HOLE-- [fill = 0]
                  0001c750    00000010     Lab9HMain.o (.text._Z28TExaS_LaunchPadLogicPB27PB26v)
                  0001c760    00000010     Ball.o (.text._ZN10GameObjectC2Ev)
                  0001c770    00000010     Peg.o (.text._ZN3Peg11getHitStateEv)
                  0001c780    00000010     Ball.o (.text._ZN4Ball9getActiveEv)
                  0001c790    00000010     GameState.o (.text._ZNK9GameState10isGameOverEv)
                  0001c7a0    00000010     Lab9HMain.o (.text.__cxx_global_var_init.4)
                  0001c7b0    0000000e     libc.a : memory.c.obj (.text.OUTLINED_FUNCTION_0)
                  0001c7be    0000000e     ST7735.o (.text._Z12ST7735_lseekili)
                  0001c7cc    0000000e     SlidePot.o (.text._ZN8SlidePotC2Ejj)
                  0001c7da    0000000e     GameState.o (.text._ZN9GameState9nextLevelEv)
                  0001c7e8    0000000e     libsysbm.a : hostrename.c.obj (.text.strcpy)
                  0001c7f6    0000000e                : hostrename.c.obj (.text.strlen)
                  0001c804    0000000e     libc.a : memset16.S.obj (.text:TI_memset_small)
                  0001c812    00000002     --HOLE-- [fill = 0]
                  0001c814    0000000c     Clock.o (.text._Z10Clock_Freqv)
                  0001c820    0000000c     ST7735.o (.text._Z13ST7735_renamePKcS0_)
                  0001c82c    0000000c     libc++abi.a : stdlib_new_delete.cpp.obj (.text._Z22__throw_bad_alloc_shimv)
                  0001c838    0000000c     Peg.o (.text._ZN3Peg4getXEv)
                  0001c844    0000000c     Peg.o (.text._ZN3Peg4getYEv)
                  0001c850    0000000c     Ball.o (.text._ZN4Ball4getXEv)
                  0001c85c    0000000c     Ball.o (.text._ZN4Ball4getYEv)
                  0001c868    0000000c     Ball.o (.text._ZN4Ball8getImageEv)
                  0001c874    0000000c     Hole.o (.text._ZN4Hole4getXEv)
                  0001c880    0000000c     Hole.o (.text._ZN4Hole4getYEv)
                  0001c88c    0000000c     Hole.o (.text._ZN4Hole8getImageEv)
                  0001c898    0000000c     Level.o (.text._ZN5Level8getImageEv)
                  0001c8a4    0000000c     GameState.o (.text._ZNK9GameState15getCurrentLevelEv)
                  0001c8b0    0000000c     GameState.o (.text._ZNK9GameState17getBallsRemainingEv)
                  0001c8bc    0000000c     GameState.o (.text._ZNK9GameState8getScoreEv)
                  0001c8c8    0000000c     libc++abi.a : cxa_handlers.cpp.obj (.text._ZSt15get_new_handlerv)
                  0001c8d4    0000000c     libclang_rt.builtins.a : aeabi_memset.S.obj (.text.__aeabi_memclr)
                  0001c8e0    0000000c     libc.a : memory.c.obj (.text.malloc)
                  0001c8ec    0000000a     ST7735.o (.text._Z12ST7735_closei)
                  0001c8f6    0000000a     ST7735.o (.text._Z13ST7735_unlinkPKc)
                  0001c900    0000000a     Lab9HMain.o (.text._Z8PLL_Initv)
                  0001c90a    00000008     libc++abi.a : stdlib_new_delete.cpp.obj (.text._ZdlPv)
                  0001c912    00000002     --HOLE-- [fill = 0]
                  0001c914    00000008     libclang_rt.builtins.a : aeabi_memcpy.S.obj (.text.__aeabi_memcpy)
                  0001c91c    00000008     libsysbm.a : remove.c.obj (.text.remove)
                  0001c924    00000004     startup_mspm0g3507_ticlang.o (.text.Reset_Handler)
                  0001c928    00000004     libc.a : pre_init.c.obj (.text._system_pre_init)
                  0001c92c    00000004     libc++abi.a : abort_message.cpp.obj (.text.abort_message)
                  0001c930    00000004     libc.a : exit.c.obj (.text:abort)
                  0001c934    0000000c     --HOLE-- [fill = 0]

.cinit     0    0001c940    00000098     
                  0001c940    00000072     (.cinit..data.load) [load image, compression = lzss]
                  0001c9b2    00000002     --HOLE-- [fill = 0]
                  0001c9b4    0000000c     (__TI_handler_table)
                  0001c9c0    00000008     (.cinit..bss.load) [load image, compression = zero_init]
                  0001c9c8    00000010     (__TI_cinit_table)

.rodata    0    000000c0    000187b8     
                  000000c0    0000a000     Level.o (.rodata._ZL6level1)
                  0000a0c0    0000a000     Level.o (.rodata._ZL6level2)
                  000140c0    00000ff0     Sound.o (.rodata._ZL5shoot)
                  000150b0    00000d31     Sound.o (.rodata._ZL13invaderkilled)
                  00015de1    00000001     --HOLE-- [fill = 0]
                  00015de2    00000900     Hole.o (.rodata._ZL6bucket)
                  000166e2    00000002     ST7735.o (.rodata.str1.59249497501465847671)
                  000166e4    00000800     Ball.o (.rodata._ZL10angleTable)
                  00016ee4    000007d0     Sound.o (.rodata._ZL9explosion)
                  000176b4    000004fb     ST7735.o (.rodata._ZL4Font)
                  00017baf    00000412     Sound.o (.rodata._ZL12fastinvader2)
                  00017fc1    000003d6     Sound.o (.rodata._ZL12fastinvader1)
                  00018397    00000001     --HOLE-- [fill = 0]
                  00018398    00000080     Peg.o (.rodata._ZL10bluepeghit)
                  00018418    00000080     Peg.o (.rodata._ZL12orangepeghit)
                  00018498    00000080     Lab9HMain.o (.rodata._ZL16BlackCoverSprite)
                  00018518    00000080     Ball.o (.rodata._ZL4ball)
                  00018598    00000080     Peg.o (.rodata._ZL7bluepeg)
                  00018618    00000080     Peg.o (.rodata._ZL9orangepeg)
                  00018698    0000003b     ST7735.o (.rodata._ZL5Rcmd1)
                  000186d3    0000002d     libc++abi.a : stdlib_new_delete.cpp.obj (.rodata.str1.177346920702326194221)
                  00018700    0000002b     ST7735.o (.rodata._ZL5Rcmd3)
                  0001872b    00000019     Lab9HMain.o (.rodata.str1.77946550721901366211)
                  00018744    00000017     Lab9HMain.o (.rodata.str1.43928348135455860411)
                  0001875b    00000016     ST7735.o (.rodata.str1.120157123834947517821)
                  00018771    00000016     Lab9HMain.o (.rodata.str1.15360766164854299121)
                  00018787    00000016     Lab9HMain.o (.rodata.str1.89800876338655967931)
                  0001879d    00000015     Lab9HMain.o (.rodata.str1.1045638472106105921)
                  000187b2    00000014     Lab9HMain.o (.rodata.str1.64434510243936695551)
                  000187c6    00000010     Lab9HMain.o (.rodata.str1.11344128452655267101)
                  000187d6    0000000e     Lab9HMain.o (.rodata.str1.8734979013979085121)
                  000187e4    0000000d     ST7735.o (.rodata._ZL10Rcmd2green)
                  000187f1    0000000d     ST7735.o (.rodata._ZL8Rcmd2red)
                  000187fe    0000000d     Lab9HMain.o (.rodata.str1.109436695696880395661)
                  0001880b    0000000c     Lab9HMain.o (.rodata.str1.150864919958333191721)
                  00018817    0000000c     Lab9HMain.o (.rodata.str1.23765623467681484731)
                  00018823    0000000c     Lab9HMain.o (.rodata.str1.36435047076059183751)
                  0001882f    0000000a     Lab9HMain.o (.rodata.str1.102680895847577752451)
                  00018839    0000000a     Lab9HMain.o (.rodata.str1.92738753765294272191)
                  00018843    00000008     Lab9HMain.o (.rodata.str1.135363822859471765721)
                  0001884b    00000008     ST7735.o (.rodata.str1.39562344344181558271)
                  00018853    00000007     ST7735.o (.rodata.str1.121322603453744172521)
                  0001885a    00000007     Lab9HMain.o (.rodata.str1.148045851500927898161)
                  00018861    00000007     ST7735.o (.rodata.str1.175409668377903254331)
                  00018868    00000007     Lab9HMain.o (.rodata.str1.94539348878818337631)
                  0001886f    00000005     Lab9HMain.o (.rodata.str1.160588362872062865081)
                  00018874    00000004     --HOLE-- [fill = 0]

.init_array 
*          0    00018878    00000008     
                  00018878    00000004     Lab9HMain.o (.init_array)
                  0001887c    00000004     --HOLE-- [fill = 0]

.data      0    20200000    00000481     UNINITIALIZED
                  20200000    00000258     Lab9HMain.o (.data.pegs)
                  20200258    000000f0     libc.a : defs.c.obj (.data._ftable)
                  20200348    00000078     libsysbm.a : host_device.c.obj (.data._device)
                  202003c0    00000050                : host_device.c.obj (.data._stream)
                  20200410    00000014     Lab9HMain.o (.data.Sensor)
                  20200424    0000000c     Lab9HMain.o (.data.gameState)
                  20200430    00000008     libc.a : exit.c.obj (.data..L_MergedGlobals)
                  20200438    00000004     Clock.o (.data.BusFreq)
                  2020043c    00000004     Lab9HMain.o (.data.M)
                  20200440    00000004     ST7735.o (.data.StX)
                  20200444    00000004     ST7735.o (.data.StY)
                  20200448    00000004     libc.a : defs.c.obj (.data.__TI_ft_end)
                  2020044c    00000004     libc++abi.a : cxa_default_handlers.cpp.obj (.data.__cxa_new_handler)
                  20200450    00000004     libc.a : _lock.c.obj (.data._lock)
                  20200454    00000004            : _lock.c.obj (.data._unlock)
                  20200458    00000004     Lab9HMain.o (.data.currBall)
                  2020045c    00000004     Lab9HMain.o (.data.currentLevel)
                  20200460    00000004     Lab9HMain.o (.data.movingHole)
                  20200464    00000004     Sound.o (.data.soundIndex)
                  20200468    00000004     Sound.o (.data.soundLen)
                  2020046c    00000004     Sound.o (.data.soundPtr)
                  20200470    00000002     ST7735.o (.data._ZL6_width)
                  20200472    00000002     ST7735.o (.data._ZL7_height)
                  20200474    00000002     Lab9HMain.o (.data._ZZ4mainE9prevBallX)
                  20200476    00000002     Lab9HMain.o (.data._ZZ4mainE9prevBallY)
                  20200478    00000001     libsysbm.a : add_device.c.obj (.data.add_device.device_init)
                  20200479    00000001     Sound.o (.data.isPlaying)
                  2020047a    00000001     Lab9HMain.o (.data.levelSelect)
                  2020047b    00000001     Lab9HMain.o (.data.menuState)
                  2020047c    00000001     libc.a : memory.c.obj (.data.memory_is_initialized)
                  2020047d    00000001     Lab9HMain.o (.data.pegCount)
                  2020047e    00000001     Lab9HMain.o (.data.selectedOption)
                  2020047f    00000001     Lab9HMain.o (.data.transitionedToGameOver)
                  20200480    00000001     libsysbm.a : open.c.obj (.data.open.stream_init)

.sysmem    0    20200488    00000200     UNINITIALIZED
                  20200488    00000010     libc.a : memory.c.obj (.sysmem)
                  20200498    000001f0     --HOLE--

.bss       0    20200688    000001f1     UNINITIALIZED
                  20200688    00000120     libsysbm.a : trgmsg.c.obj (.bss:_CIOBUF_)
                  202007a8    000000a0     libc.a : defs.c.obj (.bss.__TI_tmpnams)
                  20200848    0000000c     ST7735.o (.bss.Message)
                  20200854    00000008     libsysbm.a : hostopen.c.obj (.bss.parmbuf)
                  2020085c    00000004     ST7735.o (.bss.Messageindex)
                  20200860    00000004     TExaS.o (.bss.TExaSLogic)
                  20200864    00000004     TExaS.o (.bss.TExaSadc)
                  20200868    00000004     Lab9HMain.o (.bss.data)
                  2020086c    00000004     Lab9HMain.o (.bss.input)
                  20200870    00000004     libc.a : memory.c.obj (.bss.sys_free)
                  20200874    00000002     ST7735.o (.bss.StTextColor)
                  20200876    00000001     ST7735.o (.bss._ZL8ColStart)
                  20200877    00000001     ST7735.o (.bss._ZL8RowStart)
                  20200878    00000001     ST7735.o (.bss._ZL8TabColor)

.stack     0    20207e00    00000200     UNINITIALIZED
                  20207e00    00000004     libc.a : boot_cortex_m.c.obj (.stack)
                  20207e04    000001fc     --HOLE--

__llvm_prf_cnts 
*          0    20200000    00000000     UNINITIALIZED

__llvm_prf_bits 
*          0    20200000    00000000     UNINITIALIZED

MODULE SUMMARY

       Module                         code    ro data   rw data
       ------                         ----    -------   -------
    .\
       Level.o                        96      81920     0      
       Sound.o                        352     11481     13     
       Lab9HMain.o                    4358    391       665    
       ST7735.o                       3060    1449      33     
       Ball.o                         1204    2176      0      
       Hole.o                         160     2304      0      
       Peg.o                          352     512       0      
       TExaS.o                        720     0         8      
       Clock.o                        516     0         4      
       SPI.o                          440     0         0      
       Timer.o                        412     0         0      
       SlidePot.o                     238     0         0      
       GameState.o                    222     0         0      
       LaunchPad.o                    180     0         0      
       DAC5.o                         88      0         0      
       Switch.o                       76      0         0      
       LED.o                          52      0         0      
    +--+------------------------------+-------+---------+---------+
       Total:                         12526   100233    723    
                                                               
    .\ticlang\
       startup_mspm0g3507_ticlang.o   60      192       0      
    +--+------------------------------+-------+---------+---------+
       Total:                         60      192       0      
                                                               
    C:\ti\ccs2000\ccs\tools\compiler\ti-cgt-armllvm_4.0.1.LTS\lib\armv6m-ti-none-eabi/c/libc.a
       memory.c.obj                   702     0         5      
       fopen.c.obj                    556     0         0      
       defs.c.obj                     0       0         404    
       setvbuf.c.obj                  224     0         0      
       getdevice.c.obj                160     0         0      
       strcmp-armv6m.S.obj            136     0         0      
       copy_decompress_lzss.c.obj     124     0         0      
       fclose.c.obj                   124     0         0      
       autoinit.c.obj                 84      0         0      
       fflush.c.obj                   82      0         0      
       exit.c.obj                     56      0         8      
       boot_cortex_m.c.obj            40      0         0      
       copy_zero_init.c.obj           22      0         0      
       copy_decompress_none.c.obj     18      0         0      
       memcpy16.S.obj                 18      0         0      
       memset16.S.obj                 14      0         0      
       _lock.c.obj                    2       0         8      
       pre_init.c.obj                 4       0         0      
    +--+------------------------------+-------+---------+---------+
       Total:                         2366    0         425    
                                                               
    C:\ti\ccs2000\ccs\tools\compiler\ti-cgt-armllvm_4.0.1.LTS\lib\armv6m-ti-none-eabi/c/libsysbm.a
       trgmsg.c.obj                   104     0         288    
       add_device.c.obj               236     0         1      
       host_device.c.obj              0       0         200    
       open.c.obj                     160     0         1      
       hostrename.c.obj               136     0         0      
       hostlseek.c.obj                108     0         0      
       hostopen.c.obj                 96      0         8      
       hostread.c.obj                 88      0         0      
       hostwrite.c.obj                88      0         0      
       close.c.obj                    80      0         0      
       hostclose.c.obj                72      0         0      
       hostunlink.c.obj               72      0         0      
       unlink.c.obj                   44      0         0      
       write.c.obj                    40      0         0      
       remove.c.obj                   8       0         0      
    +--+------------------------------+-------+---------+---------+
       Total:                         1332    0         498    
                                                               
    C:\ti\ccs2000\ccs\tools\compiler\ti-cgt-armllvm_4.0.1.LTS\lib\armv6m-ti-none-eabi/libc++abi.a
       stdlib_new_delete.cpp.obj      78      45        0      
       cxa_handlers.cpp.obj           12      0         0      
       abort_message.cpp.obj          4       0         0      
       cxa_default_handlers.cpp.obj   0       0         4      
    +--+------------------------------+-------+---------+---------+
       Total:                         94      45        4      
                                                               
    C:\ti\ccs2000\ccs\tools\compiler\ti-cgt-armllvm_4.0.1.LTS\lib\armv6m-ti-none-eabi/libclang_rt.builtins.a
       aeabi_idivmod.S.obj            86      0         0      
       aeabi_uidivmod.S.obj           64      0         0      
       aeabi_memset.S.obj             12      0         0      
       aeabi_memcpy.S.obj             8       0         0      
       aeabi_div0.c.obj               2       0         0      
    +--+------------------------------+-------+---------+---------+
       Total:                         172     0         0      
                                                               
       Heap:                          0       0         512    
       Stack:                         0       0         512    
       Linker Generated:              0       150       0      
    +--+------------------------------+-------+---------+---------+
       Grand Total:                   16550   100620    2674   


LINKER GENERATED COPY TABLES

__TI_cinit_table @ 0001c9c8 records: 2, size/record: 8, table size: 16
	.data: load addr=0001c940, load size=00000072 bytes, run addr=20200000, run size=00000481 bytes, compression=lzss
	.bss: load addr=0001c9c0, load size=00000008 bytes, run addr=20200688, run size=000001f1 bytes, compression=zero_init


LINKER GENERATED HANDLER TABLE

__TI_handler_table @ 0001c9b4 records: 3, size/record: 4, table size: 12
	index: 0, handler: __TI_decompress_lzss
	index: 1, handler: __TI_decompress_none
	index: 2, handler: __TI_zero_init


GLOBAL SYMBOLS: SORTED ALPHABETICALLY BY Name 

address   name                               
-------   ----                               
0001c4e1  ADC0_IRQHandler                    
0001c4e1  ADC1_IRQHandler                    
0001c4e1  AES_IRQHandler                     
20200438  BusFreq                            
0001c930  C$$EXIT                            
0001c0cd  C$$IO$$                            
0001c4e1  CANFD0_IRQHandler                  
0001c4e1  DAC0_IRQHandler                    
0001c4e1  DMA_IRQHandler                     
0001c4e1  Default_Handler                    
0001c4e1  GROUP0_IRQHandler                  
0001c4e1  GROUP1_IRQHandler                  
0001bbb1  HOSTclose                          
0001b35d  HOSTlseek                          
0001b5dd  HOSTopen                           
0001b7bd  HOSTread                           
0001b3c9  HOSTrename                         
0001bbf9  HOSTunlink                         
0001b815  HOSTwrite                          
0001c4fd  HardFault_Handler                  
0001c4e1  I2C0_IRQHandler                    
0001c4e1  I2C1_IRQHandler                    
2020043c  M                                  
20200848  Message                            
2020085c  Messageindex                       
0001c4e1  NMI_Handler                        
0001c4e1  PendSV_Handler                     
0001c4e1  RTC_IRQHandler                     
0001c925  Reset_Handler                      
00018878  SHT$$INIT_ARRAY$$Base              
0001887c  SHT$$INIT_ARRAY$$Limit             
0001c4e1  SPI0_IRQHandler                    
0001c4e1  SPI1_IRQHandler                    
0001c4e1  SVC_Handler                        
20200410  Sensor                             
20200874  StTextColor                        
20200440  StX                                
20200444  StY                                
0001b63d  SysTick_Handler                    
20200860  TExaSLogic                         
20200864  TExaSadc                           
0001c4e1  TIMA0_IRQHandler                   
0001c4e1  TIMA1_IRQHandler                   
0001c4e1  TIMG0_IRQHandler                   
00019205  TIMG12_IRQHandler                  
0001c4e1  TIMG6_IRQHandler                   
0001bd15  TIMG7_IRQHandler                   
0001c4e1  TIMG8_IRQHandler                   
0001c71b  TI_memcpy_small                    
0001c805  TI_memset_small                    
0001c4e1  UART0_IRQHandler                   
0001c4e1  UART1_IRQHandler                   
0001c4e1  UART2_IRQHandler                   
0001c4e1  UART3_IRQHandler                   
20200688  _CIOBUF_                           
0001c815  _Z10Clock_Freqv                    
0001c62d  _Z10SeedRandomj                    
0001bb65  _Z10Sound_Initv                    
0001b86d  _Z10TExaS_InitP10ADC12_RegsjPFhvE  
0001c73f  _Z11Clock_Delayj                   
0001be8d  _Z11SPI_OutDatac                   
0001c519  _Z11ST7735_openPKcji               
0001c5e9  _Z11ST7735_readiPcj                
0001c641  _Z11Sound_Shootv                   
0001bac5  _Z11Sound_StartPKhj                
0001c2e9  _Z11Switch_Initv                   
0001b975  _Z11fillmessagej                   
00019bad  _Z12DrawMainMenuv                  
0001ac49  _Z12ST7735_InitR10initRFlags       
0001c8ed  _Z12ST7735_closei                  
0001c7bf  _Z12ST7735_lseekili                
0001bf35  _Z12ST7735_writeiPKcj              
0001c655  _Z12Sound_Killedv                  
0001c821  _Z13ST7735_renamePKcS0_            
0001c8f7  _Z13ST7735_unlinkPKc               
0001b69d  _Z13TimerG12_Initv                 
0001bf69  _Z14Clock_Delay1msj                
0001b16d  _Z14LaunchPad_Initv                
0001bc41  _Z14SPI_OutCommandc                
0001a539  _Z14ST7735_OutCharc                
0001ae29  _Z14ST7735_OutUDecj                
0001aafd  _Z14TimerG7_IntArmtjj              
0001bec5  _Z15ActivatePortA_Bv               
00019851  _Z15Clock_Init80MHzi               
0001c171  _Z15ST7735_Color565hhh             
00019a05  _Z15ST7735_DrawCharsscssh          
0001a129  _Z15ST7735_FillRectsssst           
0001c669  _Z15Sound_Explosionv               
0001aec5  _Z15TimerG12_IntArmjj              
0001966d  _Z16DrawInstructionsv              
0001c3b1  _Z16ST7735_OutStringPc             
0001bf9d  _Z16ST7735_SetCursorjj             
0001945d  _Z17ST7735_DrawBitmapssPKtss       
0001b069  _Z17ST7735_DrawStringttPcs         
0001c265  _Z17ST7735_FillScreent             
0001ace9  _Z17ST7735_InitPrintf10initRFlags  
0001c67d  _Z18Sound_Fastinvader1v            
0001c691  _Z18Sound_Fastinvader2v            
0001c6a5  _Z19ST7735_SetTextColort           
0001a99d  _Z20ST7735_DrawFastHLinessst       
0001c82d  _Z22__throw_bad_alloc_shimv        
0001c751  _Z28TExaS_LaunchPadLogicPB27PB26v  
0001c5a1  _Z6Randomj                         
0001a001  _Z8ADC_InitP10ADC12_Regsjj         
0001c535  _Z8DAC5_Outj                       
00018f65  _Z8InitGamev                       
0001bfd1  _Z8LED_Initv                       
0001c901  _Z8PLL_Initv                       
0001c445  _Z8Random32v                       
0001a355  _Z8SPI_Initv                       
0001c311  _Z9ADC_StartP10ADC12_Regs          
0001be15  _Z9DAC5_Initv                      
0001aa4d  _Z9DrawTitlev                      
0001bd55  _Z9SPI_Resetv                      
0001c3fd  _Z9Switch_Inv                      
0001a621  _Z9UART_Initv                      
0001c761  _ZN10GameObjectC2Ev                
0001c771  _ZN3Peg11getHitStateEv             
0001be51  _ZN3Peg11isDestroyedEv             
0001c839  _ZN3Peg4getXEv                     
0001c845  _ZN3Peg4getYEv                     
0001b6fd  _ZN3Peg4initEiiaa                  
0001b8c5  _ZN3Peg8getImageEv                 
0001c5b9  _ZN3Peg9updatePegEv                
0001c291  _ZN3PegC1Ev                        
0001c291  _ZN3PegC2Ev                        
0001b75d  _ZN4Ball14checkCollisionEtt        
0001b435  _ZN4Ball18checkHoleCollisionEtt    
0001c851  _ZN4Ball4getXEv                    
0001c85d  _ZN4Ball4getYEv                    
0001b0ed  _ZN4Ball5isqrtEi                   
0001c005  _ZN4Ball5resetEh                   
00019d2d  _ZN4Ball6bounceEtt                 
0001c421  _ZN4Ball6isLostEv                  
0001c869  _ZN4Ball8getImageEv                
0001a8d1  _ZN4Ball8moveBallEv                
0001c781  _ZN4Ball9getActiveEv               
0001c5ff  _ZN4Ball9setActiveEb               
0001b4a1  _ZN4BallC1Eh                       
0001b4a1  _ZN4BallC2Eh                       
0001c875  _ZN4Hole4getXEv                    
0001c881  _ZN4Hole4getYEv                    
0001c88d  _ZN4Hole8getImageEv                
0001bcd1  _ZN4Hole8moveHoleEv                
0001befd  _ZN4HoleC1Ev                       
0001befd  _ZN4HoleC2Ev                       
0001c899  _ZN5Level8getImageEv               
0001b9c9  _ZN5LevelC1Eh                      
0001b9c9  _ZN5LevelC2Eh                      
0001bc89  _ZN8SlidePot2InEv                  
0001b1e9  _ZN8SlidePot4InitEv                
0001c551  _ZN8SlidePot7ConvertEj             
0001c7cd  _ZN8SlidePotC1Ejj                  
0001c7cd  _ZN8SlidePotC2Ejj                  
0001c709  _ZN9GameState15setCurrentLevelEh   
0001c4c3  _ZN9GameState7addBallEv            
0001c1d5  _ZN9GameState7useBallEv            
0001c6b9  _ZN9GameState9addPointsEj          
0001c7db  _ZN9GameState9nextLevelEv          
0001c6cd  _ZN9GameState9resetGameEv          
0001c6e1  _ZN9GameStateC1Ev                  
0001c6e1  _ZN9GameStateC2Ev                  
0001c791  _ZNK9GameState10isGameOverEv       
0001c8a5  _ZNK9GameState15getCurrentLevelEv  
0001c8b1  _ZNK9GameState17getBallsRemainingEv
0001c8bd  _ZNK9GameState8getScoreEv          
0001c8c9  _ZSt15get_new_handlerv             
0001c90b  _ZdlPv                             
0001c6f5  _Znwj                              
20200688  __CIOBUF_                          
20208000  __STACK_END                        
00000200  __STACK_SIZE                       
00000200  __SYSMEM_SIZE                      
00000000  __TI_ATRegion0_region_sz           
00000000  __TI_ATRegion0_src_addr            
00000000  __TI_ATRegion0_trg_addr            
00000000  __TI_ATRegion1_region_sz           
00000000  __TI_ATRegion1_src_addr            
00000000  __TI_ATRegion1_trg_addr            
00000000  __TI_ATRegion2_region_sz           
00000000  __TI_ATRegion2_src_addr            
00000000  __TI_ATRegion2_trg_addr            
0001c9c8  __TI_CINIT_Base                    
0001c9d8  __TI_CINIT_Limit                   
0001c9d8  __TI_CINIT_Warm                    
0001c9b4  __TI_Handler_Table_Base            
0001c9c0  __TI_Handler_Table_Limit           
0001ba1d  __TI_auto_init_nobinit             
0001c039  __TI_cleanup                       
20200430  __TI_cleanup_ptr                   
0001b265  __TI_closefile                     
0001b2e1  __TI_decompress_lzss               
0001c72d  __TI_decompress_none               
0001ba71  __TI_doflush                       
20200434  __TI_dtors_ptr                     
20200448  __TI_ft_end                        
ffffffff  __TI_pprof_out_hndl                
ffffffff  __TI_prof_data_size                
ffffffff  __TI_prof_data_start               
0001c06d  __TI_readmsg                       
00000000  __TI_static_base__                 
202007a8  __TI_tmpnams                       
0001c0a1  __TI_writemsg                      
0001c615  __TI_zero_init_nomemset            
0001b91d  __aeabi_idiv                       
0001ac47  __aeabi_idiv0                      
0001b91d  __aeabi_idivmod                    
0001c8d5  __aeabi_memclr                     
0001c8d5  __aeabi_memclr4                    
0001c8d5  __aeabi_memclr8                    
0001c915  __aeabi_memcpy                     
0001c915  __aeabi_memcpy4                    
0001c915  __aeabi_memcpy8                    
0001bd95  __aeabi_uidiv                      
0001bd95  __aeabi_uidivmod                   
ffffffff  __binit__                          
2020044c  __cxa_new_handler                  
UNDEFED   __mpu_init                         
20207e00  __stack                            
20200000  __start___llvm_prf_bits            
20200000  __start___llvm_prf_cnts            
20200000  __stop___llvm_prf_bits             
20200000  __stop___llvm_prf_cnts             
0001c389  _c_int00_noargs                    
20200348  _device                            
20200258  _ftable                            
20200450  _lock                              
0001b16b  _nop                               
202003c0  _stream                            
20200488  _sys_memory                        
UNDEFED   _system_post_cinit                 
0001c929  _system_pre_init                   
20200454  _unlock                            
0001c931  abort                              
0001c92d  abort_message                      
0001a44d  add_device                         
0001a241  aligned_alloc                      
ffffffff  binit                              
0001bb15  close                              
20200458  currBall                           
2020045c  currentLevel                       
20200868  data                               
0001c0d5  exit                               
0001c109  finddevice                         
0001c235  fopen                              
0001a709  free                               
0001c13d  freopen                            
20200424  gameState                          
0001b50d  getdevice                          
2020086c  input                              
00000000  interruptVectors                   
20200479  isPlaying                          
2020047a  levelSelect                        
00018881  main                               
0001c8e1  malloc                             
0001a241  memalign                           
2020047b  menuState                          
20200460  movingHole                         
0001ad89  open                               
20200854  parmbuf                            
2020047d  pegCount                           
20200000  pegs                               
0001c91d  remove                             
2020047e  selectedOption                     
0001a7f1  setvbuf                            
20200464  soundIndex                         
20200468  soundLen                           
2020046c  soundPtr                           
0001afe1  strcmp                             
2020047f  transitionedToGameOver             
0001c2bd  unlink                             
0001c361  write                              


GLOBAL SYMBOLS: SORTED BY Symbol Address 

address   name                               
-------   ----                               
00000000  __TI_ATRegion0_region_sz           
00000000  __TI_ATRegion0_src_addr            
00000000  __TI_ATRegion0_trg_addr            
00000000  __TI_ATRegion1_region_sz           
00000000  __TI_ATRegion1_src_addr            
00000000  __TI_ATRegion1_trg_addr            
00000000  __TI_ATRegion2_region_sz           
00000000  __TI_ATRegion2_src_addr            
00000000  __TI_ATRegion2_trg_addr            
00000000  __TI_static_base__                 
00000000  interruptVectors                   
00000200  __STACK_SIZE                       
00000200  __SYSMEM_SIZE                      
00018878  SHT$$INIT_ARRAY$$Base              
0001887c  SHT$$INIT_ARRAY$$Limit             
00018881  main                               
00018f65  _Z8InitGamev                       
00019205  TIMG12_IRQHandler                  
0001945d  _Z17ST7735_DrawBitmapssPKtss       
0001966d  _Z16DrawInstructionsv              
00019851  _Z15Clock_Init80MHzi               
00019a05  _Z15ST7735_DrawCharsscssh          
00019bad  _Z12DrawMainMenuv                  
00019d2d  _ZN4Ball6bounceEtt                 
0001a001  _Z8ADC_InitP10ADC12_Regsjj         
0001a129  _Z15ST7735_FillRectsssst           
0001a241  aligned_alloc                      
0001a241  memalign                           
0001a355  _Z8SPI_Initv                       
0001a44d  add_device                         
0001a539  _Z14ST7735_OutCharc                
0001a621  _Z9UART_Initv                      
0001a709  free                               
0001a7f1  setvbuf                            
0001a8d1  _ZN4Ball8moveBallEv                
0001a99d  _Z20ST7735_DrawFastHLinessst       
0001aa4d  _Z9DrawTitlev                      
0001aafd  _Z14TimerG7_IntArmtjj              
0001ac47  __aeabi_idiv0                      
0001ac49  _Z12ST7735_InitR10initRFlags       
0001ace9  _Z17ST7735_InitPrintf10initRFlags  
0001ad89  open                               
0001ae29  _Z14ST7735_OutUDecj                
0001aec5  _Z15TimerG12_IntArmjj              
0001afe1  strcmp                             
0001b069  _Z17ST7735_DrawStringttPcs         
0001b0ed  _ZN4Ball5isqrtEi                   
0001b16b  _nop                               
0001b16d  _Z14LaunchPad_Initv                
0001b1e9  _ZN8SlidePot4InitEv                
0001b265  __TI_closefile                     
0001b2e1  __TI_decompress_lzss               
0001b35d  HOSTlseek                          
0001b3c9  HOSTrename                         
0001b435  _ZN4Ball18checkHoleCollisionEtt    
0001b4a1  _ZN4BallC1Eh                       
0001b4a1  _ZN4BallC2Eh                       
0001b50d  getdevice                          
0001b5dd  HOSTopen                           
0001b63d  SysTick_Handler                    
0001b69d  _Z13TimerG12_Initv                 
0001b6fd  _ZN3Peg4initEiiaa                  
0001b75d  _ZN4Ball14checkCollisionEtt        
0001b7bd  HOSTread                           
0001b815  HOSTwrite                          
0001b86d  _Z10TExaS_InitP10ADC12_RegsjPFhvE  
0001b8c5  _ZN3Peg8getImageEv                 
0001b91d  __aeabi_idiv                       
0001b91d  __aeabi_idivmod                    
0001b975  _Z11fillmessagej                   
0001b9c9  _ZN5LevelC1Eh                      
0001b9c9  _ZN5LevelC2Eh                      
0001ba1d  __TI_auto_init_nobinit             
0001ba71  __TI_doflush                       
0001bac5  _Z11Sound_StartPKhj                
0001bb15  close                              
0001bb65  _Z10Sound_Initv                    
0001bbb1  HOSTclose                          
0001bbf9  HOSTunlink                         
0001bc41  _Z14SPI_OutCommandc                
0001bc89  _ZN8SlidePot2InEv                  
0001bcd1  _ZN4Hole8moveHoleEv                
0001bd15  TIMG7_IRQHandler                   
0001bd55  _Z9SPI_Resetv                      
0001bd95  __aeabi_uidiv                      
0001bd95  __aeabi_uidivmod                   
0001be15  _Z9DAC5_Initv                      
0001be51  _ZN3Peg11isDestroyedEv             
0001be8d  _Z11SPI_OutDatac                   
0001bec5  _Z15ActivatePortA_Bv               
0001befd  _ZN4HoleC1Ev                       
0001befd  _ZN4HoleC2Ev                       
0001bf35  _Z12ST7735_writeiPKcj              
0001bf69  _Z14Clock_Delay1msj                
0001bf9d  _Z16ST7735_SetCursorjj             
0001bfd1  _Z8LED_Initv                       
0001c005  _ZN4Ball5resetEh                   
0001c039  __TI_cleanup                       
0001c06d  __TI_readmsg                       
0001c0a1  __TI_writemsg                      
0001c0cd  C$$IO$$                            
0001c0d5  exit                               
0001c109  finddevice                         
0001c13d  freopen                            
0001c171  _Z15ST7735_Color565hhh             
0001c1d5  _ZN9GameState7useBallEv            
0001c235  fopen                              
0001c265  _Z17ST7735_FillScreent             
0001c291  _ZN3PegC1Ev                        
0001c291  _ZN3PegC2Ev                        
0001c2bd  unlink                             
0001c2e9  _Z11Switch_Initv                   
0001c311  _Z9ADC_StartP10ADC12_Regs          
0001c361  write                              
0001c389  _c_int00_noargs                    
0001c3b1  _Z16ST7735_OutStringPc             
0001c3fd  _Z9Switch_Inv                      
0001c421  _ZN4Ball6isLostEv                  
0001c445  _Z8Random32v                       
0001c4c3  _ZN9GameState7addBallEv            
0001c4e1  ADC0_IRQHandler                    
0001c4e1  ADC1_IRQHandler                    
0001c4e1  AES_IRQHandler                     
0001c4e1  CANFD0_IRQHandler                  
0001c4e1  DAC0_IRQHandler                    
0001c4e1  DMA_IRQHandler                     
0001c4e1  Default_Handler                    
0001c4e1  GROUP0_IRQHandler                  
0001c4e1  GROUP1_IRQHandler                  
0001c4e1  I2C0_IRQHandler                    
0001c4e1  I2C1_IRQHandler                    
0001c4e1  NMI_Handler                        
0001c4e1  PendSV_Handler                     
0001c4e1  RTC_IRQHandler                     
0001c4e1  SPI0_IRQHandler                    
0001c4e1  SPI1_IRQHandler                    
0001c4e1  SVC_Handler                        
0001c4e1  TIMA0_IRQHandler                   
0001c4e1  TIMA1_IRQHandler                   
0001c4e1  TIMG0_IRQHandler                   
0001c4e1  TIMG6_IRQHandler                   
0001c4e1  TIMG8_IRQHandler                   
0001c4e1  UART0_IRQHandler                   
0001c4e1  UART1_IRQHandler                   
0001c4e1  UART2_IRQHandler                   
0001c4e1  UART3_IRQHandler                   
0001c4fd  HardFault_Handler                  
0001c519  _Z11ST7735_openPKcji               
0001c535  _Z8DAC5_Outj                       
0001c551  _ZN8SlidePot7ConvertEj             
0001c5a1  _Z6Randomj                         
0001c5b9  _ZN3Peg9updatePegEv                
0001c5e9  _Z11ST7735_readiPcj                
0001c5ff  _ZN4Ball9setActiveEb               
0001c615  __TI_zero_init_nomemset            
0001c62d  _Z10SeedRandomj                    
0001c641  _Z11Sound_Shootv                   
0001c655  _Z12Sound_Killedv                  
0001c669  _Z15Sound_Explosionv               
0001c67d  _Z18Sound_Fastinvader1v            
0001c691  _Z18Sound_Fastinvader2v            
0001c6a5  _Z19ST7735_SetTextColort           
0001c6b9  _ZN9GameState9addPointsEj          
0001c6cd  _ZN9GameState9resetGameEv          
0001c6e1  _ZN9GameStateC1Ev                  
0001c6e1  _ZN9GameStateC2Ev                  
0001c6f5  _Znwj                              
0001c709  _ZN9GameState15setCurrentLevelEh   
0001c71b  TI_memcpy_small                    
0001c72d  __TI_decompress_none               
0001c73f  _Z11Clock_Delayj                   
0001c751  _Z28TExaS_LaunchPadLogicPB27PB26v  
0001c761  _ZN10GameObjectC2Ev                
0001c771  _ZN3Peg11getHitStateEv             
0001c781  _ZN4Ball9getActiveEv               
0001c791  _ZNK9GameState10isGameOverEv       
0001c7bf  _Z12ST7735_lseekili                
0001c7cd  _ZN8SlidePotC1Ejj                  
0001c7cd  _ZN8SlidePotC2Ejj                  
0001c7db  _ZN9GameState9nextLevelEv          
0001c805  TI_memset_small                    
0001c815  _Z10Clock_Freqv                    
0001c821  _Z13ST7735_renamePKcS0_            
0001c82d  _Z22__throw_bad_alloc_shimv        
0001c839  _ZN3Peg4getXEv                     
0001c845  _ZN3Peg4getYEv                     
0001c851  _ZN4Ball4getXEv                    
0001c85d  _ZN4Ball4getYEv                    
0001c869  _ZN4Ball8getImageEv                
0001c875  _ZN4Hole4getXEv                    
0001c881  _ZN4Hole4getYEv                    
0001c88d  _ZN4Hole8getImageEv                
0001c899  _ZN5Level8getImageEv               
0001c8a5  _ZNK9GameState15getCurrentLevelEv  
0001c8b1  _ZNK9GameState17getBallsRemainingEv
0001c8bd  _ZNK9GameState8getScoreEv          
0001c8c9  _ZSt15get_new_handlerv             
0001c8d5  __aeabi_memclr                     
0001c8d5  __aeabi_memclr4                    
0001c8d5  __aeabi_memclr8                    
0001c8e1  malloc                             
0001c8ed  _Z12ST7735_closei                  
0001c8f7  _Z13ST7735_unlinkPKc               
0001c901  _Z8PLL_Initv                       
0001c90b  _ZdlPv                             
0001c915  __aeabi_memcpy                     
0001c915  __aeabi_memcpy4                    
0001c915  __aeabi_memcpy8                    
0001c91d  remove                             
0001c925  Reset_Handler                      
0001c929  _system_pre_init                   
0001c92d  abort_message                      
0001c930  C$$EXIT                            
0001c931  abort                              
0001c9b4  __TI_Handler_Table_Base            
0001c9c0  __TI_Handler_Table_Limit           
0001c9c8  __TI_CINIT_Base                    
0001c9d8  __TI_CINIT_Limit                   
0001c9d8  __TI_CINIT_Warm                    
20200000  __start___llvm_prf_bits            
20200000  __start___llvm_prf_cnts            
20200000  __stop___llvm_prf_bits             
20200000  __stop___llvm_prf_cnts             
20200000  pegs                               
20200258  _ftable                            
20200348  _device                            
202003c0  _stream                            
20200410  Sensor                             
20200424  gameState                          
20200430  __TI_cleanup_ptr                   
20200434  __TI_dtors_ptr                     
20200438  BusFreq                            
2020043c  M                                  
20200440  StX                                
20200444  StY                                
20200448  __TI_ft_end                        
2020044c  __cxa_new_handler                  
20200450  _lock                              
20200454  _unlock                            
20200458  currBall                           
2020045c  currentLevel                       
20200460  movingHole                         
20200464  soundIndex                         
20200468  soundLen                           
2020046c  soundPtr                           
20200479  isPlaying                          
2020047a  levelSelect                        
2020047b  menuState                          
2020047d  pegCount                           
2020047e  selectedOption                     
2020047f  transitionedToGameOver             
20200488  _sys_memory                        
20200688  _CIOBUF_                           
20200688  __CIOBUF_                          
202007a8  __TI_tmpnams                       
20200848  Message                            
20200854  parmbuf                            
2020085c  Messageindex                       
20200860  TExaSLogic                         
20200864  TExaSadc                           
20200868  data                               
2020086c  input                              
20200874  StTextColor                        
20207e00  __stack                            
20208000  __STACK_END                        
ffffffff  __TI_pprof_out_hndl                
ffffffff  __TI_prof_data_size                
ffffffff  __TI_prof_data_start               
ffffffff  __binit__                          
ffffffff  binit                              
UNDEFED   __mpu_init                         
UNDEFED   _system_post_cinit                 

[272 symbols]
