******************************************************************************
            TI ARM Clang Linker PC v4.0.1                      
******************************************************************************
>> Linked Tue Apr 22 18:46:27 2025

OUTPUT FILE NAME:   <ECE319K_Lab9H.out>
ENTRY POINT SYMBOL: "_c_int00_noargs"  address: 0001cd05


MEMORY CONFIGURATION

         name            origin    length      used     unused   attr    fill
----------------------  --------  ---------  --------  --------  ----  --------
  FLASH                 00000000   00020000  0001d3a8  00002c58  R  X
  SRAM                  20200000   00008000  00000bde  00007422  RW X
  BCR_CONFIG            41c00000   00000080  00000000  00000080  R   
  BSL_CONFIG            41c00100   00000080  00000000  00000080  R   


SEGMENT ALLOCATION MAP

run origin  load origin   length   init length attrs members
----------  ----------- ---------- ----------- ----- -------
00000000    00000000    0001d3a8   0001d3a8    r-x
  00000000    00000000    000000c0   000000c0    r-- .intvecs
  000000c0    000000c0    00018820   00018820    r-- .rodata
  000188e0    000188e0    00004a20   00004a20    r-x .text
  0001d300    0001d300    00000008   00000008    r-- .init_array
  0001d308    0001d308    000000a0   000000a0    r-- .cinit
20200000    20200000    000009e1   00000000    rw-
  20200000    20200000    000005ed   00000000    rw- .data
  202005f0    202005f0    00000200   00000000    rw- .sysmem
  202007f0    202007f0    000001f1   00000000    rw- .bss
20207e00    20207e00    00000200   00000000    rw-
  20207e00    20207e00    00000200   00000000    rw- .stack


SECTION ALLOCATION MAP

 output                                  attributes/
section   page    origin      length       input sections
--------  ----  ----------  ----------   ----------------
.intvecs   0    00000000    000000c0     
                  00000000    000000c0     startup_mspm0g3507_ticlang.o (.intvecs)

.binit     0    00000000    00000000     

.text      0    000188e0    00004a20     
                  000188e0    00000888     Lab9HMain.o (.text.main)
                  00019168    000003d4     Lab9HMain.o (.text._Z8InitGamev)
                  0001953c    000002bc     Lab9HMain.o (.text.TIMG12_IRQHandler)
                  000197f8    00000210     ST7735.o (.text._Z17ST7735_DrawBitmapssPKtss)
                  00019a08    000001e8     Ball.o (.text._ZN4Ball6bounceEtt)
                  00019bf0    000001d0     Lab9HMain.o (.text._Z12DrawMainMenuv)
                  00019dc0    000001bc     Lab9HMain.o (.text._Z16DrawYouWonScreenv)
                  00019f7c    000001b4     Clock.o (.text._Z15Clock_Init80MHzi)
                  0001a130    000001a8     ST7735.o (.text._Z15ST7735_DrawCharsscssh)
                  0001a2d8    0000018c     Lab9HMain.o (.text._Z25mergeSpriteWithBackgroundPtPKtttS1_tttt)
                  0001a464    00000154     libc.a : fopen.c.obj (.text._openfile)
                  0001a5b8    00000134     Lab9HMain.o (.text._Z19DrawLevelTransitionv)
                  0001a6ec    00000128     TExaS.o (.text._Z8ADC_InitP10ADC12_Regsjj)
                  0001a814    00000118     ST7735.o (.text._Z15ST7735_FillRectsssst)
                  0001a92c    00000118     Lab9HMain.o (.text._Z16DrawInstructionsv)
                  0001aa44    00000114     libc.a : memory.c.obj (.text.aligned_alloc)
                  0001ab58    000000f8     SPI.o (.text._Z8SPI_Initv)
                  0001ac50    000000ec     libsysbm.a : add_device.c.obj (.text.add_device)
                  0001ad3c    000000e8     ST7735.o (.text._Z14ST7735_OutCharc)
                  0001ae24    000000e8     TExaS.o (.text._Z9UART_Initv)
                  0001af0c    000000e8     libc.a : memory.c.obj (.text.free)
                  0001aff4    000000e0     Lab9HMain.o (.text._Z12DrawGameOverv)
                  0001b0d4    000000e0     libc.a : setvbuf.c.obj (.text.setvbuf)
                  0001b1b4    000000cc     Ball.o (.text._ZN4Ball8moveBallEv)
                  0001b280    000000b0     ST7735.o (.text._Z20ST7735_DrawFastHLinessst)
                  0001b330    000000b0     ST7735.o (.text._Z20ST7735_DrawFastVLinessst)
                  0001b3e0    000000a8     Timer.o (.text._Z14TimerG7_IntArmtjj)
                  0001b488    000000a2     ST7735.o (.text._ZL11commandListPKh)
                  0001b52a    00000002     libclang_rt.builtins.a : aeabi_div0.c.obj (.text.__aeabi_idiv0)
                  0001b52c    000000a0     ST7735.o (.text._Z12ST7735_InitR10initRFlags)
                  0001b5cc    000000a0     ST7735.o (.text._Z17ST7735_InitPrintf10initRFlags)
                  0001b66c    000000a0     libsysbm.a : open.c.obj (.text.open)
                  0001b70c    0000009c     ST7735.o (.text._Z14ST7735_OutUDecj)
                  0001b7a8    00000094     Timer.o (.text._Z15TimerG12_IntArmjj)
                  0001b83c    00000088     ST7735.o (.text._ZL13setAddrWindowhhhh)
                  0001b8c4    0000000c     Clock.o (.text._Z10Clock_Freqv)
                  0001b8d0    00000088     libc.a : strcmp-armv6m.S.obj (.text:strcmp)
                  0001b958    00000084     ST7735.o (.text._Z17ST7735_DrawStringttPcs)
                  0001b9dc    0000007e     Ball.o (.text._ZN4Ball5isqrtEi)
                  0001ba5a    00000002     libc.a : _lock.c.obj (.text._nop)
                  0001ba5c    0000007c     LaunchPad.o (.text._Z14LaunchPad_Initv)
                  0001bad8    0000007c     SlidePot.o (.text._ZN8SlidePot4InitEv)
                  0001bb54    0000007c     libc.a : fclose.c.obj (.text.__TI_closefile)
                  0001bbd0    0000007c            : copy_decompress_lzss.c.obj (.text:decompress:lzss)
                  0001bc4c    00000078     Lab9HMain.o (.text._Z9DrawTitlev)
                  0001bcc4    0000006c     libsysbm.a : hostlseek.c.obj (.text.HOSTlseek)
                  0001bd30    0000006c                : hostrename.c.obj (.text.HOSTrename)
                  0001bd9c    0000006c     Ball.o (.text._ZN4Ball18checkHoleCollisionEtt)
                  0001be08    0000006c     libc.a : getdevice.c.obj (.text.getdevice)
                  0001be74    00000064     Peg.o (.text._ZN3Peg4initEiiah)
                  0001bed8    00000064     libc.a : memory.c.obj (.text.split)
                  0001bf3c    00000060     libsysbm.a : hostopen.c.obj (.text.HOSTopen)
                  0001bf9c    00000060     Sound.o (.text.SysTick_Handler)
                  0001bffc    00000060     Timer.o (.text._Z13TimerG12_Initv)
                  0001c05c    00000060     Ball.o (.text._ZN4Ball14checkCollisionEtt)
                  0001c0bc    00000058     libsysbm.a : hostread.c.obj (.text.HOSTread)
                  0001c114    00000058                : hostwrite.c.obj (.text.HOSTwrite)
                  0001c16c    00000058     TExaS.o (.text._Z10TExaS_InitP10ADC12_RegsjPFhvE)
                  0001c1c4    00000056     libclang_rt.builtins.a : aeabi_idivmod.S.obj (.text.__aeabi_idivmod)
                  0001c21a    00000002     --HOLE-- [fill = 0]
                  0001c21c    00000054     ST7735.o (.text._Z11fillmessagej)
                  0001c270    00000054     Peg.o (.text._ZN3Peg8getImageEv)
                  0001c2c4    00000054     Ball.o (.text._ZN4BallC2Eh)
                  0001c318    00000054     Level.o (.text._ZN5LevelC2Eh)
                  0001c36c    00000054     libc.a : autoinit.c.obj (.text:__TI_auto_init_nobinit)
                  0001c3c0    00000052            : fflush.c.obj (.text.__TI_doflush)
                  0001c412    00000002     --HOLE-- [fill = 0]
                  0001c414    00000050     Sound.o (.text._Z11Sound_StartPKhj)
                  0001c464    00000050     libsysbm.a : close.c.obj (.text.close)
                  0001c4b4    0000004c     Sound.o (.text._Z10Sound_Initv)
                  0001c500    00000048     libsysbm.a : hostclose.c.obj (.text.HOSTclose)
                  0001c548    00000048                : hostunlink.c.obj (.text.HOSTunlink)
                  0001c590    00000048     SPI.o (.text._Z14SPI_OutCommandc)
                  0001c5d8    00000048     SlidePot.o (.text._ZN8SlidePot2InEv)
                  0001c620    00000044     Hole.o (.text._ZN4Hole8moveHoleEv)
                  0001c664    00000040     TExaS.o (.text.TIMG7_IRQHandler)
                  0001c6a4    00000040     SPI.o (.text._Z9SPI_Resetv)
                  0001c6e4    00000040     libclang_rt.builtins.a : aeabi_uidivmod.S.obj (.text.__aeabi_uidivmod)
                  0001c724    00000040     libc.a : fopen.c.obj (.text._search_fp)
                  0001c764    0000003c     DAC5.o (.text._Z9DAC5_Initv)
                  0001c7a0    0000003c     Peg.o (.text._ZN3Peg11isDestroyedEv)
                  0001c7dc    00000038     SPI.o (.text._Z11SPI_OutDatac)
                  0001c814    00000038     LaunchPad.o (.text._Z15ActivatePortA_Bv)
                  0001c84c    00000038     Hole.o (.text._ZN4HoleC2Ev)
                  0001c884    00000034     ST7735.o (.text._Z12ST7735_writeiPKcj)
                  0001c8b8    00000034     Clock.o (.text._Z14Clock_Delay1msj)
                  0001c8ec    00000034     ST7735.o (.text._Z16ST7735_SetCursorjj)
                  0001c920    00000034     LED.o (.text._Z8LED_Initv)
                  0001c954    00000034     libc.a : fopen.c.obj (.text.__TI_cleanup)
                  0001c988    00000034     libsysbm.a : trgmsg.c.obj (.text.__TI_readmsg)
                  0001c9bc    00000034                : trgmsg.c.obj (.text.__TI_writemsg)
                  0001c9f0    00000034     libc.a : exit.c.obj (.text.exit)
                  0001ca24    00000034            : getdevice.c.obj (.text.finddevice)
                  0001ca58    00000034            : fopen.c.obj (.text.freopen)
                  0001ca8c    00000032     ST7735.o (.text._Z15ST7735_Color565hhh)
                  0001cabe    00000002     --HOLE-- [fill = 0]
                  0001cac0    00000030     ST7735.o (.text._ZL10commonInitPKh)
                  0001caf0    00000030     Ball.o (.text._ZN4Ball5resetEh)
                  0001cb20    00000030     GameState.o (.text._ZN9GameState7useBallEv)
                  0001cb50    00000030     Lab9HMain.o (.text.__cxx_global_var_init.3)
                  0001cb80    00000030     libc.a : fopen.c.obj (.text.fopen)
                  0001cbb0    0000002e     Peg.o (.text._ZN3PegC2Ev)
                  0001cbde    00000002     --HOLE-- [fill = 0]
                  0001cbe0    0000002c     ST7735.o (.text._Z17ST7735_FillScreent)
                  0001cc0c    0000002c     GameState.o (.text._ZN9GameState17setBallsRemainingEh)
                  0001cc38    0000002c     libsysbm.a : unlink.c.obj (.text.unlink)
                  0001cc64    00000028     Switch.o (.text._Z11Switch_Initv)
                  0001cc8c    00000028     TExaS.o (.text._Z9ADC_StartP10ADC12_Regs)
                  0001ccb4    00000028     libc.a : memory.c.obj (.text.free_list_insert)
                  0001ccdc    00000028     libsysbm.a : write.c.obj (.text.write)
                  0001cd04    00000028     libc.a : boot_cortex_m.c.obj (.text:_c_int00_noargs)
                  0001cd2c    00000026     ST7735.o (.text._Z16ST7735_OutStringPc)
                  0001cd52    00000026     libc++abi.a : stdlib_new_delete.cpp.obj (.text._ZL17operator_new_implj)
                  0001cd78    00000024     Switch.o (.text._Z9Switch_Inv)
                  0001cd9c    00000024     Ball.o (.text._ZN4Ball6isLostEv)
                  0001cdc0    00000020     Lab9HMain.o (.text._Z8Random32v)
                  0001cde0    00000020     Lab9HMain.o (.text.__cxx_global_var_init.1)
                  0001ce00    00000020     Lab9HMain.o (.text.__cxx_global_var_init.2)
                  0001ce20    0000001e     ST7735.o (.text._ZL9pushColort)
                  0001ce3e    0000001e     GameState.o (.text._ZN9GameState7addBallEv)
                  0001ce5c    0000001c     startup_mspm0g3507_ticlang.o (.text.Default_Handler)
                  0001ce78    0000001c     startup_mspm0g3507_ticlang.o (.text.HardFault_Handler)
                  0001ce94    0000001c     ST7735.o (.text._Z11ST7735_openPKcji)
                  0001ceb0    0000001c     DAC5.o (.text._Z8DAC5_Outj)
                  0001cecc    0000001c     SlidePot.o (.text._ZN8SlidePot7ConvertEj)
                  0001cee8    0000001c     libc.a : memory.c.obj (.text.free_list_remove)
                  0001cf04    00000018     Lab9HMain.o (.text._GLOBAL__sub_I_Lab9HMain.cpp)
                  0001cf1c    00000018     Lab9HMain.o (.text._Z6Randomj)
                  0001cf34    00000018     Lab9HMain.o (.text.__cxx_global_var_init)
                  0001cf4c    00000016     ST7735.o (.text._Z11ST7735_readiPcj)
                  0001cf62    00000016     Ball.o (.text._ZN4Ball9setActiveEb)
                  0001cf78    00000016     libc.a : copy_zero_init.c.obj (.text:decompress:ZI:__TI_zero_init_nomemset)
                  0001cf8e    00000002     --HOLE-- [fill = 0]
                  0001cf90    00000014     Lab9HMain.o (.text._Z10SeedRandomj)
                  0001cfa4    00000014     Sound.o (.text._Z11Sound_Shootv)
                  0001cfb8    00000014     Sound.o (.text._Z12Sound_Killedv)
                  0001cfcc    00000014     Sound.o (.text._Z15Sound_Explosionv)
                  0001cfe0    00000014     Sound.o (.text._Z18Sound_Fastinvader1v)
                  0001cff4    00000014     Sound.o (.text._Z18Sound_Fastinvader2v)
                  0001d008    00000014     ST7735.o (.text._Z19ST7735_SetTextColort)
                  0001d01c    00000014     Peg.o (.text._ZN3Peg9updatePegEv)
                  0001d030    00000014     Ball.o (.text._ZN4Ball3aimEj)
                  0001d044    00000014     GameState.o (.text._ZN9GameState9addPointsEj)
                  0001d058    00000014     GameState.o (.text._ZN9GameState9resetGameEv)
                  0001d06c    00000014     GameState.o (.text._ZN9GameStateC2Ev)
                  0001d080    00000014     libc++abi.a : stdlib_new_delete.cpp.obj (.text._Znwj)
                  0001d094    00000012     GameState.o (.text._ZN9GameState15setCurrentLevelEh)
                  0001d0a6    00000012     libc.a : memcpy16.S.obj (.text:TI_memcpy_small)
                  0001d0b8    00000012            : copy_decompress_none.c.obj (.text:decompress:none)
                  0001d0ca    00000010     Clock.o (.text._Z11Clock_Delayj)
                  0001d0da    00000002     --HOLE-- [fill = 0]
                  0001d0dc    00000010     Lab9HMain.o (.text._Z28TExaS_LaunchPadLogicPB27PB26v)
                  0001d0ec    00000010     Ball.o (.text._ZN10GameObjectC2Ev)
                  0001d0fc    00000010     Peg.o (.text._ZN3Peg11getHitStateEv)
                  0001d10c    00000010     Ball.o (.text._ZN4Ball9getActiveEv)
                  0001d11c    00000010     GameState.o (.text._ZNK9GameState10isGameOverEv)
                  0001d12c    00000010     Lab9HMain.o (.text.__cxx_global_var_init.4)
                  0001d13c    0000000e     libc.a : memory.c.obj (.text.OUTLINED_FUNCTION_0)
                  0001d14a    0000000e     ST7735.o (.text._Z12ST7735_lseekili)
                  0001d158    0000000e     Ball.o (.text._ZN4Ball4getHEv)
                  0001d166    0000000e     Ball.o (.text._ZN4Ball4getWEv)
                  0001d174    0000000e     SlidePot.o (.text._ZN8SlidePotC2Ejj)
                  0001d182    0000000e     libsysbm.a : hostrename.c.obj (.text.strcpy)
                  0001d190    0000000e                : hostrename.c.obj (.text.strlen)
                  0001d19e    0000000e     libc.a : memset16.S.obj (.text:TI_memset_small)
                  0001d1ac    0000000c     ST7735.o (.text._Z13ST7735_renamePKcS0_)
                  0001d1b8    0000000c     libc++abi.a : stdlib_new_delete.cpp.obj (.text._Z22__throw_bad_alloc_shimv)
                  0001d1c4    0000000c     Peg.o (.text._ZN3Peg4getHEv)
                  0001d1d0    0000000c     Peg.o (.text._ZN3Peg4getWEv)
                  0001d1dc    0000000c     Peg.o (.text._ZN3Peg4getXEv)
                  0001d1e8    0000000c     Peg.o (.text._ZN3Peg4getYEv)
                  0001d1f4    0000000c     Peg.o (.text._ZN3Peg8getColorEv)
                  0001d200    0000000c     Ball.o (.text._ZN4Ball4getXEv)
                  0001d20c    0000000c     Ball.o (.text._ZN4Ball4getYEv)
                  0001d218    0000000c     Ball.o (.text._ZN4Ball8getImageEv)
                  0001d224    0000000c     Hole.o (.text._ZN4Hole4getXEv)
                  0001d230    0000000c     Hole.o (.text._ZN4Hole4getYEv)
                  0001d23c    0000000c     Hole.o (.text._ZN4Hole8getImageEv)
                  0001d248    0000000c     Level.o (.text._ZN5Level8getImageEv)
                  0001d254    0000000c     GameState.o (.text._ZNK9GameState15getCurrentLevelEv)
                  0001d260    0000000c     GameState.o (.text._ZNK9GameState17getBallsRemainingEv)
                  0001d26c    0000000c     GameState.o (.text._ZNK9GameState8getScoreEv)
                  0001d278    0000000c     libc++abi.a : cxa_handlers.cpp.obj (.text._ZSt15get_new_handlerv)
                  0001d284    0000000c     libclang_rt.builtins.a : aeabi_memset.S.obj (.text.__aeabi_memclr)
                  0001d290    0000000c     libc.a : memory.c.obj (.text.malloc)
                  0001d29c    0000000a     ST7735.o (.text._Z12ST7735_closei)
                  0001d2a6    0000000a     ST7735.o (.text._Z13ST7735_unlinkPKc)
                  0001d2b0    0000000a     Lab9HMain.o (.text._Z8PLL_Initv)
                  0001d2ba    00000008     libc++abi.a : stdlib_new_delete.cpp.obj (.text._ZdaPv)
                  0001d2c2    00000008                 : stdlib_new_delete.cpp.obj (.text._ZdlPv)
                  0001d2ca    00000008                 : stdlib_new_delete.cpp.obj (.text._Znaj)
                  0001d2d2    00000002     --HOLE-- [fill = 0]
                  0001d2d4    00000008     libclang_rt.builtins.a : aeabi_memcpy.S.obj (.text.__aeabi_memcpy)
                  0001d2dc    00000008     libsysbm.a : remove.c.obj (.text.remove)
                  0001d2e4    00000004     startup_mspm0g3507_ticlang.o (.text.Reset_Handler)
                  0001d2e8    00000004     libc.a : pre_init.c.obj (.text._system_pre_init)
                  0001d2ec    00000004     libc++abi.a : abort_message.cpp.obj (.text.abort_message)
                  0001d2f0    00000004     libc.a : exit.c.obj (.text:abort)
                  0001d2f4    0000000c     --HOLE-- [fill = 0]

.cinit     0    0001d308    000000a0     
                  0001d308    00000079     (.cinit..data.load) [load image, compression = lzss]
                  0001d381    00000003     --HOLE-- [fill = 0]
                  0001d384    0000000c     (__TI_handler_table)
                  0001d390    00000008     (.cinit..bss.load) [load image, compression = zero_init]
                  0001d398    00000010     (__TI_cinit_table)

.rodata    0    000000c0    00018820     
                  000000c0    0000a000     Level.o (.rodata._ZL6level1)
                  0000a0c0    0000a000     Level.o (.rodata._ZL6level2)
                  000140c0    00000ff0     Sound.o (.rodata._ZL5shoot)
                  000150b0    00000d31     Sound.o (.rodata._ZL13invaderkilled)
                  00015de1    00000001     --HOLE-- [fill = 0]
                  00015de2    00000900     Hole.o (.rodata._ZL6bucket)
                  000166e2    00000002     ST7735.o (.rodata.str1.59249497501465847671)
                  000166e4    00000800     Ball.o (.rodata._ZL10angleTable)
                  00016ee4    000007d0     Sound.o (.rodata._ZL9explosion)
                  000176b4    000004fb     ST7735.o (.rodata._ZL4Font)
                  00017baf    00000412     Sound.o (.rodata._ZL12fastinvader2)
                  00017fc1    000003d6     Sound.o (.rodata._ZL12fastinvader1)
                  00018397    00000001     --HOLE-- [fill = 0]
                  00018398    00000080     Peg.o (.rodata._ZL10bluepeghit)
                  00018418    00000080     Peg.o (.rodata._ZL12orangepeghit)
                  00018498    00000080     Lab9HMain.o (.rodata._ZL16BlackCoverSprite)
                  00018518    00000080     Ball.o (.rodata._ZL4ball)
                  00018598    00000080     Peg.o (.rodata._ZL7bluepeg)
                  00018618    00000080     Peg.o (.rodata._ZL9orangepeg)
                  00018698    0000003b     ST7735.o (.rodata._ZL5Rcmd1)
                  000186d3    0000002d     libc++abi.a : stdlib_new_delete.cpp.obj (.rodata.str1.177346920702326194221)
                  00018700    0000002b     ST7735.o (.rodata._ZL5Rcmd3)
                  0001872b    00000016     ST7735.o (.rodata.str1.120157123834947517821)
                  00018741    00000014     Lab9HMain.o (.rodata.str1.1045638472106105921)
                  00018755    00000014     Lab9HMain.o (.rodata.str1.150236657587030721481)
                  00018769    00000014     Lab9HMain.o (.rodata.str1.15360766164854299121)
                  0001877d    00000014     Lab9HMain.o (.rodata.str1.64434510243936695551)
                  00018791    00000012     Lab9HMain.o (.rodata.str1.77946550721901366211)
                  000187a3    00000012     Lab9HMain.o (.rodata.str1.89800876338655967931)
                  000187b5    00000011     Lab9HMain.o (.rodata.str1.92738753765294272191)
                  000187c6    00000010     Lab9HMain.o (.rodata.str1.11344128452655267101)
                  000187d6    00000010     Lab9HMain.o (.rodata.str1.142763588511342823311)
                  000187e6    0000000f     Lab9HMain.o (.rodata.str1.94539348878818337631)
                  000187f5    0000000e     Lab9HMain.o (.rodata.str1.23765623467681484731)
                  00018803    0000000e     Lab9HMain.o (.rodata.str1.8734979013979085121)
                  00018811    0000000d     ST7735.o (.rodata._ZL10Rcmd2green)
                  0001881e    0000000d     ST7735.o (.rodata._ZL8Rcmd2red)
                  0001882b    0000000d     Lab9HMain.o (.rodata.str1.109436695696880395661)
                  00018838    0000000d     Lab9HMain.o (.rodata.str1.43928348135455860411)
                  00018845    0000000c     Lab9HMain.o (.rodata.str1.150864919958333191721)
                  00018851    0000000c     Lab9HMain.o (.rodata.str1.160588362872062865081)
                  0001885d    0000000c     Lab9HMain.o (.rodata.str1.36435047076059183751)
                  00018869    0000000b     Lab9HMain.o (.rodata.str1.74067424030976851731)
                  00018874    0000000a     Lab9HMain.o (.rodata.str1.102680895847577752451)
                  0001887e    0000000a     Lab9HMain.o (.rodata.str1.148045851500927898161)
                  00018888    00000009     Lab9HMain.o (.rodata.str1.135587178987165645761)
                  00018891    00000008     Lab9HMain.o (.rodata.str1.113724764143009181171)
                  00018899    00000008     Lab9HMain.o (.rodata.str1.135363822859471765721)
                  000188a1    00000008     Lab9HMain.o (.rodata.str1.136243777921425235241)
                  000188a9    00000008     ST7735.o (.rodata.str1.39562344344181558271)
                  000188b1    00000007     ST7735.o (.rodata.str1.121322603453744172521)
                  000188b8    00000007     Lab9HMain.o (.rodata.str1.144606553268132684431)
                  000188bf    00000007     ST7735.o (.rodata.str1.175409668377903254331)
                  000188c6    00000007     Lab9HMain.o (.rodata.str1.36136728744051949671)
                  000188cd    00000007     Lab9HMain.o (.rodata.str1.53064498209084138541)
                  000188d4    00000005     Lab9HMain.o (.rodata.str1.5541580624040671811)
                  000188d9    00000007     --HOLE-- [fill = 0]

.init_array 
*          0    0001d300    00000008     
                  0001d300    00000004     Lab9HMain.o (.init_array)
                  0001d304    00000004     --HOLE-- [fill = 0]

.data      0    20200000    000005ed     UNINITIALIZED
                  20200000    000003c0     Lab9HMain.o (.data.pegs)
                  202003c0    000000f0     libc.a : defs.c.obj (.data._ftable)
                  202004b0    00000078     libsysbm.a : host_device.c.obj (.data._device)
                  20200528    00000050                : host_device.c.obj (.data._stream)
                  20200578    00000014     Lab9HMain.o (.data.Sensor)
                  2020058c    0000000c     Lab9HMain.o (.data.gameState)
                  20200598    00000008     libc.a : exit.c.obj (.data..L_MergedGlobals)
                  202005a0    00000004     Clock.o (.data.BusFreq)
                  202005a4    00000004     Lab9HMain.o (.data.M)
                  202005a8    00000004     ST7735.o (.data.StX)
                  202005ac    00000004     ST7735.o (.data.StY)
                  202005b0    00000004     libc.a : defs.c.obj (.data.__TI_ft_end)
                  202005b4    00000004     libc++abi.a : cxa_default_handlers.cpp.obj (.data.__cxa_new_handler)
                  202005b8    00000004     libc.a : _lock.c.obj (.data._lock)
                  202005bc    00000004            : _lock.c.obj (.data._unlock)
                  202005c0    00000004     Lab9HMain.o (.data.currBall)
                  202005c4    00000004     Lab9HMain.o (.data.currentLevel)
                  202005c8    00000004     Lab9HMain.o (.data.movingHole)
                  202005cc    00000004     Sound.o (.data.soundIndex)
                  202005d0    00000004     Sound.o (.data.soundLen)
                  202005d4    00000004     Sound.o (.data.soundPtr)
                  202005d8    00000002     ST7735.o (.data._ZL6_width)
                  202005da    00000002     ST7735.o (.data._ZL7_height)
                  202005dc    00000002     Lab9HMain.o (.data._ZZ4mainE9prevBallX)
                  202005de    00000002     Lab9HMain.o (.data._ZZ4mainE9prevBallY)
                  202005e0    00000001     libsysbm.a : add_device.c.obj (.data.add_device.device_init)
                  202005e1    00000001     Sound.o (.data.isPlaying)
                  202005e2    00000001     Lab9HMain.o (.data.levelSelect)
                  202005e3    00000001     Lab9HMain.o (.data.maxPegs)
                  202005e4    00000001     Lab9HMain.o (.data.maxSeperation)
                  202005e5    00000001     Lab9HMain.o (.data.menuState)
                  202005e6    00000001     Lab9HMain.o (.data.orangeCount)
                  202005e7    00000001     Lab9HMain.o (.data.pegCount)
                  202005e8    00000001     libc.a : memory.c.obj (.data.memory_is_initialized)
                  202005e9    00000001     Lab9HMain.o (.data.randomColor)
                  202005ea    00000001     Lab9HMain.o (.data.selectedOption)
                  202005eb    00000001     Lab9HMain.o (.data.transitionedToGameOver)
                  202005ec    00000001     libsysbm.a : open.c.obj (.data.open.stream_init)

.sysmem    0    202005f0    00000200     UNINITIALIZED
                  202005f0    00000010     libc.a : memory.c.obj (.sysmem)
                  20200600    000001f0     --HOLE--

.bss       0    202007f0    000001f1     UNINITIALIZED
                  202007f0    00000120     libsysbm.a : trgmsg.c.obj (.bss:_CIOBUF_)
                  20200910    000000a0     libc.a : defs.c.obj (.bss.__TI_tmpnams)
                  202009b0    0000000c     ST7735.o (.bss.Message)
                  202009bc    00000008     libsysbm.a : hostopen.c.obj (.bss.parmbuf)
                  202009c4    00000004     ST7735.o (.bss.Messageindex)
                  202009c8    00000004     TExaS.o (.bss.TExaSLogic)
                  202009cc    00000004     TExaS.o (.bss.TExaSadc)
                  202009d0    00000004     Lab9HMain.o (.bss.data)
                  202009d4    00000004     Lab9HMain.o (.bss.input)
                  202009d8    00000004     libc.a : memory.c.obj (.bss.sys_free)
                  202009dc    00000002     ST7735.o (.bss.StTextColor)
                  202009de    00000001     ST7735.o (.bss._ZL8ColStart)
                  202009df    00000001     ST7735.o (.bss._ZL8RowStart)
                  202009e0    00000001     ST7735.o (.bss._ZL8TabColor)

.stack     0    20207e00    00000200     UNINITIALIZED
                  20207e00    00000004     libc.a : boot_cortex_m.c.obj (.stack)
                  20207e04    000001fc     --HOLE--

__llvm_prf_cnts 
*          0    20200000    00000000     UNINITIALIZED

__llvm_prf_bits 
*          0    20200000    00000000     UNINITIALIZED

MODULE SUMMARY

       Module                         code    ro data   rw data
       ------                         ----    -------   -------
    .\
       Level.o                        96      81920     0      
       Sound.o                        352     11481     13     
       Lab9HMain.o                    6378    492       1029   
       ST7735.o                       3236    1449      33     
       Ball.o                         1328    2176      0      
       Hole.o                         160     2304      0      
       Peg.o                          386     512       0      
       TExaS.o                        720     0         8      
       Clock.o                        516     0         4      
       SPI.o                          440     0         0      
       Timer.o                        412     0         0      
       GameState.o                    252     0         0      
       SlidePot.o                     238     0         0      
       LaunchPad.o                    180     0         0      
       DAC5.o                         88      0         0      
       Switch.o                       76      0         0      
       LED.o                          52      0         0      
    +--+------------------------------+-------+---------+---------+
       Total:                         14910   100334    1087   
                                                               
    .\ticlang\
       startup_mspm0g3507_ticlang.o   60      192       0      
    +--+------------------------------+-------+---------+---------+
       Total:                         60      192       0      
                                                               
    C:\ti\ccs2000\ccs\tools\compiler\ti-cgt-armllvm_4.0.1.LTS\lib\armv6m-ti-none-eabi/c/libc.a
       memory.c.obj                   702     0         5      
       fopen.c.obj                    556     0         0      
       defs.c.obj                     0       0         404    
       setvbuf.c.obj                  224     0         0      
       getdevice.c.obj                160     0         0      
       strcmp-armv6m.S.obj            136     0         0      
       copy_decompress_lzss.c.obj     124     0         0      
       fclose.c.obj                   124     0         0      
       autoinit.c.obj                 84      0         0      
       fflush.c.obj                   82      0         0      
       exit.c.obj                     56      0         8      
       boot_cortex_m.c.obj            40      0         0      
       copy_zero_init.c.obj           22      0         0      
       copy_decompress_none.c.obj     18      0         0      
       memcpy16.S.obj                 18      0         0      
       memset16.S.obj                 14      0         0      
       _lock.c.obj                    2       0         8      
       pre_init.c.obj                 4       0         0      
    +--+------------------------------+-------+---------+---------+
       Total:                         2366    0         425    
                                                               
    C:\ti\ccs2000\ccs\tools\compiler\ti-cgt-armllvm_4.0.1.LTS\lib\armv6m-ti-none-eabi/c/libsysbm.a
       trgmsg.c.obj                   104     0         288    
       add_device.c.obj               236     0         1      
       host_device.c.obj              0       0         200    
       open.c.obj                     160     0         1      
       hostrename.c.obj               136     0         0      
       hostlseek.c.obj                108     0         0      
       hostopen.c.obj                 96      0         8      
       hostread.c.obj                 88      0         0      
       hostwrite.c.obj                88      0         0      
       close.c.obj                    80      0         0      
       hostclose.c.obj                72      0         0      
       hostunlink.c.obj               72      0         0      
       unlink.c.obj                   44      0         0      
       write.c.obj                    40      0         0      
       remove.c.obj                   8       0         0      
    +--+------------------------------+-------+---------+---------+
       Total:                         1332    0         498    
                                                               
    C:\ti\ccs2000\ccs\tools\compiler\ti-cgt-armllvm_4.0.1.LTS\lib\armv6m-ti-none-eabi/libc++abi.a
       stdlib_new_delete.cpp.obj      94      45        0      
       cxa_handlers.cpp.obj           12      0         0      
       abort_message.cpp.obj          4       0         0      
       cxa_default_handlers.cpp.obj   0       0         4      
    +--+------------------------------+-------+---------+---------+
       Total:                         110     45        4      
                                                               
    C:\ti\ccs2000\ccs\tools\compiler\ti-cgt-armllvm_4.0.1.LTS\lib\armv6m-ti-none-eabi/libclang_rt.builtins.a
       aeabi_idivmod.S.obj            86      0         0      
       aeabi_uidivmod.S.obj           64      0         0      
       aeabi_memset.S.obj             12      0         0      
       aeabi_memcpy.S.obj             8       0         0      
       aeabi_div0.c.obj               2       0         0      
    +--+------------------------------+-------+---------+---------+
       Total:                         172     0         0      
                                                               
       Heap:                          0       0         512    
       Stack:                         0       0         512    
       Linker Generated:              0       157       0      
    +--+------------------------------+-------+---------+---------+
       Grand Total:                   18950   100728    3038   


LINKER GENERATED COPY TABLES

__TI_cinit_table @ 0001d398 records: 2, size/record: 8, table size: 16
	.data: load addr=0001d308, load size=00000079 bytes, run addr=20200000, run size=000005ed bytes, compression=lzss
	.bss: load addr=0001d390, load size=00000008 bytes, run addr=202007f0, run size=000001f1 bytes, compression=zero_init


LINKER GENERATED HANDLER TABLE

__TI_handler_table @ 0001d384 records: 3, size/record: 4, table size: 12
	index: 0, handler: __TI_decompress_lzss
	index: 1, handler: __TI_decompress_none
	index: 2, handler: __TI_zero_init


GLOBAL SYMBOLS: SORTED ALPHABETICALLY BY Name 

address   name                                       
-------   ----                                       
0001ce5d  ADC0_IRQHandler                            
0001ce5d  ADC1_IRQHandler                            
0001ce5d  AES_IRQHandler                             
202005a0  BusFreq                                    
0001d2f0  C$$EXIT                                    
0001c9e9  C$$IO$$                                    
0001ce5d  CANFD0_IRQHandler                          
0001ce5d  DAC0_IRQHandler                            
0001ce5d  DMA_IRQHandler                             
0001ce5d  Default_Handler                            
0001ce5d  GROUP0_IRQHandler                          
0001ce5d  GROUP1_IRQHandler                          
0001c501  HOSTclose                                  
0001bcc5  HOSTlseek                                  
0001bf3d  HOSTopen                                   
0001c0bd  HOSTread                                   
0001bd31  HOSTrename                                 
0001c549  HOSTunlink                                 
0001c115  HOSTwrite                                  
0001ce79  HardFault_Handler                          
0001ce5d  I2C0_IRQHandler                            
0001ce5d  I2C1_IRQHandler                            
202005a4  M                                          
202009b0  Message                                    
202009c4  Messageindex                               
0001ce5d  NMI_Handler                                
0001ce5d  PendSV_Handler                             
0001ce5d  RTC_IRQHandler                             
0001d2e5  Reset_Handler                              
0001d300  SHT$$INIT_ARRAY$$Base                      
0001d304  SHT$$INIT_ARRAY$$Limit                     
0001ce5d  SPI0_IRQHandler                            
0001ce5d  SPI1_IRQHandler                            
0001ce5d  SVC_Handler                                
20200578  Sensor                                     
202009dc  StTextColor                                
202005a8  StX                                        
202005ac  StY                                        
0001bf9d  SysTick_Handler                            
202009c8  TExaSLogic                                 
202009cc  TExaSadc                                   
0001ce5d  TIMA0_IRQHandler                           
0001ce5d  TIMA1_IRQHandler                           
0001ce5d  TIMG0_IRQHandler                           
0001953d  TIMG12_IRQHandler                          
0001ce5d  TIMG6_IRQHandler                           
0001c665  TIMG7_IRQHandler                           
0001ce5d  TIMG8_IRQHandler                           
0001d0a7  TI_memcpy_small                            
0001d19f  TI_memset_small                            
0001ce5d  UART0_IRQHandler                           
0001ce5d  UART1_IRQHandler                           
0001ce5d  UART2_IRQHandler                           
0001ce5d  UART3_IRQHandler                           
202007f0  _CIOBUF_                                   
0001b8c5  _Z10Clock_Freqv                            
0001cf91  _Z10SeedRandomj                            
0001c4b5  _Z10Sound_Initv                            
0001c16d  _Z10TExaS_InitP10ADC12_RegsjPFhvE          
0001d0cb  _Z11Clock_Delayj                           
0001c7dd  _Z11SPI_OutDatac                           
0001ce95  _Z11ST7735_openPKcji                       
0001cf4d  _Z11ST7735_readiPcj                        
0001cfa5  _Z11Sound_Shootv                           
0001c415  _Z11Sound_StartPKhj                        
0001cc65  _Z11Switch_Initv                           
0001c21d  _Z11fillmessagej                           
0001aff5  _Z12DrawGameOverv                          
00019bf1  _Z12DrawMainMenuv                          
0001b52d  _Z12ST7735_InitR10initRFlags               
0001d29d  _Z12ST7735_closei                          
0001d14b  _Z12ST7735_lseekili                        
0001c885  _Z12ST7735_writeiPKcj                      
0001cfb9  _Z12Sound_Killedv                          
0001d1ad  _Z13ST7735_renamePKcS0_                    
0001d2a7  _Z13ST7735_unlinkPKc                       
0001bffd  _Z13TimerG12_Initv                         
0001c8b9  _Z14Clock_Delay1msj                        
0001ba5d  _Z14LaunchPad_Initv                        
0001c591  _Z14SPI_OutCommandc                        
0001ad3d  _Z14ST7735_OutCharc                        
0001b70d  _Z14ST7735_OutUDecj                        
0001b3e1  _Z14TimerG7_IntArmtjj                      
0001c815  _Z15ActivatePortA_Bv                       
00019f7d  _Z15Clock_Init80MHzi                       
0001ca8d  _Z15ST7735_Color565hhh                     
0001a131  _Z15ST7735_DrawCharsscssh                  
0001a815  _Z15ST7735_FillRectsssst                   
0001cfcd  _Z15Sound_Explosionv                       
0001b7a9  _Z15TimerG12_IntArmjj                      
0001a92d  _Z16DrawInstructionsv                      
00019dc1  _Z16DrawYouWonScreenv                      
0001cd2d  _Z16ST7735_OutStringPc                     
0001c8ed  _Z16ST7735_SetCursorjj                     
000197f9  _Z17ST7735_DrawBitmapssPKtss               
0001b959  _Z17ST7735_DrawStringttPcs                 
0001cbe1  _Z17ST7735_FillScreent                     
0001b5cd  _Z17ST7735_InitPrintf10initRFlags          
0001cfe1  _Z18Sound_Fastinvader1v                    
0001cff5  _Z18Sound_Fastinvader2v                    
0001a5b9  _Z19DrawLevelTransitionv                   
0001d009  _Z19ST7735_SetTextColort                   
0001b281  _Z20ST7735_DrawFastHLinessst               
0001b331  _Z20ST7735_DrawFastVLinessst               
0001d1b9  _Z22__throw_bad_alloc_shimv                
0001a2d9  _Z25mergeSpriteWithBackgroundPtPKtttS1_tttt
0001d0dd  _Z28TExaS_LaunchPadLogicPB27PB26v          
0001cf1d  _Z6Randomj                                 
0001a6ed  _Z8ADC_InitP10ADC12_Regsjj                 
0001ceb1  _Z8DAC5_Outj                               
00019169  _Z8InitGamev                               
0001c921  _Z8LED_Initv                               
0001d2b1  _Z8PLL_Initv                               
0001cdc1  _Z8Random32v                               
0001ab59  _Z8SPI_Initv                               
0001cc8d  _Z9ADC_StartP10ADC12_Regs                  
0001c765  _Z9DAC5_Initv                              
0001bc4d  _Z9DrawTitlev                              
0001c6a5  _Z9SPI_Resetv                              
0001cd79  _Z9Switch_Inv                              
0001ae25  _Z9UART_Initv                              
0001d0ed  _ZN10GameObjectC2Ev                        
0001d0fd  _ZN3Peg11getHitStateEv                     
0001c7a1  _ZN3Peg11isDestroyedEv                     
0001d1c5  _ZN3Peg4getHEv                             
0001d1d1  _ZN3Peg4getWEv                             
0001d1dd  _ZN3Peg4getXEv                             
0001d1e9  _ZN3Peg4getYEv                             
0001be75  _ZN3Peg4initEiiah                          
0001d1f5  _ZN3Peg8getColorEv                         
0001c271  _ZN3Peg8getImageEv                         
0001d01d  _ZN3Peg9updatePegEv                        
0001cbb1  _ZN3PegC1Ev                                
0001cbb1  _ZN3PegC2Ev                                
0001c05d  _ZN4Ball14checkCollisionEtt                
0001bd9d  _ZN4Ball18checkHoleCollisionEtt            
0001d031  _ZN4Ball3aimEj                             
0001d159  _ZN4Ball4getHEv                            
0001d167  _ZN4Ball4getWEv                            
0001d201  _ZN4Ball4getXEv                            
0001d20d  _ZN4Ball4getYEv                            
0001b9dd  _ZN4Ball5isqrtEi                           
0001caf1  _ZN4Ball5resetEh                           
00019a09  _ZN4Ball6bounceEtt                         
0001cd9d  _ZN4Ball6isLostEv                          
0001d219  _ZN4Ball8getImageEv                        
0001b1b5  _ZN4Ball8moveBallEv                        
0001d10d  _ZN4Ball9getActiveEv                       
0001cf63  _ZN4Ball9setActiveEb                       
0001c2c5  _ZN4BallC1Eh                               
0001c2c5  _ZN4BallC2Eh                               
0001d225  _ZN4Hole4getXEv                            
0001d231  _ZN4Hole4getYEv                            
0001d23d  _ZN4Hole8getImageEv                        
0001c621  _ZN4Hole8moveHoleEv                        
0001c84d  _ZN4HoleC1Ev                               
0001c84d  _ZN4HoleC2Ev                               
0001d249  _ZN5Level8getImageEv                       
0001c319  _ZN5LevelC1Eh                              
0001c319  _ZN5LevelC2Eh                              
0001c5d9  _ZN8SlidePot2InEv                          
0001bad9  _ZN8SlidePot4InitEv                        
0001cecd  _ZN8SlidePot7ConvertEj                     
0001d175  _ZN8SlidePotC1Ejj                          
0001d175  _ZN8SlidePotC2Ejj                          
0001d095  _ZN9GameState15setCurrentLevelEh           
0001cc0d  _ZN9GameState17setBallsRemainingEh         
0001ce3f  _ZN9GameState7addBallEv                    
0001cb21  _ZN9GameState7useBallEv                    
0001d045  _ZN9GameState9addPointsEj                  
0001d059  _ZN9GameState9resetGameEv                  
0001d06d  _ZN9GameStateC1Ev                          
0001d06d  _ZN9GameStateC2Ev                          
0001d11d  _ZNK9GameState10isGameOverEv               
0001d255  _ZNK9GameState15getCurrentLevelEv          
0001d261  _ZNK9GameState17getBallsRemainingEv        
0001d26d  _ZNK9GameState8getScoreEv                  
0001d279  _ZSt15get_new_handlerv                     
0001d2bb  _ZdaPv                                     
0001d2c3  _ZdlPv                                     
0001d2cb  _Znaj                                      
0001d081  _Znwj                                      
202007f0  __CIOBUF_                                  
20208000  __STACK_END                                
00000200  __STACK_SIZE                               
00000200  __SYSMEM_SIZE                              
00000000  __TI_ATRegion0_region_sz                   
00000000  __TI_ATRegion0_src_addr                    
00000000  __TI_ATRegion0_trg_addr                    
00000000  __TI_ATRegion1_region_sz                   
00000000  __TI_ATRegion1_src_addr                    
00000000  __TI_ATRegion1_trg_addr                    
00000000  __TI_ATRegion2_region_sz                   
00000000  __TI_ATRegion2_src_addr                    
00000000  __TI_ATRegion2_trg_addr                    
0001d398  __TI_CINIT_Base                            
0001d3a8  __TI_CINIT_Limit                           
0001d3a8  __TI_CINIT_Warm                            
0001d384  __TI_Handler_Table_Base                    
0001d390  __TI_Handler_Table_Limit                   
0001c36d  __TI_auto_init_nobinit                     
0001c955  __TI_cleanup                               
20200598  __TI_cleanup_ptr                           
0001bb55  __TI_closefile                             
0001bbd1  __TI_decompress_lzss                       
0001d0b9  __TI_decompress_none                       
0001c3c1  __TI_doflush                               
2020059c  __TI_dtors_ptr                             
202005b0  __TI_ft_end                                
ffffffff  __TI_pprof_out_hndl                        
ffffffff  __TI_prof_data_size                        
ffffffff  __TI_prof_data_start                       
0001c989  __TI_readmsg                               
00000000  __TI_static_base__                         
20200910  __TI_tmpnams                               
0001c9bd  __TI_writemsg                              
0001cf79  __TI_zero_init_nomemset                    
0001c1c5  __aeabi_idiv                               
0001b52b  __aeabi_idiv0                              
0001c1c5  __aeabi_idivmod                            
0001d285  __aeabi_memclr                             
0001d285  __aeabi_memclr4                            
0001d285  __aeabi_memclr8                            
0001d2d5  __aeabi_memcpy                             
0001d2d5  __aeabi_memcpy4                            
0001d2d5  __aeabi_memcpy8                            
0001c6e5  __aeabi_uidiv                              
0001c6e5  __aeabi_uidivmod                           
ffffffff  __binit__                                  
202005b4  __cxa_new_handler                          
UNDEFED   __mpu_init                                 
20207e00  __stack                                    
20200000  __start___llvm_prf_bits                    
20200000  __start___llvm_prf_cnts                    
20200000  __stop___llvm_prf_bits                     
20200000  __stop___llvm_prf_cnts                     
0001cd05  _c_int00_noargs                            
202004b0  _device                                    
202003c0  _ftable                                    
202005b8  _lock                                      
0001ba5b  _nop                                       
20200528  _stream                                    
202005f0  _sys_memory                                
UNDEFED   _system_post_cinit                         
0001d2e9  _system_pre_init                           
202005bc  _unlock                                    
0001d2f1  abort                                      
0001d2ed  abort_message                              
0001ac51  add_device                                 
0001aa45  aligned_alloc                              
ffffffff  binit                                      
0001c465  close                                      
202005c0  currBall                                   
202005c4  currentLevel                               
202009d0  data                                       
0001c9f1  exit                                       
0001ca25  finddevice                                 
0001cb81  fopen                                      
0001af0d  free                                       
0001ca59  freopen                                    
2020058c  gameState                                  
0001be09  getdevice                                  
202009d4  input                                      
00000000  interruptVectors                           
202005e1  isPlaying                                  
202005e2  levelSelect                                
000188e1  main                                       
0001d291  malloc                                     
202005e3  maxPegs                                    
202005e4  maxSeperation                              
0001aa45  memalign                                   
202005e5  menuState                                  
202005c8  movingHole                                 
0001b66d  open                                       
202005e6  orangeCount                                
202009bc  parmbuf                                    
202005e7  pegCount                                   
20200000  pegs                                       
202005e9  randomColor                                
0001d2dd  remove                                     
202005ea  selectedOption                             
0001b0d5  setvbuf                                    
202005cc  soundIndex                                 
202005d0  soundLen                                   
202005d4  soundPtr                                   
0001b8d1  strcmp                                     
202005eb  transitionedToGameOver                     
0001cc39  unlink                                     
0001ccdd  write                                      


GLOBAL SYMBOLS: SORTED BY Symbol Address 

address   name                                       
-------   ----                                       
00000000  __TI_ATRegion0_region_sz                   
00000000  __TI_ATRegion0_src_addr                    
00000000  __TI_ATRegion0_trg_addr                    
00000000  __TI_ATRegion1_region_sz                   
00000000  __TI_ATRegion1_src_addr                    
00000000  __TI_ATRegion1_trg_addr                    
00000000  __TI_ATRegion2_region_sz                   
00000000  __TI_ATRegion2_src_addr                    
00000000  __TI_ATRegion2_trg_addr                    
00000000  __TI_static_base__                         
00000000  interruptVectors                           
00000200  __STACK_SIZE                               
00000200  __SYSMEM_SIZE                              
000188e1  main                                       
00019169  _Z8InitGamev                               
0001953d  TIMG12_IRQHandler                          
000197f9  _Z17ST7735_DrawBitmapssPKtss               
00019a09  _ZN4Ball6bounceEtt                         
00019bf1  _Z12DrawMainMenuv                          
00019dc1  _Z16DrawYouWonScreenv                      
00019f7d  _Z15Clock_Init80MHzi                       
0001a131  _Z15ST7735_DrawCharsscssh                  
0001a2d9  _Z25mergeSpriteWithBackgroundPtPKtttS1_tttt
0001a5b9  _Z19DrawLevelTransitionv                   
0001a6ed  _Z8ADC_InitP10ADC12_Regsjj                 
0001a815  _Z15ST7735_FillRectsssst                   
0001a92d  _Z16DrawInstructionsv                      
0001aa45  aligned_alloc                              
0001aa45  memalign                                   
0001ab59  _Z8SPI_Initv                               
0001ac51  add_device                                 
0001ad3d  _Z14ST7735_OutCharc                        
0001ae25  _Z9UART_Initv                              
0001af0d  free                                       
0001aff5  _Z12DrawGameOverv                          
0001b0d5  setvbuf                                    
0001b1b5  _ZN4Ball8moveBallEv                        
0001b281  _Z20ST7735_DrawFastHLinessst               
0001b331  _Z20ST7735_DrawFastVLinessst               
0001b3e1  _Z14TimerG7_IntArmtjj                      
0001b52b  __aeabi_idiv0                              
0001b52d  _Z12ST7735_InitR10initRFlags               
0001b5cd  _Z17ST7735_InitPrintf10initRFlags          
0001b66d  open                                       
0001b70d  _Z14ST7735_OutUDecj                        
0001b7a9  _Z15TimerG12_IntArmjj                      
0001b8c5  _Z10Clock_Freqv                            
0001b8d1  strcmp                                     
0001b959  _Z17ST7735_DrawStringttPcs                 
0001b9dd  _ZN4Ball5isqrtEi                           
0001ba5b  _nop                                       
0001ba5d  _Z14LaunchPad_Initv                        
0001bad9  _ZN8SlidePot4InitEv                        
0001bb55  __TI_closefile                             
0001bbd1  __TI_decompress_lzss                       
0001bc4d  _Z9DrawTitlev                              
0001bcc5  HOSTlseek                                  
0001bd31  HOSTrename                                 
0001bd9d  _ZN4Ball18checkHoleCollisionEtt            
0001be09  getdevice                                  
0001be75  _ZN3Peg4initEiiah                          
0001bf3d  HOSTopen                                   
0001bf9d  SysTick_Handler                            
0001bffd  _Z13TimerG12_Initv                         
0001c05d  _ZN4Ball14checkCollisionEtt                
0001c0bd  HOSTread                                   
0001c115  HOSTwrite                                  
0001c16d  _Z10TExaS_InitP10ADC12_RegsjPFhvE          
0001c1c5  __aeabi_idiv                               
0001c1c5  __aeabi_idivmod                            
0001c21d  _Z11fillmessagej                           
0001c271  _ZN3Peg8getImageEv                         
0001c2c5  _ZN4BallC1Eh                               
0001c2c5  _ZN4BallC2Eh                               
0001c319  _ZN5LevelC1Eh                              
0001c319  _ZN5LevelC2Eh                              
0001c36d  __TI_auto_init_nobinit                     
0001c3c1  __TI_doflush                               
0001c415  _Z11Sound_StartPKhj                        
0001c465  close                                      
0001c4b5  _Z10Sound_Initv                            
0001c501  HOSTclose                                  
0001c549  HOSTunlink                                 
0001c591  _Z14SPI_OutCommandc                        
0001c5d9  _ZN8SlidePot2InEv                          
0001c621  _ZN4Hole8moveHoleEv                        
0001c665  TIMG7_IRQHandler                           
0001c6a5  _Z9SPI_Resetv                              
0001c6e5  __aeabi_uidiv                              
0001c6e5  __aeabi_uidivmod                           
0001c765  _Z9DAC5_Initv                              
0001c7a1  _ZN3Peg11isDestroyedEv                     
0001c7dd  _Z11SPI_OutDatac                           
0001c815  _Z15ActivatePortA_Bv                       
0001c84d  _ZN4HoleC1Ev                               
0001c84d  _ZN4HoleC2Ev                               
0001c885  _Z12ST7735_writeiPKcj                      
0001c8b9  _Z14Clock_Delay1msj                        
0001c8ed  _Z16ST7735_SetCursorjj                     
0001c921  _Z8LED_Initv                               
0001c955  __TI_cleanup                               
0001c989  __TI_readmsg                               
0001c9bd  __TI_writemsg                              
0001c9e9  C$$IO$$                                    
0001c9f1  exit                                       
0001ca25  finddevice                                 
0001ca59  freopen                                    
0001ca8d  _Z15ST7735_Color565hhh                     
0001caf1  _ZN4Ball5resetEh                           
0001cb21  _ZN9GameState7useBallEv                    
0001cb81  fopen                                      
0001cbb1  _ZN3PegC1Ev                                
0001cbb1  _ZN3PegC2Ev                                
0001cbe1  _Z17ST7735_FillScreent                     
0001cc0d  _ZN9GameState17setBallsRemainingEh         
0001cc39  unlink                                     
0001cc65  _Z11Switch_Initv                           
0001cc8d  _Z9ADC_StartP10ADC12_Regs                  
0001ccdd  write                                      
0001cd05  _c_int00_noargs                            
0001cd2d  _Z16ST7735_OutStringPc                     
0001cd79  _Z9Switch_Inv                              
0001cd9d  _ZN4Ball6isLostEv                          
0001cdc1  _Z8Random32v                               
0001ce3f  _ZN9GameState7addBallEv                    
0001ce5d  ADC0_IRQHandler                            
0001ce5d  ADC1_IRQHandler                            
0001ce5d  AES_IRQHandler                             
0001ce5d  CANFD0_IRQHandler                          
0001ce5d  DAC0_IRQHandler                            
0001ce5d  DMA_IRQHandler                             
0001ce5d  Default_Handler                            
0001ce5d  GROUP0_IRQHandler                          
0001ce5d  GROUP1_IRQHandler                          
0001ce5d  I2C0_IRQHandler                            
0001ce5d  I2C1_IRQHandler                            
0001ce5d  NMI_Handler                                
0001ce5d  PendSV_Handler                             
0001ce5d  RTC_IRQHandler                             
0001ce5d  SPI0_IRQHandler                            
0001ce5d  SPI1_IRQHandler                            
0001ce5d  SVC_Handler                                
0001ce5d  TIMA0_IRQHandler                           
0001ce5d  TIMA1_IRQHandler                           
0001ce5d  TIMG0_IRQHandler                           
0001ce5d  TIMG6_IRQHandler                           
0001ce5d  TIMG8_IRQHandler                           
0001ce5d  UART0_IRQHandler                           
0001ce5d  UART1_IRQHandler                           
0001ce5d  UART2_IRQHandler                           
0001ce5d  UART3_IRQHandler                           
0001ce79  HardFault_Handler                          
0001ce95  _Z11ST7735_openPKcji                       
0001ceb1  _Z8DAC5_Outj                               
0001cecd  _ZN8SlidePot7ConvertEj                     
0001cf1d  _Z6Randomj                                 
0001cf4d  _Z11ST7735_readiPcj                        
0001cf63  _ZN4Ball9setActiveEb                       
0001cf79  __TI_zero_init_nomemset                    
0001cf91  _Z10SeedRandomj                            
0001cfa5  _Z11Sound_Shootv                           
0001cfb9  _Z12Sound_Killedv                          
0001cfcd  _Z15Sound_Explosionv                       
0001cfe1  _Z18Sound_Fastinvader1v                    
0001cff5  _Z18Sound_Fastinvader2v                    
0001d009  _Z19ST7735_SetTextColort                   
0001d01d  _ZN3Peg9updatePegEv                        
0001d031  _ZN4Ball3aimEj                             
0001d045  _ZN9GameState9addPointsEj                  
0001d059  _ZN9GameState9resetGameEv                  
0001d06d  _ZN9GameStateC1Ev                          
0001d06d  _ZN9GameStateC2Ev                          
0001d081  _Znwj                                      
0001d095  _ZN9GameState15setCurrentLevelEh           
0001d0a7  TI_memcpy_small                            
0001d0b9  __TI_decompress_none                       
0001d0cb  _Z11Clock_Delayj                           
0001d0dd  _Z28TExaS_LaunchPadLogicPB27PB26v          
0001d0ed  _ZN10GameObjectC2Ev                        
0001d0fd  _ZN3Peg11getHitStateEv                     
0001d10d  _ZN4Ball9getActiveEv                       
0001d11d  _ZNK9GameState10isGameOverEv               
0001d14b  _Z12ST7735_lseekili                        
0001d159  _ZN4Ball4getHEv                            
0001d167  _ZN4Ball4getWEv                            
0001d175  _ZN8SlidePotC1Ejj                          
0001d175  _ZN8SlidePotC2Ejj                          
0001d19f  TI_memset_small                            
0001d1ad  _Z13ST7735_renamePKcS0_                    
0001d1b9  _Z22__throw_bad_alloc_shimv                
0001d1c5  _ZN3Peg4getHEv                             
0001d1d1  _ZN3Peg4getWEv                             
0001d1dd  _ZN3Peg4getXEv                             
0001d1e9  _ZN3Peg4getYEv                             
0001d1f5  _ZN3Peg8getColorEv                         
0001d201  _ZN4Ball4getXEv                            
0001d20d  _ZN4Ball4getYEv                            
0001d219  _ZN4Ball8getImageEv                        
0001d225  _ZN4Hole4getXEv                            
0001d231  _ZN4Hole4getYEv                            
0001d23d  _ZN4Hole8getImageEv                        
0001d249  _ZN5Level8getImageEv                       
0001d255  _ZNK9GameState15getCurrentLevelEv          
0001d261  _ZNK9GameState17getBallsRemainingEv        
0001d26d  _ZNK9GameState8getScoreEv                  
0001d279  _ZSt15get_new_handlerv                     
0001d285  __aeabi_memclr                             
0001d285  __aeabi_memclr4                            
0001d285  __aeabi_memclr8                            
0001d291  malloc                                     
0001d29d  _Z12ST7735_closei                          
0001d2a7  _Z13ST7735_unlinkPKc                       
0001d2b1  _Z8PLL_Initv                               
0001d2bb  _ZdaPv                                     
0001d2c3  _ZdlPv                                     
0001d2cb  _Znaj                                      
0001d2d5  __aeabi_memcpy                             
0001d2d5  __aeabi_memcpy4                            
0001d2d5  __aeabi_memcpy8                            
0001d2dd  remove                                     
0001d2e5  Reset_Handler                              
0001d2e9  _system_pre_init                           
0001d2ed  abort_message                              
0001d2f0  C$$EXIT                                    
0001d2f1  abort                                      
0001d300  SHT$$INIT_ARRAY$$Base                      
0001d304  SHT$$INIT_ARRAY$$Limit                     
0001d384  __TI_Handler_Table_Base                    
0001d390  __TI_Handler_Table_Limit                   
0001d398  __TI_CINIT_Base                            
0001d3a8  __TI_CINIT_Limit                           
0001d3a8  __TI_CINIT_Warm                            
20200000  __start___llvm_prf_bits                    
20200000  __start___llvm_prf_cnts                    
20200000  __stop___llvm_prf_bits                     
20200000  __stop___llvm_prf_cnts                     
20200000  pegs                                       
202003c0  _ftable                                    
202004b0  _device                                    
20200528  _stream                                    
20200578  Sensor                                     
2020058c  gameState                                  
20200598  __TI_cleanup_ptr                           
2020059c  __TI_dtors_ptr                             
202005a0  BusFreq                                    
202005a4  M                                          
202005a8  StX                                        
202005ac  StY                                        
202005b0  __TI_ft_end                                
202005b4  __cxa_new_handler                          
202005b8  _lock                                      
202005bc  _unlock                                    
202005c0  currBall                                   
202005c4  currentLevel                               
202005c8  movingHole                                 
202005cc  soundIndex                                 
202005d0  soundLen                                   
202005d4  soundPtr                                   
202005e1  isPlaying                                  
202005e2  levelSelect                                
202005e3  maxPegs                                    
202005e4  maxSeperation                              
202005e5  menuState                                  
202005e6  orangeCount                                
202005e7  pegCount                                   
202005e9  randomColor                                
202005ea  selectedOption                             
202005eb  transitionedToGameOver                     
202005f0  _sys_memory                                
202007f0  _CIOBUF_                                   
202007f0  __CIOBUF_                                  
20200910  __TI_tmpnams                               
202009b0  Message                                    
202009bc  parmbuf                                    
202009c4  Messageindex                               
202009c8  TExaSLogic                                 
202009cc  TExaSadc                                   
202009d0  data                                       
202009d4  input                                      
202009dc  StTextColor                                
20207e00  __stack                                    
20208000  __STACK_END                                
ffffffff  __TI_pprof_out_hndl                        
ffffffff  __TI_prof_data_size                        
ffffffff  __TI_prof_data_start                       
ffffffff  __binit__                                  
ffffffff  binit                                      
UNDEFED   __mpu_init                                 
UNDEFED   _system_post_cinit                         

[289 symbols]
