******************************************************************************
            TI ARM Clang Linker PC v4.0.1                      
******************************************************************************
>> Linked Thu Dec 26 11:36:11 2024

OUTPUT FILE NAME:   <ECE319K_Lab9H.out>
ENTRY POINT SYMBOL: "_c_int00_noargs"  address: 00001cf5


MEMORY CONFIGURATION

         name            origin    length      used     unused   attr    fill
----------------------  --------  ---------  --------  --------  ----  --------
  FLASH                 00000000   00020000  000025d8  0001da28  R  X
  SRAM                  20200000   00008000  00000814  000077ec  RW X
  BCR_CONFIG            41c00000   00000080  00000000  00000080  R   
  BSL_CONFIG            41c00100   00000080  00000000  00000080  R   


SEGMENT ALLOCATION MAP

run origin  load origin   length   init length attrs members
----------  ----------- ---------- ----------- ----- -------
00000000    00000000    000025d8   000025d8    r-x
  00000000    00000000    000000c0   000000c0    r-- .intvecs
  000000c0    000000c0    00001e50   00001e50    r-x .text
  00001f10    00001f10    00000600   00000600    r-- .rodata
  00002510    00002510    00000008   00000008    r-- .init_array
  00002518    00002518    000000c0   000000c0    r-- .cinit
20200000    20200000    00000617   00000000    rw-
  20200000    20200000    0000022d   00000000    rw- .data
  20200230    20200230    00000200   00000000    rw- .sysmem
  20200430    20200430    000001e7   00000000    rw- .bss
20207e00    20207e00    00000200   00000000    rw-
  20207e00    20207e00    00000200   00000000    rw- .stack


SECTION ALLOCATION MAP

 output                                  attributes/
section   page    origin      length       input sections
--------  ----  ----------  ----------   ----------------
.intvecs   0    00000000    000000c0     
                  00000000    000000c0     startup_mspm0g3507_ticlang.o (.intvecs)

.binit     0    00000000    00000000     

.text      0    000000c0    00001e50     
                  000000c0    000001b4     Clock.o (.text._Z15Clock_Init80MHzi)
                  00000274    000001a0     ST7735.o (.text._Z16ST7735_DrawCharSsscssh)
                  00000414    00000154     libc.a : fopen.c.obj (.text._openfile)
                  00000568    00000118     ST7735.o (.text._Z15ST7735_FillRectsssst)
                  00000680    00000118     Lab9HMain.o (.text.main)
                  00000798    00000114     libc.a : memory.c.obj (.text.aligned_alloc)
                  000008ac    000000f8     SPI.o (.text._Z8SPI_Initv)
                  000009a4    000000ec     libsysbm.a : add_device.c.obj (.text.add_device)
                  00000a90    000000e8     libc.a : memory.c.obj (.text.free)
                  00000b78    000000e0            : setvbuf.c.obj (.text.setvbuf)
                  00000c58    000000d0     ST7735.o (.text._Z14ST7735_OutCharc)
                  00000d28    000000a2     ST7735.o (.text._ZL11commandListPKh)
                  00000dca    00000002     Sound.o (.text.SysTick_Handler)
                  00000dcc    000000a0     libsysbm.a : open.c.obj (.text.open)
                  00000e6c    0000009c     ST7735.o (.text._Z17ST7735_InitPrintfv)
                  00000f08    00000098     ST7735.o (.text._Z12ST7735_InitR10initRFlags)
                  00000fa0    00000088     ST7735.o (.text._ZL13setAddrWindowhhhh)
                  00001028    00000008     Lab9HMain.o (.text._GLOBAL__sub_I_Lab9HMain.cpp)
                  00001030    00000088     libc.a : strcmp-armv6m.S.obj (.text:strcmp)
                  000010b8    00000084     ST7735.o (.text._Z14ST7735_OutUDecj)
                  0000113c    00000084     ST7735.o (.text._Z17ST7735_DrawStringttPcs)
                  000011c0    0000007c     LaunchPad.o (.text._Z14LaunchPad_Initv)
                  0000123c    0000007c     libc.a : fclose.c.obj (.text.__TI_closefile)
                  000012b8    0000007c            : copy_decompress_lzss.c.obj (.text:decompress:lzss)
                  00001334    00000070     ST7735.o (.text._Z16ST7735_DrawPixelsst)
                  000013a4    0000006c     libsysbm.a : hostlseek.c.obj (.text.HOSTlseek)
                  00001410    0000006c                : hostrename.c.obj (.text.HOSTrename)
                  0000147c    0000006c     libc.a : getdevice.c.obj (.text.getdevice)
                  000014e8    00000064            : memory.c.obj (.text.split)
                  0000154c    00000060     libsysbm.a : hostopen.c.obj (.text.HOSTopen)
                  000015ac    00000058                : hostread.c.obj (.text.HOSTread)
                  00001604    00000058                : hostwrite.c.obj (.text.HOSTwrite)
                  0000165c    00000054     ST7735.o (.text._Z11fillmessagej)
                  000016b0    00000054     libc.a : autoinit.c.obj (.text:__TI_auto_init_nobinit)
                  00001704    00000052            : fflush.c.obj (.text.__TI_doflush)
                  00001756    00000002     libclang_rt.builtins.a : aeabi_div0.c.obj (.text.__aeabi_idiv0)
                  00001758    00000050     libsysbm.a : close.c.obj (.text.close)
                  000017a8    00000048                : hostclose.c.obj (.text.HOSTclose)
                  000017f0    00000048                : hostunlink.c.obj (.text.HOSTunlink)
                  00001838    00000048     SPI.o (.text._Z14SPI_OutCommandc)
                  00001880    00000040     TExaS.o (.text.TIMG7_IRQHandler)
                  000018c0    00000040     SPI.o (.text._Z9SPI_Resetv)
                  00001900    00000040     libclang_rt.builtins.a : aeabi_uidivmod.S.obj (.text.__aeabi_uidivmod)
                  00001940    00000040     libc.a : fopen.c.obj (.text._search_fp)
                  00001980    00000038     SPI.o (.text._Z11SPI_OutDatac)
                  000019b8    00000038     LaunchPad.o (.text._Z15ActivatePortA_Bv)
                  000019f0    00000034     ST7735.o (.text._Z12ST7735_writeiPKcj)
                  00001a24    00000034     Clock.o (.text._Z14Clock_Delay1msj)
                  00001a58    00000034     ST7735.o (.text._Z16ST7735_SetCursorjj)
                  00001a8c    00000034     libc.a : fopen.c.obj (.text.__TI_cleanup)
                  00001ac0    00000034     libsysbm.a : trgmsg.c.obj (.text.__TI_readmsg)
                  00001af4    00000034                : trgmsg.c.obj (.text.__TI_writemsg)
                  00001b28    00000034     libc.a : exit.c.obj (.text.exit)
                  00001b5c    00000034            : getdevice.c.obj (.text.finddevice)
                  00001b90    00000034            : fopen.c.obj (.text.freopen)
                  00001bc4    00000030     ST7735.o (.text._ZL10commonInitPKh)
                  00001bf4    00000030     libc.a : fopen.c.obj (.text.fopen)
                  00001c24    0000002c     ST7735.o (.text._Z17ST7735_FillScreent)
                  00001c50    0000002c     libsysbm.a : unlink.c.obj (.text.unlink)
                  00001c7c    00000028     Lab9HMain.o (.text.TIMG12_IRQHandler)
                  00001ca4    00000028     libc.a : memory.c.obj (.text.free_list_insert)
                  00001ccc    00000028     libsysbm.a : write.c.obj (.text.write)
                  00001cf4    00000028     libc.a : boot_cortex_m.c.obj (.text:_c_int00_noargs)
                  00001d1c    00000026     ST7735.o (.text._Z16ST7735_OutStringPc)
                  00001d42    0000001e     ST7735.o (.text._ZL9pushColort)
                  00001d60    0000001c     startup_mspm0g3507_ticlang.o (.text.Default_Handler)
                  00001d7c    0000001c     startup_mspm0g3507_ticlang.o (.text.HardFault_Handler)
                  00001d98    0000001c     libc.a : memory.c.obj (.text.free_list_remove)
                  00001db4    00000018     Lab9HMain.o (.text.__cxx_global_var_init)
                  00001dcc    00000016     ST7735.o (.text._Z11ST7735_openPKcji)
                  00001de2    00000016     ST7735.o (.text._Z11ST7735_readiPcj)
                  00001df8    00000016     libc.a : copy_zero_init.c.obj (.text:decompress:ZI:__TI_zero_init_nomemset)
                  00001e0e    00000012            : memcpy16.S.obj (.text:TI_memcpy_small)
                  00001e20    00000012            : copy_decompress_none.c.obj (.text:decompress:none)
                  00001e32    00000010     Clock.o (.text._Z11Clock_Delayj)
                  00001e42    0000000e     libc.a : memory.c.obj (.text.OUTLINED_FUNCTION_0)
                  00001e50    0000000e     ST7735.o (.text._Z12ST7735_lseekili)
                  00001e5e    0000000e     SlidePot.o (.text._ZN8SlidePotC2Ejj)
                  00001e6c    0000000e     libsysbm.a : hostrename.c.obj (.text.strcpy)
                  00001e7a    0000000e                : hostrename.c.obj (.text.strlen)
                  00001e88    0000000e     libc.a : memset16.S.obj (.text:TI_memset_small)
                  00001e96    00000002            : _lock.c.obj (.text._nop)
                  00001e98    0000000c     Clock.o (.text._Z10Clock_Freqv)
                  00001ea4    0000000c     ST7735.o (.text._Z13ST7735_renamePKcS0_)
                  00001eb0    0000000c     libclang_rt.builtins.a : aeabi_memset.S.obj (.text.__aeabi_memclr)
                  00001ebc    0000000c     libc.a : memory.c.obj (.text.malloc)
                  00001ec8    0000000a     ST7735.o (.text._Z12ST7735_closei)
                  00001ed2    0000000a     ST7735.o (.text._Z13ST7735_unlinkPKc)
                  00001edc    0000000a     Lab9HMain.o (.text._Z8PLL_Initv)
                  00001ee6    00000002     --HOLE-- [fill = 0]
                  00001ee8    00000008     libclang_rt.builtins.a : aeabi_memcpy.S.obj (.text.__aeabi_memcpy)
                  00001ef0    00000008     libsysbm.a : remove.c.obj (.text.remove)
                  00001ef8    00000004     startup_mspm0g3507_ticlang.o (.text.Reset_Handler)
                  00001efc    00000004     libc.a : pre_init.c.obj (.text._system_pre_init)
                  00001f00    00000004            : exit.c.obj (.text:abort)
                  00001f04    0000000c     --HOLE-- [fill = 0]

.cinit     0    00002518    000000c0     
                  00002518    00000098     (.cinit..data.load) [load image, compression = lzss]
                  000025b0    0000000c     (__TI_handler_table)
                  000025bc    00000008     (.cinit..bss.load) [load image, compression = zero_init]
                  000025c4    00000010     (__TI_cinit_table)
                  000025d4    00000004     --HOLE-- [fill = 0]

.rodata    0    00001f10    00000600     
                  00001f10    000004fb     ST7735.o (.rodata._ZL4Font)
                  0000240b    0000003b     ST7735.o (.rodata._ZL5Rcmd1)
                  00002446    0000002b     ST7735.o (.rodata._ZL5Rcmd3)
                  00002471    00000016     ST7735.o (.rodata.str1.7137011519891661121)
                  00002487    0000000d     ST7735.o (.rodata._ZL10Rcmd2green)
                  00002494    0000000d     ST7735.o (.rodata._ZL8Rcmd2red)
                  000024a1    0000000a     Lab9HMain.o (.rodata._ZL14Goodbye_French)
                  000024ab    0000000a     Lab9HMain.o (.rodata._ZL19Language_Portuguese)
                  000024b5    00000009     Lab9HMain.o (.rodata._ZL15Language_French)
                  000024be    00000008     Lab9HMain.o (.rodata._ZL15Goodbye_English)
                  000024c6    00000008     Lab9HMain.o (.rodata._ZL16Language_English)
                  000024ce    00000008     Lab9HMain.o (.rodata._ZL16Language_Spanish)
                  000024d6    00000008     ST7735.o (.rodata.str1.136023365631204765021)
                  000024de    00000007     Lab9HMain.o (.rodata._ZL13Hello_Spanish)
                  000024e5    00000007     ST7735.o (.rodata.str1.25600965649401772581)
                  000024ec    00000007     ST7735.o (.rodata.str1.66696607389504931531)
                  000024f3    00000006     Lab9HMain.o (.rodata._ZL13Hello_English)
                  000024f9    00000006     Lab9HMain.o (.rodata._ZL15Goodbye_Spanish)
                  000024ff    00000006     Lab9HMain.o (.rodata._ZL18Goodbye_Portuguese)
                  00002505    00000005     Lab9HMain.o (.rodata._ZL12Hello_French)
                  0000250a    00000004     Lab9HMain.o (.rodata._ZL16Hello_Portuguese)
                  0000250e    00000002     ST7735.o (.rodata.str1.142252733016884761311)

.init_array 
*          0    00002510    00000008     
                  00002510    00000004     Lab9HMain.o (.init_array)
                  00002514    00000004     --HOLE-- [fill = 0]

.data      0    20200000    0000022d     UNINITIALIZED
                  20200000    000000f0     libc.a : defs.c.obj (.data._ftable)
                  202000f0    00000078     libsysbm.a : host_device.c.obj (.data._device)
                  20200168    00000050                : host_device.c.obj (.data._stream)
                  202001b8    00000030     Lab9HMain.o (.data.Phrases)
                  202001e8    00000014     Lab9HMain.o (.data.Sensor)
                  202001fc    00000008     libc.a : exit.c.obj (.data..L_MergedGlobals)
                  20200204    00000004     Clock.o (.data.BusFreq)
                  20200208    00000004     ST7735.o (.data.StX)
                  2020020c    00000004     ST7735.o (.data.StY)
                  20200210    00000004     libc.a : defs.c.obj (.data.__TI_ft_end)
                  20200214    00000004            : _lock.c.obj (.data._lock)
                  20200218    00000004            : _lock.c.obj (.data._unlock)
                  2020021c    00000002     ST7735.o (.data.StTextColor)
                  2020021e    00000002     ST7735.o (.data._ZL6_width)
                  20200220    00000002     ST7735.o (.data._ZL7_height)
                  20200222    00000002     --HOLE--
                  20200224    00000001     libsysbm.a : add_device.c.obj (.data.add_device.device_init)
                  20200225    00000003     --HOLE--
                  20200228    00000001     libc.a : memory.c.obj (.data.memory_is_initialized)
                  20200229    00000003     --HOLE--
                  2020022c    00000001     libsysbm.a : open.c.obj (.data.open.stream_init)

.sysmem    0    20200230    00000200     UNINITIALIZED
                  20200230    00000010     libc.a : memory.c.obj (.sysmem)
                  20200240    000001f0     --HOLE--

.bss       0    20200430    000001e7     UNINITIALIZED
                  20200430    00000120     libsysbm.a : trgmsg.c.obj (.bss:_CIOBUF_)
                  20200550    000000a0     libc.a : defs.c.obj (.bss.__TI_tmpnams)
                  202005f0    0000000c     ST7735.o (.bss.Message)
                  202005fc    00000008     libsysbm.a : hostopen.c.obj (.bss.parmbuf)
                  20200604    00000004     ST7735.o (.bss.Messageindex)
                  20200608    00000004     TExaS.o (.bss.TExaSLogic)
                  2020060c    00000004     TExaS.o (.bss.TExaSadc)
                  20200610    00000004     libc.a : memory.c.obj (.bss.sys_free)
                  20200614    00000001     ST7735.o (.bss._ZL8ColStart)
                  20200615    00000001     ST7735.o (.bss._ZL8RowStart)
                  20200616    00000001     ST7735.o (.bss._ZL8TabColor)

.stack     0    20207e00    00000200     UNINITIALIZED
                  20207e00    00000004     libc.a : boot_cortex_m.c.obj (.stack)
                  20207e04    000001fc     --HOLE--

__llvm_prf_cnts 
*          0    20200000    00000000     UNINITIALIZED

__llvm_prf_bits 
*          0    20200000    00000000     UNINITIALIZED

MODULE SUMMARY

       Module                         code   ro data   rw data
       ------                         ----   -------   -------
    .\
       ST7735.o                       2324   1449      33     
       Lab9HMain.o                    362    91        68     
       Clock.o                        516    0         4      
       SPI.o                          440    0         0      
       LaunchPad.o                    180    0         0      
       TExaS.o                        64     0         8      
       SlidePot.o                     14     0         0      
       Sound.o                        2      0         0      
    +--+------------------------------+------+---------+---------+
       Total:                         3902   1540      113    
                                                              
    .\ticlang\
       startup_mspm0g3507_ticlang.o   60     192       0      
    +--+------------------------------+------+---------+---------+
       Total:                         60     192       0      
                                                              
    C:\ti\ccs2000\ccs\tools\compiler\ti-cgt-armllvm_4.0.1.LTS\lib\armv6m-ti-none-eabi/c/libc.a
       memory.c.obj                   702    0         5      
       fopen.c.obj                    556    0         0      
       defs.c.obj                     0      0         404    
       setvbuf.c.obj                  224    0         0      
       getdevice.c.obj                160    0         0      
       strcmp-armv6m.S.obj            136    0         0      
       copy_decompress_lzss.c.obj     124    0         0      
       fclose.c.obj                   124    0         0      
       autoinit.c.obj                 84     0         0      
       fflush.c.obj                   82     0         0      
       exit.c.obj                     56     0         8      
       boot_cortex_m.c.obj            40     0         0      
       copy_zero_init.c.obj           22     0         0      
       copy_decompress_none.c.obj     18     0         0      
       memcpy16.S.obj                 18     0         0      
       memset16.S.obj                 14     0         0      
       _lock.c.obj                    2      0         8      
       pre_init.c.obj                 4      0         0      
    +--+------------------------------+------+---------+---------+
       Total:                         2366   0         425    
                                                              
    C:\ti\ccs2000\ccs\tools\compiler\ti-cgt-armllvm_4.0.1.LTS\lib\armv6m-ti-none-eabi/c/libsysbm.a
       trgmsg.c.obj                   104    0         288    
       add_device.c.obj               236    0         1      
       host_device.c.obj              0      0         200    
       open.c.obj                     160    0         1      
       hostrename.c.obj               136    0         0      
       hostlseek.c.obj                108    0         0      
       hostopen.c.obj                 96     0         8      
       hostread.c.obj                 88     0         0      
       hostwrite.c.obj                88     0         0      
       close.c.obj                    80     0         0      
       hostclose.c.obj                72     0         0      
       hostunlink.c.obj               72     0         0      
       unlink.c.obj                   44     0         0      
       write.c.obj                    40     0         0      
       remove.c.obj                   8      0         0      
    +--+------------------------------+------+---------+---------+
       Total:                         1332   0         498    
                                                              
    C:\ti\ccs2000\ccs\tools\compiler\ti-cgt-armllvm_4.0.1.LTS\lib\armv6m-ti-none-eabi/libclang_rt.builtins.a
       aeabi_uidivmod.S.obj           64     0         0      
       aeabi_memset.S.obj             12     0         0      
       aeabi_memcpy.S.obj             8      0         0      
       aeabi_div0.c.obj               2      0         0      
    +--+------------------------------+------+---------+---------+
       Total:                         86     0         0      
                                                              
       Heap:                          0      0         512    
       Stack:                         0      0         512    
       Linker Generated:              0      188       0      
    +--+------------------------------+------+---------+---------+
       Grand Total:                   7746   1920      2060   


LINKER GENERATED COPY TABLES

__TI_cinit_table @ 000025c4 records: 2, size/record: 8, table size: 16
	.data: load addr=00002518, load size=00000098 bytes, run addr=20200000, run size=0000022d bytes, compression=lzss
	.bss: load addr=000025bc, load size=00000008 bytes, run addr=20200430, run size=000001e7 bytes, compression=zero_init


LINKER GENERATED HANDLER TABLE

__TI_handler_table @ 000025b0 records: 3, size/record: 4, table size: 12
	index: 0, handler: __TI_decompress_lzss
	index: 1, handler: __TI_decompress_none
	index: 2, handler: __TI_zero_init


GLOBAL SYMBOLS: SORTED ALPHABETICALLY BY Name 

address   name                        
-------   ----                        
00001d61  ADC0_IRQHandler             
00001d61  ADC1_IRQHandler             
00001d61  AES_IRQHandler              
20200204  BusFreq                     
00001f00  C$$EXIT                     
00001b21  C$$IO$$                     
00001d61  CANFD0_IRQHandler           
00001d61  DAC0_IRQHandler             
00001d61  DMA_IRQHandler              
00001d61  Default_Handler             
00001d61  GROUP0_IRQHandler           
00001d61  GROUP1_IRQHandler           
000017a9  HOSTclose                   
000013a5  HOSTlseek                   
0000154d  HOSTopen                    
000015ad  HOSTread                    
00001411  HOSTrename                  
000017f1  HOSTunlink                  
00001605  HOSTwrite                   
00001d7d  HardFault_Handler           
00001d61  I2C0_IRQHandler             
00001d61  I2C1_IRQHandler             
202005f0  Message                     
20200604  Messageindex                
00001d61  NMI_Handler                 
00001d61  PendSV_Handler              
202001b8  Phrases                     
00001d61  RTC_IRQHandler              
00001ef9  Reset_Handler               
00002510  SHT$$INIT_ARRAY$$Base       
00002514  SHT$$INIT_ARRAY$$Limit      
00001d61  SPI0_IRQHandler             
00001d61  SPI1_IRQHandler             
00001d61  SVC_Handler                 
202001e8  Sensor                      
2020021c  StTextColor                 
20200208  StX                         
2020020c  StY                         
00000dcb  SysTick_Handler             
20200608  TExaSLogic                  
2020060c  TExaSadc                    
00001d61  TIMA0_IRQHandler            
00001d61  TIMA1_IRQHandler            
00001d61  TIMG0_IRQHandler            
00001c7d  TIMG12_IRQHandler           
00001d61  TIMG6_IRQHandler            
00001881  TIMG7_IRQHandler            
00001d61  TIMG8_IRQHandler            
00001e0f  TI_memcpy_small             
00001e89  TI_memset_small             
00001d61  UART0_IRQHandler            
00001d61  UART1_IRQHandler            
00001d61  UART2_IRQHandler            
00001d61  UART3_IRQHandler            
20200430  _CIOBUF_                    
00001e99  _Z10Clock_Freqv             
00001e33  _Z11Clock_Delayj            
00001981  _Z11SPI_OutDatac            
00001dcd  _Z11ST7735_openPKcji        
00001de3  _Z11ST7735_readiPcj         
0000165d  _Z11fillmessagej            
00000f09  _Z12ST7735_InitR10initRFlags
00001ec9  _Z12ST7735_closei           
00001e51  _Z12ST7735_lseekili         
000019f1  _Z12ST7735_writeiPKcj       
00001ea5  _Z13ST7735_renamePKcS0_     
00001ed3  _Z13ST7735_unlinkPKc        
00001a25  _Z14Clock_Delay1msj         
000011c1  _Z14LaunchPad_Initv         
00001839  _Z14SPI_OutCommandc         
00000c59  _Z14ST7735_OutCharc         
000010b9  _Z14ST7735_OutUDecj         
000019b9  _Z15ActivatePortA_Bv        
000000c1  _Z15Clock_Init80MHzi        
00000569  _Z15ST7735_FillRectsssst    
00000275  _Z16ST7735_DrawCharSsscssh  
00001335  _Z16ST7735_DrawPixelsst     
00001d1d  _Z16ST7735_OutStringPc      
00001a59  _Z16ST7735_SetCursorjj      
0000113d  _Z17ST7735_DrawStringttPcs  
00001c25  _Z17ST7735_FillScreent      
00000e6d  _Z17ST7735_InitPrintfv      
00001edd  _Z8PLL_Initv                
000008ad  _Z8SPI_Initv                
000018c1  _Z9SPI_Resetv               
00001e5f  _ZN8SlidePotC1Ejj           
00001e5f  _ZN8SlidePotC2Ejj           
20200430  __CIOBUF_                   
20208000  __STACK_END                 
00000200  __STACK_SIZE                
00000200  __SYSMEM_SIZE               
00000000  __TI_ATRegion0_region_sz    
00000000  __TI_ATRegion0_src_addr     
00000000  __TI_ATRegion0_trg_addr     
00000000  __TI_ATRegion1_region_sz    
00000000  __TI_ATRegion1_src_addr     
00000000  __TI_ATRegion1_trg_addr     
00000000  __TI_ATRegion2_region_sz    
00000000  __TI_ATRegion2_src_addr     
00000000  __TI_ATRegion2_trg_addr     
000025c4  __TI_CINIT_Base             
000025d4  __TI_CINIT_Limit            
000025d4  __TI_CINIT_Warm             
000025b0  __TI_Handler_Table_Base     
000025bc  __TI_Handler_Table_Limit    
000016b1  __TI_auto_init_nobinit      
00001a8d  __TI_cleanup                
202001fc  __TI_cleanup_ptr            
0000123d  __TI_closefile              
000012b9  __TI_decompress_lzss        
00001e21  __TI_decompress_none        
00001705  __TI_doflush                
20200200  __TI_dtors_ptr              
20200210  __TI_ft_end                 
ffffffff  __TI_pprof_out_hndl         
ffffffff  __TI_prof_data_size         
ffffffff  __TI_prof_data_start        
00001ac1  __TI_readmsg                
00000000  __TI_static_base__          
20200550  __TI_tmpnams                
00001af5  __TI_writemsg               
00001df9  __TI_zero_init_nomemset     
00001757  __aeabi_idiv0               
00001eb1  __aeabi_memclr              
00001eb1  __aeabi_memclr4             
00001eb1  __aeabi_memclr8             
00001ee9  __aeabi_memcpy              
00001ee9  __aeabi_memcpy4             
00001ee9  __aeabi_memcpy8             
00001901  __aeabi_uidiv               
00001901  __aeabi_uidivmod            
ffffffff  __binit__                   
UNDEFED   __mpu_init                  
20207e00  __stack                     
20200000  __start___llvm_prf_bits     
20200000  __start___llvm_prf_cnts     
20200000  __stop___llvm_prf_bits      
20200000  __stop___llvm_prf_cnts      
00001cf5  _c_int00_noargs             
202000f0  _device                     
20200000  _ftable                     
20200214  _lock                       
00001e97  _nop                        
20200168  _stream                     
20200230  _sys_memory                 
UNDEFED   _system_post_cinit          
00001efd  _system_pre_init            
20200218  _unlock                     
00001f01  abort                       
000009a5  add_device                  
00000799  aligned_alloc               
ffffffff  binit                       
00001759  close                       
00001b29  exit                        
00001b5d  finddevice                  
00001bf5  fopen                       
00000a91  free                        
00001b91  freopen                     
0000147d  getdevice                   
00000000  interruptVectors            
00000681  main                        
00001ebd  malloc                      
00000799  memalign                    
00000dcd  open                        
202005fc  parmbuf                     
00001ef1  remove                      
00000b79  setvbuf                     
00001031  strcmp                      
00001c51  unlink                      
00001ccd  write                       


GLOBAL SYMBOLS: SORTED BY Symbol Address 

address   name                        
-------   ----                        
00000000  __TI_ATRegion0_region_sz    
00000000  __TI_ATRegion0_src_addr     
00000000  __TI_ATRegion0_trg_addr     
00000000  __TI_ATRegion1_region_sz    
00000000  __TI_ATRegion1_src_addr     
00000000  __TI_ATRegion1_trg_addr     
00000000  __TI_ATRegion2_region_sz    
00000000  __TI_ATRegion2_src_addr     
00000000  __TI_ATRegion2_trg_addr     
00000000  __TI_static_base__          
00000000  interruptVectors            
000000c1  _Z15Clock_Init80MHzi        
00000200  __STACK_SIZE                
00000200  __SYSMEM_SIZE               
00000275  _Z16ST7735_DrawCharSsscssh  
00000569  _Z15ST7735_FillRectsssst    
00000681  main                        
00000799  aligned_alloc               
00000799  memalign                    
000008ad  _Z8SPI_Initv                
000009a5  add_device                  
00000a91  free                        
00000b79  setvbuf                     
00000c59  _Z14ST7735_OutCharc         
00000dcb  SysTick_Handler             
00000dcd  open                        
00000e6d  _Z17ST7735_InitPrintfv      
00000f09  _Z12ST7735_InitR10initRFlags
00001031  strcmp                      
000010b9  _Z14ST7735_OutUDecj         
0000113d  _Z17ST7735_DrawStringttPcs  
000011c1  _Z14LaunchPad_Initv         
0000123d  __TI_closefile              
000012b9  __TI_decompress_lzss        
00001335  _Z16ST7735_DrawPixelsst     
000013a5  HOSTlseek                   
00001411  HOSTrename                  
0000147d  getdevice                   
0000154d  HOSTopen                    
000015ad  HOSTread                    
00001605  HOSTwrite                   
0000165d  _Z11fillmessagej            
000016b1  __TI_auto_init_nobinit      
00001705  __TI_doflush                
00001757  __aeabi_idiv0               
00001759  close                       
000017a9  HOSTclose                   
000017f1  HOSTunlink                  
00001839  _Z14SPI_OutCommandc         
00001881  TIMG7_IRQHandler            
000018c1  _Z9SPI_Resetv               
00001901  __aeabi_uidiv               
00001901  __aeabi_uidivmod            
00001981  _Z11SPI_OutDatac            
000019b9  _Z15ActivatePortA_Bv        
000019f1  _Z12ST7735_writeiPKcj       
00001a25  _Z14Clock_Delay1msj         
00001a59  _Z16ST7735_SetCursorjj      
00001a8d  __TI_cleanup                
00001ac1  __TI_readmsg                
00001af5  __TI_writemsg               
00001b21  C$$IO$$                     
00001b29  exit                        
00001b5d  finddevice                  
00001b91  freopen                     
00001bf5  fopen                       
00001c25  _Z17ST7735_FillScreent      
00001c51  unlink                      
00001c7d  TIMG12_IRQHandler           
00001ccd  write                       
00001cf5  _c_int00_noargs             
00001d1d  _Z16ST7735_OutStringPc      
00001d61  ADC0_IRQHandler             
00001d61  ADC1_IRQHandler             
00001d61  AES_IRQHandler              
00001d61  CANFD0_IRQHandler           
00001d61  DAC0_IRQHandler             
00001d61  DMA_IRQHandler              
00001d61  Default_Handler             
00001d61  GROUP0_IRQHandler           
00001d61  GROUP1_IRQHandler           
00001d61  I2C0_IRQHandler             
00001d61  I2C1_IRQHandler             
00001d61  NMI_Handler                 
00001d61  PendSV_Handler              
00001d61  RTC_IRQHandler              
00001d61  SPI0_IRQHandler             
00001d61  SPI1_IRQHandler             
00001d61  SVC_Handler                 
00001d61  TIMA0_IRQHandler            
00001d61  TIMA1_IRQHandler            
00001d61  TIMG0_IRQHandler            
00001d61  TIMG6_IRQHandler            
00001d61  TIMG8_IRQHandler            
00001d61  UART0_IRQHandler            
00001d61  UART1_IRQHandler            
00001d61  UART2_IRQHandler            
00001d61  UART3_IRQHandler            
00001d7d  HardFault_Handler           
00001dcd  _Z11ST7735_openPKcji        
00001de3  _Z11ST7735_readiPcj         
00001df9  __TI_zero_init_nomemset     
00001e0f  TI_memcpy_small             
00001e21  __TI_decompress_none        
00001e33  _Z11Clock_Delayj            
00001e51  _Z12ST7735_lseekili         
00001e5f  _ZN8SlidePotC1Ejj           
00001e5f  _ZN8SlidePotC2Ejj           
00001e89  TI_memset_small             
00001e97  _nop                        
00001e99  _Z10Clock_Freqv             
00001ea5  _Z13ST7735_renamePKcS0_     
00001eb1  __aeabi_memclr              
00001eb1  __aeabi_memclr4             
00001eb1  __aeabi_memclr8             
00001ebd  malloc                      
00001ec9  _Z12ST7735_closei           
00001ed3  _Z13ST7735_unlinkPKc        
00001edd  _Z8PLL_Initv                
00001ee9  __aeabi_memcpy              
00001ee9  __aeabi_memcpy4             
00001ee9  __aeabi_memcpy8             
00001ef1  remove                      
00001ef9  Reset_Handler               
00001efd  _system_pre_init            
00001f00  C$$EXIT                     
00001f01  abort                       
00002510  SHT$$INIT_ARRAY$$Base       
00002514  SHT$$INIT_ARRAY$$Limit      
000025b0  __TI_Handler_Table_Base     
000025bc  __TI_Handler_Table_Limit    
000025c4  __TI_CINIT_Base             
000025d4  __TI_CINIT_Limit            
000025d4  __TI_CINIT_Warm             
20200000  __start___llvm_prf_bits     
20200000  __start___llvm_prf_cnts     
20200000  __stop___llvm_prf_bits      
20200000  __stop___llvm_prf_cnts      
20200000  _ftable                     
202000f0  _device                     
20200168  _stream                     
202001b8  Phrases                     
202001e8  Sensor                      
202001fc  __TI_cleanup_ptr            
20200200  __TI_dtors_ptr              
20200204  BusFreq                     
20200208  StX                         
2020020c  StY                         
20200210  __TI_ft_end                 
20200214  _lock                       
20200218  _unlock                     
2020021c  StTextColor                 
20200230  _sys_memory                 
20200430  _CIOBUF_                    
20200430  __CIOBUF_                   
20200550  __TI_tmpnams                
202005f0  Message                     
202005fc  parmbuf                     
20200604  Messageindex                
20200608  TExaSLogic                  
2020060c  TExaSadc                    
20207e00  __stack                     
20208000  __STACK_END                 
ffffffff  __TI_pprof_out_hndl         
ffffffff  __TI_prof_data_size         
ffffffff  __TI_prof_data_start        
ffffffff  __binit__                   
ffffffff  binit                       
UNDEFED   __mpu_init                  
UNDEFED   _system_post_cinit          

[170 symbols]
