******************************************************************************
            TI ARM Clang Linker PC v4.0.1                      
******************************************************************************
>> Linked Tue Apr 22 04:41:59 2025

OUTPUT FILE NAME:   <ECE319K_Lab9H.out>
ENTRY POINT SYMBOL: "_c_int00_noargs"  address: 0001c3e9


MEMORY CONFIGURATION

         name            origin    length      used     unused   attr    fill
----------------------  --------  ---------  --------  --------  ----  --------
  FLASH                 00000000   00020000  0001ca48  000035b8  R  X
  SRAM                  20200000   00008000  00000bde  00007422  RW X
  BCR_CONFIG            41c00000   00000080  00000000  00000080  R   
  BSL_CONFIG            41c00100   00000080  00000000  00000080  R   


SEGMENT ALLOCATION MAP

run origin  load origin   length   init length attrs members
----------  ----------- ---------- ----------- ----- -------
00000000    00000000    0001ca48   0001ca48    r-x
  00000000    00000000    000000c0   000000c0    r-- .intvecs
  000000c0    000000c0    000187c0   000187c0    r-- .rodata
  00018880    00018880    00004120   00004120    r-x .text
  0001c9a0    0001c9a0    00000008   00000008    r-- .init_array
  0001c9a8    0001c9a8    000000a0   000000a0    r-- .cinit
20200000    20200000    000009e1   00000000    rw-
  20200000    20200000    000005ed   00000000    rw- .data
  202005f0    202005f0    00000200   00000000    rw- .sysmem
  202007f0    202007f0    000001f1   00000000    rw- .bss
20207e00    20207e00    00000200   00000000    rw-
  20207e00    20207e00    00000200   00000000    rw- .stack


SECTION ALLOCATION MAP

 output                                  attributes/
section   page    origin      length       input sections
--------  ----  ----------  ----------   ----------------
.intvecs   0    00000000    000000c0     
                  00000000    000000c0     startup_mspm0g3507_ticlang.o (.intvecs)

.binit     0    00000000    00000000     

.text      0    00018880    00004120     
                  00018880    0000054c     Lab9HMain.o (.text.main)
                  00018dcc    00000320     Lab9HMain.o (.text._Z8InitGamev)
                  000190ec    000002bc     Lab9HMain.o (.text.TIMG12_IRQHandler)
                  000193a8    00000210     ST7735.o (.text._Z17ST7735_DrawBitmapssPKtss)
                  000195b8    000001e8     Ball.o (.text._ZN4Ball6bounceEtt)
                  000197a0    000001d0     Lab9HMain.o (.text._Z12DrawMainMenuv)
                  00019970    000001b4     Clock.o (.text._Z15Clock_Init80MHzi)
                  00019b24    000001a8     ST7735.o (.text._Z15ST7735_DrawCharsscssh)
                  00019ccc    00000178     Lab9HMain.o (.text._Z12DrawGameOverv)
                  00019e44    00000154     libc.a : fopen.c.obj (.text._openfile)
                  00019f98    00000128     TExaS.o (.text._Z8ADC_InitP10ADC12_Regsjj)
                  0001a0c0    00000118     ST7735.o (.text._Z15ST7735_FillRectsssst)
                  0001a1d8    00000118     Lab9HMain.o (.text._Z16DrawInstructionsv)
                  0001a2f0    00000114     libc.a : memory.c.obj (.text.aligned_alloc)
                  0001a404    000000f8     SPI.o (.text._Z8SPI_Initv)
                  0001a4fc    000000ec     libsysbm.a : add_device.c.obj (.text.add_device)
                  0001a5e8    000000e8     ST7735.o (.text._Z14ST7735_OutCharc)
                  0001a6d0    000000e8     TExaS.o (.text._Z9UART_Initv)
                  0001a7b8    000000e8     libc.a : memory.c.obj (.text.free)
                  0001a8a0    000000e0            : setvbuf.c.obj (.text.setvbuf)
                  0001a980    000000cc     Ball.o (.text._ZN4Ball8moveBallEv)
                  0001aa4c    000000b0     ST7735.o (.text._Z20ST7735_DrawFastHLinessst)
                  0001aafc    000000a8     Timer.o (.text._Z14TimerG7_IntArmtjj)
                  0001aba4    000000a2     ST7735.o (.text._ZL11commandListPKh)
                  0001ac46    00000002     libclang_rt.builtins.a : aeabi_div0.c.obj (.text.__aeabi_idiv0)
                  0001ac48    000000a0     ST7735.o (.text._Z12ST7735_InitR10initRFlags)
                  0001ace8    000000a0     ST7735.o (.text._Z17ST7735_InitPrintf10initRFlags)
                  0001ad88    000000a0     libsysbm.a : open.c.obj (.text.open)
                  0001ae28    0000009c     ST7735.o (.text._Z14ST7735_OutUDecj)
                  0001aec4    00000094     Timer.o (.text._Z15TimerG12_IntArmjj)
                  0001af58    00000088     ST7735.o (.text._ZL13setAddrWindowhhhh)
                  0001afe0    00000088     libc.a : strcmp-armv6m.S.obj (.text:strcmp)
                  0001b068    00000084     ST7735.o (.text._Z17ST7735_DrawStringttPcs)
                  0001b0ec    0000007e     Ball.o (.text._ZN4Ball5isqrtEi)
                  0001b16a    00000002     libc.a : _lock.c.obj (.text._nop)
                  0001b16c    0000007c     LaunchPad.o (.text._Z14LaunchPad_Initv)
                  0001b1e8    0000007c     SlidePot.o (.text._ZN8SlidePot4InitEv)
                  0001b264    0000007c     libc.a : fclose.c.obj (.text.__TI_closefile)
                  0001b2e0    0000007c            : copy_decompress_lzss.c.obj (.text:decompress:lzss)
                  0001b35c    00000078     Lab9HMain.o (.text._Z9DrawTitlev)
                  0001b3d4    0000006c     libsysbm.a : hostlseek.c.obj (.text.HOSTlseek)
                  0001b440    0000006c                : hostrename.c.obj (.text.HOSTrename)
                  0001b4ac    0000006c     Ball.o (.text._ZN4Ball18checkHoleCollisionEtt)
                  0001b518    0000006c     libc.a : getdevice.c.obj (.text.getdevice)
                  0001b584    00000064     Peg.o (.text._ZN3Peg4initEiiah)
                  0001b5e8    00000064     libc.a : memory.c.obj (.text.split)
                  0001b64c    00000060     libsysbm.a : hostopen.c.obj (.text.HOSTopen)
                  0001b6ac    00000060     Sound.o (.text.SysTick_Handler)
                  0001b70c    00000060     Timer.o (.text._Z13TimerG12_Initv)
                  0001b76c    00000060     Ball.o (.text._ZN4Ball14checkCollisionEtt)
                  0001b7cc    00000058     libsysbm.a : hostread.c.obj (.text.HOSTread)
                  0001b824    00000058                : hostwrite.c.obj (.text.HOSTwrite)
                  0001b87c    00000058     TExaS.o (.text._Z10TExaS_InitP10ADC12_RegsjPFhvE)
                  0001b8d4    00000056     libclang_rt.builtins.a : aeabi_idivmod.S.obj (.text.__aeabi_idivmod)
                  0001b92a    00000002     --HOLE-- [fill = 0]
                  0001b92c    00000054     ST7735.o (.text._Z11fillmessagej)
                  0001b980    00000054     Peg.o (.text._ZN3Peg8getImageEv)
                  0001b9d4    00000054     Ball.o (.text._ZN4BallC2Eh)
                  0001ba28    00000054     Level.o (.text._ZN5LevelC2Eh)
                  0001ba7c    00000054     libc.a : autoinit.c.obj (.text:__TI_auto_init_nobinit)
                  0001bad0    00000052            : fflush.c.obj (.text.__TI_doflush)
                  0001bb22    00000002     --HOLE-- [fill = 0]
                  0001bb24    00000050     Sound.o (.text._Z11Sound_StartPKhj)
                  0001bb74    00000050     libsysbm.a : close.c.obj (.text.close)
                  0001bbc4    0000004c     Sound.o (.text._Z10Sound_Initv)
                  0001bc10    00000048     libsysbm.a : hostclose.c.obj (.text.HOSTclose)
                  0001bc58    00000048                : hostunlink.c.obj (.text.HOSTunlink)
                  0001bca0    00000048     SPI.o (.text._Z14SPI_OutCommandc)
                  0001bce8    00000048     SlidePot.o (.text._ZN8SlidePot2InEv)
                  0001bd30    00000044     Hole.o (.text._ZN4Hole8moveHoleEv)
                  0001bd74    00000040     TExaS.o (.text.TIMG7_IRQHandler)
                  0001bdb4    00000040     SPI.o (.text._Z9SPI_Resetv)
                  0001bdf4    00000040     libclang_rt.builtins.a : aeabi_uidivmod.S.obj (.text.__aeabi_uidivmod)
                  0001be34    00000040     libc.a : fopen.c.obj (.text._search_fp)
                  0001be74    0000003c     DAC5.o (.text._Z9DAC5_Initv)
                  0001beb0    0000003c     Peg.o (.text._ZN3Peg11isDestroyedEv)
                  0001beec    00000038     SPI.o (.text._Z11SPI_OutDatac)
                  0001bf24    00000038     LaunchPad.o (.text._Z15ActivatePortA_Bv)
                  0001bf5c    00000038     Hole.o (.text._ZN4HoleC2Ev)
                  0001bf94    00000034     ST7735.o (.text._Z12ST7735_writeiPKcj)
                  0001bfc8    00000034     Clock.o (.text._Z14Clock_Delay1msj)
                  0001bffc    00000034     ST7735.o (.text._Z16ST7735_SetCursorjj)
                  0001c030    00000034     LED.o (.text._Z8LED_Initv)
                  0001c064    00000034     libc.a : fopen.c.obj (.text.__TI_cleanup)
                  0001c098    00000034     libsysbm.a : trgmsg.c.obj (.text.__TI_readmsg)
                  0001c0cc    00000034                : trgmsg.c.obj (.text.__TI_writemsg)
                  0001c100    00000034     libc.a : exit.c.obj (.text.exit)
                  0001c134    00000034            : getdevice.c.obj (.text.finddevice)
                  0001c168    00000034            : fopen.c.obj (.text.freopen)
                  0001c19c    00000032     ST7735.o (.text._Z15ST7735_Color565hhh)
                  0001c1ce    00000002     --HOLE-- [fill = 0]
                  0001c1d0    00000030     ST7735.o (.text._ZL10commonInitPKh)
                  0001c200    00000030     Ball.o (.text._ZN4Ball5resetEh)
                  0001c230    00000030     GameState.o (.text._ZN9GameState7useBallEv)
                  0001c260    00000030     Lab9HMain.o (.text.__cxx_global_var_init.3)
                  0001c290    00000030     libc.a : fopen.c.obj (.text.fopen)
                  0001c2c0    0000002e     Peg.o (.text._ZN3PegC2Ev)
                  0001c2ee    00000002     --HOLE-- [fill = 0]
                  0001c2f0    0000002c     ST7735.o (.text._Z17ST7735_FillScreent)
                  0001c31c    0000002c     libsysbm.a : unlink.c.obj (.text.unlink)
                  0001c348    00000028     Switch.o (.text._Z11Switch_Initv)
                  0001c370    00000028     TExaS.o (.text._Z9ADC_StartP10ADC12_Regs)
                  0001c398    00000028     libc.a : memory.c.obj (.text.free_list_insert)
                  0001c3c0    00000028     libsysbm.a : write.c.obj (.text.write)
                  0001c3e8    00000028     libc.a : boot_cortex_m.c.obj (.text:_c_int00_noargs)
                  0001c410    00000026     ST7735.o (.text._Z16ST7735_OutStringPc)
                  0001c436    00000026     libc++abi.a : stdlib_new_delete.cpp.obj (.text._ZL17operator_new_implj)
                  0001c45c    00000024     Switch.o (.text._Z9Switch_Inv)
                  0001c480    00000024     Ball.o (.text._ZN4Ball6isLostEv)
                  0001c4a4    00000020     Lab9HMain.o (.text._Z8Random32v)
                  0001c4c4    00000020     Lab9HMain.o (.text.__cxx_global_var_init.1)
                  0001c4e4    00000020     Lab9HMain.o (.text.__cxx_global_var_init.2)
                  0001c504    0000001e     ST7735.o (.text._ZL9pushColort)
                  0001c522    0000001e     GameState.o (.text._ZN9GameState7addBallEv)
                  0001c540    0000001c     startup_mspm0g3507_ticlang.o (.text.Default_Handler)
                  0001c55c    0000001c     startup_mspm0g3507_ticlang.o (.text.HardFault_Handler)
                  0001c578    0000001c     ST7735.o (.text._Z11ST7735_openPKcji)
                  0001c594    0000001c     DAC5.o (.text._Z8DAC5_Outj)
                  0001c5b0    0000001c     SlidePot.o (.text._ZN8SlidePot7ConvertEj)
                  0001c5cc    0000001c     libc.a : memory.c.obj (.text.free_list_remove)
                  0001c5e8    00000018     Lab9HMain.o (.text._GLOBAL__sub_I_Lab9HMain.cpp)
                  0001c600    00000018     Lab9HMain.o (.text._Z6Randomj)
                  0001c618    00000018     Lab9HMain.o (.text.__cxx_global_var_init)
                  0001c630    00000016     ST7735.o (.text._Z11ST7735_readiPcj)
                  0001c646    00000016     Ball.o (.text._ZN4Ball9setActiveEb)
                  0001c65c    00000016     libc.a : copy_zero_init.c.obj (.text:decompress:ZI:__TI_zero_init_nomemset)
                  0001c672    00000002     --HOLE-- [fill = 0]
                  0001c674    00000014     Lab9HMain.o (.text._Z10SeedRandomj)
                  0001c688    00000014     Sound.o (.text._Z11Sound_Shootv)
                  0001c69c    00000014     Sound.o (.text._Z12Sound_Killedv)
                  0001c6b0    00000014     Sound.o (.text._Z15Sound_Explosionv)
                  0001c6c4    00000014     Sound.o (.text._Z18Sound_Fastinvader1v)
                  0001c6d8    00000014     Sound.o (.text._Z18Sound_Fastinvader2v)
                  0001c6ec    00000014     ST7735.o (.text._Z19ST7735_SetTextColort)
                  0001c700    00000014     Peg.o (.text._ZN3Peg9updatePegEv)
                  0001c714    00000014     Ball.o (.text._ZN4Ball3aimEj)
                  0001c728    00000014     GameState.o (.text._ZN9GameState9addPointsEj)
                  0001c73c    00000014     GameState.o (.text._ZN9GameState9resetGameEv)
                  0001c750    00000014     GameState.o (.text._ZN9GameStateC2Ev)
                  0001c764    00000014     libc++abi.a : stdlib_new_delete.cpp.obj (.text._Znwj)
                  0001c778    00000012     GameState.o (.text._ZN9GameState15setCurrentLevelEh)
                  0001c78a    00000012     libc.a : memcpy16.S.obj (.text:TI_memcpy_small)
                  0001c79c    00000012            : copy_decompress_none.c.obj (.text:decompress:none)
                  0001c7ae    00000010     Clock.o (.text._Z11Clock_Delayj)
                  0001c7be    00000002     --HOLE-- [fill = 0]
                  0001c7c0    00000010     Lab9HMain.o (.text._Z28TExaS_LaunchPadLogicPB27PB26v)
                  0001c7d0    00000010     Ball.o (.text._ZN10GameObjectC2Ev)
                  0001c7e0    00000010     Peg.o (.text._ZN3Peg11getHitStateEv)
                  0001c7f0    00000010     Ball.o (.text._ZN4Ball9getActiveEv)
                  0001c800    00000010     GameState.o (.text._ZNK9GameState10isGameOverEv)
                  0001c810    00000010     Lab9HMain.o (.text.__cxx_global_var_init.4)
                  0001c820    0000000e     libc.a : memory.c.obj (.text.OUTLINED_FUNCTION_0)
                  0001c82e    0000000e     ST7735.o (.text._Z12ST7735_lseekili)
                  0001c83c    0000000e     SlidePot.o (.text._ZN8SlidePotC2Ejj)
                  0001c84a    0000000e     libsysbm.a : hostrename.c.obj (.text.strcpy)
                  0001c858    0000000e                : hostrename.c.obj (.text.strlen)
                  0001c866    0000000e     libc.a : memset16.S.obj (.text:TI_memset_small)
                  0001c874    0000000c     Clock.o (.text._Z10Clock_Freqv)
                  0001c880    0000000c     ST7735.o (.text._Z13ST7735_renamePKcS0_)
                  0001c88c    0000000c     libc++abi.a : stdlib_new_delete.cpp.obj (.text._Z22__throw_bad_alloc_shimv)
                  0001c898    0000000c     Peg.o (.text._ZN3Peg4getXEv)
                  0001c8a4    0000000c     Peg.o (.text._ZN3Peg4getYEv)
                  0001c8b0    0000000c     Peg.o (.text._ZN3Peg8getColorEv)
                  0001c8bc    0000000c     Ball.o (.text._ZN4Ball4getXEv)
                  0001c8c8    0000000c     Ball.o (.text._ZN4Ball4getYEv)
                  0001c8d4    0000000c     Ball.o (.text._ZN4Ball8getImageEv)
                  0001c8e0    0000000c     Hole.o (.text._ZN4Hole4getXEv)
                  0001c8ec    0000000c     Hole.o (.text._ZN4Hole4getYEv)
                  0001c8f8    0000000c     Hole.o (.text._ZN4Hole8getImageEv)
                  0001c904    0000000c     Level.o (.text._ZN5Level8getImageEv)
                  0001c910    0000000c     GameState.o (.text._ZNK9GameState15getCurrentLevelEv)
                  0001c91c    0000000c     GameState.o (.text._ZNK9GameState17getBallsRemainingEv)
                  0001c928    0000000c     GameState.o (.text._ZNK9GameState8getScoreEv)
                  0001c934    0000000c     libc++abi.a : cxa_handlers.cpp.obj (.text._ZSt15get_new_handlerv)
                  0001c940    0000000c     libclang_rt.builtins.a : aeabi_memset.S.obj (.text.__aeabi_memclr)
                  0001c94c    0000000c     libc.a : memory.c.obj (.text.malloc)
                  0001c958    0000000a     ST7735.o (.text._Z12ST7735_closei)
                  0001c962    0000000a     ST7735.o (.text._Z13ST7735_unlinkPKc)
                  0001c96c    0000000a     Lab9HMain.o (.text._Z8PLL_Initv)
                  0001c976    00000008     libc++abi.a : stdlib_new_delete.cpp.obj (.text._ZdlPv)
                  0001c97e    00000002     --HOLE-- [fill = 0]
                  0001c980    00000008     libclang_rt.builtins.a : aeabi_memcpy.S.obj (.text.__aeabi_memcpy)
                  0001c988    00000008     libsysbm.a : remove.c.obj (.text.remove)
                  0001c990    00000004     startup_mspm0g3507_ticlang.o (.text.Reset_Handler)
                  0001c994    00000004     libc.a : pre_init.c.obj (.text._system_pre_init)
                  0001c998    00000004     libc++abi.a : abort_message.cpp.obj (.text.abort_message)
                  0001c99c    00000004     libc.a : exit.c.obj (.text:abort)

.cinit     0    0001c9a8    000000a0     
                  0001c9a8    00000079     (.cinit..data.load) [load image, compression = lzss]
                  0001ca21    00000003     --HOLE-- [fill = 0]
                  0001ca24    0000000c     (__TI_handler_table)
                  0001ca30    00000008     (.cinit..bss.load) [load image, compression = zero_init]
                  0001ca38    00000010     (__TI_cinit_table)

.rodata    0    000000c0    000187c0     
                  000000c0    0000a000     Level.o (.rodata._ZL6level1)
                  0000a0c0    0000a000     Level.o (.rodata._ZL6level2)
                  000140c0    00000ff0     Sound.o (.rodata._ZL5shoot)
                  000150b0    00000d31     Sound.o (.rodata._ZL13invaderkilled)
                  00015de1    00000001     --HOLE-- [fill = 0]
                  00015de2    00000900     Hole.o (.rodata._ZL6bucket)
                  000166e2    00000002     ST7735.o (.rodata.str1.59249497501465847671)
                  000166e4    00000800     Ball.o (.rodata._ZL10angleTable)
                  00016ee4    000007d0     Sound.o (.rodata._ZL9explosion)
                  000176b4    000004fb     ST7735.o (.rodata._ZL4Font)
                  00017baf    00000412     Sound.o (.rodata._ZL12fastinvader2)
                  00017fc1    000003d6     Sound.o (.rodata._ZL12fastinvader1)
                  00018397    00000001     --HOLE-- [fill = 0]
                  00018398    00000080     Peg.o (.rodata._ZL10bluepeghit)
                  00018418    00000080     Peg.o (.rodata._ZL12orangepeghit)
                  00018498    00000080     Lab9HMain.o (.rodata._ZL16BlackCoverSprite)
                  00018518    00000080     Ball.o (.rodata._ZL4ball)
                  00018598    00000080     Peg.o (.rodata._ZL7bluepeg)
                  00018618    00000080     Peg.o (.rodata._ZL9orangepeg)
                  00018698    0000003b     ST7735.o (.rodata._ZL5Rcmd1)
                  000186d3    0000002d     libc++abi.a : stdlib_new_delete.cpp.obj (.rodata.str1.177346920702326194221)
                  00018700    0000002b     ST7735.o (.rodata._ZL5Rcmd3)
                  0001872b    00000017     Lab9HMain.o (.rodata.str1.92738753765294272191)
                  00018742    00000016     ST7735.o (.rodata.str1.120157123834947517821)
                  00018758    00000014     Lab9HMain.o (.rodata.str1.1045638472106105921)
                  0001876c    00000014     Lab9HMain.o (.rodata.str1.15360766164854299121)
                  00018780    00000014     Lab9HMain.o (.rodata.str1.64434510243936695551)
                  00018794    00000012     Lab9HMain.o (.rodata.str1.77946550721901366211)
                  000187a6    00000012     Lab9HMain.o (.rodata.str1.89800876338655967931)
                  000187b8    00000010     Lab9HMain.o (.rodata.str1.11344128452655267101)
                  000187c8    0000000f     Lab9HMain.o (.rodata.str1.94539348878818337631)
                  000187d7    0000000e     Lab9HMain.o (.rodata.str1.8734979013979085121)
                  000187e5    0000000d     ST7735.o (.rodata._ZL10Rcmd2green)
                  000187f2    0000000d     ST7735.o (.rodata._ZL8Rcmd2red)
                  000187ff    0000000d     Lab9HMain.o (.rodata.str1.109436695696880395661)
                  0001880c    0000000c     Lab9HMain.o (.rodata.str1.150864919958333191721)
                  00018818    0000000c     Lab9HMain.o (.rodata.str1.160588362872062865081)
                  00018824    0000000c     Lab9HMain.o (.rodata.str1.36435047076059183751)
                  00018830    0000000a     Lab9HMain.o (.rodata.str1.102680895847577752451)
                  0001883a    0000000a     Lab9HMain.o (.rodata.str1.148045851500927898161)
                  00018844    00000008     Lab9HMain.o (.rodata.str1.135363822859471765721)
                  0001884c    00000008     Lab9HMain.o (.rodata.str1.142763588511342823311)
                  00018854    00000008     ST7735.o (.rodata.str1.39562344344181558271)
                  0001885c    00000007     ST7735.o (.rodata.str1.121322603453744172521)
                  00018863    00000007     Lab9HMain.o (.rodata.str1.136243777921425235241)
                  0001886a    00000007     ST7735.o (.rodata.str1.175409668377903254331)
                  00018871    00000007     Lab9HMain.o (.rodata.str1.74067424030976851731)
                  00018878    00000005     Lab9HMain.o (.rodata.str1.23765623467681484731)
                  0001887d    00000003     --HOLE-- [fill = 0]

.init_array 
*          0    0001c9a0    00000008     
                  0001c9a0    00000004     Lab9HMain.o (.init_array)
                  0001c9a4    00000004     --HOLE-- [fill = 0]

.data      0    20200000    000005ed     UNINITIALIZED
                  20200000    000003c0     Lab9HMain.o (.data.pegs)
                  202003c0    000000f0     libc.a : defs.c.obj (.data._ftable)
                  202004b0    00000078     libsysbm.a : host_device.c.obj (.data._device)
                  20200528    00000050                : host_device.c.obj (.data._stream)
                  20200578    00000014     Lab9HMain.o (.data.Sensor)
                  2020058c    0000000c     Lab9HMain.o (.data.gameState)
                  20200598    00000008     libc.a : exit.c.obj (.data..L_MergedGlobals)
                  202005a0    00000004     Clock.o (.data.BusFreq)
                  202005a4    00000004     Lab9HMain.o (.data.M)
                  202005a8    00000004     ST7735.o (.data.StX)
                  202005ac    00000004     ST7735.o (.data.StY)
                  202005b0    00000004     libc.a : defs.c.obj (.data.__TI_ft_end)
                  202005b4    00000004     libc++abi.a : cxa_default_handlers.cpp.obj (.data.__cxa_new_handler)
                  202005b8    00000004     libc.a : _lock.c.obj (.data._lock)
                  202005bc    00000004            : _lock.c.obj (.data._unlock)
                  202005c0    00000004     Lab9HMain.o (.data.currBall)
                  202005c4    00000004     Lab9HMain.o (.data.currentLevel)
                  202005c8    00000004     Lab9HMain.o (.data.movingHole)
                  202005cc    00000004     Sound.o (.data.soundIndex)
                  202005d0    00000004     Sound.o (.data.soundLen)
                  202005d4    00000004     Sound.o (.data.soundPtr)
                  202005d8    00000002     ST7735.o (.data._ZL6_width)
                  202005da    00000002     ST7735.o (.data._ZL7_height)
                  202005dc    00000002     Lab9HMain.o (.data._ZZ4mainE9prevBallX)
                  202005de    00000002     Lab9HMain.o (.data._ZZ4mainE9prevBallY)
                  202005e0    00000001     libsysbm.a : add_device.c.obj (.data.add_device.device_init)
                  202005e1    00000001     Sound.o (.data.isPlaying)
                  202005e2    00000001     Lab9HMain.o (.data.levelSelect)
                  202005e3    00000001     Lab9HMain.o (.data.maxPegs)
                  202005e4    00000001     Lab9HMain.o (.data.maxSeperation)
                  202005e5    00000001     Lab9HMain.o (.data.menuState)
                  202005e6    00000001     Lab9HMain.o (.data.orangeCount)
                  202005e7    00000001     Lab9HMain.o (.data.pegCount)
                  202005e8    00000001     libc.a : memory.c.obj (.data.memory_is_initialized)
                  202005e9    00000001     Lab9HMain.o (.data.randomColor)
                  202005ea    00000001     Lab9HMain.o (.data.selectedOption)
                  202005eb    00000001     Lab9HMain.o (.data.transitionedToGameOver)
                  202005ec    00000001     libsysbm.a : open.c.obj (.data.open.stream_init)

.sysmem    0    202005f0    00000200     UNINITIALIZED
                  202005f0    00000010     libc.a : memory.c.obj (.sysmem)
                  20200600    000001f0     --HOLE--

.bss       0    202007f0    000001f1     UNINITIALIZED
                  202007f0    00000120     libsysbm.a : trgmsg.c.obj (.bss:_CIOBUF_)
                  20200910    000000a0     libc.a : defs.c.obj (.bss.__TI_tmpnams)
                  202009b0    0000000c     ST7735.o (.bss.Message)
                  202009bc    00000008     libsysbm.a : hostopen.c.obj (.bss.parmbuf)
                  202009c4    00000004     ST7735.o (.bss.Messageindex)
                  202009c8    00000004     TExaS.o (.bss.TExaSLogic)
                  202009cc    00000004     TExaS.o (.bss.TExaSadc)
                  202009d0    00000004     Lab9HMain.o (.bss.data)
                  202009d4    00000004     Lab9HMain.o (.bss.input)
                  202009d8    00000004     libc.a : memory.c.obj (.bss.sys_free)
                  202009dc    00000002     ST7735.o (.bss.StTextColor)
                  202009de    00000001     ST7735.o (.bss._ZL8ColStart)
                  202009df    00000001     ST7735.o (.bss._ZL8RowStart)
                  202009e0    00000001     ST7735.o (.bss._ZL8TabColor)

.stack     0    20207e00    00000200     UNINITIALIZED
                  20207e00    00000004     libc.a : boot_cortex_m.c.obj (.stack)
                  20207e04    000001fc     --HOLE--

__llvm_prf_cnts 
*          0    20200000    00000000     UNINITIALIZED

__llvm_prf_bits 
*          0    20200000    00000000     UNINITIALIZED

MODULE SUMMARY

       Module                         code    ro data   rw data
       ------                         ----    -------   -------
    .\
       Level.o                        96      81920     0      
       Sound.o                        352     11481     13     
       Lab9HMain.o                    4374    400       1029   
       ST7735.o                       3060    1449      33     
       Ball.o                         1300    2176      0      
       Hole.o                         160     2304      0      
       Peg.o                          362     512       0      
       TExaS.o                        720     0         8      
       Clock.o                        516     0         4      
       SPI.o                          440     0         0      
       Timer.o                        412     0         0      
       SlidePot.o                     238     0         0      
       GameState.o                    208     0         0      
       LaunchPad.o                    180     0         0      
       DAC5.o                         88      0         0      
       Switch.o                       76      0         0      
       LED.o                          52      0         0      
    +--+------------------------------+-------+---------+---------+
       Total:                         12634   100242    1087   
                                                               
    .\ticlang\
       startup_mspm0g3507_ticlang.o   60      192       0      
    +--+------------------------------+-------+---------+---------+
       Total:                         60      192       0      
                                                               
    C:\ti\ccs2000\ccs\tools\compiler\ti-cgt-armllvm_4.0.1.LTS\lib\armv6m-ti-none-eabi/c/libc.a
       memory.c.obj                   702     0         5      
       fopen.c.obj                    556     0         0      
       defs.c.obj                     0       0         404    
       setvbuf.c.obj                  224     0         0      
       getdevice.c.obj                160     0         0      
       strcmp-armv6m.S.obj            136     0         0      
       copy_decompress_lzss.c.obj     124     0         0      
       fclose.c.obj                   124     0         0      
       autoinit.c.obj                 84      0         0      
       fflush.c.obj                   82      0         0      
       exit.c.obj                     56      0         8      
       boot_cortex_m.c.obj            40      0         0      
       copy_zero_init.c.obj           22      0         0      
       copy_decompress_none.c.obj     18      0         0      
       memcpy16.S.obj                 18      0         0      
       memset16.S.obj                 14      0         0      
       _lock.c.obj                    2       0         8      
       pre_init.c.obj                 4       0         0      
    +--+------------------------------+-------+---------+---------+
       Total:                         2366    0         425    
                                                               
    C:\ti\ccs2000\ccs\tools\compiler\ti-cgt-armllvm_4.0.1.LTS\lib\armv6m-ti-none-eabi/c/libsysbm.a
       trgmsg.c.obj                   104     0         288    
       add_device.c.obj               236     0         1      
       host_device.c.obj              0       0         200    
       open.c.obj                     160     0         1      
       hostrename.c.obj               136     0         0      
       hostlseek.c.obj                108     0         0      
       hostopen.c.obj                 96      0         8      
       hostread.c.obj                 88      0         0      
       hostwrite.c.obj                88      0         0      
       close.c.obj                    80      0         0      
       hostclose.c.obj                72      0         0      
       hostunlink.c.obj               72      0         0      
       unlink.c.obj                   44      0         0      
       write.c.obj                    40      0         0      
       remove.c.obj                   8       0         0      
    +--+------------------------------+-------+---------+---------+
       Total:                         1332    0         498    
                                                               
    C:\ti\ccs2000\ccs\tools\compiler\ti-cgt-armllvm_4.0.1.LTS\lib\armv6m-ti-none-eabi/libc++abi.a
       stdlib_new_delete.cpp.obj      78      45        0      
       cxa_handlers.cpp.obj           12      0         0      
       abort_message.cpp.obj          4       0         0      
       cxa_default_handlers.cpp.obj   0       0         4      
    +--+------------------------------+-------+---------+---------+
       Total:                         94      45        4      
                                                               
    C:\ti\ccs2000\ccs\tools\compiler\ti-cgt-armllvm_4.0.1.LTS\lib\armv6m-ti-none-eabi/libclang_rt.builtins.a
       aeabi_idivmod.S.obj            86      0         0      
       aeabi_uidivmod.S.obj           64      0         0      
       aeabi_memset.S.obj             12      0         0      
       aeabi_memcpy.S.obj             8       0         0      
       aeabi_div0.c.obj               2       0         0      
    +--+------------------------------+-------+---------+---------+
       Total:                         172     0         0      
                                                               
       Heap:                          0       0         512    
       Stack:                         0       0         512    
       Linker Generated:              0       157       0      
    +--+------------------------------+-------+---------+---------+
       Grand Total:                   16658   100636    3038   


LINKER GENERATED COPY TABLES

__TI_cinit_table @ 0001ca38 records: 2, size/record: 8, table size: 16
	.data: load addr=0001c9a8, load size=00000079 bytes, run addr=20200000, run size=000005ed bytes, compression=lzss
	.bss: load addr=0001ca30, load size=00000008 bytes, run addr=202007f0, run size=000001f1 bytes, compression=zero_init


LINKER GENERATED HANDLER TABLE

__TI_handler_table @ 0001ca24 records: 3, size/record: 4, table size: 12
	index: 0, handler: __TI_decompress_lzss
	index: 1, handler: __TI_decompress_none
	index: 2, handler: __TI_zero_init


GLOBAL SYMBOLS: SORTED ALPHABETICALLY BY Name 

address   name                               
-------   ----                               
0001c541  ADC0_IRQHandler                    
0001c541  ADC1_IRQHandler                    
0001c541  AES_IRQHandler                     
202005a0  BusFreq                            
0001c99c  C$$EXIT                            
0001c0f9  C$$IO$$                            
0001c541  CANFD0_IRQHandler                  
0001c541  DAC0_IRQHandler                    
0001c541  DMA_IRQHandler                     
0001c541  Default_Handler                    
0001c541  GROUP0_IRQHandler                  
0001c541  GROUP1_IRQHandler                  
0001bc11  HOSTclose                          
0001b3d5  HOSTlseek                          
0001b64d  HOSTopen                           
0001b7cd  HOSTread                           
0001b441  HOSTrename                         
0001bc59  HOSTunlink                         
0001b825  HOSTwrite                          
0001c55d  HardFault_Handler                  
0001c541  I2C0_IRQHandler                    
0001c541  I2C1_IRQHandler                    
202005a4  M                                  
202009b0  Message                            
202009c4  Messageindex                       
0001c541  NMI_Handler                        
0001c541  PendSV_Handler                     
0001c541  RTC_IRQHandler                     
0001c991  Reset_Handler                      
0001c9a0  SHT$$INIT_ARRAY$$Base              
0001c9a4  SHT$$INIT_ARRAY$$Limit             
0001c541  SPI0_IRQHandler                    
0001c541  SPI1_IRQHandler                    
0001c541  SVC_Handler                        
20200578  Sensor                             
202009dc  StTextColor                        
202005a8  StX                                
202005ac  StY                                
0001b6ad  SysTick_Handler                    
202009c8  TExaSLogic                         
202009cc  TExaSadc                           
0001c541  TIMA0_IRQHandler                   
0001c541  TIMA1_IRQHandler                   
0001c541  TIMG0_IRQHandler                   
000190ed  TIMG12_IRQHandler                  
0001c541  TIMG6_IRQHandler                   
0001bd75  TIMG7_IRQHandler                   
0001c541  TIMG8_IRQHandler                   
0001c78b  TI_memcpy_small                    
0001c867  TI_memset_small                    
0001c541  UART0_IRQHandler                   
0001c541  UART1_IRQHandler                   
0001c541  UART2_IRQHandler                   
0001c541  UART3_IRQHandler                   
202007f0  _CIOBUF_                           
0001c875  _Z10Clock_Freqv                    
0001c675  _Z10SeedRandomj                    
0001bbc5  _Z10Sound_Initv                    
0001b87d  _Z10TExaS_InitP10ADC12_RegsjPFhvE  
0001c7af  _Z11Clock_Delayj                   
0001beed  _Z11SPI_OutDatac                   
0001c579  _Z11ST7735_openPKcji               
0001c631  _Z11ST7735_readiPcj                
0001c689  _Z11Sound_Shootv                   
0001bb25  _Z11Sound_StartPKhj                
0001c349  _Z11Switch_Initv                   
0001b92d  _Z11fillmessagej                   
00019ccd  _Z12DrawGameOverv                  
000197a1  _Z12DrawMainMenuv                  
0001ac49  _Z12ST7735_InitR10initRFlags       
0001c959  _Z12ST7735_closei                  
0001c82f  _Z12ST7735_lseekili                
0001bf95  _Z12ST7735_writeiPKcj              
0001c69d  _Z12Sound_Killedv                  
0001c881  _Z13ST7735_renamePKcS0_            
0001c963  _Z13ST7735_unlinkPKc               
0001b70d  _Z13TimerG12_Initv                 
0001bfc9  _Z14Clock_Delay1msj                
0001b16d  _Z14LaunchPad_Initv                
0001bca1  _Z14SPI_OutCommandc                
0001a5e9  _Z14ST7735_OutCharc                
0001ae29  _Z14ST7735_OutUDecj                
0001aafd  _Z14TimerG7_IntArmtjj              
0001bf25  _Z15ActivatePortA_Bv               
00019971  _Z15Clock_Init80MHzi               
0001c19d  _Z15ST7735_Color565hhh             
00019b25  _Z15ST7735_DrawCharsscssh          
0001a0c1  _Z15ST7735_FillRectsssst           
0001c6b1  _Z15Sound_Explosionv               
0001aec5  _Z15TimerG12_IntArmjj              
0001a1d9  _Z16DrawInstructionsv              
0001c411  _Z16ST7735_OutStringPc             
0001bffd  _Z16ST7735_SetCursorjj             
000193a9  _Z17ST7735_DrawBitmapssPKtss       
0001b069  _Z17ST7735_DrawStringttPcs         
0001c2f1  _Z17ST7735_FillScreent             
0001ace9  _Z17ST7735_InitPrintf10initRFlags  
0001c6c5  _Z18Sound_Fastinvader1v            
0001c6d9  _Z18Sound_Fastinvader2v            
0001c6ed  _Z19ST7735_SetTextColort           
0001aa4d  _Z20ST7735_DrawFastHLinessst       
0001c88d  _Z22__throw_bad_alloc_shimv        
0001c7c1  _Z28TExaS_LaunchPadLogicPB27PB26v  
0001c601  _Z6Randomj                         
00019f99  _Z8ADC_InitP10ADC12_Regsjj         
0001c595  _Z8DAC5_Outj                       
00018dcd  _Z8InitGamev                       
0001c031  _Z8LED_Initv                       
0001c96d  _Z8PLL_Initv                       
0001c4a5  _Z8Random32v                       
0001a405  _Z8SPI_Initv                       
0001c371  _Z9ADC_StartP10ADC12_Regs          
0001be75  _Z9DAC5_Initv                      
0001b35d  _Z9DrawTitlev                      
0001bdb5  _Z9SPI_Resetv                      
0001c45d  _Z9Switch_Inv                      
0001a6d1  _Z9UART_Initv                      
0001c7d1  _ZN10GameObjectC2Ev                
0001c7e1  _ZN3Peg11getHitStateEv             
0001beb1  _ZN3Peg11isDestroyedEv             
0001c899  _ZN3Peg4getXEv                     
0001c8a5  _ZN3Peg4getYEv                     
0001b585  _ZN3Peg4initEiiah                  
0001c8b1  _ZN3Peg8getColorEv                 
0001b981  _ZN3Peg8getImageEv                 
0001c701  _ZN3Peg9updatePegEv                
0001c2c1  _ZN3PegC1Ev                        
0001c2c1  _ZN3PegC2Ev                        
0001b76d  _ZN4Ball14checkCollisionEtt        
0001b4ad  _ZN4Ball18checkHoleCollisionEtt    
0001c715  _ZN4Ball3aimEj                     
0001c8bd  _ZN4Ball4getXEv                    
0001c8c9  _ZN4Ball4getYEv                    
0001b0ed  _ZN4Ball5isqrtEi                   
0001c201  _ZN4Ball5resetEh                   
000195b9  _ZN4Ball6bounceEtt                 
0001c481  _ZN4Ball6isLostEv                  
0001c8d5  _ZN4Ball8getImageEv                
0001a981  _ZN4Ball8moveBallEv                
0001c7f1  _ZN4Ball9getActiveEv               
0001c647  _ZN4Ball9setActiveEb               
0001b9d5  _ZN4BallC1Eh                       
0001b9d5  _ZN4BallC2Eh                       
0001c8e1  _ZN4Hole4getXEv                    
0001c8ed  _ZN4Hole4getYEv                    
0001c8f9  _ZN4Hole8getImageEv                
0001bd31  _ZN4Hole8moveHoleEv                
0001bf5d  _ZN4HoleC1Ev                       
0001bf5d  _ZN4HoleC2Ev                       
0001c905  _ZN5Level8getImageEv               
0001ba29  _ZN5LevelC1Eh                      
0001ba29  _ZN5LevelC2Eh                      
0001bce9  _ZN8SlidePot2InEv                  
0001b1e9  _ZN8SlidePot4InitEv                
0001c5b1  _ZN8SlidePot7ConvertEj             
0001c83d  _ZN8SlidePotC1Ejj                  
0001c83d  _ZN8SlidePotC2Ejj                  
0001c779  _ZN9GameState15setCurrentLevelEh   
0001c523  _ZN9GameState7addBallEv            
0001c231  _ZN9GameState7useBallEv            
0001c729  _ZN9GameState9addPointsEj          
0001c73d  _ZN9GameState9resetGameEv          
0001c751  _ZN9GameStateC1Ev                  
0001c751  _ZN9GameStateC2Ev                  
0001c801  _ZNK9GameState10isGameOverEv       
0001c911  _ZNK9GameState15getCurrentLevelEv  
0001c91d  _ZNK9GameState17getBallsRemainingEv
0001c929  _ZNK9GameState8getScoreEv          
0001c935  _ZSt15get_new_handlerv             
0001c977  _ZdlPv                             
0001c765  _Znwj                              
202007f0  __CIOBUF_                          
20208000  __STACK_END                        
00000200  __STACK_SIZE                       
00000200  __SYSMEM_SIZE                      
00000000  __TI_ATRegion0_region_sz           
00000000  __TI_ATRegion0_src_addr            
00000000  __TI_ATRegion0_trg_addr            
00000000  __TI_ATRegion1_region_sz           
00000000  __TI_ATRegion1_src_addr            
00000000  __TI_ATRegion1_trg_addr            
00000000  __TI_ATRegion2_region_sz           
00000000  __TI_ATRegion2_src_addr            
00000000  __TI_ATRegion2_trg_addr            
0001ca38  __TI_CINIT_Base                    
0001ca48  __TI_CINIT_Limit                   
0001ca48  __TI_CINIT_Warm                    
0001ca24  __TI_Handler_Table_Base            
0001ca30  __TI_Handler_Table_Limit           
0001ba7d  __TI_auto_init_nobinit             
0001c065  __TI_cleanup                       
20200598  __TI_cleanup_ptr                   
0001b265  __TI_closefile                     
0001b2e1  __TI_decompress_lzss               
0001c79d  __TI_decompress_none               
0001bad1  __TI_doflush                       
2020059c  __TI_dtors_ptr                     
202005b0  __TI_ft_end                        
ffffffff  __TI_pprof_out_hndl                
ffffffff  __TI_prof_data_size                
ffffffff  __TI_prof_data_start               
0001c099  __TI_readmsg                       
00000000  __TI_static_base__                 
20200910  __TI_tmpnams                       
0001c0cd  __TI_writemsg                      
0001c65d  __TI_zero_init_nomemset            
0001b8d5  __aeabi_idiv                       
0001ac47  __aeabi_idiv0                      
0001b8d5  __aeabi_idivmod                    
0001c941  __aeabi_memclr                     
0001c941  __aeabi_memclr4                    
0001c941  __aeabi_memclr8                    
0001c981  __aeabi_memcpy                     
0001c981  __aeabi_memcpy4                    
0001c981  __aeabi_memcpy8                    
0001bdf5  __aeabi_uidiv                      
0001bdf5  __aeabi_uidivmod                   
ffffffff  __binit__                          
202005b4  __cxa_new_handler                  
UNDEFED   __mpu_init                         
20207e00  __stack                            
20200000  __start___llvm_prf_bits            
20200000  __start___llvm_prf_cnts            
20200000  __stop___llvm_prf_bits             
20200000  __stop___llvm_prf_cnts             
0001c3e9  _c_int00_noargs                    
202004b0  _device                            
202003c0  _ftable                            
202005b8  _lock                              
0001b16b  _nop                               
20200528  _stream                            
202005f0  _sys_memory                        
UNDEFED   _system_post_cinit                 
0001c995  _system_pre_init                   
202005bc  _unlock                            
0001c99d  abort                              
0001c999  abort_message                      
0001a4fd  add_device                         
0001a2f1  aligned_alloc                      
ffffffff  binit                              
0001bb75  close                              
202005c0  currBall                           
202005c4  currentLevel                       
202009d0  data                               
0001c101  exit                               
0001c135  finddevice                         
0001c291  fopen                              
0001a7b9  free                               
0001c169  freopen                            
2020058c  gameState                          
0001b519  getdevice                          
202009d4  input                              
00000000  interruptVectors                   
202005e1  isPlaying                          
202005e2  levelSelect                        
00018881  main                               
0001c94d  malloc                             
202005e3  maxPegs                            
202005e4  maxSeperation                      
0001a2f1  memalign                           
202005e5  menuState                          
202005c8  movingHole                         
0001ad89  open                               
202005e6  orangeCount                        
202009bc  parmbuf                            
202005e7  pegCount                           
20200000  pegs                               
202005e9  randomColor                        
0001c989  remove                             
202005ea  selectedOption                     
0001a8a1  setvbuf                            
202005cc  soundIndex                         
202005d0  soundLen                           
202005d4  soundPtr                           
0001afe1  strcmp                             
202005eb  transitionedToGameOver             
0001c31d  unlink                             
0001c3c1  write                              


GLOBAL SYMBOLS: SORTED BY Symbol Address 

address   name                               
-------   ----                               
00000000  __TI_ATRegion0_region_sz           
00000000  __TI_ATRegion0_src_addr            
00000000  __TI_ATRegion0_trg_addr            
00000000  __TI_ATRegion1_region_sz           
00000000  __TI_ATRegion1_src_addr            
00000000  __TI_ATRegion1_trg_addr            
00000000  __TI_ATRegion2_region_sz           
00000000  __TI_ATRegion2_src_addr            
00000000  __TI_ATRegion2_trg_addr            
00000000  __TI_static_base__                 
00000000  interruptVectors                   
00000200  __STACK_SIZE                       
00000200  __SYSMEM_SIZE                      
00018881  main                               
00018dcd  _Z8InitGamev                       
000190ed  TIMG12_IRQHandler                  
000193a9  _Z17ST7735_DrawBitmapssPKtss       
000195b9  _ZN4Ball6bounceEtt                 
000197a1  _Z12DrawMainMenuv                  
00019971  _Z15Clock_Init80MHzi               
00019b25  _Z15ST7735_DrawCharsscssh          
00019ccd  _Z12DrawGameOverv                  
00019f99  _Z8ADC_InitP10ADC12_Regsjj         
0001a0c1  _Z15ST7735_FillRectsssst           
0001a1d9  _Z16DrawInstructionsv              
0001a2f1  aligned_alloc                      
0001a2f1  memalign                           
0001a405  _Z8SPI_Initv                       
0001a4fd  add_device                         
0001a5e9  _Z14ST7735_OutCharc                
0001a6d1  _Z9UART_Initv                      
0001a7b9  free                               
0001a8a1  setvbuf                            
0001a981  _ZN4Ball8moveBallEv                
0001aa4d  _Z20ST7735_DrawFastHLinessst       
0001aafd  _Z14TimerG7_IntArmtjj              
0001ac47  __aeabi_idiv0                      
0001ac49  _Z12ST7735_InitR10initRFlags       
0001ace9  _Z17ST7735_InitPrintf10initRFlags  
0001ad89  open                               
0001ae29  _Z14ST7735_OutUDecj                
0001aec5  _Z15TimerG12_IntArmjj              
0001afe1  strcmp                             
0001b069  _Z17ST7735_DrawStringttPcs         
0001b0ed  _ZN4Ball5isqrtEi                   
0001b16b  _nop                               
0001b16d  _Z14LaunchPad_Initv                
0001b1e9  _ZN8SlidePot4InitEv                
0001b265  __TI_closefile                     
0001b2e1  __TI_decompress_lzss               
0001b35d  _Z9DrawTitlev                      
0001b3d5  HOSTlseek                          
0001b441  HOSTrename                         
0001b4ad  _ZN4Ball18checkHoleCollisionEtt    
0001b519  getdevice                          
0001b585  _ZN3Peg4initEiiah                  
0001b64d  HOSTopen                           
0001b6ad  SysTick_Handler                    
0001b70d  _Z13TimerG12_Initv                 
0001b76d  _ZN4Ball14checkCollisionEtt        
0001b7cd  HOSTread                           
0001b825  HOSTwrite                          
0001b87d  _Z10TExaS_InitP10ADC12_RegsjPFhvE  
0001b8d5  __aeabi_idiv                       
0001b8d5  __aeabi_idivmod                    
0001b92d  _Z11fillmessagej                   
0001b981  _ZN3Peg8getImageEv                 
0001b9d5  _ZN4BallC1Eh                       
0001b9d5  _ZN4BallC2Eh                       
0001ba29  _ZN5LevelC1Eh                      
0001ba29  _ZN5LevelC2Eh                      
0001ba7d  __TI_auto_init_nobinit             
0001bad1  __TI_doflush                       
0001bb25  _Z11Sound_StartPKhj                
0001bb75  close                              
0001bbc5  _Z10Sound_Initv                    
0001bc11  HOSTclose                          
0001bc59  HOSTunlink                         
0001bca1  _Z14SPI_OutCommandc                
0001bce9  _ZN8SlidePot2InEv                  
0001bd31  _ZN4Hole8moveHoleEv                
0001bd75  TIMG7_IRQHandler                   
0001bdb5  _Z9SPI_Resetv                      
0001bdf5  __aeabi_uidiv                      
0001bdf5  __aeabi_uidivmod                   
0001be75  _Z9DAC5_Initv                      
0001beb1  _ZN3Peg11isDestroyedEv             
0001beed  _Z11SPI_OutDatac                   
0001bf25  _Z15ActivatePortA_Bv               
0001bf5d  _ZN4HoleC1Ev                       
0001bf5d  _ZN4HoleC2Ev                       
0001bf95  _Z12ST7735_writeiPKcj              
0001bfc9  _Z14Clock_Delay1msj                
0001bffd  _Z16ST7735_SetCursorjj             
0001c031  _Z8LED_Initv                       
0001c065  __TI_cleanup                       
0001c099  __TI_readmsg                       
0001c0cd  __TI_writemsg                      
0001c0f9  C$$IO$$                            
0001c101  exit                               
0001c135  finddevice                         
0001c169  freopen                            
0001c19d  _Z15ST7735_Color565hhh             
0001c201  _ZN4Ball5resetEh                   
0001c231  _ZN9GameState7useBallEv            
0001c291  fopen                              
0001c2c1  _ZN3PegC1Ev                        
0001c2c1  _ZN3PegC2Ev                        
0001c2f1  _Z17ST7735_FillScreent             
0001c31d  unlink                             
0001c349  _Z11Switch_Initv                   
0001c371  _Z9ADC_StartP10ADC12_Regs          
0001c3c1  write                              
0001c3e9  _c_int00_noargs                    
0001c411  _Z16ST7735_OutStringPc             
0001c45d  _Z9Switch_Inv                      
0001c481  _ZN4Ball6isLostEv                  
0001c4a5  _Z8Random32v                       
0001c523  _ZN9GameState7addBallEv            
0001c541  ADC0_IRQHandler                    
0001c541  ADC1_IRQHandler                    
0001c541  AES_IRQHandler                     
0001c541  CANFD0_IRQHandler                  
0001c541  DAC0_IRQHandler                    
0001c541  DMA_IRQHandler                     
0001c541  Default_Handler                    
0001c541  GROUP0_IRQHandler                  
0001c541  GROUP1_IRQHandler                  
0001c541  I2C0_IRQHandler                    
0001c541  I2C1_IRQHandler                    
0001c541  NMI_Handler                        
0001c541  PendSV_Handler                     
0001c541  RTC_IRQHandler                     
0001c541  SPI0_IRQHandler                    
0001c541  SPI1_IRQHandler                    
0001c541  SVC_Handler                        
0001c541  TIMA0_IRQHandler                   
0001c541  TIMA1_IRQHandler                   
0001c541  TIMG0_IRQHandler                   
0001c541  TIMG6_IRQHandler                   
0001c541  TIMG8_IRQHandler                   
0001c541  UART0_IRQHandler                   
0001c541  UART1_IRQHandler                   
0001c541  UART2_IRQHandler                   
0001c541  UART3_IRQHandler                   
0001c55d  HardFault_Handler                  
0001c579  _Z11ST7735_openPKcji               
0001c595  _Z8DAC5_Outj                       
0001c5b1  _ZN8SlidePot7ConvertEj             
0001c601  _Z6Randomj                         
0001c631  _Z11ST7735_readiPcj                
0001c647  _ZN4Ball9setActiveEb               
0001c65d  __TI_zero_init_nomemset            
0001c675  _Z10SeedRandomj                    
0001c689  _Z11Sound_Shootv                   
0001c69d  _Z12Sound_Killedv                  
0001c6b1  _Z15Sound_Explosionv               
0001c6c5  _Z18Sound_Fastinvader1v            
0001c6d9  _Z18Sound_Fastinvader2v            
0001c6ed  _Z19ST7735_SetTextColort           
0001c701  _ZN3Peg9updatePegEv                
0001c715  _ZN4Ball3aimEj                     
0001c729  _ZN9GameState9addPointsEj          
0001c73d  _ZN9GameState9resetGameEv          
0001c751  _ZN9GameStateC1Ev                  
0001c751  _ZN9GameStateC2Ev                  
0001c765  _Znwj                              
0001c779  _ZN9GameState15setCurrentLevelEh   
0001c78b  TI_memcpy_small                    
0001c79d  __TI_decompress_none               
0001c7af  _Z11Clock_Delayj                   
0001c7c1  _Z28TExaS_LaunchPadLogicPB27PB26v  
0001c7d1  _ZN10GameObjectC2Ev                
0001c7e1  _ZN3Peg11getHitStateEv             
0001c7f1  _ZN4Ball9getActiveEv               
0001c801  _ZNK9GameState10isGameOverEv       
0001c82f  _Z12ST7735_lseekili                
0001c83d  _ZN8SlidePotC1Ejj                  
0001c83d  _ZN8SlidePotC2Ejj                  
0001c867  TI_memset_small                    
0001c875  _Z10Clock_Freqv                    
0001c881  _Z13ST7735_renamePKcS0_            
0001c88d  _Z22__throw_bad_alloc_shimv        
0001c899  _ZN3Peg4getXEv                     
0001c8a5  _ZN3Peg4getYEv                     
0001c8b1  _ZN3Peg8getColorEv                 
0001c8bd  _ZN4Ball4getXEv                    
0001c8c9  _ZN4Ball4getYEv                    
0001c8d5  _ZN4Ball8getImageEv                
0001c8e1  _ZN4Hole4getXEv                    
0001c8ed  _ZN4Hole4getYEv                    
0001c8f9  _ZN4Hole8getImageEv                
0001c905  _ZN5Level8getImageEv               
0001c911  _ZNK9GameState15getCurrentLevelEv  
0001c91d  _ZNK9GameState17getBallsRemainingEv
0001c929  _ZNK9GameState8getScoreEv          
0001c935  _ZSt15get_new_handlerv             
0001c941  __aeabi_memclr                     
0001c941  __aeabi_memclr4                    
0001c941  __aeabi_memclr8                    
0001c94d  malloc                             
0001c959  _Z12ST7735_closei                  
0001c963  _Z13ST7735_unlinkPKc               
0001c96d  _Z8PLL_Initv                       
0001c977  _ZdlPv                             
0001c981  __aeabi_memcpy                     
0001c981  __aeabi_memcpy4                    
0001c981  __aeabi_memcpy8                    
0001c989  remove                             
0001c991  Reset_Handler                      
0001c995  _system_pre_init                   
0001c999  abort_message                      
0001c99c  C$$EXIT                            
0001c99d  abort                              
0001c9a0  SHT$$INIT_ARRAY$$Base              
0001c9a4  SHT$$INIT_ARRAY$$Limit             
0001ca24  __TI_Handler_Table_Base            
0001ca30  __TI_Handler_Table_Limit           
0001ca38  __TI_CINIT_Base                    
0001ca48  __TI_CINIT_Limit                   
0001ca48  __TI_CINIT_Warm                    
20200000  __start___llvm_prf_bits            
20200000  __start___llvm_prf_cnts            
20200000  __stop___llvm_prf_bits             
20200000  __stop___llvm_prf_cnts             
20200000  pegs                               
202003c0  _ftable                            
202004b0  _device                            
20200528  _stream                            
20200578  Sensor                             
2020058c  gameState                          
20200598  __TI_cleanup_ptr                   
2020059c  __TI_dtors_ptr                     
202005a0  BusFreq                            
202005a4  M                                  
202005a8  StX                                
202005ac  StY                                
202005b0  __TI_ft_end                        
202005b4  __cxa_new_handler                  
202005b8  _lock                              
202005bc  _unlock                            
202005c0  currBall                           
202005c4  currentLevel                       
202005c8  movingHole                         
202005cc  soundIndex                         
202005d0  soundLen                           
202005d4  soundPtr                           
202005e1  isPlaying                          
202005e2  levelSelect                        
202005e3  maxPegs                            
202005e4  maxSeperation                      
202005e5  menuState                          
202005e6  orangeCount                        
202005e7  pegCount                           
202005e9  randomColor                        
202005ea  selectedOption                     
202005eb  transitionedToGameOver             
202005f0  _sys_memory                        
202007f0  _CIOBUF_                           
202007f0  __CIOBUF_                          
20200910  __TI_tmpnams                       
202009b0  Message                            
202009bc  parmbuf                            
202009c4  Messageindex                       
202009c8  TExaSLogic                         
202009cc  TExaSadc                           
202009d0  data                               
202009d4  input                              
202009dc  StTextColor                        
20207e00  __stack                            
20208000  __STACK_END                        
ffffffff  __TI_pprof_out_hndl                
ffffffff  __TI_prof_data_size                
ffffffff  __TI_prof_data_start               
ffffffff  __binit__                          
ffffffff  binit                              
UNDEFED   __mpu_init                         
UNDEFED   _system_post_cinit                 

[278 symbols]
