******************************************************************************
            TI ARM Clang Linker PC v4.0.1                      
******************************************************************************
>> Linked Sun Apr 20 23:05:10 2025

OUTPUT FILE NAME:   <ECE319K_Lab9H.out>
ENTRY POINT SYMBOL: "_c_int00_noargs"  address: 00011841


MEMORY CONFIGURATION

         name            origin    length      used     unused   attr    fill
----------------------  --------  ---------  --------  --------  ----  --------
  FLASH                 00000000   00020000  00011e60  0000e1a0  R  X
  SRAM                  20200000   00008000  00000a0e  000075f2  RW X
  BCR_CONFIG            41c00000   00000080  00000000  00000080  R   
  BSL_CONFIG            41c00100   00000080  00000000  00000080  R   


SEGMENT ALLOCATION MAP

run origin  load origin   length   init length attrs members
----------  ----------- ---------- ----------- ----- -------
00000000    00000000    00011e60   00011e60    r-x
  00000000    00000000    000000c0   000000c0    r-- .intvecs
  000000c0    000000c0    0000e2c0   0000e2c0    r-- .rodata
  0000e380    0000e380    00003a40   00003a40    r-x .text
  00011dc0    00011dc0    00000008   00000008    r-- .init_array
  00011dc8    00011dc8    00000098   00000098    r-- .cinit
20200000    20200000    00000811   00000000    rw-
  20200000    20200000    0000041d   00000000    rw- .data
  20200420    20200420    00000200   00000000    rw- .sysmem
  20200620    20200620    000001f1   00000000    rw- .bss
20207e00    20207e00    00000200   00000000    rw-
  20207e00    20207e00    00000200   00000000    rw- .stack


SECTION ALLOCATION MAP

 output                                  attributes/
section   page    origin      length       input sections
--------  ----  ----------  ----------   ----------------
.intvecs   0    00000000    000000c0     
                  00000000    000000c0     startup_mspm0g3507_ticlang.o (.intvecs)

.binit     0    00000000    00000000     

.text      0    0000e380    00003a40     
                  0000e380    00000628     Lab9HMain.o (.text.main)
                  0000e9a8    0000028c     Lab9HMain.o (.text._Z8InitGamev)
                  0000ec34    00000210     ST7735.o (.text._Z17ST7735_DrawBitmapssPKtss)
                  0000ee44    000001b4     Clock.o (.text._Z15Clock_Init80MHzi)
                  0000eff8    000001a8     ST7735.o (.text._Z15ST7735_DrawCharsscssh)
                  0000f1a0    000001a4     Lab9HMain.o (.text.TIMG12_IRQHandler)
                  0000f344    00000180     Ball.o (.text._ZN4Ball6bounceEtt)
                  0000f4c4    00000154     libc.a : fopen.c.obj (.text._openfile)
                  0000f618    00000128     TExaS.o (.text._Z8ADC_InitP10ADC12_Regsjj)
                  0000f740    00000118     ST7735.o (.text._Z15ST7735_FillRectsssst)
                  0000f858    00000114     libc.a : memory.c.obj (.text.aligned_alloc)
                  0000f96c    000000fc     Ball.o (.text._ZN4Ball8moveBallEv)
                  0000fa68    000000f8     SPI.o (.text._Z8SPI_Initv)
                  0000fb60    000000ec     libsysbm.a : add_device.c.obj (.text.add_device)
                  0000fc4c    000000e8     ST7735.o (.text._Z14ST7735_OutCharc)
                  0000fd34    000000e8     TExaS.o (.text._Z9UART_Initv)
                  0000fe1c    000000e8     libc.a : memory.c.obj (.text.free)
                  0000ff04    000000e0            : setvbuf.c.obj (.text.setvbuf)
                  0000ffe4    000000a8     Timer.o (.text._Z14TimerG7_IntArmtjj)
                  0001008c    000000a2     ST7735.o (.text._ZL11commandListPKh)
                  0001012e    00000002     DAC5.o (.text._Z9DAC5_Initv)
                  00010130    000000a0     ST7735.o (.text._Z12ST7735_InitR10initRFlags)
                  000101d0    000000a0     ST7735.o (.text._Z17ST7735_InitPrintf10initRFlags)
                  00010270    000000a0     libsysbm.a : open.c.obj (.text.open)
                  00010310    0000009c     ST7735.o (.text._Z14ST7735_OutUDecj)
                  000103ac    00000094     Timer.o (.text._Z15TimerG12_IntArmjj)
                  00010440    00000088     ST7735.o (.text._ZL13setAddrWindowhhhh)
                  000104c8    00000008     DAC5.o (.text._Z8DAC5_Outj)
                  000104d0    00000088     libc.a : strcmp-armv6m.S.obj (.text:strcmp)
                  00010558    00000084     ST7735.o (.text._Z17ST7735_DrawStringttPcs)
                  000105dc    0000007e     Ball.o (.text._ZN4Ball5isqrtEi)
                  0001065a    00000002     libclang_rt.builtins.a : aeabi_div0.c.obj (.text.__aeabi_idiv0)
                  0001065c    0000007c     LaunchPad.o (.text._Z14LaunchPad_Initv)
                  000106d8    0000007c     SlidePot.o (.text._ZN8SlidePot4InitEv)
                  00010754    0000007c     libc.a : fclose.c.obj (.text.__TI_closefile)
                  000107d0    0000007c            : copy_decompress_lzss.c.obj (.text:decompress:lzss)
                  0001084c    00000078     Lab9HMain.o (.text._Z16DrawInstructionsv)
                  000108c4    00000070     Lab9HMain.o (.text._Z12DrawMainMenuv)
                  00010934    00000070     Ball.o (.text._ZN4Ball18checkHoleCollisionEtt)
                  000109a4    0000006c     libsysbm.a : hostlseek.c.obj (.text.HOSTlseek)
                  00010a10    0000006c                : hostrename.c.obj (.text.HOSTrename)
                  00010a7c    0000006c     libc.a : getdevice.c.obj (.text.getdevice)
                  00010ae8    00000064            : memory.c.obj (.text.split)
                  00010b4c    00000060     libsysbm.a : hostopen.c.obj (.text.HOSTopen)
                  00010bac    00000060     Sound.o (.text.SysTick_Handler)
                  00010c0c    00000060     Timer.o (.text._Z13TimerG12_Initv)
                  00010c6c    00000060     Ball.o (.text._ZN4Ball14checkCollisionEtt)
                  00010ccc    0000005c     Peg.o (.text._ZN3Peg4initEssaa)
                  00010d28    00000058     libsysbm.a : hostread.c.obj (.text.HOSTread)
                  00010d80    00000058                : hostwrite.c.obj (.text.HOSTwrite)
                  00010dd8    00000058     TExaS.o (.text._Z10TExaS_InitP10ADC12_RegsjPFhvE)
                  00010e30    00000056     libclang_rt.builtins.a : aeabi_idivmod.S.obj (.text.__aeabi_idivmod)
                  00010e86    00000002     libc.a : _lock.c.obj (.text._nop)
                  00010e88    00000054     ST7735.o (.text._Z11fillmessagej)
                  00010edc    00000054     Ball.o (.text._ZN4BallC2Eh)
                  00010f30    00000054     libc.a : autoinit.c.obj (.text:__TI_auto_init_nobinit)
                  00010f84    00000052            : fflush.c.obj (.text.__TI_doflush)
                  00010fd6    00000002     --HOLE-- [fill = 0]
                  00010fd8    00000050     Sound.o (.text._Z11Sound_StartPKhj)
                  00011028    00000050     libsysbm.a : close.c.obj (.text.close)
                  00011078    0000004c     Sound.o (.text._Z10Sound_Initv)
                  000110c4    00000048     libsysbm.a : hostclose.c.obj (.text.HOSTclose)
                  0001110c    00000048                : hostunlink.c.obj (.text.HOSTunlink)
                  00011154    00000048     SPI.o (.text._Z14SPI_OutCommandc)
                  0001119c    00000048     Level.o (.text._ZN5LevelC2Eh)
                  000111e4    00000048     SlidePot.o (.text._ZN8SlidePot2InEv)
                  0001122c    00000044     Hole.o (.text._ZN4Hole8moveHoleEv)
                  00011270    00000040     TExaS.o (.text.TIMG7_IRQHandler)
                  000112b0    00000040     SPI.o (.text._Z9SPI_Resetv)
                  000112f0    00000040     libclang_rt.builtins.a : aeabi_uidivmod.S.obj (.text.__aeabi_uidivmod)
                  00011330    00000040     libc.a : fopen.c.obj (.text._search_fp)
                  00011370    00000038     SPI.o (.text._Z11SPI_OutDatac)
                  000113a8    00000038     LaunchPad.o (.text._Z15ActivatePortA_Bv)
                  000113e0    00000038     Hole.o (.text._ZN4HoleC2Ev)
                  00011418    00000034     ST7735.o (.text._Z12ST7735_writeiPKcj)
                  0001144c    00000034     Clock.o (.text._Z14Clock_Delay1msj)
                  00011480    00000034     ST7735.o (.text._Z16ST7735_SetCursorjj)
                  000114b4    00000034     LED.o (.text._Z8LED_Initv)
                  000114e8    00000034     Ball.o (.text._ZN4Ball5resetEh)
                  0001151c    00000034     libc.a : fopen.c.obj (.text.__TI_cleanup)
                  00011550    00000034     libsysbm.a : trgmsg.c.obj (.text.__TI_readmsg)
                  00011584    00000034                : trgmsg.c.obj (.text.__TI_writemsg)
                  000115b8    00000034     libc.a : exit.c.obj (.text.exit)
                  000115ec    00000034            : getdevice.c.obj (.text.finddevice)
                  00011620    00000034            : fopen.c.obj (.text.freopen)
                  00011654    00000032     ST7735.o (.text._Z15ST7735_Color565hhh)
                  00011686    00000002     --HOLE-- [fill = 0]
                  00011688    00000030     ST7735.o (.text._ZL10commonInitPKh)
                  000116b8    00000030     GameState.o (.text._ZN9GameState7useBallEv)
                  000116e8    00000030     Lab9HMain.o (.text.__cxx_global_var_init.3)
                  00011718    00000030     libc.a : fopen.c.obj (.text.fopen)
                  00011748    0000002c     ST7735.o (.text._Z17ST7735_FillScreent)
                  00011774    0000002c     libsysbm.a : unlink.c.obj (.text.unlink)
                  000117a0    00000028     Switch.o (.text._Z11Switch_Initv)
                  000117c8    00000028     TExaS.o (.text._Z9ADC_StartP10ADC12_Regs)
                  000117f0    00000028     libc.a : memory.c.obj (.text.free_list_insert)
                  00011818    00000028     libsysbm.a : write.c.obj (.text.write)
                  00011840    00000028     libc.a : boot_cortex_m.c.obj (.text:_c_int00_noargs)
                  00011868    00000026     ST7735.o (.text._Z16ST7735_OutStringPc)
                  0001188e    00000026     libc++abi.a : stdlib_new_delete.cpp.obj (.text._ZL17operator_new_implj)
                  000118b4    00000024     Switch.o (.text._Z9Switch_Inv)
                  000118d8    00000022     Peg.o (.text._ZN3PegC2Ev)
                  000118fa    00000002     --HOLE-- [fill = 0]
                  000118fc    00000020     Lab9HMain.o (.text._Z8Random32v)
                  0001191c    00000020     Ball.o (.text._ZN4Ball6isLostEv)
                  0001193c    00000020     Lab9HMain.o (.text.__cxx_global_var_init.1)
                  0001195c    00000020     Lab9HMain.o (.text.__cxx_global_var_init.2)
                  0001197c    0000001e     ST7735.o (.text._ZL9pushColort)
                  0001199a    00000002     --HOLE-- [fill = 0]
                  0001199c    0000001c     startup_mspm0g3507_ticlang.o (.text.Default_Handler)
                  000119b8    0000001c     startup_mspm0g3507_ticlang.o (.text.HardFault_Handler)
                  000119d4    0000001c     ST7735.o (.text._Z11ST7735_openPKcji)
                  000119f0    0000001c     SlidePot.o (.text._ZN8SlidePot7ConvertEj)
                  00011a0c    0000001c     libc.a : memory.c.obj (.text.free_list_remove)
                  00011a28    00000018     Lab9HMain.o (.text._GLOBAL__sub_I_Lab9HMain.cpp)
                  00011a40    00000018     Lab9HMain.o (.text._Z6Randomj)
                  00011a58    00000018     Lab9HMain.o (.text._Z9DrawTitlev)
                  00011a70    00000018     GameState.o (.text._ZN9GameState9resetGameEv)
                  00011a88    00000018     Lab9HMain.o (.text.__cxx_global_var_init)
                  00011aa0    00000016     ST7735.o (.text._Z11ST7735_readiPcj)
                  00011ab6    00000016     Ball.o (.text._ZN4Ball9setActiveEb)
                  00011acc    00000016     GameState.o (.text._ZN9GameState9nextLevelEv)
                  00011ae2    00000016     libc.a : copy_zero_init.c.obj (.text:decompress:ZI:__TI_zero_init_nomemset)
                  00011af8    00000014     Lab9HMain.o (.text._Z10SeedRandomj)
                  00011b0c    00000014     Sound.o (.text._Z11Sound_Shootv)
                  00011b20    00000014     Sound.o (.text._Z12Sound_Killedv)
                  00011b34    00000014     Sound.o (.text._Z15Sound_Explosionv)
                  00011b48    00000014     Sound.o (.text._Z18Sound_Fastinvader1v)
                  00011b5c    00000014     GameState.o (.text._ZN9GameState9addPointsEj)
                  00011b70    00000014     GameState.o (.text._ZN9GameStateC2Ev)
                  00011b84    00000014     libc++abi.a : stdlib_new_delete.cpp.obj (.text._Znwj)
                  00011b98    00000012     GameState.o (.text._ZN9GameState15setCurrentLevelEh)
                  00011baa    00000012     libc.a : memcpy16.S.obj (.text:TI_memcpy_small)
                  00011bbc    00000012            : copy_decompress_none.c.obj (.text:decompress:none)
                  00011bce    00000010     Clock.o (.text._Z11Clock_Delayj)
                  00011bde    00000002     --HOLE-- [fill = 0]
                  00011be0    00000010     Lab9HMain.o (.text._Z28TExaS_LaunchPadLogicPB27PB26v)
                  00011bf0    00000010     Ball.o (.text._ZN10GameObjectC2Ev)
                  00011c00    00000010     Ball.o (.text._ZN4Ball9getActiveEv)
                  00011c10    00000010     GameState.o (.text._ZNK9GameState10isGameOverEv)
                  00011c20    00000010     Lab9HMain.o (.text.__cxx_global_var_init.4)
                  00011c30    0000000e     libc.a : memory.c.obj (.text.OUTLINED_FUNCTION_0)
                  00011c3e    0000000e     ST7735.o (.text._Z12ST7735_lseekili)
                  00011c4c    0000000e     Peg.o (.text._ZN3Peg4getXEv)
                  00011c5a    0000000e     Peg.o (.text._ZN3Peg4getYEv)
                  00011c68    0000000e     SlidePot.o (.text._ZN8SlidePotC2Ejj)
                  00011c76    0000000e     libsysbm.a : hostrename.c.obj (.text.strcpy)
                  00011c84    0000000e                : hostrename.c.obj (.text.strlen)
                  00011c92    0000000e     libc.a : memset16.S.obj (.text:TI_memset_small)
                  00011ca0    0000000c     Clock.o (.text._Z10Clock_Freqv)
                  00011cac    0000000c     ST7735.o (.text._Z13ST7735_renamePKcS0_)
                  00011cb8    0000000c     libc++abi.a : stdlib_new_delete.cpp.obj (.text._Z22__throw_bad_alloc_shimv)
                  00011cc4    0000000c     Peg.o (.text._ZN3Peg8getImageEv)
                  00011cd0    0000000c     Ball.o (.text._ZN4Ball4getXEv)
                  00011cdc    0000000c     Ball.o (.text._ZN4Ball4getYEv)
                  00011ce8    0000000c     Ball.o (.text._ZN4Ball8getImageEv)
                  00011cf4    0000000c     Hole.o (.text._ZN4Hole4getXEv)
                  00011d00    0000000c     Hole.o (.text._ZN4Hole4getYEv)
                  00011d0c    0000000c     Hole.o (.text._ZN4Hole8getImageEv)
                  00011d18    0000000c     Level.o (.text._ZN5Level8getImageEv)
                  00011d24    0000000c     GameState.o (.text._ZNK9GameState15getCurrentLevelEv)
                  00011d30    0000000c     GameState.o (.text._ZNK9GameState17getBallsRemainingEv)
                  00011d3c    0000000c     GameState.o (.text._ZNK9GameState8getScoreEv)
                  00011d48    0000000c     libc++abi.a : cxa_handlers.cpp.obj (.text._ZSt15get_new_handlerv)
                  00011d54    0000000c     libclang_rt.builtins.a : aeabi_memset.S.obj (.text.__aeabi_memclr)
                  00011d60    0000000c     libc.a : memory.c.obj (.text.malloc)
                  00011d6c    0000000a     ST7735.o (.text._Z12ST7735_closei)
                  00011d76    0000000a     ST7735.o (.text._Z13ST7735_unlinkPKc)
                  00011d80    0000000a     Lab9HMain.o (.text._Z8PLL_Initv)
                  00011d8a    00000008     libc++abi.a : stdlib_new_delete.cpp.obj (.text._ZdlPv)
                  00011d92    00000002     --HOLE-- [fill = 0]
                  00011d94    00000008     libclang_rt.builtins.a : aeabi_memcpy.S.obj (.text.__aeabi_memcpy)
                  00011d9c    00000008     libsysbm.a : remove.c.obj (.text.remove)
                  00011da4    00000004     startup_mspm0g3507_ticlang.o (.text.Reset_Handler)
                  00011da8    00000004     libc.a : pre_init.c.obj (.text._system_pre_init)
                  00011dac    00000004     libc++abi.a : abort_message.cpp.obj (.text.abort_message)
                  00011db0    00000004     libc.a : exit.c.obj (.text:abort)
                  00011db4    0000000c     --HOLE-- [fill = 0]

.cinit     0    00011dc8    00000098     
                  00011dc8    00000073     (.cinit..data.load) [load image, compression = lzss]
                  00011e3b    00000001     --HOLE-- [fill = 0]
                  00011e3c    0000000c     (__TI_handler_table)
                  00011e48    00000008     (.cinit..bss.load) [load image, compression = zero_init]
                  00011e50    00000010     (__TI_cinit_table)

.rodata    0    000000c0    0000e2c0     
                  000000c0    0000a000     Level.o (.rodata._ZL6level1)
                  0000a0c0    00000ff0     Sound.o (.rodata._ZL5shoot)
                  0000b0b0    00000d31     Sound.o (.rodata._ZL13invaderkilled)
                  0000bde1    00000001     --HOLE-- [fill = 0]
                  0000bde2    00000900     Hole.o (.rodata._ZL6bucket)
                  0000c6e2    00000002     ST7735.o (.rodata.str1.59249497501465847671)
                  0000c6e4    00000800     Ball.o (.rodata._ZL10angleTable)
                  0000cee4    000007d0     Sound.o (.rodata._ZL9explosion)
                  0000d6b4    000004fb     ST7735.o (.rodata._ZL4Font)
                  0000dbaf    000003d6     Sound.o (.rodata._ZL12fastinvader1)
                  0000df85    00000001     --HOLE-- [fill = 0]
                  0000df86    00000080     Lab9HMain.o (.rodata._ZL16BlackCoverSprite)
                  0000e006    00000080     Ball.o (.rodata._ZL4ball)
                  0000e086    00000080     Peg.o (.rodata._ZL7bluepeg)
                  0000e106    00000080     Peg.o (.rodata._ZL9orangepeg)
                  0000e186    0000003b     ST7735.o (.rodata._ZL5Rcmd1)
                  0000e1c1    0000002d     libc++abi.a : stdlib_new_delete.cpp.obj (.rodata.str1.177346920702326194221)
                  0000e1ee    0000002b     ST7735.o (.rodata._ZL5Rcmd3)
                  0000e219    0000001d     Lab9HMain.o (.rodata.str1.43928348135455860411)
                  0000e236    00000018     Lab9HMain.o (.rodata.str1.15360766164854299121)
                  0000e24e    00000018     Lab9HMain.o (.rodata.str1.89800876338655967931)
                  0000e266    00000017     Lab9HMain.o (.rodata.str1.1045638472106105921)
                  0000e27d    00000016     ST7735.o (.rodata.str1.120157123834947517821)
                  0000e293    00000016     Lab9HMain.o (.rodata.str1.64434510243936695551)
                  0000e2a9    00000014     Lab9HMain.o (.rodata.str1.77946550721901366211)
                  0000e2bd    00000014     Lab9HMain.o (.rodata.str1.8734979013979085121)
                  0000e2d1    0000000f     Lab9HMain.o (.rodata.str1.109436695696880395661)
                  0000e2e0    0000000f     Lab9HMain.o (.rodata.str1.11344128452655267101)
                  0000e2ef    0000000d     ST7735.o (.rodata._ZL10Rcmd2green)
                  0000e2fc    0000000d     ST7735.o (.rodata._ZL8Rcmd2red)
                  0000e309    0000000d     Lab9HMain.o (.rodata.str1.23765623467681484731)
                  0000e316    0000000c     Lab9HMain.o (.rodata.str1.102680895847577752451)
                  0000e322    0000000c     Lab9HMain.o (.rodata.str1.135363822859471765721)
                  0000e32e    0000000c     Lab9HMain.o (.rodata.str1.150864919958333191721)
                  0000e33a    0000000c     Lab9HMain.o (.rodata.str1.36435047076059183751)
                  0000e346    0000000a     Lab9HMain.o (.rodata.str1.92738753765294272191)
                  0000e350    00000008     ST7735.o (.rodata.str1.39562344344181558271)
                  0000e358    00000007     ST7735.o (.rodata.str1.121322603453744172521)
                  0000e35f    00000007     Lab9HMain.o (.rodata.str1.148045851500927898161)
                  0000e366    00000007     ST7735.o (.rodata.str1.175409668377903254331)
                  0000e36d    00000007     Lab9HMain.o (.rodata.str1.94539348878818337631)
                  0000e374    00000005     Lab9HMain.o (.rodata.str1.160588362872062865081)
                  0000e379    00000007     --HOLE-- [fill = 0]

.init_array 
*          0    00011dc0    00000008     
                  00011dc0    00000004     Lab9HMain.o (.init_array)
                  00011dc4    00000004     --HOLE-- [fill = 0]

.data      0    20200000    0000041d     UNINITIALIZED
                  20200000    000001f4     Lab9HMain.o (.data.pegs)
                  202001f4    000000f0     libc.a : defs.c.obj (.data._ftable)
                  202002e4    00000078     libsysbm.a : host_device.c.obj (.data._device)
                  2020035c    00000050                : host_device.c.obj (.data._stream)
                  202003ac    00000014     Lab9HMain.o (.data.Sensor)
                  202003c0    0000000c     Lab9HMain.o (.data.gameState)
                  202003cc    00000008     libc.a : exit.c.obj (.data..L_MergedGlobals)
                  202003d4    00000004     Clock.o (.data.BusFreq)
                  202003d8    00000004     Lab9HMain.o (.data.M)
                  202003dc    00000004     ST7735.o (.data.StX)
                  202003e0    00000004     ST7735.o (.data.StY)
                  202003e4    00000004     libc.a : defs.c.obj (.data.__TI_ft_end)
                  202003e8    00000004     libc++abi.a : cxa_default_handlers.cpp.obj (.data.__cxa_new_handler)
                  202003ec    00000004     libc.a : _lock.c.obj (.data._lock)
                  202003f0    00000004            : _lock.c.obj (.data._unlock)
                  202003f4    00000004     Lab9HMain.o (.data.currBall)
                  202003f8    00000004     Lab9HMain.o (.data.currentLevel)
                  202003fc    00000004     Lab9HMain.o (.data.movingHole)
                  20200400    00000004     Sound.o (.data.soundIndex)
                  20200404    00000004     Sound.o (.data.soundLen)
                  20200408    00000004     Sound.o (.data.soundPtr)
                  2020040c    00000002     ST7735.o (.data._ZL6_width)
                  2020040e    00000002     ST7735.o (.data._ZL7_height)
                  20200410    00000002     Lab9HMain.o (.data._ZZ4mainE9prevBallX)
                  20200412    00000002     Lab9HMain.o (.data._ZZ4mainE9prevBallY)
                  20200414    00000001     libsysbm.a : add_device.c.obj (.data.add_device.device_init)
                  20200415    00000001     Sound.o (.data.isPlaying)
                  20200416    00000001     Lab9HMain.o (.data.menuState)
                  20200417    00000001     Lab9HMain.o (.data.pegCount)
                  20200418    00000001     libc.a : memory.c.obj (.data.memory_is_initialized)
                  20200419    00000001     Lab9HMain.o (.data.selectedOption)
                  2020041a    00000001     Lab9HMain.o (.data.transitionedToGameOver)
                  2020041b    00000001     --HOLE--
                  2020041c    00000001     libsysbm.a : open.c.obj (.data.open.stream_init)

.sysmem    0    20200420    00000200     UNINITIALIZED
                  20200420    00000010     libc.a : memory.c.obj (.sysmem)
                  20200430    000001f0     --HOLE--

.bss       0    20200620    000001f1     UNINITIALIZED
                  20200620    00000120     libsysbm.a : trgmsg.c.obj (.bss:_CIOBUF_)
                  20200740    000000a0     libc.a : defs.c.obj (.bss.__TI_tmpnams)
                  202007e0    0000000c     ST7735.o (.bss.Message)
                  202007ec    00000008     libsysbm.a : hostopen.c.obj (.bss.parmbuf)
                  202007f4    00000004     ST7735.o (.bss.Messageindex)
                  202007f8    00000004     TExaS.o (.bss.TExaSLogic)
                  202007fc    00000004     TExaS.o (.bss.TExaSadc)
                  20200800    00000004     Lab9HMain.o (.bss.data)
                  20200804    00000004     Lab9HMain.o (.bss.input)
                  20200808    00000004     libc.a : memory.c.obj (.bss.sys_free)
                  2020080c    00000002     ST7735.o (.bss.StTextColor)
                  2020080e    00000001     ST7735.o (.bss._ZL8ColStart)
                  2020080f    00000001     ST7735.o (.bss._ZL8RowStart)
                  20200810    00000001     ST7735.o (.bss._ZL8TabColor)

.stack     0    20207e00    00000200     UNINITIALIZED
                  20207e00    00000004     libc.a : boot_cortex_m.c.obj (.stack)
                  20207e04    000001fc     --HOLE--

__llvm_prf_cnts 
*          0    20200000    00000000     UNINITIALIZED

__llvm_prf_bits 
*          0    20200000    00000000     UNINITIALIZED

MODULE SUMMARY

       Module                         code    ro data   rw data
       ------                         ----    -------   -------
    .\
       Level.o                        84      40960     0      
       Sound.o                        332     10439     13     
       ST7735.o                       2864    1449      33     
       Lab9HMain.o                    3182    414       564    
       Ball.o                         1228    2176      0      
       Hole.o                         160     2304      0      
       TExaS.o                        720     0         8      
       Clock.o                        516     0         4      
       SPI.o                          440     0         0      
       Peg.o                          166     256       0      
       Timer.o                        412     0         0      
       SlidePot.o                     238     0         0      
       GameState.o                    204     0         0      
       LaunchPad.o                    180     0         0      
       Switch.o                       76      0         0      
       LED.o                          52      0         0      
       DAC5.o                         10      0         0      
    +--+------------------------------+-------+---------+---------+
       Total:                         10864   57998     622    
                                                               
    .\ticlang\
       startup_mspm0g3507_ticlang.o   60      192       0      
    +--+------------------------------+-------+---------+---------+
       Total:                         60      192       0      
                                                               
    C:\ti\ccs2000\ccs\tools\compiler\ti-cgt-armllvm_4.0.1.LTS\lib\armv6m-ti-none-eabi/c/libc.a
       memory.c.obj                   702     0         5      
       fopen.c.obj                    556     0         0      
       defs.c.obj                     0       0         404    
       setvbuf.c.obj                  224     0         0      
       getdevice.c.obj                160     0         0      
       strcmp-armv6m.S.obj            136     0         0      
       copy_decompress_lzss.c.obj     124     0         0      
       fclose.c.obj                   124     0         0      
       autoinit.c.obj                 84      0         0      
       fflush.c.obj                   82      0         0      
       exit.c.obj                     56      0         8      
       boot_cortex_m.c.obj            40      0         0      
       copy_zero_init.c.obj           22      0         0      
       copy_decompress_none.c.obj     18      0         0      
       memcpy16.S.obj                 18      0         0      
       memset16.S.obj                 14      0         0      
       _lock.c.obj                    2       0         8      
       pre_init.c.obj                 4       0         0      
    +--+------------------------------+-------+---------+---------+
       Total:                         2366    0         425    
                                                               
    C:\ti\ccs2000\ccs\tools\compiler\ti-cgt-armllvm_4.0.1.LTS\lib\armv6m-ti-none-eabi/c/libsysbm.a
       trgmsg.c.obj                   104     0         288    
       add_device.c.obj               236     0         1      
       host_device.c.obj              0       0         200    
       open.c.obj                     160     0         1      
       hostrename.c.obj               136     0         0      
       hostlseek.c.obj                108     0         0      
       hostopen.c.obj                 96      0         8      
       hostread.c.obj                 88      0         0      
       hostwrite.c.obj                88      0         0      
       close.c.obj                    80      0         0      
       hostclose.c.obj                72      0         0      
       hostunlink.c.obj               72      0         0      
       unlink.c.obj                   44      0         0      
       write.c.obj                    40      0         0      
       remove.c.obj                   8       0         0      
    +--+------------------------------+-------+---------+---------+
       Total:                         1332    0         498    
                                                               
    C:\ti\ccs2000\ccs\tools\compiler\ti-cgt-armllvm_4.0.1.LTS\lib\armv6m-ti-none-eabi/libc++abi.a
       stdlib_new_delete.cpp.obj      78      45        0      
       cxa_handlers.cpp.obj           12      0         0      
       abort_message.cpp.obj          4       0         0      
       cxa_default_handlers.cpp.obj   0       0         4      
    +--+------------------------------+-------+---------+---------+
       Total:                         94      45        4      
                                                               
    C:\ti\ccs2000\ccs\tools\compiler\ti-cgt-armllvm_4.0.1.LTS\lib\armv6m-ti-none-eabi/libclang_rt.builtins.a
       aeabi_idivmod.S.obj            86      0         0      
       aeabi_uidivmod.S.obj           64      0         0      
       aeabi_memset.S.obj             12      0         0      
       aeabi_memcpy.S.obj             8       0         0      
       aeabi_div0.c.obj               2       0         0      
    +--+------------------------------+-------+---------+---------+
       Total:                         172     0         0      
                                                               
       Heap:                          0       0         512    
       Stack:                         0       0         512    
       Linker Generated:              0       151       0      
    +--+------------------------------+-------+---------+---------+
       Grand Total:                   14888   58386     2573   


LINKER GENERATED COPY TABLES

__TI_cinit_table @ 00011e50 records: 2, size/record: 8, table size: 16
	.data: load addr=00011dc8, load size=00000073 bytes, run addr=20200000, run size=0000041d bytes, compression=lzss
	.bss: load addr=00011e48, load size=00000008 bytes, run addr=20200620, run size=000001f1 bytes, compression=zero_init


LINKER GENERATED HANDLER TABLE

__TI_handler_table @ 00011e3c records: 3, size/record: 4, table size: 12
	index: 0, handler: __TI_decompress_lzss
	index: 1, handler: __TI_decompress_none
	index: 2, handler: __TI_zero_init


GLOBAL SYMBOLS: SORTED ALPHABETICALLY BY Name 

address   name                               
-------   ----                               
0001199d  ADC0_IRQHandler                    
0001199d  ADC1_IRQHandler                    
0001199d  AES_IRQHandler                     
202003d4  BusFreq                            
00011db0  C$$EXIT                            
000115b1  C$$IO$$                            
0001199d  CANFD0_IRQHandler                  
0001199d  DAC0_IRQHandler                    
0001199d  DMA_IRQHandler                     
0001199d  Default_Handler                    
0001199d  GROUP0_IRQHandler                  
0001199d  GROUP1_IRQHandler                  
000110c5  HOSTclose                          
000109a5  HOSTlseek                          
00010b4d  HOSTopen                           
00010d29  HOSTread                           
00010a11  HOSTrename                         
0001110d  HOSTunlink                         
00010d81  HOSTwrite                          
000119b9  HardFault_Handler                  
0001199d  I2C0_IRQHandler                    
0001199d  I2C1_IRQHandler                    
202003d8  M                                  
202007e0  Message                            
202007f4  Messageindex                       
0001199d  NMI_Handler                        
0001199d  PendSV_Handler                     
0001199d  RTC_IRQHandler                     
00011da5  Reset_Handler                      
00011dc0  SHT$$INIT_ARRAY$$Base              
00011dc4  SHT$$INIT_ARRAY$$Limit             
0001199d  SPI0_IRQHandler                    
0001199d  SPI1_IRQHandler                    
0001199d  SVC_Handler                        
202003ac  Sensor                             
2020080c  StTextColor                        
202003dc  StX                                
202003e0  StY                                
00010bad  SysTick_Handler                    
202007f8  TExaSLogic                         
202007fc  TExaSadc                           
0001199d  TIMA0_IRQHandler                   
0001199d  TIMA1_IRQHandler                   
0001199d  TIMG0_IRQHandler                   
0000f1a1  TIMG12_IRQHandler                  
0001199d  TIMG6_IRQHandler                   
00011271  TIMG7_IRQHandler                   
0001199d  TIMG8_IRQHandler                   
00011bab  TI_memcpy_small                    
00011c93  TI_memset_small                    
0001199d  UART0_IRQHandler                   
0001199d  UART1_IRQHandler                   
0001199d  UART2_IRQHandler                   
0001199d  UART3_IRQHandler                   
20200620  _CIOBUF_                           
00011ca1  _Z10Clock_Freqv                    
00011af9  _Z10SeedRandomj                    
00011079  _Z10Sound_Initv                    
00010dd9  _Z10TExaS_InitP10ADC12_RegsjPFhvE  
00011bcf  _Z11Clock_Delayj                   
00011371  _Z11SPI_OutDatac                   
000119d5  _Z11ST7735_openPKcji               
00011aa1  _Z11ST7735_readiPcj                
00011b0d  _Z11Sound_Shootv                   
00010fd9  _Z11Sound_StartPKhj                
000117a1  _Z11Switch_Initv                   
00010e89  _Z11fillmessagej                   
000108c5  _Z12DrawMainMenuv                  
00010131  _Z12ST7735_InitR10initRFlags       
00011d6d  _Z12ST7735_closei                  
00011c3f  _Z12ST7735_lseekili                
00011419  _Z12ST7735_writeiPKcj              
00011b21  _Z12Sound_Killedv                  
00011cad  _Z13ST7735_renamePKcS0_            
00011d77  _Z13ST7735_unlinkPKc               
00010c0d  _Z13TimerG12_Initv                 
0001144d  _Z14Clock_Delay1msj                
0001065d  _Z14LaunchPad_Initv                
00011155  _Z14SPI_OutCommandc                
0000fc4d  _Z14ST7735_OutCharc                
00010311  _Z14ST7735_OutUDecj                
0000ffe5  _Z14TimerG7_IntArmtjj              
000113a9  _Z15ActivatePortA_Bv               
0000ee45  _Z15Clock_Init80MHzi               
00011655  _Z15ST7735_Color565hhh             
0000eff9  _Z15ST7735_DrawCharsscssh          
0000f741  _Z15ST7735_FillRectsssst           
00011b35  _Z15Sound_Explosionv               
000103ad  _Z15TimerG12_IntArmjj              
0001084d  _Z16DrawInstructionsv              
00011869  _Z16ST7735_OutStringPc             
00011481  _Z16ST7735_SetCursorjj             
0000ec35  _Z17ST7735_DrawBitmapssPKtss       
00010559  _Z17ST7735_DrawStringttPcs         
00011749  _Z17ST7735_FillScreent             
000101d1  _Z17ST7735_InitPrintf10initRFlags  
00011b49  _Z18Sound_Fastinvader1v            
00011cb9  _Z22__throw_bad_alloc_shimv        
00011be1  _Z28TExaS_LaunchPadLogicPB27PB26v  
00011a41  _Z6Randomj                         
0000f619  _Z8ADC_InitP10ADC12_Regsjj         
000104c9  _Z8DAC5_Outj                       
0000e9a9  _Z8InitGamev                       
000114b5  _Z8LED_Initv                       
00011d81  _Z8PLL_Initv                       
000118fd  _Z8Random32v                       
0000fa69  _Z8SPI_Initv                       
000117c9  _Z9ADC_StartP10ADC12_Regs          
0001012f  _Z9DAC5_Initv                      
00011a59  _Z9DrawTitlev                      
000112b1  _Z9SPI_Resetv                      
000118b5  _Z9Switch_Inv                      
0000fd35  _Z9UART_Initv                      
00011bf1  _ZN10GameObjectC2Ev                
00011c4d  _ZN3Peg4getXEv                     
00011c5b  _ZN3Peg4getYEv                     
00010ccd  _ZN3Peg4initEssaa                  
00011cc5  _ZN3Peg8getImageEv                 
000118d9  _ZN3PegC1Ev                        
000118d9  _ZN3PegC2Ev                        
00010c6d  _ZN4Ball14checkCollisionEtt        
00010935  _ZN4Ball18checkHoleCollisionEtt    
00011cd1  _ZN4Ball4getXEv                    
00011cdd  _ZN4Ball4getYEv                    
000105dd  _ZN4Ball5isqrtEi                   
000114e9  _ZN4Ball5resetEh                   
0000f345  _ZN4Ball6bounceEtt                 
0001191d  _ZN4Ball6isLostEv                  
00011ce9  _ZN4Ball8getImageEv                
0000f96d  _ZN4Ball8moveBallEv                
00011c01  _ZN4Ball9getActiveEv               
00011ab7  _ZN4Ball9setActiveEb               
00010edd  _ZN4BallC1Eh                       
00010edd  _ZN4BallC2Eh                       
00011cf5  _ZN4Hole4getXEv                    
00011d01  _ZN4Hole4getYEv                    
00011d0d  _ZN4Hole8getImageEv                
0001122d  _ZN4Hole8moveHoleEv                
000113e1  _ZN4HoleC1Ev                       
000113e1  _ZN4HoleC2Ev                       
00011d19  _ZN5Level8getImageEv               
0001119d  _ZN5LevelC1Eh                      
0001119d  _ZN5LevelC2Eh                      
000111e5  _ZN8SlidePot2InEv                  
000106d9  _ZN8SlidePot4InitEv                
000119f1  _ZN8SlidePot7ConvertEj             
00011c69  _ZN8SlidePotC1Ejj                  
00011c69  _ZN8SlidePotC2Ejj                  
00011b99  _ZN9GameState15setCurrentLevelEh   
000116b9  _ZN9GameState7useBallEv            
00011b5d  _ZN9GameState9addPointsEj          
00011acd  _ZN9GameState9nextLevelEv          
00011a71  _ZN9GameState9resetGameEv          
00011b71  _ZN9GameStateC1Ev                  
00011b71  _ZN9GameStateC2Ev                  
00011c11  _ZNK9GameState10isGameOverEv       
00011d25  _ZNK9GameState15getCurrentLevelEv  
00011d31  _ZNK9GameState17getBallsRemainingEv
00011d3d  _ZNK9GameState8getScoreEv          
00011d49  _ZSt15get_new_handlerv             
00011d8b  _ZdlPv                             
00011b85  _Znwj                              
20200620  __CIOBUF_                          
20208000  __STACK_END                        
00000200  __STACK_SIZE                       
00000200  __SYSMEM_SIZE                      
00000000  __TI_ATRegion0_region_sz           
00000000  __TI_ATRegion0_src_addr            
00000000  __TI_ATRegion0_trg_addr            
00000000  __TI_ATRegion1_region_sz           
00000000  __TI_ATRegion1_src_addr            
00000000  __TI_ATRegion1_trg_addr            
00000000  __TI_ATRegion2_region_sz           
00000000  __TI_ATRegion2_src_addr            
00000000  __TI_ATRegion2_trg_addr            
00011e50  __TI_CINIT_Base                    
00011e60  __TI_CINIT_Limit                   
00011e60  __TI_CINIT_Warm                    
00011e3c  __TI_Handler_Table_Base            
00011e48  __TI_Handler_Table_Limit           
00010f31  __TI_auto_init_nobinit             
0001151d  __TI_cleanup                       
202003cc  __TI_cleanup_ptr                   
00010755  __TI_closefile                     
000107d1  __TI_decompress_lzss               
00011bbd  __TI_decompress_none               
00010f85  __TI_doflush                       
202003d0  __TI_dtors_ptr                     
202003e4  __TI_ft_end                        
ffffffff  __TI_pprof_out_hndl                
ffffffff  __TI_prof_data_size                
ffffffff  __TI_prof_data_start               
00011551  __TI_readmsg                       
00000000  __TI_static_base__                 
20200740  __TI_tmpnams                       
00011585  __TI_writemsg                      
00011ae3  __TI_zero_init_nomemset            
00010e31  __aeabi_idiv                       
0001065b  __aeabi_idiv0                      
00010e31  __aeabi_idivmod                    
00011d55  __aeabi_memclr                     
00011d55  __aeabi_memclr4                    
00011d55  __aeabi_memclr8                    
00011d95  __aeabi_memcpy                     
00011d95  __aeabi_memcpy4                    
00011d95  __aeabi_memcpy8                    
000112f1  __aeabi_uidiv                      
000112f1  __aeabi_uidivmod                   
ffffffff  __binit__                          
202003e8  __cxa_new_handler                  
UNDEFED   __mpu_init                         
20207e00  __stack                            
20200000  __start___llvm_prf_bits            
20200000  __start___llvm_prf_cnts            
20200000  __stop___llvm_prf_bits             
20200000  __stop___llvm_prf_cnts             
00011841  _c_int00_noargs                    
202002e4  _device                            
202001f4  _ftable                            
202003ec  _lock                              
00010e87  _nop                               
2020035c  _stream                            
20200420  _sys_memory                        
UNDEFED   _system_post_cinit                 
00011da9  _system_pre_init                   
202003f0  _unlock                            
00011db1  abort                              
00011dad  abort_message                      
0000fb61  add_device                         
0000f859  aligned_alloc                      
ffffffff  binit                              
00011029  close                              
202003f4  currBall                           
202003f8  currentLevel                       
20200800  data                               
000115b9  exit                               
000115ed  finddevice                         
00011719  fopen                              
0000fe1d  free                               
00011621  freopen                            
202003c0  gameState                          
00010a7d  getdevice                          
20200804  input                              
00000000  interruptVectors                   
20200415  isPlaying                          
0000e381  main                               
00011d61  malloc                             
0000f859  memalign                           
20200416  menuState                          
202003fc  movingHole                         
00010271  open                               
202007ec  parmbuf                            
20200417  pegCount                           
20200000  pegs                               
00011d9d  remove                             
20200419  selectedOption                     
0000ff05  setvbuf                            
20200400  soundIndex                         
20200404  soundLen                           
20200408  soundPtr                           
000104d1  strcmp                             
2020041a  transitionedToGameOver             
00011775  unlink                             
00011819  write                              


GLOBAL SYMBOLS: SORTED BY Symbol Address 

address   name                               
-------   ----                               
00000000  __TI_ATRegion0_region_sz           
00000000  __TI_ATRegion0_src_addr            
00000000  __TI_ATRegion0_trg_addr            
00000000  __TI_ATRegion1_region_sz           
00000000  __TI_ATRegion1_src_addr            
00000000  __TI_ATRegion1_trg_addr            
00000000  __TI_ATRegion2_region_sz           
00000000  __TI_ATRegion2_src_addr            
00000000  __TI_ATRegion2_trg_addr            
00000000  __TI_static_base__                 
00000000  interruptVectors                   
00000200  __STACK_SIZE                       
00000200  __SYSMEM_SIZE                      
0000e381  main                               
0000e9a9  _Z8InitGamev                       
0000ec35  _Z17ST7735_DrawBitmapssPKtss       
0000ee45  _Z15Clock_Init80MHzi               
0000eff9  _Z15ST7735_DrawCharsscssh          
0000f1a1  TIMG12_IRQHandler                  
0000f345  _ZN4Ball6bounceEtt                 
0000f619  _Z8ADC_InitP10ADC12_Regsjj         
0000f741  _Z15ST7735_FillRectsssst           
0000f859  aligned_alloc                      
0000f859  memalign                           
0000f96d  _ZN4Ball8moveBallEv                
0000fa69  _Z8SPI_Initv                       
0000fb61  add_device                         
0000fc4d  _Z14ST7735_OutCharc                
0000fd35  _Z9UART_Initv                      
0000fe1d  free                               
0000ff05  setvbuf                            
0000ffe5  _Z14TimerG7_IntArmtjj              
0001012f  _Z9DAC5_Initv                      
00010131  _Z12ST7735_InitR10initRFlags       
000101d1  _Z17ST7735_InitPrintf10initRFlags  
00010271  open                               
00010311  _Z14ST7735_OutUDecj                
000103ad  _Z15TimerG12_IntArmjj              
000104c9  _Z8DAC5_Outj                       
000104d1  strcmp                             
00010559  _Z17ST7735_DrawStringttPcs         
000105dd  _ZN4Ball5isqrtEi                   
0001065b  __aeabi_idiv0                      
0001065d  _Z14LaunchPad_Initv                
000106d9  _ZN8SlidePot4InitEv                
00010755  __TI_closefile                     
000107d1  __TI_decompress_lzss               
0001084d  _Z16DrawInstructionsv              
000108c5  _Z12DrawMainMenuv                  
00010935  _ZN4Ball18checkHoleCollisionEtt    
000109a5  HOSTlseek                          
00010a11  HOSTrename                         
00010a7d  getdevice                          
00010b4d  HOSTopen                           
00010bad  SysTick_Handler                    
00010c0d  _Z13TimerG12_Initv                 
00010c6d  _ZN4Ball14checkCollisionEtt        
00010ccd  _ZN3Peg4initEssaa                  
00010d29  HOSTread                           
00010d81  HOSTwrite                          
00010dd9  _Z10TExaS_InitP10ADC12_RegsjPFhvE  
00010e31  __aeabi_idiv                       
00010e31  __aeabi_idivmod                    
00010e87  _nop                               
00010e89  _Z11fillmessagej                   
00010edd  _ZN4BallC1Eh                       
00010edd  _ZN4BallC2Eh                       
00010f31  __TI_auto_init_nobinit             
00010f85  __TI_doflush                       
00010fd9  _Z11Sound_StartPKhj                
00011029  close                              
00011079  _Z10Sound_Initv                    
000110c5  HOSTclose                          
0001110d  HOSTunlink                         
00011155  _Z14SPI_OutCommandc                
0001119d  _ZN5LevelC1Eh                      
0001119d  _ZN5LevelC2Eh                      
000111e5  _ZN8SlidePot2InEv                  
0001122d  _ZN4Hole8moveHoleEv                
00011271  TIMG7_IRQHandler                   
000112b1  _Z9SPI_Resetv                      
000112f1  __aeabi_uidiv                      
000112f1  __aeabi_uidivmod                   
00011371  _Z11SPI_OutDatac                   
000113a9  _Z15ActivatePortA_Bv               
000113e1  _ZN4HoleC1Ev                       
000113e1  _ZN4HoleC2Ev                       
00011419  _Z12ST7735_writeiPKcj              
0001144d  _Z14Clock_Delay1msj                
00011481  _Z16ST7735_SetCursorjj             
000114b5  _Z8LED_Initv                       
000114e9  _ZN4Ball5resetEh                   
0001151d  __TI_cleanup                       
00011551  __TI_readmsg                       
00011585  __TI_writemsg                      
000115b1  C$$IO$$                            
000115b9  exit                               
000115ed  finddevice                         
00011621  freopen                            
00011655  _Z15ST7735_Color565hhh             
000116b9  _ZN9GameState7useBallEv            
00011719  fopen                              
00011749  _Z17ST7735_FillScreent             
00011775  unlink                             
000117a1  _Z11Switch_Initv                   
000117c9  _Z9ADC_StartP10ADC12_Regs          
00011819  write                              
00011841  _c_int00_noargs                    
00011869  _Z16ST7735_OutStringPc             
000118b5  _Z9Switch_Inv                      
000118d9  _ZN3PegC1Ev                        
000118d9  _ZN3PegC2Ev                        
000118fd  _Z8Random32v                       
0001191d  _ZN4Ball6isLostEv                  
0001199d  ADC0_IRQHandler                    
0001199d  ADC1_IRQHandler                    
0001199d  AES_IRQHandler                     
0001199d  CANFD0_IRQHandler                  
0001199d  DAC0_IRQHandler                    
0001199d  DMA_IRQHandler                     
0001199d  Default_Handler                    
0001199d  GROUP0_IRQHandler                  
0001199d  GROUP1_IRQHandler                  
0001199d  I2C0_IRQHandler                    
0001199d  I2C1_IRQHandler                    
0001199d  NMI_Handler                        
0001199d  PendSV_Handler                     
0001199d  RTC_IRQHandler                     
0001199d  SPI0_IRQHandler                    
0001199d  SPI1_IRQHandler                    
0001199d  SVC_Handler                        
0001199d  TIMA0_IRQHandler                   
0001199d  TIMA1_IRQHandler                   
0001199d  TIMG0_IRQHandler                   
0001199d  TIMG6_IRQHandler                   
0001199d  TIMG8_IRQHandler                   
0001199d  UART0_IRQHandler                   
0001199d  UART1_IRQHandler                   
0001199d  UART2_IRQHandler                   
0001199d  UART3_IRQHandler                   
000119b9  HardFault_Handler                  
000119d5  _Z11ST7735_openPKcji               
000119f1  _ZN8SlidePot7ConvertEj             
00011a41  _Z6Randomj                         
00011a59  _Z9DrawTitlev                      
00011a71  _ZN9GameState9resetGameEv          
00011aa1  _Z11ST7735_readiPcj                
00011ab7  _ZN4Ball9setActiveEb               
00011acd  _ZN9GameState9nextLevelEv          
00011ae3  __TI_zero_init_nomemset            
00011af9  _Z10SeedRandomj                    
00011b0d  _Z11Sound_Shootv                   
00011b21  _Z12Sound_Killedv                  
00011b35  _Z15Sound_Explosionv               
00011b49  _Z18Sound_Fastinvader1v            
00011b5d  _ZN9GameState9addPointsEj          
00011b71  _ZN9GameStateC1Ev                  
00011b71  _ZN9GameStateC2Ev                  
00011b85  _Znwj                              
00011b99  _ZN9GameState15setCurrentLevelEh   
00011bab  TI_memcpy_small                    
00011bbd  __TI_decompress_none               
00011bcf  _Z11Clock_Delayj                   
00011be1  _Z28TExaS_LaunchPadLogicPB27PB26v  
00011bf1  _ZN10GameObjectC2Ev                
00011c01  _ZN4Ball9getActiveEv               
00011c11  _ZNK9GameState10isGameOverEv       
00011c3f  _Z12ST7735_lseekili                
00011c4d  _ZN3Peg4getXEv                     
00011c5b  _ZN3Peg4getYEv                     
00011c69  _ZN8SlidePotC1Ejj                  
00011c69  _ZN8SlidePotC2Ejj                  
00011c93  TI_memset_small                    
00011ca1  _Z10Clock_Freqv                    
00011cad  _Z13ST7735_renamePKcS0_            
00011cb9  _Z22__throw_bad_alloc_shimv        
00011cc5  _ZN3Peg8getImageEv                 
00011cd1  _ZN4Ball4getXEv                    
00011cdd  _ZN4Ball4getYEv                    
00011ce9  _ZN4Ball8getImageEv                
00011cf5  _ZN4Hole4getXEv                    
00011d01  _ZN4Hole4getYEv                    
00011d0d  _ZN4Hole8getImageEv                
00011d19  _ZN5Level8getImageEv               
00011d25  _ZNK9GameState15getCurrentLevelEv  
00011d31  _ZNK9GameState17getBallsRemainingEv
00011d3d  _ZNK9GameState8getScoreEv          
00011d49  _ZSt15get_new_handlerv             
00011d55  __aeabi_memclr                     
00011d55  __aeabi_memclr4                    
00011d55  __aeabi_memclr8                    
00011d61  malloc                             
00011d6d  _Z12ST7735_closei                  
00011d77  _Z13ST7735_unlinkPKc               
00011d81  _Z8PLL_Initv                       
00011d8b  _ZdlPv                             
00011d95  __aeabi_memcpy                     
00011d95  __aeabi_memcpy4                    
00011d95  __aeabi_memcpy8                    
00011d9d  remove                             
00011da5  Reset_Handler                      
00011da9  _system_pre_init                   
00011dad  abort_message                      
00011db0  C$$EXIT                            
00011db1  abort                              
00011dc0  SHT$$INIT_ARRAY$$Base              
00011dc4  SHT$$INIT_ARRAY$$Limit             
00011e3c  __TI_Handler_Table_Base            
00011e48  __TI_Handler_Table_Limit           
00011e50  __TI_CINIT_Base                    
00011e60  __TI_CINIT_Limit                   
00011e60  __TI_CINIT_Warm                    
20200000  __start___llvm_prf_bits            
20200000  __start___llvm_prf_cnts            
20200000  __stop___llvm_prf_bits             
20200000  __stop___llvm_prf_cnts             
20200000  pegs                               
202001f4  _ftable                            
202002e4  _device                            
2020035c  _stream                            
202003ac  Sensor                             
202003c0  gameState                          
202003cc  __TI_cleanup_ptr                   
202003d0  __TI_dtors_ptr                     
202003d4  BusFreq                            
202003d8  M                                  
202003dc  StX                                
202003e0  StY                                
202003e4  __TI_ft_end                        
202003e8  __cxa_new_handler                  
202003ec  _lock                              
202003f0  _unlock                            
202003f4  currBall                           
202003f8  currentLevel                       
202003fc  movingHole                         
20200400  soundIndex                         
20200404  soundLen                           
20200408  soundPtr                           
20200415  isPlaying                          
20200416  menuState                          
20200417  pegCount                           
20200419  selectedOption                     
2020041a  transitionedToGameOver             
20200420  _sys_memory                        
20200620  _CIOBUF_                           
20200620  __CIOBUF_                          
20200740  __TI_tmpnams                       
202007e0  Message                            
202007ec  parmbuf                            
202007f4  Messageindex                       
202007f8  TExaSLogic                         
202007fc  TExaSadc                           
20200800  data                               
20200804  input                              
2020080c  StTextColor                        
20207e00  __stack                            
20208000  __STACK_END                        
ffffffff  __TI_pprof_out_hndl                
ffffffff  __TI_prof_data_size                
ffffffff  __TI_prof_data_start               
ffffffff  __binit__                          
ffffffff  binit                              
UNDEFED   __mpu_init                         
UNDEFED   _system_post_cinit                 

[264 symbols]
