******************************************************************************
            TI ARM Clang Linker PC v4.0.1                      
******************************************************************************
>> Linked Tue Apr 22 17:06:58 2025

OUTPUT FILE NAME:   <ECE319K_Lab9H.out>
ENTRY POINT SYMBOL: "_c_int00_noargs"  address: 0001c985


MEMORY CONFIGURATION

         name            origin    length      used     unused   attr    fill
----------------------  --------  ---------  --------  --------  ----  --------
  FLASH                 00000000   00020000  0001d008  00002ff8  R  X
  SRAM                  20200000   00008000  00000bde  00007422  RW X
  BCR_CONFIG            41c00000   00000080  00000000  00000080  R   
  BSL_CONFIG            41c00100   00000080  00000000  00000080  R   


SEGMENT ALLOCATION MAP

run origin  load origin   length   init length attrs members
----------  ----------- ---------- ----------- ----- -------
00000000    00000000    0001d008   0001d008    r-x
  00000000    00000000    000000c0   000000c0    r-- .intvecs
  000000c0    000000c0    00018820   00018820    r-- .rodata
  000188e0    000188e0    00004680   00004680    r-x .text
  0001cf60    0001cf60    00000008   00000008    r-- .init_array
  0001cf68    0001cf68    000000a0   000000a0    r-- .cinit
20200000    20200000    000009e1   00000000    rw-
  20200000    20200000    000005ed   00000000    rw- .data
  202005f0    202005f0    00000200   00000000    rw- .sysmem
  202007f0    202007f0    000001f1   00000000    rw- .bss
20207e00    20207e00    00000200   00000000    rw-
  20207e00    20207e00    00000200   00000000    rw- .stack


SECTION ALLOCATION MAP

 output                                  attributes/
section   page    origin      length       input sections
--------  ----  ----------  ----------   ----------------
.intvecs   0    00000000    000000c0     
                  00000000    000000c0     startup_mspm0g3507_ticlang.o (.intvecs)

.binit     0    00000000    00000000     

.text      0    000188e0    00004680     
                  000188e0    00000634     Lab9HMain.o (.text.main)
                  00018f14    00000348     Lab9HMain.o (.text._Z8InitGamev)
                  0001925c    000002bc     Lab9HMain.o (.text.TIMG12_IRQHandler)
                  00019518    00000210     ST7735.o (.text._Z17ST7735_DrawBitmapssPKtss)
                  00019728    000001e8     Ball.o (.text._ZN4Ball6bounceEtt)
                  00019910    000001d0     Lab9HMain.o (.text._Z12DrawMainMenuv)
                  00019ae0    000001bc     Lab9HMain.o (.text._Z16DrawYouWonScreenv)
                  00019c9c    000001b4     Clock.o (.text._Z15Clock_Init80MHzi)
                  00019e50    000001a8     ST7735.o (.text._Z15ST7735_DrawCharsscssh)
                  00019ff8    00000154     libc.a : fopen.c.obj (.text._openfile)
                  0001a14c    00000134     Lab9HMain.o (.text._Z19DrawLevelTransitionv)
                  0001a280    00000128     TExaS.o (.text._Z8ADC_InitP10ADC12_Regsjj)
                  0001a3a8    00000118     ST7735.o (.text._Z15ST7735_FillRectsssst)
                  0001a4c0    00000118     Lab9HMain.o (.text._Z16DrawInstructionsv)
                  0001a5d8    00000114     libc.a : memory.c.obj (.text.aligned_alloc)
                  0001a6ec    000000f8     Lab9HMain.o (.text._Z25mergeSpriteWithBackgroundPtPKtttS1_tttt)
                  0001a7e4    000000f8     SPI.o (.text._Z8SPI_Initv)
                  0001a8dc    000000ec     libsysbm.a : add_device.c.obj (.text.add_device)
                  0001a9c8    000000e8     ST7735.o (.text._Z14ST7735_OutCharc)
                  0001aab0    000000e8     TExaS.o (.text._Z9UART_Initv)
                  0001ab98    000000e8     libc.a : memory.c.obj (.text.free)
                  0001ac80    000000e0     Lab9HMain.o (.text._Z12DrawGameOverv)
                  0001ad60    000000e0     libc.a : setvbuf.c.obj (.text.setvbuf)
                  0001ae40    000000cc     Ball.o (.text._ZN4Ball8moveBallEv)
                  0001af0c    000000b0     ST7735.o (.text._Z20ST7735_DrawFastHLinessst)
                  0001afbc    000000b0     ST7735.o (.text._Z20ST7735_DrawFastVLinessst)
                  0001b06c    000000a8     Timer.o (.text._Z14TimerG7_IntArmtjj)
                  0001b114    000000a2     ST7735.o (.text._ZL11commandListPKh)
                  0001b1b6    00000002     libclang_rt.builtins.a : aeabi_div0.c.obj (.text.__aeabi_idiv0)
                  0001b1b8    000000a0     ST7735.o (.text._Z12ST7735_InitR10initRFlags)
                  0001b258    000000a0     ST7735.o (.text._Z17ST7735_InitPrintf10initRFlags)
                  0001b2f8    000000a0     libsysbm.a : open.c.obj (.text.open)
                  0001b398    0000009c     ST7735.o (.text._Z14ST7735_OutUDecj)
                  0001b434    00000094     Timer.o (.text._Z15TimerG12_IntArmjj)
                  0001b4c8    00000088     ST7735.o (.text._ZL13setAddrWindowhhhh)
                  0001b550    00000088     libc.a : strcmp-armv6m.S.obj (.text:strcmp)
                  0001b5d8    00000084     ST7735.o (.text._Z17ST7735_DrawStringttPcs)
                  0001b65c    0000007e     Ball.o (.text._ZN4Ball5isqrtEi)
                  0001b6da    00000002     libc.a : _lock.c.obj (.text._nop)
                  0001b6dc    0000007c     LaunchPad.o (.text._Z14LaunchPad_Initv)
                  0001b758    0000007c     SlidePot.o (.text._ZN8SlidePot4InitEv)
                  0001b7d4    0000007c     libc.a : fclose.c.obj (.text.__TI_closefile)
                  0001b850    0000007c            : copy_decompress_lzss.c.obj (.text:decompress:lzss)
                  0001b8cc    00000078     Lab9HMain.o (.text._Z9DrawTitlev)
                  0001b944    0000006c     libsysbm.a : hostlseek.c.obj (.text.HOSTlseek)
                  0001b9b0    0000006c                : hostrename.c.obj (.text.HOSTrename)
                  0001ba1c    0000006c     Ball.o (.text._ZN4Ball18checkHoleCollisionEtt)
                  0001ba88    0000006c     libc.a : getdevice.c.obj (.text.getdevice)
                  0001baf4    00000064     Peg.o (.text._ZN3Peg4initEiiah)
                  0001bb58    00000064     libc.a : memory.c.obj (.text.split)
                  0001bbbc    00000060     libsysbm.a : hostopen.c.obj (.text.HOSTopen)
                  0001bc1c    00000060     Sound.o (.text.SysTick_Handler)
                  0001bc7c    00000060     Timer.o (.text._Z13TimerG12_Initv)
                  0001bcdc    00000060     Ball.o (.text._ZN4Ball14checkCollisionEtt)
                  0001bd3c    00000058     libsysbm.a : hostread.c.obj (.text.HOSTread)
                  0001bd94    00000058                : hostwrite.c.obj (.text.HOSTwrite)
                  0001bdec    00000058     TExaS.o (.text._Z10TExaS_InitP10ADC12_RegsjPFhvE)
                  0001be44    00000056     libclang_rt.builtins.a : aeabi_idivmod.S.obj (.text.__aeabi_idivmod)
                  0001be9a    00000002     --HOLE-- [fill = 0]
                  0001be9c    00000054     ST7735.o (.text._Z11fillmessagej)
                  0001bef0    00000054     Peg.o (.text._ZN3Peg8getImageEv)
                  0001bf44    00000054     Ball.o (.text._ZN4BallC2Eh)
                  0001bf98    00000054     Level.o (.text._ZN5LevelC2Eh)
                  0001bfec    00000054     libc.a : autoinit.c.obj (.text:__TI_auto_init_nobinit)
                  0001c040    00000052            : fflush.c.obj (.text.__TI_doflush)
                  0001c092    00000002     --HOLE-- [fill = 0]
                  0001c094    00000050     Sound.o (.text._Z11Sound_StartPKhj)
                  0001c0e4    00000050     libsysbm.a : close.c.obj (.text.close)
                  0001c134    0000004c     Sound.o (.text._Z10Sound_Initv)
                  0001c180    00000048     libsysbm.a : hostclose.c.obj (.text.HOSTclose)
                  0001c1c8    00000048                : hostunlink.c.obj (.text.HOSTunlink)
                  0001c210    00000048     SPI.o (.text._Z14SPI_OutCommandc)
                  0001c258    00000048     SlidePot.o (.text._ZN8SlidePot2InEv)
                  0001c2a0    00000044     Hole.o (.text._ZN4Hole8moveHoleEv)
                  0001c2e4    00000040     TExaS.o (.text.TIMG7_IRQHandler)
                  0001c324    00000040     SPI.o (.text._Z9SPI_Resetv)
                  0001c364    00000040     libclang_rt.builtins.a : aeabi_uidivmod.S.obj (.text.__aeabi_uidivmod)
                  0001c3a4    00000040     libc.a : fopen.c.obj (.text._search_fp)
                  0001c3e4    0000003c     DAC5.o (.text._Z9DAC5_Initv)
                  0001c420    0000003c     Peg.o (.text._ZN3Peg11isDestroyedEv)
                  0001c45c    00000038     SPI.o (.text._Z11SPI_OutDatac)
                  0001c494    00000038     LaunchPad.o (.text._Z15ActivatePortA_Bv)
                  0001c4cc    00000038     Hole.o (.text._ZN4HoleC2Ev)
                  0001c504    00000034     ST7735.o (.text._Z12ST7735_writeiPKcj)
                  0001c538    00000034     Clock.o (.text._Z14Clock_Delay1msj)
                  0001c56c    00000034     ST7735.o (.text._Z16ST7735_SetCursorjj)
                  0001c5a0    00000034     LED.o (.text._Z8LED_Initv)
                  0001c5d4    00000034     libc.a : fopen.c.obj (.text.__TI_cleanup)
                  0001c608    00000034     libsysbm.a : trgmsg.c.obj (.text.__TI_readmsg)
                  0001c63c    00000034                : trgmsg.c.obj (.text.__TI_writemsg)
                  0001c670    00000034     libc.a : exit.c.obj (.text.exit)
                  0001c6a4    00000034            : getdevice.c.obj (.text.finddevice)
                  0001c6d8    00000034            : fopen.c.obj (.text.freopen)
                  0001c70c    00000032     ST7735.o (.text._Z15ST7735_Color565hhh)
                  0001c73e    00000002     --HOLE-- [fill = 0]
                  0001c740    00000030     ST7735.o (.text._ZL10commonInitPKh)
                  0001c770    00000030     Ball.o (.text._ZN4Ball5resetEh)
                  0001c7a0    00000030     GameState.o (.text._ZN9GameState7useBallEv)
                  0001c7d0    00000030     Lab9HMain.o (.text.__cxx_global_var_init.3)
                  0001c800    00000030     libc.a : fopen.c.obj (.text.fopen)
                  0001c830    0000002e     Peg.o (.text._ZN3PegC2Ev)
                  0001c85e    00000002     --HOLE-- [fill = 0]
                  0001c860    0000002c     ST7735.o (.text._Z17ST7735_FillScreent)
                  0001c88c    0000002c     GameState.o (.text._ZN9GameState17setBallsRemainingEh)
                  0001c8b8    0000002c     libsysbm.a : unlink.c.obj (.text.unlink)
                  0001c8e4    00000028     Switch.o (.text._Z11Switch_Initv)
                  0001c90c    00000028     TExaS.o (.text._Z9ADC_StartP10ADC12_Regs)
                  0001c934    00000028     libc.a : memory.c.obj (.text.free_list_insert)
                  0001c95c    00000028     libsysbm.a : write.c.obj (.text.write)
                  0001c984    00000028     libc.a : boot_cortex_m.c.obj (.text:_c_int00_noargs)
                  0001c9ac    00000026     ST7735.o (.text._Z16ST7735_OutStringPc)
                  0001c9d2    00000026     libc++abi.a : stdlib_new_delete.cpp.obj (.text._ZL17operator_new_implj)
                  0001c9f8    00000024     Switch.o (.text._Z9Switch_Inv)
                  0001ca1c    00000024     Ball.o (.text._ZN4Ball6isLostEv)
                  0001ca40    00000020     Lab9HMain.o (.text._Z8Random32v)
                  0001ca60    00000020     Lab9HMain.o (.text.__cxx_global_var_init.1)
                  0001ca80    00000020     Lab9HMain.o (.text.__cxx_global_var_init.2)
                  0001caa0    0000001e     ST7735.o (.text._ZL9pushColort)
                  0001cabe    0000001e     GameState.o (.text._ZN9GameState7addBallEv)
                  0001cadc    0000001c     startup_mspm0g3507_ticlang.o (.text.Default_Handler)
                  0001caf8    0000001c     startup_mspm0g3507_ticlang.o (.text.HardFault_Handler)
                  0001cb14    0000001c     ST7735.o (.text._Z11ST7735_openPKcji)
                  0001cb30    0000001c     DAC5.o (.text._Z8DAC5_Outj)
                  0001cb4c    0000001c     SlidePot.o (.text._ZN8SlidePot7ConvertEj)
                  0001cb68    0000001c     libc.a : memory.c.obj (.text.free_list_remove)
                  0001cb84    00000018     Lab9HMain.o (.text._GLOBAL__sub_I_Lab9HMain.cpp)
                  0001cb9c    00000018     Lab9HMain.o (.text._Z6Randomj)
                  0001cbb4    00000018     Lab9HMain.o (.text.__cxx_global_var_init)
                  0001cbcc    00000016     ST7735.o (.text._Z11ST7735_readiPcj)
                  0001cbe2    00000016     Ball.o (.text._ZN4Ball9setActiveEb)
                  0001cbf8    00000016     libc.a : copy_zero_init.c.obj (.text:decompress:ZI:__TI_zero_init_nomemset)
                  0001cc0e    00000002     --HOLE-- [fill = 0]
                  0001cc10    00000014     Lab9HMain.o (.text._Z10SeedRandomj)
                  0001cc24    00000014     Sound.o (.text._Z11Sound_Shootv)
                  0001cc38    00000014     Sound.o (.text._Z12Sound_Killedv)
                  0001cc4c    00000014     Sound.o (.text._Z15Sound_Explosionv)
                  0001cc60    00000014     Sound.o (.text._Z18Sound_Fastinvader1v)
                  0001cc74    00000014     Sound.o (.text._Z18Sound_Fastinvader2v)
                  0001cc88    00000014     ST7735.o (.text._Z19ST7735_SetTextColort)
                  0001cc9c    00000014     Peg.o (.text._ZN3Peg9updatePegEv)
                  0001ccb0    00000014     Ball.o (.text._ZN4Ball3aimEj)
                  0001ccc4    00000014     GameState.o (.text._ZN9GameState9addPointsEj)
                  0001ccd8    00000014     GameState.o (.text._ZN9GameState9resetGameEv)
                  0001ccec    00000014     GameState.o (.text._ZN9GameStateC2Ev)
                  0001cd00    00000014     libc++abi.a : stdlib_new_delete.cpp.obj (.text._Znwj)
                  0001cd14    00000012     GameState.o (.text._ZN9GameState15setCurrentLevelEh)
                  0001cd26    00000012     libc.a : memcpy16.S.obj (.text:TI_memcpy_small)
                  0001cd38    00000012            : copy_decompress_none.c.obj (.text:decompress:none)
                  0001cd4a    00000010     Clock.o (.text._Z11Clock_Delayj)
                  0001cd5a    00000002     --HOLE-- [fill = 0]
                  0001cd5c    00000010     Lab9HMain.o (.text._Z28TExaS_LaunchPadLogicPB27PB26v)
                  0001cd6c    00000010     Ball.o (.text._ZN10GameObjectC2Ev)
                  0001cd7c    00000010     Peg.o (.text._ZN3Peg11getHitStateEv)
                  0001cd8c    00000010     Ball.o (.text._ZN4Ball9getActiveEv)
                  0001cd9c    00000010     GameState.o (.text._ZNK9GameState10isGameOverEv)
                  0001cdac    00000010     Lab9HMain.o (.text.__cxx_global_var_init.4)
                  0001cdbc    0000000e     libc.a : memory.c.obj (.text.OUTLINED_FUNCTION_0)
                  0001cdca    0000000e     ST7735.o (.text._Z12ST7735_lseekili)
                  0001cdd8    0000000e     Ball.o (.text._ZN4Ball4getHEv)
                  0001cde6    0000000e     Ball.o (.text._ZN4Ball4getWEv)
                  0001cdf4    0000000e     SlidePot.o (.text._ZN8SlidePotC2Ejj)
                  0001ce02    0000000e     libsysbm.a : hostrename.c.obj (.text.strcpy)
                  0001ce10    0000000e                : hostrename.c.obj (.text.strlen)
                  0001ce1e    0000000e     libc.a : memset16.S.obj (.text:TI_memset_small)
                  0001ce2c    0000000c     Clock.o (.text._Z10Clock_Freqv)
                  0001ce38    0000000c     ST7735.o (.text._Z13ST7735_renamePKcS0_)
                  0001ce44    0000000c     libc++abi.a : stdlib_new_delete.cpp.obj (.text._Z22__throw_bad_alloc_shimv)
                  0001ce50    0000000c     Peg.o (.text._ZN3Peg4getXEv)
                  0001ce5c    0000000c     Peg.o (.text._ZN3Peg4getYEv)
                  0001ce68    0000000c     Peg.o (.text._ZN3Peg8getColorEv)
                  0001ce74    0000000c     Ball.o (.text._ZN4Ball4getXEv)
                  0001ce80    0000000c     Ball.o (.text._ZN4Ball4getYEv)
                  0001ce8c    0000000c     Ball.o (.text._ZN4Ball8getImageEv)
                  0001ce98    0000000c     Hole.o (.text._ZN4Hole4getXEv)
                  0001cea4    0000000c     Hole.o (.text._ZN4Hole4getYEv)
                  0001ceb0    0000000c     Hole.o (.text._ZN4Hole8getImageEv)
                  0001cebc    0000000c     Level.o (.text._ZN5Level8getImageEv)
                  0001cec8    0000000c     GameState.o (.text._ZNK9GameState15getCurrentLevelEv)
                  0001ced4    0000000c     GameState.o (.text._ZNK9GameState17getBallsRemainingEv)
                  0001cee0    0000000c     GameState.o (.text._ZNK9GameState8getScoreEv)
                  0001ceec    0000000c     libc++abi.a : cxa_handlers.cpp.obj (.text._ZSt15get_new_handlerv)
                  0001cef8    0000000c     libclang_rt.builtins.a : aeabi_memset.S.obj (.text.__aeabi_memclr)
                  0001cf04    0000000c     libc.a : memory.c.obj (.text.malloc)
                  0001cf10    0000000a     ST7735.o (.text._Z12ST7735_closei)
                  0001cf1a    0000000a     ST7735.o (.text._Z13ST7735_unlinkPKc)
                  0001cf24    0000000a     Lab9HMain.o (.text._Z8PLL_Initv)
                  0001cf2e    00000008     libc++abi.a : stdlib_new_delete.cpp.obj (.text._ZdlPv)
                  0001cf36    00000008                 : stdlib_new_delete.cpp.obj (.text._Znaj)
                  0001cf3e    00000002     --HOLE-- [fill = 0]
                  0001cf40    00000008     libclang_rt.builtins.a : aeabi_memcpy.S.obj (.text.__aeabi_memcpy)
                  0001cf48    00000008     libsysbm.a : remove.c.obj (.text.remove)
                  0001cf50    00000004     startup_mspm0g3507_ticlang.o (.text.Reset_Handler)
                  0001cf54    00000004     libc.a : pre_init.c.obj (.text._system_pre_init)
                  0001cf58    00000004     libc++abi.a : abort_message.cpp.obj (.text.abort_message)
                  0001cf5c    00000004     libc.a : exit.c.obj (.text:abort)

.cinit     0    0001cf68    000000a0     
                  0001cf68    00000075     (.cinit..data.load) [load image, compression = lzss]
                  0001cfdd    00000003     --HOLE-- [fill = 0]
                  0001cfe0    0000000c     (__TI_handler_table)
                  0001cfec    00000008     (.cinit..bss.load) [load image, compression = zero_init]
                  0001cff4    00000010     (__TI_cinit_table)
                  0001d004    00000004     --HOLE-- [fill = 0]

.rodata    0    000000c0    00018820     
                  000000c0    0000a000     Level.o (.rodata._ZL6level1)
                  0000a0c0    0000a000     Level.o (.rodata._ZL6level2)
                  000140c0    00000ff0     Sound.o (.rodata._ZL5shoot)
                  000150b0    00000d31     Sound.o (.rodata._ZL13invaderkilled)
                  00015de1    00000001     --HOLE-- [fill = 0]
                  00015de2    00000900     Hole.o (.rodata._ZL6bucket)
                  000166e2    00000002     ST7735.o (.rodata.str1.59249497501465847671)
                  000166e4    00000800     Ball.o (.rodata._ZL10angleTable)
                  00016ee4    000007d0     Sound.o (.rodata._ZL9explosion)
                  000176b4    000004fb     ST7735.o (.rodata._ZL4Font)
                  00017baf    00000412     Sound.o (.rodata._ZL12fastinvader2)
                  00017fc1    000003d6     Sound.o (.rodata._ZL12fastinvader1)
                  00018397    00000001     --HOLE-- [fill = 0]
                  00018398    00000080     Peg.o (.rodata._ZL10bluepeghit)
                  00018418    00000080     Peg.o (.rodata._ZL12orangepeghit)
                  00018498    00000080     Lab9HMain.o (.rodata._ZL16BlackCoverSprite)
                  00018518    00000080     Ball.o (.rodata._ZL4ball)
                  00018598    00000080     Peg.o (.rodata._ZL7bluepeg)
                  00018618    00000080     Peg.o (.rodata._ZL9orangepeg)
                  00018698    0000003b     ST7735.o (.rodata._ZL5Rcmd1)
                  000186d3    0000002d     libc++abi.a : stdlib_new_delete.cpp.obj (.rodata.str1.177346920702326194221)
                  00018700    0000002b     ST7735.o (.rodata._ZL5Rcmd3)
                  0001872b    00000016     ST7735.o (.rodata.str1.120157123834947517821)
                  00018741    00000014     Lab9HMain.o (.rodata.str1.1045638472106105921)
                  00018755    00000014     Lab9HMain.o (.rodata.str1.150236657587030721481)
                  00018769    00000014     Lab9HMain.o (.rodata.str1.15360766164854299121)
                  0001877d    00000014     Lab9HMain.o (.rodata.str1.64434510243936695551)
                  00018791    00000012     Lab9HMain.o (.rodata.str1.77946550721901366211)
                  000187a3    00000012     Lab9HMain.o (.rodata.str1.89800876338655967931)
                  000187b5    00000011     Lab9HMain.o (.rodata.str1.92738753765294272191)
                  000187c6    00000010     Lab9HMain.o (.rodata.str1.11344128452655267101)
                  000187d6    00000010     Lab9HMain.o (.rodata.str1.142763588511342823311)
                  000187e6    0000000f     Lab9HMain.o (.rodata.str1.94539348878818337631)
                  000187f5    0000000e     Lab9HMain.o (.rodata.str1.23765623467681484731)
                  00018803    0000000e     Lab9HMain.o (.rodata.str1.8734979013979085121)
                  00018811    0000000d     ST7735.o (.rodata._ZL10Rcmd2green)
                  0001881e    0000000d     ST7735.o (.rodata._ZL8Rcmd2red)
                  0001882b    0000000d     Lab9HMain.o (.rodata.str1.109436695696880395661)
                  00018838    0000000d     Lab9HMain.o (.rodata.str1.43928348135455860411)
                  00018845    0000000c     Lab9HMain.o (.rodata.str1.150864919958333191721)
                  00018851    0000000c     Lab9HMain.o (.rodata.str1.160588362872062865081)
                  0001885d    0000000c     Lab9HMain.o (.rodata.str1.36435047076059183751)
                  00018869    0000000b     Lab9HMain.o (.rodata.str1.74067424030976851731)
                  00018874    0000000a     Lab9HMain.o (.rodata.str1.102680895847577752451)
                  0001887e    0000000a     Lab9HMain.o (.rodata.str1.148045851500927898161)
                  00018888    00000009     Lab9HMain.o (.rodata.str1.135587178987165645761)
                  00018891    00000008     Lab9HMain.o (.rodata.str1.113724764143009181171)
                  00018899    00000008     Lab9HMain.o (.rodata.str1.135363822859471765721)
                  000188a1    00000008     Lab9HMain.o (.rodata.str1.136243777921425235241)
                  000188a9    00000008     ST7735.o (.rodata.str1.39562344344181558271)
                  000188b1    00000007     ST7735.o (.rodata.str1.121322603453744172521)
                  000188b8    00000007     Lab9HMain.o (.rodata.str1.144606553268132684431)
                  000188bf    00000007     ST7735.o (.rodata.str1.175409668377903254331)
                  000188c6    00000007     Lab9HMain.o (.rodata.str1.36136728744051949671)
                  000188cd    00000007     Lab9HMain.o (.rodata.str1.53064498209084138541)
                  000188d4    00000005     Lab9HMain.o (.rodata.str1.5541580624040671811)
                  000188d9    00000007     --HOLE-- [fill = 0]

.init_array 
*          0    0001cf60    00000008     
                  0001cf60    00000004     Lab9HMain.o (.init_array)
                  0001cf64    00000004     --HOLE-- [fill = 0]

.data      0    20200000    000005ed     UNINITIALIZED
                  20200000    000003c0     Lab9HMain.o (.data.pegs)
                  202003c0    000000f0     libc.a : defs.c.obj (.data._ftable)
                  202004b0    00000078     libsysbm.a : host_device.c.obj (.data._device)
                  20200528    00000050                : host_device.c.obj (.data._stream)
                  20200578    00000014     Lab9HMain.o (.data.Sensor)
                  2020058c    0000000c     Lab9HMain.o (.data.gameState)
                  20200598    00000008     libc.a : exit.c.obj (.data..L_MergedGlobals)
                  202005a0    00000004     Clock.o (.data.BusFreq)
                  202005a4    00000004     Lab9HMain.o (.data.M)
                  202005a8    00000004     ST7735.o (.data.StX)
                  202005ac    00000004     ST7735.o (.data.StY)
                  202005b0    00000004     libc.a : defs.c.obj (.data.__TI_ft_end)
                  202005b4    00000004     libc++abi.a : cxa_default_handlers.cpp.obj (.data.__cxa_new_handler)
                  202005b8    00000004     libc.a : _lock.c.obj (.data._lock)
                  202005bc    00000004            : _lock.c.obj (.data._unlock)
                  202005c0    00000004     Lab9HMain.o (.data.currBall)
                  202005c4    00000004     Lab9HMain.o (.data.currentLevel)
                  202005c8    00000004     Lab9HMain.o (.data.movingHole)
                  202005cc    00000004     Sound.o (.data.soundIndex)
                  202005d0    00000004     Sound.o (.data.soundLen)
                  202005d4    00000004     Sound.o (.data.soundPtr)
                  202005d8    00000002     ST7735.o (.data._ZL6_width)
                  202005da    00000002     ST7735.o (.data._ZL7_height)
                  202005dc    00000002     Lab9HMain.o (.data._ZZ4mainE9prevBallX)
                  202005de    00000002     Lab9HMain.o (.data._ZZ4mainE9prevBallY)
                  202005e0    00000001     libsysbm.a : add_device.c.obj (.data.add_device.device_init)
                  202005e1    00000001     Sound.o (.data.isPlaying)
                  202005e2    00000001     Lab9HMain.o (.data.levelSelect)
                  202005e3    00000001     Lab9HMain.o (.data.maxPegs)
                  202005e4    00000001     Lab9HMain.o (.data.maxSeperation)
                  202005e5    00000001     Lab9HMain.o (.data.menuState)
                  202005e6    00000001     Lab9HMain.o (.data.orangeCount)
                  202005e7    00000001     Lab9HMain.o (.data.pegCount)
                  202005e8    00000001     libc.a : memory.c.obj (.data.memory_is_initialized)
                  202005e9    00000001     Lab9HMain.o (.data.randomColor)
                  202005ea    00000001     Lab9HMain.o (.data.selectedOption)
                  202005eb    00000001     Lab9HMain.o (.data.transitionedToGameOver)
                  202005ec    00000001     libsysbm.a : open.c.obj (.data.open.stream_init)

.sysmem    0    202005f0    00000200     UNINITIALIZED
                  202005f0    00000010     libc.a : memory.c.obj (.sysmem)
                  20200600    000001f0     --HOLE--

.bss       0    202007f0    000001f1     UNINITIALIZED
                  202007f0    00000120     libsysbm.a : trgmsg.c.obj (.bss:_CIOBUF_)
                  20200910    000000a0     libc.a : defs.c.obj (.bss.__TI_tmpnams)
                  202009b0    0000000c     ST7735.o (.bss.Message)
                  202009bc    00000008     libsysbm.a : hostopen.c.obj (.bss.parmbuf)
                  202009c4    00000004     ST7735.o (.bss.Messageindex)
                  202009c8    00000004     TExaS.o (.bss.TExaSLogic)
                  202009cc    00000004     TExaS.o (.bss.TExaSadc)
                  202009d0    00000004     Lab9HMain.o (.bss.data)
                  202009d4    00000004     Lab9HMain.o (.bss.input)
                  202009d8    00000004     libc.a : memory.c.obj (.bss.sys_free)
                  202009dc    00000002     ST7735.o (.bss.StTextColor)
                  202009de    00000001     ST7735.o (.bss._ZL8ColStart)
                  202009df    00000001     ST7735.o (.bss._ZL8RowStart)
                  202009e0    00000001     ST7735.o (.bss._ZL8TabColor)

.stack     0    20207e00    00000200     UNINITIALIZED
                  20207e00    00000004     libc.a : boot_cortex_m.c.obj (.stack)
                  20207e04    000001fc     --HOLE--

__llvm_prf_cnts 
*          0    20200000    00000000     UNINITIALIZED

__llvm_prf_bits 
*          0    20200000    00000000     UNINITIALIZED

MODULE SUMMARY

       Module                         code    ro data   rw data
       ------                         ----    -------   -------
    .\
       Level.o                        96      81920     0      
       Sound.o                        352     11481     13     
       Lab9HMain.o                    5494    492       1029   
       ST7735.o                       3236    1449      33     
       Ball.o                         1328    2176      0      
       Hole.o                         160     2304      0      
       Peg.o                          362     512       0      
       TExaS.o                        720     0         8      
       Clock.o                        516     0         4      
       SPI.o                          440     0         0      
       Timer.o                        412     0         0      
       GameState.o                    252     0         0      
       SlidePot.o                     238     0         0      
       LaunchPad.o                    180     0         0      
       DAC5.o                         88      0         0      
       Switch.o                       76      0         0      
       LED.o                          52      0         0      
    +--+------------------------------+-------+---------+---------+
       Total:                         14002   100334    1087   
                                                               
    .\ticlang\
       startup_mspm0g3507_ticlang.o   60      192       0      
    +--+------------------------------+-------+---------+---------+
       Total:                         60      192       0      
                                                               
    C:\ti\ccs2000\ccs\tools\compiler\ti-cgt-armllvm_4.0.1.LTS\lib\armv6m-ti-none-eabi/c/libc.a
       memory.c.obj                   702     0         5      
       fopen.c.obj                    556     0         0      
       defs.c.obj                     0       0         404    
       setvbuf.c.obj                  224     0         0      
       getdevice.c.obj                160     0         0      
       strcmp-armv6m.S.obj            136     0         0      
       copy_decompress_lzss.c.obj     124     0         0      
       fclose.c.obj                   124     0         0      
       autoinit.c.obj                 84      0         0      
       fflush.c.obj                   82      0         0      
       exit.c.obj                     56      0         8      
       boot_cortex_m.c.obj            40      0         0      
       copy_zero_init.c.obj           22      0         0      
       copy_decompress_none.c.obj     18      0         0      
       memcpy16.S.obj                 18      0         0      
       memset16.S.obj                 14      0         0      
       _lock.c.obj                    2       0         8      
       pre_init.c.obj                 4       0         0      
    +--+------------------------------+-------+---------+---------+
       Total:                         2366    0         425    
                                                               
    C:\ti\ccs2000\ccs\tools\compiler\ti-cgt-armllvm_4.0.1.LTS\lib\armv6m-ti-none-eabi/c/libsysbm.a
       trgmsg.c.obj                   104     0         288    
       add_device.c.obj               236     0         1      
       host_device.c.obj              0       0         200    
       open.c.obj                     160     0         1      
       hostrename.c.obj               136     0         0      
       hostlseek.c.obj                108     0         0      
       hostopen.c.obj                 96      0         8      
       hostread.c.obj                 88      0         0      
       hostwrite.c.obj                88      0         0      
       close.c.obj                    80      0         0      
       hostclose.c.obj                72      0         0      
       hostunlink.c.obj               72      0         0      
       unlink.c.obj                   44      0         0      
       write.c.obj                    40      0         0      
       remove.c.obj                   8       0         0      
    +--+------------------------------+-------+---------+---------+
       Total:                         1332    0         498    
                                                               
    C:\ti\ccs2000\ccs\tools\compiler\ti-cgt-armllvm_4.0.1.LTS\lib\armv6m-ti-none-eabi/libc++abi.a
       stdlib_new_delete.cpp.obj      86      45        0      
       cxa_handlers.cpp.obj           12      0         0      
       abort_message.cpp.obj          4       0         0      
       cxa_default_handlers.cpp.obj   0       0         4      
    +--+------------------------------+-------+---------+---------+
       Total:                         102     45        4      
                                                               
    C:\ti\ccs2000\ccs\tools\compiler\ti-cgt-armllvm_4.0.1.LTS\lib\armv6m-ti-none-eabi/libclang_rt.builtins.a
       aeabi_idivmod.S.obj            86      0         0      
       aeabi_uidivmod.S.obj           64      0         0      
       aeabi_memset.S.obj             12      0         0      
       aeabi_memcpy.S.obj             8       0         0      
       aeabi_div0.c.obj               2       0         0      
    +--+------------------------------+-------+---------+---------+
       Total:                         172     0         0      
                                                               
       Heap:                          0       0         512    
       Stack:                         0       0         512    
       Linker Generated:              0       153       0      
    +--+------------------------------+-------+---------+---------+
       Grand Total:                   18034   100724    3038   


LINKER GENERATED COPY TABLES

__TI_cinit_table @ 0001cff4 records: 2, size/record: 8, table size: 16
	.data: load addr=0001cf68, load size=00000075 bytes, run addr=20200000, run size=000005ed bytes, compression=lzss
	.bss: load addr=0001cfec, load size=00000008 bytes, run addr=202007f0, run size=000001f1 bytes, compression=zero_init


LINKER GENERATED HANDLER TABLE

__TI_handler_table @ 0001cfe0 records: 3, size/record: 4, table size: 12
	index: 0, handler: __TI_decompress_lzss
	index: 1, handler: __TI_decompress_none
	index: 2, handler: __TI_zero_init


GLOBAL SYMBOLS: SORTED ALPHABETICALLY BY Name 

address   name                                       
-------   ----                                       
0001cadd  ADC0_IRQHandler                            
0001cadd  ADC1_IRQHandler                            
0001cadd  AES_IRQHandler                             
202005a0  BusFreq                                    
0001cf5c  C$$EXIT                                    
0001c669  C$$IO$$                                    
0001cadd  CANFD0_IRQHandler                          
0001cadd  DAC0_IRQHandler                            
0001cadd  DMA_IRQHandler                             
0001cadd  Default_Handler                            
0001cadd  GROUP0_IRQHandler                          
0001cadd  GROUP1_IRQHandler                          
0001c181  HOSTclose                                  
0001b945  HOSTlseek                                  
0001bbbd  HOSTopen                                   
0001bd3d  HOSTread                                   
0001b9b1  HOSTrename                                 
0001c1c9  HOSTunlink                                 
0001bd95  HOSTwrite                                  
0001caf9  HardFault_Handler                          
0001cadd  I2C0_IRQHandler                            
0001cadd  I2C1_IRQHandler                            
202005a4  M                                          
202009b0  Message                                    
202009c4  Messageindex                               
0001cadd  NMI_Handler                                
0001cadd  PendSV_Handler                             
0001cadd  RTC_IRQHandler                             
0001cf51  Reset_Handler                              
0001cf60  SHT$$INIT_ARRAY$$Base                      
0001cf64  SHT$$INIT_ARRAY$$Limit                     
0001cadd  SPI0_IRQHandler                            
0001cadd  SPI1_IRQHandler                            
0001cadd  SVC_Handler                                
20200578  Sensor                                     
202009dc  StTextColor                                
202005a8  StX                                        
202005ac  StY                                        
0001bc1d  SysTick_Handler                            
202009c8  TExaSLogic                                 
202009cc  TExaSadc                                   
0001cadd  TIMA0_IRQHandler                           
0001cadd  TIMA1_IRQHandler                           
0001cadd  TIMG0_IRQHandler                           
0001925d  TIMG12_IRQHandler                          
0001cadd  TIMG6_IRQHandler                           
0001c2e5  TIMG7_IRQHandler                           
0001cadd  TIMG8_IRQHandler                           
0001cd27  TI_memcpy_small                            
0001ce1f  TI_memset_small                            
0001cadd  UART0_IRQHandler                           
0001cadd  UART1_IRQHandler                           
0001cadd  UART2_IRQHandler                           
0001cadd  UART3_IRQHandler                           
202007f0  _CIOBUF_                                   
0001ce2d  _Z10Clock_Freqv                            
0001cc11  _Z10SeedRandomj                            
0001c135  _Z10Sound_Initv                            
0001bded  _Z10TExaS_InitP10ADC12_RegsjPFhvE          
0001cd4b  _Z11Clock_Delayj                           
0001c45d  _Z11SPI_OutDatac                           
0001cb15  _Z11ST7735_openPKcji                       
0001cbcd  _Z11ST7735_readiPcj                        
0001cc25  _Z11Sound_Shootv                           
0001c095  _Z11Sound_StartPKhj                        
0001c8e5  _Z11Switch_Initv                           
0001be9d  _Z11fillmessagej                           
0001ac81  _Z12DrawGameOverv                          
00019911  _Z12DrawMainMenuv                          
0001b1b9  _Z12ST7735_InitR10initRFlags               
0001cf11  _Z12ST7735_closei                          
0001cdcb  _Z12ST7735_lseekili                        
0001c505  _Z12ST7735_writeiPKcj                      
0001cc39  _Z12Sound_Killedv                          
0001ce39  _Z13ST7735_renamePKcS0_                    
0001cf1b  _Z13ST7735_unlinkPKc                       
0001bc7d  _Z13TimerG12_Initv                         
0001c539  _Z14Clock_Delay1msj                        
0001b6dd  _Z14LaunchPad_Initv                        
0001c211  _Z14SPI_OutCommandc                        
0001a9c9  _Z14ST7735_OutCharc                        
0001b399  _Z14ST7735_OutUDecj                        
0001b06d  _Z14TimerG7_IntArmtjj                      
0001c495  _Z15ActivatePortA_Bv                       
00019c9d  _Z15Clock_Init80MHzi                       
0001c70d  _Z15ST7735_Color565hhh                     
00019e51  _Z15ST7735_DrawCharsscssh                  
0001a3a9  _Z15ST7735_FillRectsssst                   
0001cc4d  _Z15Sound_Explosionv                       
0001b435  _Z15TimerG12_IntArmjj                      
0001a4c1  _Z16DrawInstructionsv                      
00019ae1  _Z16DrawYouWonScreenv                      
0001c9ad  _Z16ST7735_OutStringPc                     
0001c56d  _Z16ST7735_SetCursorjj                     
00019519  _Z17ST7735_DrawBitmapssPKtss               
0001b5d9  _Z17ST7735_DrawStringttPcs                 
0001c861  _Z17ST7735_FillScreent                     
0001b259  _Z17ST7735_InitPrintf10initRFlags          
0001cc61  _Z18Sound_Fastinvader1v                    
0001cc75  _Z18Sound_Fastinvader2v                    
0001a14d  _Z19DrawLevelTransitionv                   
0001cc89  _Z19ST7735_SetTextColort                   
0001af0d  _Z20ST7735_DrawFastHLinessst               
0001afbd  _Z20ST7735_DrawFastVLinessst               
0001ce45  _Z22__throw_bad_alloc_shimv                
0001a6ed  _Z25mergeSpriteWithBackgroundPtPKtttS1_tttt
0001cd5d  _Z28TExaS_LaunchPadLogicPB27PB26v          
0001cb9d  _Z6Randomj                                 
0001a281  _Z8ADC_InitP10ADC12_Regsjj                 
0001cb31  _Z8DAC5_Outj                               
00018f15  _Z8InitGamev                               
0001c5a1  _Z8LED_Initv                               
0001cf25  _Z8PLL_Initv                               
0001ca41  _Z8Random32v                               
0001a7e5  _Z8SPI_Initv                               
0001c90d  _Z9ADC_StartP10ADC12_Regs                  
0001c3e5  _Z9DAC5_Initv                              
0001b8cd  _Z9DrawTitlev                              
0001c325  _Z9SPI_Resetv                              
0001c9f9  _Z9Switch_Inv                              
0001aab1  _Z9UART_Initv                              
0001cd6d  _ZN10GameObjectC2Ev                        
0001cd7d  _ZN3Peg11getHitStateEv                     
0001c421  _ZN3Peg11isDestroyedEv                     
0001ce51  _ZN3Peg4getXEv                             
0001ce5d  _ZN3Peg4getYEv                             
0001baf5  _ZN3Peg4initEiiah                          
0001ce69  _ZN3Peg8getColorEv                         
0001bef1  _ZN3Peg8getImageEv                         
0001cc9d  _ZN3Peg9updatePegEv                        
0001c831  _ZN3PegC1Ev                                
0001c831  _ZN3PegC2Ev                                
0001bcdd  _ZN4Ball14checkCollisionEtt                
0001ba1d  _ZN4Ball18checkHoleCollisionEtt            
0001ccb1  _ZN4Ball3aimEj                             
0001cdd9  _ZN4Ball4getHEv                            
0001cde7  _ZN4Ball4getWEv                            
0001ce75  _ZN4Ball4getXEv                            
0001ce81  _ZN4Ball4getYEv                            
0001b65d  _ZN4Ball5isqrtEi                           
0001c771  _ZN4Ball5resetEh                           
00019729  _ZN4Ball6bounceEtt                         
0001ca1d  _ZN4Ball6isLostEv                          
0001ce8d  _ZN4Ball8getImageEv                        
0001ae41  _ZN4Ball8moveBallEv                        
0001cd8d  _ZN4Ball9getActiveEv                       
0001cbe3  _ZN4Ball9setActiveEb                       
0001bf45  _ZN4BallC1Eh                               
0001bf45  _ZN4BallC2Eh                               
0001ce99  _ZN4Hole4getXEv                            
0001cea5  _ZN4Hole4getYEv                            
0001ceb1  _ZN4Hole8getImageEv                        
0001c2a1  _ZN4Hole8moveHoleEv                        
0001c4cd  _ZN4HoleC1Ev                               
0001c4cd  _ZN4HoleC2Ev                               
0001cebd  _ZN5Level8getImageEv                       
0001bf99  _ZN5LevelC1Eh                              
0001bf99  _ZN5LevelC2Eh                              
0001c259  _ZN8SlidePot2InEv                          
0001b759  _ZN8SlidePot4InitEv                        
0001cb4d  _ZN8SlidePot7ConvertEj                     
0001cdf5  _ZN8SlidePotC1Ejj                          
0001cdf5  _ZN8SlidePotC2Ejj                          
0001cd15  _ZN9GameState15setCurrentLevelEh           
0001c88d  _ZN9GameState17setBallsRemainingEh         
0001cabf  _ZN9GameState7addBallEv                    
0001c7a1  _ZN9GameState7useBallEv                    
0001ccc5  _ZN9GameState9addPointsEj                  
0001ccd9  _ZN9GameState9resetGameEv                  
0001cced  _ZN9GameStateC1Ev                          
0001cced  _ZN9GameStateC2Ev                          
0001cd9d  _ZNK9GameState10isGameOverEv               
0001cec9  _ZNK9GameState15getCurrentLevelEv          
0001ced5  _ZNK9GameState17getBallsRemainingEv        
0001cee1  _ZNK9GameState8getScoreEv                  
0001ceed  _ZSt15get_new_handlerv                     
0001cf2f  _ZdlPv                                     
0001cf37  _Znaj                                      
0001cd01  _Znwj                                      
202007f0  __CIOBUF_                                  
20208000  __STACK_END                                
00000200  __STACK_SIZE                               
00000200  __SYSMEM_SIZE                              
00000000  __TI_ATRegion0_region_sz                   
00000000  __TI_ATRegion0_src_addr                    
00000000  __TI_ATRegion0_trg_addr                    
00000000  __TI_ATRegion1_region_sz                   
00000000  __TI_ATRegion1_src_addr                    
00000000  __TI_ATRegion1_trg_addr                    
00000000  __TI_ATRegion2_region_sz                   
00000000  __TI_ATRegion2_src_addr                    
00000000  __TI_ATRegion2_trg_addr                    
0001cff4  __TI_CINIT_Base                            
0001d004  __TI_CINIT_Limit                           
0001d004  __TI_CINIT_Warm                            
0001cfe0  __TI_Handler_Table_Base                    
0001cfec  __TI_Handler_Table_Limit                   
0001bfed  __TI_auto_init_nobinit                     
0001c5d5  __TI_cleanup                               
20200598  __TI_cleanup_ptr                           
0001b7d5  __TI_closefile                             
0001b851  __TI_decompress_lzss                       
0001cd39  __TI_decompress_none                       
0001c041  __TI_doflush                               
2020059c  __TI_dtors_ptr                             
202005b0  __TI_ft_end                                
ffffffff  __TI_pprof_out_hndl                        
ffffffff  __TI_prof_data_size                        
ffffffff  __TI_prof_data_start                       
0001c609  __TI_readmsg                               
00000000  __TI_static_base__                         
20200910  __TI_tmpnams                               
0001c63d  __TI_writemsg                              
0001cbf9  __TI_zero_init_nomemset                    
0001be45  __aeabi_idiv                               
0001b1b7  __aeabi_idiv0                              
0001be45  __aeabi_idivmod                            
0001cef9  __aeabi_memclr                             
0001cef9  __aeabi_memclr4                            
0001cef9  __aeabi_memclr8                            
0001cf41  __aeabi_memcpy                             
0001cf41  __aeabi_memcpy4                            
0001cf41  __aeabi_memcpy8                            
0001c365  __aeabi_uidiv                              
0001c365  __aeabi_uidivmod                           
ffffffff  __binit__                                  
202005b4  __cxa_new_handler                          
UNDEFED   __mpu_init                                 
20207e00  __stack                                    
20200000  __start___llvm_prf_bits                    
20200000  __start___llvm_prf_cnts                    
20200000  __stop___llvm_prf_bits                     
20200000  __stop___llvm_prf_cnts                     
0001c985  _c_int00_noargs                            
202004b0  _device                                    
202003c0  _ftable                                    
202005b8  _lock                                      
0001b6db  _nop                                       
20200528  _stream                                    
202005f0  _sys_memory                                
UNDEFED   _system_post_cinit                         
0001cf55  _system_pre_init                           
202005bc  _unlock                                    
0001cf5d  abort                                      
0001cf59  abort_message                              
0001a8dd  add_device                                 
0001a5d9  aligned_alloc                              
ffffffff  binit                                      
0001c0e5  close                                      
202005c0  currBall                                   
202005c4  currentLevel                               
202009d0  data                                       
0001c671  exit                                       
0001c6a5  finddevice                                 
0001c801  fopen                                      
0001ab99  free                                       
0001c6d9  freopen                                    
2020058c  gameState                                  
0001ba89  getdevice                                  
202009d4  input                                      
00000000  interruptVectors                           
202005e1  isPlaying                                  
202005e2  levelSelect                                
000188e1  main                                       
0001cf05  malloc                                     
202005e3  maxPegs                                    
202005e4  maxSeperation                              
0001a5d9  memalign                                   
202005e5  menuState                                  
202005c8  movingHole                                 
0001b2f9  open                                       
202005e6  orangeCount                                
202009bc  parmbuf                                    
202005e7  pegCount                                   
20200000  pegs                                       
202005e9  randomColor                                
0001cf49  remove                                     
202005ea  selectedOption                             
0001ad61  setvbuf                                    
202005cc  soundIndex                                 
202005d0  soundLen                                   
202005d4  soundPtr                                   
0001b551  strcmp                                     
202005eb  transitionedToGameOver                     
0001c8b9  unlink                                     
0001c95d  write                                      


GLOBAL SYMBOLS: SORTED BY Symbol Address 

address   name                                       
-------   ----                                       
00000000  __TI_ATRegion0_region_sz                   
00000000  __TI_ATRegion0_src_addr                    
00000000  __TI_ATRegion0_trg_addr                    
00000000  __TI_ATRegion1_region_sz                   
00000000  __TI_ATRegion1_src_addr                    
00000000  __TI_ATRegion1_trg_addr                    
00000000  __TI_ATRegion2_region_sz                   
00000000  __TI_ATRegion2_src_addr                    
00000000  __TI_ATRegion2_trg_addr                    
00000000  __TI_static_base__                         
00000000  interruptVectors                           
00000200  __STACK_SIZE                               
00000200  __SYSMEM_SIZE                              
000188e1  main                                       
00018f15  _Z8InitGamev                               
0001925d  TIMG12_IRQHandler                          
00019519  _Z17ST7735_DrawBitmapssPKtss               
00019729  _ZN4Ball6bounceEtt                         
00019911  _Z12DrawMainMenuv                          
00019ae1  _Z16DrawYouWonScreenv                      
00019c9d  _Z15Clock_Init80MHzi                       
00019e51  _Z15ST7735_DrawCharsscssh                  
0001a14d  _Z19DrawLevelTransitionv                   
0001a281  _Z8ADC_InitP10ADC12_Regsjj                 
0001a3a9  _Z15ST7735_FillRectsssst                   
0001a4c1  _Z16DrawInstructionsv                      
0001a5d9  aligned_alloc                              
0001a5d9  memalign                                   
0001a6ed  _Z25mergeSpriteWithBackgroundPtPKtttS1_tttt
0001a7e5  _Z8SPI_Initv                               
0001a8dd  add_device                                 
0001a9c9  _Z14ST7735_OutCharc                        
0001aab1  _Z9UART_Initv                              
0001ab99  free                                       
0001ac81  _Z12DrawGameOverv                          
0001ad61  setvbuf                                    
0001ae41  _ZN4Ball8moveBallEv                        
0001af0d  _Z20ST7735_DrawFastHLinessst               
0001afbd  _Z20ST7735_DrawFastVLinessst               
0001b06d  _Z14TimerG7_IntArmtjj                      
0001b1b7  __aeabi_idiv0                              
0001b1b9  _Z12ST7735_InitR10initRFlags               
0001b259  _Z17ST7735_InitPrintf10initRFlags          
0001b2f9  open                                       
0001b399  _Z14ST7735_OutUDecj                        
0001b435  _Z15TimerG12_IntArmjj                      
0001b551  strcmp                                     
0001b5d9  _Z17ST7735_DrawStringttPcs                 
0001b65d  _ZN4Ball5isqrtEi                           
0001b6db  _nop                                       
0001b6dd  _Z14LaunchPad_Initv                        
0001b759  _ZN8SlidePot4InitEv                        
0001b7d5  __TI_closefile                             
0001b851  __TI_decompress_lzss                       
0001b8cd  _Z9DrawTitlev                              
0001b945  HOSTlseek                                  
0001b9b1  HOSTrename                                 
0001ba1d  _ZN4Ball18checkHoleCollisionEtt            
0001ba89  getdevice                                  
0001baf5  _ZN3Peg4initEiiah                          
0001bbbd  HOSTopen                                   
0001bc1d  SysTick_Handler                            
0001bc7d  _Z13TimerG12_Initv                         
0001bcdd  _ZN4Ball14checkCollisionEtt                
0001bd3d  HOSTread                                   
0001bd95  HOSTwrite                                  
0001bded  _Z10TExaS_InitP10ADC12_RegsjPFhvE          
0001be45  __aeabi_idiv                               
0001be45  __aeabi_idivmod                            
0001be9d  _Z11fillmessagej                           
0001bef1  _ZN3Peg8getImageEv                         
0001bf45  _ZN4BallC1Eh                               
0001bf45  _ZN4BallC2Eh                               
0001bf99  _ZN5LevelC1Eh                              
0001bf99  _ZN5LevelC2Eh                              
0001bfed  __TI_auto_init_nobinit                     
0001c041  __TI_doflush                               
0001c095  _Z11Sound_StartPKhj                        
0001c0e5  close                                      
0001c135  _Z10Sound_Initv                            
0001c181  HOSTclose                                  
0001c1c9  HOSTunlink                                 
0001c211  _Z14SPI_OutCommandc                        
0001c259  _ZN8SlidePot2InEv                          
0001c2a1  _ZN4Hole8moveHoleEv                        
0001c2e5  TIMG7_IRQHandler                           
0001c325  _Z9SPI_Resetv                              
0001c365  __aeabi_uidiv                              
0001c365  __aeabi_uidivmod                           
0001c3e5  _Z9DAC5_Initv                              
0001c421  _ZN3Peg11isDestroyedEv                     
0001c45d  _Z11SPI_OutDatac                           
0001c495  _Z15ActivatePortA_Bv                       
0001c4cd  _ZN4HoleC1Ev                               
0001c4cd  _ZN4HoleC2Ev                               
0001c505  _Z12ST7735_writeiPKcj                      
0001c539  _Z14Clock_Delay1msj                        
0001c56d  _Z16ST7735_SetCursorjj                     
0001c5a1  _Z8LED_Initv                               
0001c5d5  __TI_cleanup                               
0001c609  __TI_readmsg                               
0001c63d  __TI_writemsg                              
0001c669  C$$IO$$                                    
0001c671  exit                                       
0001c6a5  finddevice                                 
0001c6d9  freopen                                    
0001c70d  _Z15ST7735_Color565hhh                     
0001c771  _ZN4Ball5resetEh                           
0001c7a1  _ZN9GameState7useBallEv                    
0001c801  fopen                                      
0001c831  _ZN3PegC1Ev                                
0001c831  _ZN3PegC2Ev                                
0001c861  _Z17ST7735_FillScreent                     
0001c88d  _ZN9GameState17setBallsRemainingEh         
0001c8b9  unlink                                     
0001c8e5  _Z11Switch_Initv                           
0001c90d  _Z9ADC_StartP10ADC12_Regs                  
0001c95d  write                                      
0001c985  _c_int00_noargs                            
0001c9ad  _Z16ST7735_OutStringPc                     
0001c9f9  _Z9Switch_Inv                              
0001ca1d  _ZN4Ball6isLostEv                          
0001ca41  _Z8Random32v                               
0001cabf  _ZN9GameState7addBallEv                    
0001cadd  ADC0_IRQHandler                            
0001cadd  ADC1_IRQHandler                            
0001cadd  AES_IRQHandler                             
0001cadd  CANFD0_IRQHandler                          
0001cadd  DAC0_IRQHandler                            
0001cadd  DMA_IRQHandler                             
0001cadd  Default_Handler                            
0001cadd  GROUP0_IRQHandler                          
0001cadd  GROUP1_IRQHandler                          
0001cadd  I2C0_IRQHandler                            
0001cadd  I2C1_IRQHandler                            
0001cadd  NMI_Handler                                
0001cadd  PendSV_Handler                             
0001cadd  RTC_IRQHandler                             
0001cadd  SPI0_IRQHandler                            
0001cadd  SPI1_IRQHandler                            
0001cadd  SVC_Handler                                
0001cadd  TIMA0_IRQHandler                           
0001cadd  TIMA1_IRQHandler                           
0001cadd  TIMG0_IRQHandler                           
0001cadd  TIMG6_IRQHandler                           
0001cadd  TIMG8_IRQHandler                           
0001cadd  UART0_IRQHandler                           
0001cadd  UART1_IRQHandler                           
0001cadd  UART2_IRQHandler                           
0001cadd  UART3_IRQHandler                           
0001caf9  HardFault_Handler                          
0001cb15  _Z11ST7735_openPKcji                       
0001cb31  _Z8DAC5_Outj                               
0001cb4d  _ZN8SlidePot7ConvertEj                     
0001cb9d  _Z6Randomj                                 
0001cbcd  _Z11ST7735_readiPcj                        
0001cbe3  _ZN4Ball9setActiveEb                       
0001cbf9  __TI_zero_init_nomemset                    
0001cc11  _Z10SeedRandomj                            
0001cc25  _Z11Sound_Shootv                           
0001cc39  _Z12Sound_Killedv                          
0001cc4d  _Z15Sound_Explosionv                       
0001cc61  _Z18Sound_Fastinvader1v                    
0001cc75  _Z18Sound_Fastinvader2v                    
0001cc89  _Z19ST7735_SetTextColort                   
0001cc9d  _ZN3Peg9updatePegEv                        
0001ccb1  _ZN4Ball3aimEj                             
0001ccc5  _ZN9GameState9addPointsEj                  
0001ccd9  _ZN9GameState9resetGameEv                  
0001cced  _ZN9GameStateC1Ev                          
0001cced  _ZN9GameStateC2Ev                          
0001cd01  _Znwj                                      
0001cd15  _ZN9GameState15setCurrentLevelEh           
0001cd27  TI_memcpy_small                            
0001cd39  __TI_decompress_none                       
0001cd4b  _Z11Clock_Delayj                           
0001cd5d  _Z28TExaS_LaunchPadLogicPB27PB26v          
0001cd6d  _ZN10GameObjectC2Ev                        
0001cd7d  _ZN3Peg11getHitStateEv                     
0001cd8d  _ZN4Ball9getActiveEv                       
0001cd9d  _ZNK9GameState10isGameOverEv               
0001cdcb  _Z12ST7735_lseekili                        
0001cdd9  _ZN4Ball4getHEv                            
0001cde7  _ZN4Ball4getWEv                            
0001cdf5  _ZN8SlidePotC1Ejj                          
0001cdf5  _ZN8SlidePotC2Ejj                          
0001ce1f  TI_memset_small                            
0001ce2d  _Z10Clock_Freqv                            
0001ce39  _Z13ST7735_renamePKcS0_                    
0001ce45  _Z22__throw_bad_alloc_shimv                
0001ce51  _ZN3Peg4getXEv                             
0001ce5d  _ZN3Peg4getYEv                             
0001ce69  _ZN3Peg8getColorEv                         
0001ce75  _ZN4Ball4getXEv                            
0001ce81  _ZN4Ball4getYEv                            
0001ce8d  _ZN4Ball8getImageEv                        
0001ce99  _ZN4Hole4getXEv                            
0001cea5  _ZN4Hole4getYEv                            
0001ceb1  _ZN4Hole8getImageEv                        
0001cebd  _ZN5Level8getImageEv                       
0001cec9  _ZNK9GameState15getCurrentLevelEv          
0001ced5  _ZNK9GameState17getBallsRemainingEv        
0001cee1  _ZNK9GameState8getScoreEv                  
0001ceed  _ZSt15get_new_handlerv                     
0001cef9  __aeabi_memclr                             
0001cef9  __aeabi_memclr4                            
0001cef9  __aeabi_memclr8                            
0001cf05  malloc                                     
0001cf11  _Z12ST7735_closei                          
0001cf1b  _Z13ST7735_unlinkPKc                       
0001cf25  _Z8PLL_Initv                               
0001cf2f  _ZdlPv                                     
0001cf37  _Znaj                                      
0001cf41  __aeabi_memcpy                             
0001cf41  __aeabi_memcpy4                            
0001cf41  __aeabi_memcpy8                            
0001cf49  remove                                     
0001cf51  Reset_Handler                              
0001cf55  _system_pre_init                           
0001cf59  abort_message                              
0001cf5c  C$$EXIT                                    
0001cf5d  abort                                      
0001cf60  SHT$$INIT_ARRAY$$Base                      
0001cf64  SHT$$INIT_ARRAY$$Limit                     
0001cfe0  __TI_Handler_Table_Base                    
0001cfec  __TI_Handler_Table_Limit                   
0001cff4  __TI_CINIT_Base                            
0001d004  __TI_CINIT_Limit                           
0001d004  __TI_CINIT_Warm                            
20200000  __start___llvm_prf_bits                    
20200000  __start___llvm_prf_cnts                    
20200000  __stop___llvm_prf_bits                     
20200000  __stop___llvm_prf_cnts                     
20200000  pegs                                       
202003c0  _ftable                                    
202004b0  _device                                    
20200528  _stream                                    
20200578  Sensor                                     
2020058c  gameState                                  
20200598  __TI_cleanup_ptr                           
2020059c  __TI_dtors_ptr                             
202005a0  BusFreq                                    
202005a4  M                                          
202005a8  StX                                        
202005ac  StY                                        
202005b0  __TI_ft_end                                
202005b4  __cxa_new_handler                          
202005b8  _lock                                      
202005bc  _unlock                                    
202005c0  currBall                                   
202005c4  currentLevel                               
202005c8  movingHole                                 
202005cc  soundIndex                                 
202005d0  soundLen                                   
202005d4  soundPtr                                   
202005e1  isPlaying                                  
202005e2  levelSelect                                
202005e3  maxPegs                                    
202005e4  maxSeperation                              
202005e5  menuState                                  
202005e6  orangeCount                                
202005e7  pegCount                                   
202005e9  randomColor                                
202005ea  selectedOption                             
202005eb  transitionedToGameOver                     
202005f0  _sys_memory                                
202007f0  _CIOBUF_                                   
202007f0  __CIOBUF_                                  
20200910  __TI_tmpnams                               
202009b0  Message                                    
202009bc  parmbuf                                    
202009c4  Messageindex                               
202009c8  TExaSLogic                                 
202009cc  TExaSadc                                   
202009d0  data                                       
202009d4  input                                      
202009dc  StTextColor                                
20207e00  __stack                                    
20208000  __STACK_END                                
ffffffff  __TI_pprof_out_hndl                        
ffffffff  __TI_prof_data_size                        
ffffffff  __TI_prof_data_start                       
ffffffff  __binit__                                  
ffffffff  binit                                      
UNDEFED   __mpu_init                                 
UNDEFED   _system_post_cinit                         

[286 symbols]
