******************************************************************************
            TI ARM Clang Linker PC v4.0.1                      
******************************************************************************
>> Linked Mon Apr 21 15:22:58 2025

OUTPUT FILE NAME:   <ECE319K_Lab9H.out>
ENTRY POINT SYMBOL: "_c_int00_noargs"  address: 00011ebd


MEMORY CONFIGURATION

         name            origin    length      used     unused   attr    fill
----------------------  --------  ---------  --------  --------  ----  --------
  FLASH                 00000000   00020000  000124f8  0000db08  R  X
  SRAM                  20200000   00008000  00000a0e  000075f2  RW X
  BCR_CONFIG            41c00000   00000080  00000000  00000080  R   
  BSL_CONFIG            41c00100   00000080  00000000  00000080  R   


SEGMENT ALLOCATION MAP

run origin  load origin   length   init length attrs members
----------  ----------- ---------- ----------- ----- -------
00000000    00000000    000124f8   000124f8    r-x
  00000000    00000000    000000c0   000000c0    r-- .intvecs
  000000c0    000000c0    0000e2a8   0000e2a8    r-- .rodata
  0000e368    0000e368    00000008   00000008    r-- .init_array
  0000e370    0000e370    000040f0   000040f0    r-x .text
  00012460    00012460    00000098   00000098    r-- .cinit
20200000    20200000    00000811   00000000    rw-
  20200000    20200000    0000041d   00000000    rw- .data
  20200420    20200420    00000200   00000000    rw- .sysmem
  20200620    20200620    000001f1   00000000    rw- .bss
20207e00    20207e00    00000200   00000000    rw-
  20207e00    20207e00    00000200   00000000    rw- .stack


SECTION ALLOCATION MAP

 output                                  attributes/
section   page    origin      length       input sections
--------  ----  ----------  ----------   ----------------
.intvecs   0    00000000    000000c0     
                  00000000    000000c0     startup_mspm0g3507_ticlang.o (.intvecs)

.binit     0    00000000    00000000     

.text      0    0000e370    000040f0     
                  0000e370    00000864     Lab9HMain.o (.text.main)
                  0000ebd4    000002a8     Lab9HMain.o (.text._Z8InitGamev)
                  0000ee7c    00000210     ST7735.o (.text._Z17ST7735_DrawBitmapssPKtss)
                  0000f08c    000001ec     Lab9HMain.o (.text.TIMG12_IRQHandler)
                  0000f278    000001e4     Lab9HMain.o (.text._Z16DrawInstructionsv)
                  0000f45c    000001b4     Clock.o (.text._Z15Clock_Init80MHzi)
                  0000f610    000001a8     ST7735.o (.text._Z15ST7735_DrawCharsscssh)
                  0000f7b8    00000180     Lab9HMain.o (.text._Z12DrawMainMenuv)
                  0000f938    00000180     Ball.o (.text._ZN4Ball6bounceEtt)
                  0000fab8    00000154     libc.a : fopen.c.obj (.text._openfile)
                  0000fc0c    00000128     TExaS.o (.text._Z8ADC_InitP10ADC12_Regsjj)
                  0000fd34    00000118     ST7735.o (.text._Z15ST7735_FillRectsssst)
                  0000fe4c    00000114     libc.a : memory.c.obj (.text.aligned_alloc)
                  0000ff60    000000fc     Ball.o (.text._ZN4Ball8moveBallEv)
                  0001005c    000000f8     SPI.o (.text._Z8SPI_Initv)
                  00010154    000000ec     libsysbm.a : add_device.c.obj (.text.add_device)
                  00010240    000000e8     ST7735.o (.text._Z14ST7735_OutCharc)
                  00010328    000000e8     TExaS.o (.text._Z9UART_Initv)
                  00010410    000000e8     libc.a : memory.c.obj (.text.free)
                  000104f8    000000e0            : setvbuf.c.obj (.text.setvbuf)
                  000105d8    000000b0     ST7735.o (.text._Z20ST7735_DrawFastHLinessst)
                  00010688    000000b0     Lab9HMain.o (.text._Z9DrawTitlev)
                  00010738    000000a8     Timer.o (.text._Z14TimerG7_IntArmtjj)
                  000107e0    000000a2     ST7735.o (.text._ZL11commandListPKh)
                  00010882    00000002     DAC5.o (.text._Z9DAC5_Initv)
                  00010884    000000a0     ST7735.o (.text._Z12ST7735_InitR10initRFlags)
                  00010924    000000a0     ST7735.o (.text._Z17ST7735_InitPrintf10initRFlags)
                  000109c4    000000a0     libsysbm.a : open.c.obj (.text.open)
                  00010a64    0000009c     ST7735.o (.text._Z14ST7735_OutUDecj)
                  00010b00    00000094     Timer.o (.text._Z15TimerG12_IntArmjj)
                  00010b94    00000088     ST7735.o (.text._ZL13setAddrWindowhhhh)
                  00010c1c    00000004     libc.a : pre_init.c.obj (.text._system_pre_init)
                  00010c20    00000088            : strcmp-armv6m.S.obj (.text:strcmp)
                  00010ca8    00000084     ST7735.o (.text._Z17ST7735_DrawStringttPcs)
                  00010d2c    0000007e     Ball.o (.text._ZN4Ball5isqrtEi)
                  00010daa    00000002     libclang_rt.builtins.a : aeabi_div0.c.obj (.text.__aeabi_idiv0)
                  00010dac    0000007c     LaunchPad.o (.text._Z14LaunchPad_Initv)
                  00010e28    0000007c     SlidePot.o (.text._ZN8SlidePot4InitEv)
                  00010ea4    0000007c     libc.a : fclose.c.obj (.text.__TI_closefile)
                  00010f20    0000007c            : copy_decompress_lzss.c.obj (.text:decompress:lzss)
                  00010f9c    00000070     Ball.o (.text._ZN4Ball18checkHoleCollisionEtt)
                  0001100c    0000006c     libsysbm.a : hostlseek.c.obj (.text.HOSTlseek)
                  00011078    0000006c                : hostrename.c.obj (.text.HOSTrename)
                  000110e4    0000006c     Ball.o (.text._ZN4BallC2Eh)
                  00011150    0000006c     libc.a : getdevice.c.obj (.text.getdevice)
                  000111bc    00000064            : memory.c.obj (.text.split)
                  00011220    00000060     libsysbm.a : hostopen.c.obj (.text.HOSTopen)
                  00011280    00000060     Sound.o (.text.SysTick_Handler)
                  000112e0    00000060     Timer.o (.text._Z13TimerG12_Initv)
                  00011340    00000060     Ball.o (.text._ZN4Ball14checkCollisionEtt)
                  000113a0    00000058     libsysbm.a : hostread.c.obj (.text.HOSTread)
                  000113f8    00000058                : hostwrite.c.obj (.text.HOSTwrite)
                  00011450    00000058     TExaS.o (.text._Z10TExaS_InitP10ADC12_RegsjPFhvE)
                  000114a8    00000058     Peg.o (.text._ZN3Peg4initEiiaa)
                  00011500    00000056     libclang_rt.builtins.a : aeabi_idivmod.S.obj (.text.__aeabi_idivmod)
                  00011556    00000002     libc.a : _lock.c.obj (.text._nop)
                  00011558    00000054     ST7735.o (.text._Z11fillmessagej)
                  000115ac    00000054     libc.a : autoinit.c.obj (.text:__TI_auto_init_nobinit)
                  00011600    00000052            : fflush.c.obj (.text.__TI_doflush)
                  00011652    00000002     --HOLE-- [fill = 0]
                  00011654    00000050     Sound.o (.text._Z11Sound_StartPKhj)
                  000116a4    00000050     libsysbm.a : close.c.obj (.text.close)
                  000116f4    0000004c     Sound.o (.text._Z10Sound_Initv)
                  00011740    00000048     libsysbm.a : hostclose.c.obj (.text.HOSTclose)
                  00011788    00000048                : hostunlink.c.obj (.text.HOSTunlink)
                  000117d0    00000048     SPI.o (.text._Z14SPI_OutCommandc)
                  00011818    00000048     Level.o (.text._ZN5LevelC2Eh)
                  00011860    00000048     SlidePot.o (.text._ZN8SlidePot2InEv)
                  000118a8    00000044     Hole.o (.text._ZN4Hole8moveHoleEv)
                  000118ec    00000040     TExaS.o (.text.TIMG7_IRQHandler)
                  0001192c    00000040     SPI.o (.text._Z9SPI_Resetv)
                  0001196c    00000040     libclang_rt.builtins.a : aeabi_uidivmod.S.obj (.text.__aeabi_uidivmod)
                  000119ac    00000040     libc.a : fopen.c.obj (.text._search_fp)
                  000119ec    00000038     SPI.o (.text._Z11SPI_OutDatac)
                  00011a24    00000038     LaunchPad.o (.text._Z15ActivatePortA_Bv)
                  00011a5c    00000038     Hole.o (.text._ZN4HoleC2Ev)
                  00011a94    00000034     ST7735.o (.text._Z12ST7735_writeiPKcj)
                  00011ac8    00000034     Clock.o (.text._Z14Clock_Delay1msj)
                  00011afc    00000034     ST7735.o (.text._Z16ST7735_SetCursorjj)
                  00011b30    00000034     LED.o (.text._Z8LED_Initv)
                  00011b64    00000034     Ball.o (.text._ZN4Ball5resetEh)
                  00011b98    00000034     libc.a : fopen.c.obj (.text.__TI_cleanup)
                  00011bcc    00000034     libsysbm.a : trgmsg.c.obj (.text.__TI_readmsg)
                  00011c00    00000034                : trgmsg.c.obj (.text.__TI_writemsg)
                  00011c34    00000034     libc.a : exit.c.obj (.text.exit)
                  00011c68    00000034            : getdevice.c.obj (.text.finddevice)
                  00011c9c    00000034            : fopen.c.obj (.text.freopen)
                  00011cd0    00000032     ST7735.o (.text._Z15ST7735_Color565hhh)
                  00011d02    00000002     --HOLE-- [fill = 0]
                  00011d04    00000030     ST7735.o (.text._ZL10commonInitPKh)
                  00011d34    00000030     GameState.o (.text._ZN9GameState7useBallEv)
                  00011d64    00000030     Lab9HMain.o (.text.__cxx_global_var_init.3)
                  00011d94    00000030     libc.a : fopen.c.obj (.text.fopen)
                  00011dc4    0000002c     ST7735.o (.text._Z17ST7735_FillScreent)
                  00011df0    0000002c     libsysbm.a : unlink.c.obj (.text.unlink)
                  00011e1c    00000028     Switch.o (.text._Z11Switch_Initv)
                  00011e44    00000028     TExaS.o (.text._Z9ADC_StartP10ADC12_Regs)
                  00011e6c    00000028     libc.a : memory.c.obj (.text.free_list_insert)
                  00011e94    00000028     libsysbm.a : write.c.obj (.text.write)
                  00011ebc    00000028     libc.a : boot_cortex_m.c.obj (.text:_c_int00_noargs)
                  00011ee4    00000026     ST7735.o (.text._Z16ST7735_OutStringPc)
                  00011f0a    00000026     libc++abi.a : stdlib_new_delete.cpp.obj (.text._ZL17operator_new_implj)
                  00011f30    00000026     Peg.o (.text._ZN3PegC2Ev)
                  00011f56    00000002     --HOLE-- [fill = 0]
                  00011f58    00000024     Switch.o (.text._Z9Switch_Inv)
                  00011f7c    00000020     Lab9HMain.o (.text._Z8Random32v)
                  00011f9c    00000020     Peg.o (.text._ZN3Peg11isDestroyedEv)
                  00011fbc    00000020     Ball.o (.text._ZN4Ball6isLostEv)
                  00011fdc    00000020     Lab9HMain.o (.text.__cxx_global_var_init.1)
                  00011ffc    00000020     Lab9HMain.o (.text.__cxx_global_var_init.2)
                  0001201c    0000001e     ST7735.o (.text._ZL9pushColort)
                  0001203a    00000002     --HOLE-- [fill = 0]
                  0001203c    0000001c     startup_mspm0g3507_ticlang.o (.text.Default_Handler)
                  00012058    0000001c     startup_mspm0g3507_ticlang.o (.text.HardFault_Handler)
                  00012074    0000001c     ST7735.o (.text._Z11ST7735_openPKcji)
                  00012090    0000001c     SlidePot.o (.text._ZN8SlidePot7ConvertEj)
                  000120ac    0000001c     libc.a : memory.c.obj (.text.free_list_remove)
                  000120c8    00000018     Lab9HMain.o (.text._GLOBAL__sub_I_Lab9HMain.cpp)
                  000120e0    00000018     Lab9HMain.o (.text._Z6Randomj)
                  000120f8    00000018     GameState.o (.text._ZN9GameState9resetGameEv)
                  00012110    00000018     Lab9HMain.o (.text.__cxx_global_var_init)
                  00012128    00000016     ST7735.o (.text._Z11ST7735_readiPcj)
                  0001213e    00000016     Ball.o (.text._ZN4Ball9setActiveEb)
                  00012154    00000016     GameState.o (.text._ZN9GameState9nextLevelEv)
                  0001216a    00000016     libc.a : copy_zero_init.c.obj (.text:decompress:ZI:__TI_zero_init_nomemset)
                  00012180    00000014     Lab9HMain.o (.text._Z10SeedRandomj)
                  00012194    00000014     Sound.o (.text._Z11Sound_Shootv)
                  000121a8    00000014     Sound.o (.text._Z12Sound_Killedv)
                  000121bc    00000014     Sound.o (.text._Z15Sound_Explosionv)
                  000121d0    00000014     Sound.o (.text._Z18Sound_Fastinvader1v)
                  000121e4    00000014     ST7735.o (.text._Z19ST7735_SetTextColort)
                  000121f8    00000014     GameState.o (.text._ZN9GameState9addPointsEj)
                  0001220c    00000014     GameState.o (.text._ZN9GameStateC2Ev)
                  00012220    00000014     libc++abi.a : stdlib_new_delete.cpp.obj (.text._Znwj)
                  00012234    00000012     GameState.o (.text._ZN9GameState15setCurrentLevelEh)
                  00012246    00000012     libc.a : memcpy16.S.obj (.text:TI_memcpy_small)
                  00012258    00000012            : copy_decompress_none.c.obj (.text:decompress:none)
                  0001226a    00000010     Clock.o (.text._Z11Clock_Delayj)
                  0001227a    00000002     --HOLE-- [fill = 0]
                  0001227c    00000010     Lab9HMain.o (.text._Z28TExaS_LaunchPadLogicPB27PB26v)
                  0001228c    00000010     Ball.o (.text._ZN10GameObjectC2Ev)
                  0001229c    00000010     Peg.o (.text._ZN3Peg9updatePegEv)
                  000122ac    00000010     Ball.o (.text._ZN4Ball9getActiveEv)
                  000122bc    00000010     GameState.o (.text._ZNK9GameState10isGameOverEv)
                  000122cc    00000010     Lab9HMain.o (.text.__cxx_global_var_init.4)
                  000122dc    0000000e     libc.a : memory.c.obj (.text.OUTLINED_FUNCTION_0)
                  000122ea    0000000e     ST7735.o (.text._Z12ST7735_lseekili)
                  000122f8    0000000e     SlidePot.o (.text._ZN8SlidePotC2Ejj)
                  00012306    0000000e     libsysbm.a : hostrename.c.obj (.text.strcpy)
                  00012314    0000000e                : hostrename.c.obj (.text.strlen)
                  00012322    0000000e     libc.a : memset16.S.obj (.text:TI_memset_small)
                  00012330    0000000c     Clock.o (.text._Z10Clock_Freqv)
                  0001233c    0000000c     ST7735.o (.text._Z13ST7735_renamePKcS0_)
                  00012348    0000000c     libc++abi.a : stdlib_new_delete.cpp.obj (.text._Z22__throw_bad_alloc_shimv)
                  00012354    0000000c     Peg.o (.text._ZN3Peg4getXEv)
                  00012360    0000000c     Peg.o (.text._ZN3Peg4getYEv)
                  0001236c    0000000c     Peg.o (.text._ZN3Peg8getImageEv)
                  00012378    0000000c     Ball.o (.text._ZN4Ball4getXEv)
                  00012384    0000000c     Ball.o (.text._ZN4Ball4getYEv)
                  00012390    0000000c     Ball.o (.text._ZN4Ball8getImageEv)
                  0001239c    0000000c     Hole.o (.text._ZN4Hole4getXEv)
                  000123a8    0000000c     Hole.o (.text._ZN4Hole4getYEv)
                  000123b4    0000000c     Hole.o (.text._ZN4Hole8getImageEv)
                  000123c0    0000000c     Level.o (.text._ZN5Level8getImageEv)
                  000123cc    0000000c     GameState.o (.text._ZNK9GameState15getCurrentLevelEv)
                  000123d8    0000000c     GameState.o (.text._ZNK9GameState17getBallsRemainingEv)
                  000123e4    0000000c     GameState.o (.text._ZNK9GameState8getScoreEv)
                  000123f0    0000000c     libc++abi.a : cxa_handlers.cpp.obj (.text._ZSt15get_new_handlerv)
                  000123fc    0000000c     libclang_rt.builtins.a : aeabi_memset.S.obj (.text.__aeabi_memclr)
                  00012408    0000000c     libc.a : memory.c.obj (.text.malloc)
                  00012414    0000000a     ST7735.o (.text._Z12ST7735_closei)
                  0001241e    0000000a     ST7735.o (.text._Z13ST7735_unlinkPKc)
                  00012428    0000000a     Lab9HMain.o (.text._Z8PLL_Initv)
                  00012432    00000008     DAC5.o (.text._Z8DAC5_Outj)
                  0001243a    00000008     libc++abi.a : stdlib_new_delete.cpp.obj (.text._ZdlPv)
                  00012442    00000002     --HOLE-- [fill = 0]
                  00012444    00000008     libclang_rt.builtins.a : aeabi_memcpy.S.obj (.text.__aeabi_memcpy)
                  0001244c    00000008     libsysbm.a : remove.c.obj (.text.remove)
                  00012454    00000004     startup_mspm0g3507_ticlang.o (.text.Reset_Handler)
                  00012458    00000004     libc++abi.a : abort_message.cpp.obj (.text.abort_message)
                  0001245c    00000004     libc.a : exit.c.obj (.text:abort)

.cinit     0    00012460    00000098     
                  00012460    00000070     (.cinit..data.load) [load image, compression = lzss]
                  000124d0    0000000c     (__TI_handler_table)
                  000124dc    00000008     (.cinit..bss.load) [load image, compression = zero_init]
                  000124e4    00000010     (__TI_cinit_table)
                  000124f4    00000004     --HOLE-- [fill = 0]

.rodata    0    000000c0    0000e2a8     
                  000000c0    0000a000     Level.o (.rodata._ZL6level1)
                  0000a0c0    00000ff0     Sound.o (.rodata._ZL5shoot)
                  0000b0b0    00000d31     Sound.o (.rodata._ZL13invaderkilled)
                  0000bde1    00000001     --HOLE-- [fill = 0]
                  0000bde2    00000900     Hole.o (.rodata._ZL6bucket)
                  0000c6e2    00000002     ST7735.o (.rodata.str1.59249497501465847671)
                  0000c6e4    00000800     Ball.o (.rodata._ZL10angleTable)
                  0000cee4    000007d0     Sound.o (.rodata._ZL9explosion)
                  0000d6b4    000004fb     ST7735.o (.rodata._ZL4Font)
                  0000dbaf    000003d6     Sound.o (.rodata._ZL12fastinvader1)
                  0000df85    00000001     --HOLE-- [fill = 0]
                  0000df86    00000080     Lab9HMain.o (.rodata._ZL16BlackCoverSprite)
                  0000e006    00000080     Ball.o (.rodata._ZL4ball)
                  0000e086    00000080     Peg.o (.rodata._ZL7bluepeg)
                  0000e106    00000080     Peg.o (.rodata._ZL9orangepeg)
                  0000e186    0000003b     ST7735.o (.rodata._ZL5Rcmd1)
                  0000e1c1    0000002d     libc++abi.a : stdlib_new_delete.cpp.obj (.rodata.str1.177346920702326194221)
                  0000e1ee    0000002b     ST7735.o (.rodata._ZL5Rcmd3)
                  0000e219    00000019     Lab9HMain.o (.rodata.str1.77946550721901366211)
                  0000e232    00000017     Lab9HMain.o (.rodata.str1.43928348135455860411)
                  0000e249    00000016     ST7735.o (.rodata.str1.120157123834947517821)
                  0000e25f    00000016     Lab9HMain.o (.rodata.str1.15360766164854299121)
                  0000e275    00000016     Lab9HMain.o (.rodata.str1.89800876338655967931)
                  0000e28b    00000015     Lab9HMain.o (.rodata.str1.1045638472106105921)
                  0000e2a0    00000014     Lab9HMain.o (.rodata.str1.64434510243936695551)
                  0000e2b4    00000010     Lab9HMain.o (.rodata.str1.11344128452655267101)
                  0000e2c4    0000000e     Lab9HMain.o (.rodata.str1.8734979013979085121)
                  0000e2d2    0000000d     ST7735.o (.rodata._ZL10Rcmd2green)
                  0000e2df    0000000d     ST7735.o (.rodata._ZL8Rcmd2red)
                  0000e2ec    0000000d     Lab9HMain.o (.rodata.str1.109436695696880395661)
                  0000e2f9    0000000c     Lab9HMain.o (.rodata.str1.150864919958333191721)
                  0000e305    0000000c     Lab9HMain.o (.rodata.str1.23765623467681484731)
                  0000e311    0000000c     Lab9HMain.o (.rodata.str1.36435047076059183751)
                  0000e31d    0000000a     Lab9HMain.o (.rodata.str1.102680895847577752451)
                  0000e327    0000000a     Lab9HMain.o (.rodata.str1.92738753765294272191)
                  0000e331    00000008     Lab9HMain.o (.rodata.str1.135363822859471765721)
                  0000e339    00000008     ST7735.o (.rodata.str1.39562344344181558271)
                  0000e341    00000007     ST7735.o (.rodata.str1.121322603453744172521)
                  0000e348    00000007     Lab9HMain.o (.rodata.str1.148045851500927898161)
                  0000e34f    00000007     ST7735.o (.rodata.str1.175409668377903254331)
                  0000e356    00000007     Lab9HMain.o (.rodata.str1.94539348878818337631)
                  0000e35d    00000005     Lab9HMain.o (.rodata.str1.160588362872062865081)
                  0000e362    00000006     --HOLE-- [fill = 0]

.init_array 
*          0    0000e368    00000008     
                  0000e368    00000004     Lab9HMain.o (.init_array)
                  0000e36c    00000004     --HOLE-- [fill = 0]

.data      0    20200000    0000041d     UNINITIALIZED
                  20200000    000001f4     Lab9HMain.o (.data.pegs)
                  202001f4    000000f0     libc.a : defs.c.obj (.data._ftable)
                  202002e4    00000078     libsysbm.a : host_device.c.obj (.data._device)
                  2020035c    00000050                : host_device.c.obj (.data._stream)
                  202003ac    00000014     Lab9HMain.o (.data.Sensor)
                  202003c0    0000000c     Lab9HMain.o (.data.gameState)
                  202003cc    00000008     libc.a : exit.c.obj (.data..L_MergedGlobals)
                  202003d4    00000004     Clock.o (.data.BusFreq)
                  202003d8    00000004     Lab9HMain.o (.data.M)
                  202003dc    00000004     ST7735.o (.data.StX)
                  202003e0    00000004     ST7735.o (.data.StY)
                  202003e4    00000004     libc.a : defs.c.obj (.data.__TI_ft_end)
                  202003e8    00000004     libc++abi.a : cxa_default_handlers.cpp.obj (.data.__cxa_new_handler)
                  202003ec    00000004     libc.a : _lock.c.obj (.data._lock)
                  202003f0    00000004            : _lock.c.obj (.data._unlock)
                  202003f4    00000004     Lab9HMain.o (.data.currBall)
                  202003f8    00000004     Lab9HMain.o (.data.currentLevel)
                  202003fc    00000004     Lab9HMain.o (.data.movingHole)
                  20200400    00000004     Sound.o (.data.soundIndex)
                  20200404    00000004     Sound.o (.data.soundLen)
                  20200408    00000004     Sound.o (.data.soundPtr)
                  2020040c    00000002     ST7735.o (.data._ZL6_width)
                  2020040e    00000002     ST7735.o (.data._ZL7_height)
                  20200410    00000002     Lab9HMain.o (.data._ZZ4mainE9prevBallX)
                  20200412    00000002     Lab9HMain.o (.data._ZZ4mainE9prevBallY)
                  20200414    00000001     libsysbm.a : add_device.c.obj (.data.add_device.device_init)
                  20200415    00000001     Sound.o (.data.isPlaying)
                  20200416    00000001     Lab9HMain.o (.data.menuState)
                  20200417    00000001     Lab9HMain.o (.data.pegCount)
                  20200418    00000001     libc.a : memory.c.obj (.data.memory_is_initialized)
                  20200419    00000001     Lab9HMain.o (.data.selectedOption)
                  2020041a    00000001     Lab9HMain.o (.data.transitionedToGameOver)
                  2020041b    00000001     --HOLE--
                  2020041c    00000001     libsysbm.a : open.c.obj (.data.open.stream_init)

.sysmem    0    20200420    00000200     UNINITIALIZED
                  20200420    00000010     libc.a : memory.c.obj (.sysmem)
                  20200430    000001f0     --HOLE--

.bss       0    20200620    000001f1     UNINITIALIZED
                  20200620    00000120     libsysbm.a : trgmsg.c.obj (.bss:_CIOBUF_)
                  20200740    000000a0     libc.a : defs.c.obj (.bss.__TI_tmpnams)
                  202007e0    0000000c     ST7735.o (.bss.Message)
                  202007ec    00000008     libsysbm.a : hostopen.c.obj (.bss.parmbuf)
                  202007f4    00000004     ST7735.o (.bss.Messageindex)
                  202007f8    00000004     TExaS.o (.bss.TExaSLogic)
                  202007fc    00000004     TExaS.o (.bss.TExaSadc)
                  20200800    00000004     Lab9HMain.o (.bss.data)
                  20200804    00000004     Lab9HMain.o (.bss.input)
                  20200808    00000004     libc.a : memory.c.obj (.bss.sys_free)
                  2020080c    00000002     ST7735.o (.bss.StTextColor)
                  2020080e    00000001     ST7735.o (.bss._ZL8ColStart)
                  2020080f    00000001     ST7735.o (.bss._ZL8RowStart)
                  20200810    00000001     ST7735.o (.bss._ZL8TabColor)

.stack     0    20207e00    00000200     UNINITIALIZED
                  20207e00    00000004     libc.a : boot_cortex_m.c.obj (.stack)
                  20207e04    000001fc     --HOLE--

__llvm_prf_cnts 
*          0    20200000    00000000     UNINITIALIZED

__llvm_prf_bits 
*          0    20200000    00000000     UNINITIALIZED

MODULE SUMMARY

       Module                         code    ro data   rw data
       ------                         ----    -------   -------
    .\
       Level.o                        84      40960     0      
       Sound.o                        332     10439     13     
       Lab9HMain.o                    4642    391       564    
       ST7735.o                       3060    1449      33     
       Ball.o                         1252    2176      0      
       Hole.o                         160     2304      0      
       TExaS.o                        720     0         8      
       Clock.o                        516     0         4      
       Peg.o                          210     256       0      
       SPI.o                          440     0         0      
       Timer.o                        412     0         0      
       SlidePot.o                     238     0         0      
       GameState.o                    204     0         0      
       LaunchPad.o                    180     0         0      
       Switch.o                       76      0         0      
       LED.o                          52      0         0      
       DAC5.o                         10      0         0      
    +--+------------------------------+-------+---------+---------+
       Total:                         12588   57975     622    
                                                               
    .\ticlang\
       startup_mspm0g3507_ticlang.o   60      192       0      
    +--+------------------------------+-------+---------+---------+
       Total:                         60      192       0      
                                                               
    C:\ti\ccs2000\ccs\tools\compiler\ti-cgt-armllvm_4.0.1.LTS\lib\armv6m-ti-none-eabi/c/libc.a
       memory.c.obj                   702     0         5      
       fopen.c.obj                    556     0         0      
       defs.c.obj                     0       0         404    
       setvbuf.c.obj                  224     0         0      
       getdevice.c.obj                160     0         0      
       strcmp-armv6m.S.obj            136     0         0      
       copy_decompress_lzss.c.obj     124     0         0      
       fclose.c.obj                   124     0         0      
       autoinit.c.obj                 84      0         0      
       fflush.c.obj                   82      0         0      
       exit.c.obj                     56      0         8      
       boot_cortex_m.c.obj            40      0         0      
       copy_zero_init.c.obj           22      0         0      
       copy_decompress_none.c.obj     18      0         0      
       memcpy16.S.obj                 18      0         0      
       memset16.S.obj                 14      0         0      
       _lock.c.obj                    2       0         8      
       pre_init.c.obj                 4       0         0      
    +--+------------------------------+-------+---------+---------+
       Total:                         2366    0         425    
                                                               
    C:\ti\ccs2000\ccs\tools\compiler\ti-cgt-armllvm_4.0.1.LTS\lib\armv6m-ti-none-eabi/c/libsysbm.a
       trgmsg.c.obj                   104     0         288    
       add_device.c.obj               236     0         1      
       host_device.c.obj              0       0         200    
       open.c.obj                     160     0         1      
       hostrename.c.obj               136     0         0      
       hostlseek.c.obj                108     0         0      
       hostopen.c.obj                 96      0         8      
       hostread.c.obj                 88      0         0      
       hostwrite.c.obj                88      0         0      
       close.c.obj                    80      0         0      
       hostclose.c.obj                72      0         0      
       hostunlink.c.obj               72      0         0      
       unlink.c.obj                   44      0         0      
       write.c.obj                    40      0         0      
       remove.c.obj                   8       0         0      
    +--+------------------------------+-------+---------+---------+
       Total:                         1332    0         498    
                                                               
    C:\ti\ccs2000\ccs\tools\compiler\ti-cgt-armllvm_4.0.1.LTS\lib\armv6m-ti-none-eabi/libc++abi.a
       stdlib_new_delete.cpp.obj      78      45        0      
       cxa_handlers.cpp.obj           12      0         0      
       abort_message.cpp.obj          4       0         0      
       cxa_default_handlers.cpp.obj   0       0         4      
    +--+------------------------------+-------+---------+---------+
       Total:                         94      45        4      
                                                               
    C:\ti\ccs2000\ccs\tools\compiler\ti-cgt-armllvm_4.0.1.LTS\lib\armv6m-ti-none-eabi/libclang_rt.builtins.a
       aeabi_idivmod.S.obj            86      0         0      
       aeabi_uidivmod.S.obj           64      0         0      
       aeabi_memset.S.obj             12      0         0      
       aeabi_memcpy.S.obj             8       0         0      
       aeabi_div0.c.obj               2       0         0      
    +--+------------------------------+-------+---------+---------+
       Total:                         172     0         0      
                                                               
       Heap:                          0       0         512    
       Stack:                         0       0         512    
       Linker Generated:              0       148       0      
    +--+------------------------------+-------+---------+---------+
       Grand Total:                   16612   58360     2573   


LINKER GENERATED COPY TABLES

__TI_cinit_table @ 000124e4 records: 2, size/record: 8, table size: 16
	.data: load addr=00012460, load size=00000070 bytes, run addr=20200000, run size=0000041d bytes, compression=lzss
	.bss: load addr=000124dc, load size=00000008 bytes, run addr=20200620, run size=000001f1 bytes, compression=zero_init


LINKER GENERATED HANDLER TABLE

__TI_handler_table @ 000124d0 records: 3, size/record: 4, table size: 12
	index: 0, handler: __TI_decompress_lzss
	index: 1, handler: __TI_decompress_none
	index: 2, handler: __TI_zero_init


GLOBAL SYMBOLS: SORTED ALPHABETICALLY BY Name 

address   name                               
-------   ----                               
0001203d  ADC0_IRQHandler                    
0001203d  ADC1_IRQHandler                    
0001203d  AES_IRQHandler                     
202003d4  BusFreq                            
0001245c  C$$EXIT                            
00011c2d  C$$IO$$                            
0001203d  CANFD0_IRQHandler                  
0001203d  DAC0_IRQHandler                    
0001203d  DMA_IRQHandler                     
0001203d  Default_Handler                    
0001203d  GROUP0_IRQHandler                  
0001203d  GROUP1_IRQHandler                  
00011741  HOSTclose                          
0001100d  HOSTlseek                          
00011221  HOSTopen                           
000113a1  HOSTread                           
00011079  HOSTrename                         
00011789  HOSTunlink                         
000113f9  HOSTwrite                          
00012059  HardFault_Handler                  
0001203d  I2C0_IRQHandler                    
0001203d  I2C1_IRQHandler                    
202003d8  M                                  
202007e0  Message                            
202007f4  Messageindex                       
0001203d  NMI_Handler                        
0001203d  PendSV_Handler                     
0001203d  RTC_IRQHandler                     
00012455  Reset_Handler                      
0000e368  SHT$$INIT_ARRAY$$Base              
0000e36c  SHT$$INIT_ARRAY$$Limit             
0001203d  SPI0_IRQHandler                    
0001203d  SPI1_IRQHandler                    
0001203d  SVC_Handler                        
202003ac  Sensor                             
2020080c  StTextColor                        
202003dc  StX                                
202003e0  StY                                
00011281  SysTick_Handler                    
202007f8  TExaSLogic                         
202007fc  TExaSadc                           
0001203d  TIMA0_IRQHandler                   
0001203d  TIMA1_IRQHandler                   
0001203d  TIMG0_IRQHandler                   
0000f08d  TIMG12_IRQHandler                  
0001203d  TIMG6_IRQHandler                   
000118ed  TIMG7_IRQHandler                   
0001203d  TIMG8_IRQHandler                   
00012247  TI_memcpy_small                    
00012323  TI_memset_small                    
0001203d  UART0_IRQHandler                   
0001203d  UART1_IRQHandler                   
0001203d  UART2_IRQHandler                   
0001203d  UART3_IRQHandler                   
20200620  _CIOBUF_                           
00012331  _Z10Clock_Freqv                    
00012181  _Z10SeedRandomj                    
000116f5  _Z10Sound_Initv                    
00011451  _Z10TExaS_InitP10ADC12_RegsjPFhvE  
0001226b  _Z11Clock_Delayj                   
000119ed  _Z11SPI_OutDatac                   
00012075  _Z11ST7735_openPKcji               
00012129  _Z11ST7735_readiPcj                
00012195  _Z11Sound_Shootv                   
00011655  _Z11Sound_StartPKhj                
00011e1d  _Z11Switch_Initv                   
00011559  _Z11fillmessagej                   
0000f7b9  _Z12DrawMainMenuv                  
00010885  _Z12ST7735_InitR10initRFlags       
00012415  _Z12ST7735_closei                  
000122eb  _Z12ST7735_lseekili                
00011a95  _Z12ST7735_writeiPKcj              
000121a9  _Z12Sound_Killedv                  
0001233d  _Z13ST7735_renamePKcS0_            
0001241f  _Z13ST7735_unlinkPKc               
000112e1  _Z13TimerG12_Initv                 
00011ac9  _Z14Clock_Delay1msj                
00010dad  _Z14LaunchPad_Initv                
000117d1  _Z14SPI_OutCommandc                
00010241  _Z14ST7735_OutCharc                
00010a65  _Z14ST7735_OutUDecj                
00010739  _Z14TimerG7_IntArmtjj              
00011a25  _Z15ActivatePortA_Bv               
0000f45d  _Z15Clock_Init80MHzi               
00011cd1  _Z15ST7735_Color565hhh             
0000f611  _Z15ST7735_DrawCharsscssh          
0000fd35  _Z15ST7735_FillRectsssst           
000121bd  _Z15Sound_Explosionv               
00010b01  _Z15TimerG12_IntArmjj              
0000f279  _Z16DrawInstructionsv              
00011ee5  _Z16ST7735_OutStringPc             
00011afd  _Z16ST7735_SetCursorjj             
0000ee7d  _Z17ST7735_DrawBitmapssPKtss       
00010ca9  _Z17ST7735_DrawStringttPcs         
00011dc5  _Z17ST7735_FillScreent             
00010925  _Z17ST7735_InitPrintf10initRFlags  
000121d1  _Z18Sound_Fastinvader1v            
000121e5  _Z19ST7735_SetTextColort           
000105d9  _Z20ST7735_DrawFastHLinessst       
00012349  _Z22__throw_bad_alloc_shimv        
0001227d  _Z28TExaS_LaunchPadLogicPB27PB26v  
000120e1  _Z6Randomj                         
0000fc0d  _Z8ADC_InitP10ADC12_Regsjj         
00012433  _Z8DAC5_Outj                       
0000ebd5  _Z8InitGamev                       
00011b31  _Z8LED_Initv                       
00012429  _Z8PLL_Initv                       
00011f7d  _Z8Random32v                       
0001005d  _Z8SPI_Initv                       
00011e45  _Z9ADC_StartP10ADC12_Regs          
00010883  _Z9DAC5_Initv                      
00010689  _Z9DrawTitlev                      
0001192d  _Z9SPI_Resetv                      
00011f59  _Z9Switch_Inv                      
00010329  _Z9UART_Initv                      
0001228d  _ZN10GameObjectC2Ev                
00011f9d  _ZN3Peg11isDestroyedEv             
00012355  _ZN3Peg4getXEv                     
00012361  _ZN3Peg4getYEv                     
000114a9  _ZN3Peg4initEiiaa                  
0001236d  _ZN3Peg8getImageEv                 
0001229d  _ZN3Peg9updatePegEv                
00011f31  _ZN3PegC1Ev                        
00011f31  _ZN3PegC2Ev                        
00011341  _ZN4Ball14checkCollisionEtt        
00010f9d  _ZN4Ball18checkHoleCollisionEtt    
00012379  _ZN4Ball4getXEv                    
00012385  _ZN4Ball4getYEv                    
00010d2d  _ZN4Ball5isqrtEi                   
00011b65  _ZN4Ball5resetEh                   
0000f939  _ZN4Ball6bounceEtt                 
00011fbd  _ZN4Ball6isLostEv                  
00012391  _ZN4Ball8getImageEv                
0000ff61  _ZN4Ball8moveBallEv                
000122ad  _ZN4Ball9getActiveEv               
0001213f  _ZN4Ball9setActiveEb               
000110e5  _ZN4BallC1Eh                       
000110e5  _ZN4BallC2Eh                       
0001239d  _ZN4Hole4getXEv                    
000123a9  _ZN4Hole4getYEv                    
000123b5  _ZN4Hole8getImageEv                
000118a9  _ZN4Hole8moveHoleEv                
00011a5d  _ZN4HoleC1Ev                       
00011a5d  _ZN4HoleC2Ev                       
000123c1  _ZN5Level8getImageEv               
00011819  _ZN5LevelC1Eh                      
00011819  _ZN5LevelC2Eh                      
00011861  _ZN8SlidePot2InEv                  
00010e29  _ZN8SlidePot4InitEv                
00012091  _ZN8SlidePot7ConvertEj             
000122f9  _ZN8SlidePotC1Ejj                  
000122f9  _ZN8SlidePotC2Ejj                  
00012235  _ZN9GameState15setCurrentLevelEh   
00011d35  _ZN9GameState7useBallEv            
000121f9  _ZN9GameState9addPointsEj          
00012155  _ZN9GameState9nextLevelEv          
000120f9  _ZN9GameState9resetGameEv          
0001220d  _ZN9GameStateC1Ev                  
0001220d  _ZN9GameStateC2Ev                  
000122bd  _ZNK9GameState10isGameOverEv       
000123cd  _ZNK9GameState15getCurrentLevelEv  
000123d9  _ZNK9GameState17getBallsRemainingEv
000123e5  _ZNK9GameState8getScoreEv          
000123f1  _ZSt15get_new_handlerv             
0001243b  _ZdlPv                             
00012221  _Znwj                              
20200620  __CIOBUF_                          
20208000  __STACK_END                        
00000200  __STACK_SIZE                       
00000200  __SYSMEM_SIZE                      
00000000  __TI_ATRegion0_region_sz           
00000000  __TI_ATRegion0_src_addr            
00000000  __TI_ATRegion0_trg_addr            
00000000  __TI_ATRegion1_region_sz           
00000000  __TI_ATRegion1_src_addr            
00000000  __TI_ATRegion1_trg_addr            
00000000  __TI_ATRegion2_region_sz           
00000000  __TI_ATRegion2_src_addr            
00000000  __TI_ATRegion2_trg_addr            
000124e4  __TI_CINIT_Base                    
000124f4  __TI_CINIT_Limit                   
000124f4  __TI_CINIT_Warm                    
000124d0  __TI_Handler_Table_Base            
000124dc  __TI_Handler_Table_Limit           
000115ad  __TI_auto_init_nobinit             
00011b99  __TI_cleanup                       
202003cc  __TI_cleanup_ptr                   
00010ea5  __TI_closefile                     
00010f21  __TI_decompress_lzss               
00012259  __TI_decompress_none               
00011601  __TI_doflush                       
202003d0  __TI_dtors_ptr                     
202003e4  __TI_ft_end                        
ffffffff  __TI_pprof_out_hndl                
ffffffff  __TI_prof_data_size                
ffffffff  __TI_prof_data_start               
00011bcd  __TI_readmsg                       
00000000  __TI_static_base__                 
20200740  __TI_tmpnams                       
00011c01  __TI_writemsg                      
0001216b  __TI_zero_init_nomemset            
00011501  __aeabi_idiv                       
00010dab  __aeabi_idiv0                      
00011501  __aeabi_idivmod                    
000123fd  __aeabi_memclr                     
000123fd  __aeabi_memclr4                    
000123fd  __aeabi_memclr8                    
00012445  __aeabi_memcpy                     
00012445  __aeabi_memcpy4                    
00012445  __aeabi_memcpy8                    
0001196d  __aeabi_uidiv                      
0001196d  __aeabi_uidivmod                   
ffffffff  __binit__                          
202003e8  __cxa_new_handler                  
UNDEFED   __mpu_init                         
20207e00  __stack                            
20200000  __start___llvm_prf_bits            
20200000  __start___llvm_prf_cnts            
20200000  __stop___llvm_prf_bits             
20200000  __stop___llvm_prf_cnts             
00011ebd  _c_int00_noargs                    
202002e4  _device                            
202001f4  _ftable                            
202003ec  _lock                              
00011557  _nop                               
2020035c  _stream                            
20200420  _sys_memory                        
UNDEFED   _system_post_cinit                 
00010c1d  _system_pre_init                   
202003f0  _unlock                            
0001245d  abort                              
00012459  abort_message                      
00010155  add_device                         
0000fe4d  aligned_alloc                      
ffffffff  binit                              
000116a5  close                              
202003f4  currBall                           
202003f8  currentLevel                       
20200800  data                               
00011c35  exit                               
00011c69  finddevice                         
00011d95  fopen                              
00010411  free                               
00011c9d  freopen                            
202003c0  gameState                          
00011151  getdevice                          
20200804  input                              
00000000  interruptVectors                   
20200415  isPlaying                          
0000e371  main                               
00012409  malloc                             
0000fe4d  memalign                           
20200416  menuState                          
202003fc  movingHole                         
000109c5  open                               
202007ec  parmbuf                            
20200417  pegCount                           
20200000  pegs                               
0001244d  remove                             
20200419  selectedOption                     
000104f9  setvbuf                            
20200400  soundIndex                         
20200404  soundLen                           
20200408  soundPtr                           
00010c21  strcmp                             
2020041a  transitionedToGameOver             
00011df1  unlink                             
00011e95  write                              


GLOBAL SYMBOLS: SORTED BY Symbol Address 

address   name                               
-------   ----                               
00000000  __TI_ATRegion0_region_sz           
00000000  __TI_ATRegion0_src_addr            
00000000  __TI_ATRegion0_trg_addr            
00000000  __TI_ATRegion1_region_sz           
00000000  __TI_ATRegion1_src_addr            
00000000  __TI_ATRegion1_trg_addr            
00000000  __TI_ATRegion2_region_sz           
00000000  __TI_ATRegion2_src_addr            
00000000  __TI_ATRegion2_trg_addr            
00000000  __TI_static_base__                 
00000000  interruptVectors                   
00000200  __STACK_SIZE                       
00000200  __SYSMEM_SIZE                      
0000e368  SHT$$INIT_ARRAY$$Base              
0000e36c  SHT$$INIT_ARRAY$$Limit             
0000e371  main                               
0000ebd5  _Z8InitGamev                       
0000ee7d  _Z17ST7735_DrawBitmapssPKtss       
0000f08d  TIMG12_IRQHandler                  
0000f279  _Z16DrawInstructionsv              
0000f45d  _Z15Clock_Init80MHzi               
0000f611  _Z15ST7735_DrawCharsscssh          
0000f7b9  _Z12DrawMainMenuv                  
0000f939  _ZN4Ball6bounceEtt                 
0000fc0d  _Z8ADC_InitP10ADC12_Regsjj         
0000fd35  _Z15ST7735_FillRectsssst           
0000fe4d  aligned_alloc                      
0000fe4d  memalign                           
0000ff61  _ZN4Ball8moveBallEv                
0001005d  _Z8SPI_Initv                       
00010155  add_device                         
00010241  _Z14ST7735_OutCharc                
00010329  _Z9UART_Initv                      
00010411  free                               
000104f9  setvbuf                            
000105d9  _Z20ST7735_DrawFastHLinessst       
00010689  _Z9DrawTitlev                      
00010739  _Z14TimerG7_IntArmtjj              
00010883  _Z9DAC5_Initv                      
00010885  _Z12ST7735_InitR10initRFlags       
00010925  _Z17ST7735_InitPrintf10initRFlags  
000109c5  open                               
00010a65  _Z14ST7735_OutUDecj                
00010b01  _Z15TimerG12_IntArmjj              
00010c1d  _system_pre_init                   
00010c21  strcmp                             
00010ca9  _Z17ST7735_DrawStringttPcs         
00010d2d  _ZN4Ball5isqrtEi                   
00010dab  __aeabi_idiv0                      
00010dad  _Z14LaunchPad_Initv                
00010e29  _ZN8SlidePot4InitEv                
00010ea5  __TI_closefile                     
00010f21  __TI_decompress_lzss               
00010f9d  _ZN4Ball18checkHoleCollisionEtt    
0001100d  HOSTlseek                          
00011079  HOSTrename                         
000110e5  _ZN4BallC1Eh                       
000110e5  _ZN4BallC2Eh                       
00011151  getdevice                          
00011221  HOSTopen                           
00011281  SysTick_Handler                    
000112e1  _Z13TimerG12_Initv                 
00011341  _ZN4Ball14checkCollisionEtt        
000113a1  HOSTread                           
000113f9  HOSTwrite                          
00011451  _Z10TExaS_InitP10ADC12_RegsjPFhvE  
000114a9  _ZN3Peg4initEiiaa                  
00011501  __aeabi_idiv                       
00011501  __aeabi_idivmod                    
00011557  _nop                               
00011559  _Z11fillmessagej                   
000115ad  __TI_auto_init_nobinit             
00011601  __TI_doflush                       
00011655  _Z11Sound_StartPKhj                
000116a5  close                              
000116f5  _Z10Sound_Initv                    
00011741  HOSTclose                          
00011789  HOSTunlink                         
000117d1  _Z14SPI_OutCommandc                
00011819  _ZN5LevelC1Eh                      
00011819  _ZN5LevelC2Eh                      
00011861  _ZN8SlidePot2InEv                  
000118a9  _ZN4Hole8moveHoleEv                
000118ed  TIMG7_IRQHandler                   
0001192d  _Z9SPI_Resetv                      
0001196d  __aeabi_uidiv                      
0001196d  __aeabi_uidivmod                   
000119ed  _Z11SPI_OutDatac                   
00011a25  _Z15ActivatePortA_Bv               
00011a5d  _ZN4HoleC1Ev                       
00011a5d  _ZN4HoleC2Ev                       
00011a95  _Z12ST7735_writeiPKcj              
00011ac9  _Z14Clock_Delay1msj                
00011afd  _Z16ST7735_SetCursorjj             
00011b31  _Z8LED_Initv                       
00011b65  _ZN4Ball5resetEh                   
00011b99  __TI_cleanup                       
00011bcd  __TI_readmsg                       
00011c01  __TI_writemsg                      
00011c2d  C$$IO$$                            
00011c35  exit                               
00011c69  finddevice                         
00011c9d  freopen                            
00011cd1  _Z15ST7735_Color565hhh             
00011d35  _ZN9GameState7useBallEv            
00011d95  fopen                              
00011dc5  _Z17ST7735_FillScreent             
00011df1  unlink                             
00011e1d  _Z11Switch_Initv                   
00011e45  _Z9ADC_StartP10ADC12_Regs          
00011e95  write                              
00011ebd  _c_int00_noargs                    
00011ee5  _Z16ST7735_OutStringPc             
00011f31  _ZN3PegC1Ev                        
00011f31  _ZN3PegC2Ev                        
00011f59  _Z9Switch_Inv                      
00011f7d  _Z8Random32v                       
00011f9d  _ZN3Peg11isDestroyedEv             
00011fbd  _ZN4Ball6isLostEv                  
0001203d  ADC0_IRQHandler                    
0001203d  ADC1_IRQHandler                    
0001203d  AES_IRQHandler                     
0001203d  CANFD0_IRQHandler                  
0001203d  DAC0_IRQHandler                    
0001203d  DMA_IRQHandler                     
0001203d  Default_Handler                    
0001203d  GROUP0_IRQHandler                  
0001203d  GROUP1_IRQHandler                  
0001203d  I2C0_IRQHandler                    
0001203d  I2C1_IRQHandler                    
0001203d  NMI_Handler                        
0001203d  PendSV_Handler                     
0001203d  RTC_IRQHandler                     
0001203d  SPI0_IRQHandler                    
0001203d  SPI1_IRQHandler                    
0001203d  SVC_Handler                        
0001203d  TIMA0_IRQHandler                   
0001203d  TIMA1_IRQHandler                   
0001203d  TIMG0_IRQHandler                   
0001203d  TIMG6_IRQHandler                   
0001203d  TIMG8_IRQHandler                   
0001203d  UART0_IRQHandler                   
0001203d  UART1_IRQHandler                   
0001203d  UART2_IRQHandler                   
0001203d  UART3_IRQHandler                   
00012059  HardFault_Handler                  
00012075  _Z11ST7735_openPKcji               
00012091  _ZN8SlidePot7ConvertEj             
000120e1  _Z6Randomj                         
000120f9  _ZN9GameState9resetGameEv          
00012129  _Z11ST7735_readiPcj                
0001213f  _ZN4Ball9setActiveEb               
00012155  _ZN9GameState9nextLevelEv          
0001216b  __TI_zero_init_nomemset            
00012181  _Z10SeedRandomj                    
00012195  _Z11Sound_Shootv                   
000121a9  _Z12Sound_Killedv                  
000121bd  _Z15Sound_Explosionv               
000121d1  _Z18Sound_Fastinvader1v            
000121e5  _Z19ST7735_SetTextColort           
000121f9  _ZN9GameState9addPointsEj          
0001220d  _ZN9GameStateC1Ev                  
0001220d  _ZN9GameStateC2Ev                  
00012221  _Znwj                              
00012235  _ZN9GameState15setCurrentLevelEh   
00012247  TI_memcpy_small                    
00012259  __TI_decompress_none               
0001226b  _Z11Clock_Delayj                   
0001227d  _Z28TExaS_LaunchPadLogicPB27PB26v  
0001228d  _ZN10GameObjectC2Ev                
0001229d  _ZN3Peg9updatePegEv                
000122ad  _ZN4Ball9getActiveEv               
000122bd  _ZNK9GameState10isGameOverEv       
000122eb  _Z12ST7735_lseekili                
000122f9  _ZN8SlidePotC1Ejj                  
000122f9  _ZN8SlidePotC2Ejj                  
00012323  TI_memset_small                    
00012331  _Z10Clock_Freqv                    
0001233d  _Z13ST7735_renamePKcS0_            
00012349  _Z22__throw_bad_alloc_shimv        
00012355  _ZN3Peg4getXEv                     
00012361  _ZN3Peg4getYEv                     
0001236d  _ZN3Peg8getImageEv                 
00012379  _ZN4Ball4getXEv                    
00012385  _ZN4Ball4getYEv                    
00012391  _ZN4Ball8getImageEv                
0001239d  _ZN4Hole4getXEv                    
000123a9  _ZN4Hole4getYEv                    
000123b5  _ZN4Hole8getImageEv                
000123c1  _ZN5Level8getImageEv               
000123cd  _ZNK9GameState15getCurrentLevelEv  
000123d9  _ZNK9GameState17getBallsRemainingEv
000123e5  _ZNK9GameState8getScoreEv          
000123f1  _ZSt15get_new_handlerv             
000123fd  __aeabi_memclr                     
000123fd  __aeabi_memclr4                    
000123fd  __aeabi_memclr8                    
00012409  malloc                             
00012415  _Z12ST7735_closei                  
0001241f  _Z13ST7735_unlinkPKc               
00012429  _Z8PLL_Initv                       
00012433  _Z8DAC5_Outj                       
0001243b  _ZdlPv                             
00012445  __aeabi_memcpy                     
00012445  __aeabi_memcpy4                    
00012445  __aeabi_memcpy8                    
0001244d  remove                             
00012455  Reset_Handler                      
00012459  abort_message                      
0001245c  C$$EXIT                            
0001245d  abort                              
000124d0  __TI_Handler_Table_Base            
000124dc  __TI_Handler_Table_Limit           
000124e4  __TI_CINIT_Base                    
000124f4  __TI_CINIT_Limit                   
000124f4  __TI_CINIT_Warm                    
20200000  __start___llvm_prf_bits            
20200000  __start___llvm_prf_cnts            
20200000  __stop___llvm_prf_bits             
20200000  __stop___llvm_prf_cnts             
20200000  pegs                               
202001f4  _ftable                            
202002e4  _device                            
2020035c  _stream                            
202003ac  Sensor                             
202003c0  gameState                          
202003cc  __TI_cleanup_ptr                   
202003d0  __TI_dtors_ptr                     
202003d4  BusFreq                            
202003d8  M                                  
202003dc  StX                                
202003e0  StY                                
202003e4  __TI_ft_end                        
202003e8  __cxa_new_handler                  
202003ec  _lock                              
202003f0  _unlock                            
202003f4  currBall                           
202003f8  currentLevel                       
202003fc  movingHole                         
20200400  soundIndex                         
20200404  soundLen                           
20200408  soundPtr                           
20200415  isPlaying                          
20200416  menuState                          
20200417  pegCount                           
20200419  selectedOption                     
2020041a  transitionedToGameOver             
20200420  _sys_memory                        
20200620  _CIOBUF_                           
20200620  __CIOBUF_                          
20200740  __TI_tmpnams                       
202007e0  Message                            
202007ec  parmbuf                            
202007f4  Messageindex                       
202007f8  TExaSLogic                         
202007fc  TExaSadc                           
20200800  data                               
20200804  input                              
2020080c  StTextColor                        
20207e00  __stack                            
20208000  __STACK_END                        
ffffffff  __TI_pprof_out_hndl                
ffffffff  __TI_prof_data_size                
ffffffff  __TI_prof_data_start               
ffffffff  __binit__                          
ffffffff  binit                              
UNDEFED   __mpu_init                         
UNDEFED   _system_post_cinit                 

[268 symbols]
