<?xml version="1.0" encoding="ISO-8859-1" ?>
<link_info>
   <banner>TI ARM Clang Linker PC v4.0.1.LTS</banner>
   <copyright>Copyright (c) 1996-2018 Texas Instruments Incorporated</copyright>
   <command_line>C:\ti\ccs2000\ccs\tools\compiler\ti-cgt-armllvm_4.0.1.LTS\bin\tiarmlnk -IC:\ti\ccs2000\ccs\tools\compiler\ti-cgt-armllvm_4.0.1.LTS\lib -o ECE319K_Lab9H.out -mECE319K_Lab9H.map --heap_size=512 --stack_size=512 -iC:/Users/saket/Downloads/MSPM0_ValvanoWare/Peggle/Debug/syscfg -iC:/ti/ccs2000/ccs/tools/compiler/ti-cgt-armllvm_4.0.1.LTS/lib --diag_wrap=off --display_error_number --warn_sections --xml_link_info=ECE319K_Lab9H_linkInfo.xml --rom_model ./Ball.o ./Clock.o ./DAC5.o ./GameState.o ./Hole.o ./LED.o ./Lab9HMain.o ./LaunchPad.o ./Level.o ./Peg.o ./SPI.o ./ST7735.o ./SlidePot.o ./SmallFont.o ./Sound.o ./Sounds.o ./Switch.o ./TExaS.o ./Timer.o ./images/pipedreams/PipeSound.o ./ticlang/startup_mspm0g3507_ticlang.o ../mspm0g3507.cmd -lC:/ti/mspm0_sdk_2_03_00_07/source/ti/driverlib/lib/ticlang/m0p/mspm0g1x0x_g3x0x/driverlib.a -llibc.a --start-group -llibc++.a -llibc++abi.a -llibc.a -llibsys.a -llibsysbm.a -llibclang_rt.builtins.a -llibclang_rt.profile.a --end-group --cg_opt_level=0</command_line>
   <link_time>0x6806b847</link_time>
   <link_errors>0x0</link_errors>
   <output_file>C:\Users\saket\Downloads\MSPM0_ValvanoWare\Peggle\Debug\ECE319K_Lab9H.out</output_file>
   <entry_point>
      <name>_c_int00_noargs</name>
      <address>0x124e5</address>
   </entry_point>
   <input_file_list>
      <input_file id="fl-1">
         <path>C:\Users\saket\Downloads\MSPM0_ValvanoWare\Peggle\Debug\.\</path>
         <kind>object</kind>
         <file>Ball.o</file>
         <name>Ball.o</name>
      </input_file>
      <input_file id="fl-2">
         <path>C:\Users\saket\Downloads\MSPM0_ValvanoWare\Peggle\Debug\.\</path>
         <kind>object</kind>
         <file>Clock.o</file>
         <name>Clock.o</name>
      </input_file>
      <input_file id="fl-3">
         <path>C:\Users\saket\Downloads\MSPM0_ValvanoWare\Peggle\Debug\.\</path>
         <kind>object</kind>
         <file>DAC5.o</file>
         <name>DAC5.o</name>
      </input_file>
      <input_file id="fl-4">
         <path>C:\Users\saket\Downloads\MSPM0_ValvanoWare\Peggle\Debug\.\</path>
         <kind>object</kind>
         <file>GameState.o</file>
         <name>GameState.o</name>
      </input_file>
      <input_file id="fl-5">
         <path>C:\Users\saket\Downloads\MSPM0_ValvanoWare\Peggle\Debug\.\</path>
         <kind>object</kind>
         <file>Hole.o</file>
         <name>Hole.o</name>
      </input_file>
      <input_file id="fl-6">
         <path>C:\Users\saket\Downloads\MSPM0_ValvanoWare\Peggle\Debug\.\</path>
         <kind>object</kind>
         <file>LED.o</file>
         <name>LED.o</name>
      </input_file>
      <input_file id="fl-7">
         <path>C:\Users\saket\Downloads\MSPM0_ValvanoWare\Peggle\Debug\.\</path>
         <kind>object</kind>
         <file>Lab9HMain.o</file>
         <name>Lab9HMain.o</name>
      </input_file>
      <input_file id="fl-8">
         <path>C:\Users\saket\Downloads\MSPM0_ValvanoWare\Peggle\Debug\.\</path>
         <kind>object</kind>
         <file>LaunchPad.o</file>
         <name>LaunchPad.o</name>
      </input_file>
      <input_file id="fl-9">
         <path>C:\Users\saket\Downloads\MSPM0_ValvanoWare\Peggle\Debug\.\</path>
         <kind>object</kind>
         <file>Level.o</file>
         <name>Level.o</name>
      </input_file>
      <input_file id="fl-a">
         <path>C:\Users\saket\Downloads\MSPM0_ValvanoWare\Peggle\Debug\.\</path>
         <kind>object</kind>
         <file>Peg.o</file>
         <name>Peg.o</name>
      </input_file>
      <input_file id="fl-b">
         <path>C:\Users\saket\Downloads\MSPM0_ValvanoWare\Peggle\Debug\.\</path>
         <kind>object</kind>
         <file>SPI.o</file>
         <name>SPI.o</name>
      </input_file>
      <input_file id="fl-c">
         <path>C:\Users\saket\Downloads\MSPM0_ValvanoWare\Peggle\Debug\.\</path>
         <kind>object</kind>
         <file>ST7735.o</file>
         <name>ST7735.o</name>
      </input_file>
      <input_file id="fl-d">
         <path>C:\Users\saket\Downloads\MSPM0_ValvanoWare\Peggle\Debug\.\</path>
         <kind>object</kind>
         <file>SlidePot.o</file>
         <name>SlidePot.o</name>
      </input_file>
      <input_file id="fl-e">
         <path>C:\Users\saket\Downloads\MSPM0_ValvanoWare\Peggle\Debug\.\</path>
         <kind>object</kind>
         <file>SmallFont.o</file>
         <name>SmallFont.o</name>
      </input_file>
      <input_file id="fl-f">
         <path>C:\Users\saket\Downloads\MSPM0_ValvanoWare\Peggle\Debug\.\</path>
         <kind>object</kind>
         <file>Sound.o</file>
         <name>Sound.o</name>
      </input_file>
      <input_file id="fl-10">
         <path>C:\Users\saket\Downloads\MSPM0_ValvanoWare\Peggle\Debug\.\</path>
         <kind>object</kind>
         <file>Sounds.o</file>
         <name>Sounds.o</name>
      </input_file>
      <input_file id="fl-11">
         <path>C:\Users\saket\Downloads\MSPM0_ValvanoWare\Peggle\Debug\.\</path>
         <kind>object</kind>
         <file>Switch.o</file>
         <name>Switch.o</name>
      </input_file>
      <input_file id="fl-12">
         <path>C:\Users\saket\Downloads\MSPM0_ValvanoWare\Peggle\Debug\.\</path>
         <kind>object</kind>
         <file>TExaS.o</file>
         <name>TExaS.o</name>
      </input_file>
      <input_file id="fl-13">
         <path>C:\Users\saket\Downloads\MSPM0_ValvanoWare\Peggle\Debug\.\</path>
         <kind>object</kind>
         <file>Timer.o</file>
         <name>Timer.o</name>
      </input_file>
      <input_file id="fl-14">
         <path>C:\Users\saket\Downloads\MSPM0_ValvanoWare\Peggle\Debug\.\images\pipedreams\</path>
         <kind>object</kind>
         <file>PipeSound.o</file>
         <name>PipeSound.o</name>
      </input_file>
      <input_file id="fl-15">
         <path>C:\Users\saket\Downloads\MSPM0_ValvanoWare\Peggle\Debug\.\ticlang\</path>
         <kind>object</kind>
         <file>startup_mspm0g3507_ticlang.o</file>
         <name>startup_mspm0g3507_ticlang.o</name>
      </input_file>
      <input_file id="fl-21">
         <path>C:\Users\saket\Downloads\MSPM0_ValvanoWare\Peggle\Debug\</path>
         <kind>object</kind>
         <file>&lt;internal&gt;</file>
         <name>&lt;internal&gt;</name>
      </input_file>
      <input_file id="fl-36">
         <path>C:\ti\ccs2000\ccs\tools\compiler\ti-cgt-armllvm_4.0.1.LTS\lib\armv6m-ti-none-eabi\c\</path>
         <kind>archive</kind>
         <file>libc.a</file>
         <name>fopen.c.obj</name>
      </input_file>
      <input_file id="fl-37">
         <path>C:\ti\ccs2000\ccs\tools\compiler\ti-cgt-armllvm_4.0.1.LTS\lib\armv6m-ti-none-eabi\c\</path>
         <kind>archive</kind>
         <file>libc.a</file>
         <name>setvbuf.c.obj</name>
      </input_file>
      <input_file id="fl-38">
         <path>C:\ti\ccs2000\ccs\tools\compiler\ti-cgt-armllvm_4.0.1.LTS\lib\armv6m-ti-none-eabi\c\</path>
         <kind>archive</kind>
         <file>libc.a</file>
         <name>aeabi_portable.c.obj</name>
      </input_file>
      <input_file id="fl-39">
         <path>C:\ti\ccs2000\ccs\tools\compiler\ti-cgt-armllvm_4.0.1.LTS\lib\armv6m-ti-none-eabi\c\</path>
         <kind>archive</kind>
         <file>libc.a</file>
         <name>exit.c.obj</name>
      </input_file>
      <input_file id="fl-3a">
         <path>C:\ti\ccs2000\ccs\tools\compiler\ti-cgt-armllvm_4.0.1.LTS\lib\armv6m-ti-none-eabi\c\</path>
         <kind>archive</kind>
         <file>libc.a</file>
         <name>_lock.c.obj</name>
      </input_file>
      <input_file id="fl-3b">
         <path>C:\ti\ccs2000\ccs\tools\compiler\ti-cgt-armllvm_4.0.1.LTS\lib\armv6m-ti-none-eabi\c\</path>
         <kind>archive</kind>
         <file>libc.a</file>
         <name>assert.c.obj</name>
      </input_file>
      <input_file id="fl-3c">
         <path>C:\ti\ccs2000\ccs\tools\compiler\ti-cgt-armllvm_4.0.1.LTS\lib\armv6m-ti-none-eabi\c\</path>
         <kind>archive</kind>
         <file>libc.a</file>
         <name>defs.c.obj</name>
      </input_file>
      <input_file id="fl-3d">
         <path>C:\ti\ccs2000\ccs\tools\compiler\ti-cgt-armllvm_4.0.1.LTS\lib\armv6m-ti-none-eabi\c\</path>
         <kind>archive</kind>
         <file>libc.a</file>
         <name>memory.c.obj</name>
      </input_file>
      <input_file id="fl-3e">
         <path>C:\ti\ccs2000\ccs\tools\compiler\ti-cgt-armllvm_4.0.1.LTS\lib\armv6m-ti-none-eabi\c\</path>
         <kind>archive</kind>
         <file>libc.a</file>
         <name>copy_zero_init.c.obj</name>
      </input_file>
      <input_file id="fl-3f">
         <path>C:\ti\ccs2000\ccs\tools\compiler\ti-cgt-armllvm_4.0.1.LTS\lib\armv6m-ti-none-eabi\c\</path>
         <kind>archive</kind>
         <file>libc.a</file>
         <name>copy_decompress_none.c.obj</name>
      </input_file>
      <input_file id="fl-40">
         <path>C:\ti\ccs2000\ccs\tools\compiler\ti-cgt-armllvm_4.0.1.LTS\lib\armv6m-ti-none-eabi\c\</path>
         <kind>archive</kind>
         <file>libc.a</file>
         <name>copy_decompress_lzss.c.obj</name>
      </input_file>
      <input_file id="fl-41">
         <path>C:\ti\ccs2000\ccs\tools\compiler\ti-cgt-armllvm_4.0.1.LTS\lib\armv6m-ti-none-eabi\c\</path>
         <kind>archive</kind>
         <file>libc.a</file>
         <name>boot_cortex_m.c.obj</name>
      </input_file>
      <input_file id="fl-42">
         <path>C:\ti\ccs2000\ccs\tools\compiler\ti-cgt-armllvm_4.0.1.LTS\lib\armv6m-ti-none-eabi\c\</path>
         <kind>archive</kind>
         <file>libc.a</file>
         <name>mathacl_init.c.obj</name>
      </input_file>
      <input_file id="fl-43">
         <path>C:\ti\ccs2000\ccs\tools\compiler\ti-cgt-armllvm_4.0.1.LTS\lib\armv6m-ti-none-eabi\c\</path>
         <kind>archive</kind>
         <file>libc.a</file>
         <name>sprintf.c.obj</name>
      </input_file>
      <input_file id="fl-44">
         <path>C:\ti\ccs2000\ccs\tools\compiler\ti-cgt-armllvm_4.0.1.LTS\lib\armv6m-ti-none-eabi\c\</path>
         <kind>archive</kind>
         <file>libc.a</file>
         <name>fclose.c.obj</name>
      </input_file>
      <input_file id="fl-45">
         <path>C:\ti\ccs2000\ccs\tools\compiler\ti-cgt-armllvm_4.0.1.LTS\lib\armv6m-ti-none-eabi\c\</path>
         <kind>archive</kind>
         <file>libc.a</file>
         <name>fflush.c.obj</name>
      </input_file>
      <input_file id="fl-46">
         <path>C:\ti\ccs2000\ccs\tools\compiler\ti-cgt-armllvm_4.0.1.LTS\lib\armv6m-ti-none-eabi\c\</path>
         <kind>archive</kind>
         <file>libc.a</file>
         <name>fputs.c.obj</name>
      </input_file>
      <input_file id="fl-47">
         <path>C:\ti\ccs2000\ccs\tools\compiler\ti-cgt-armllvm_4.0.1.LTS\lib\armv6m-ti-none-eabi\c\</path>
         <kind>archive</kind>
         <file>libc.a</file>
         <name>_io_perm.c.obj</name>
      </input_file>
      <input_file id="fl-48">
         <path>C:\ti\ccs2000\ccs\tools\compiler\ti-cgt-armllvm_4.0.1.LTS\lib\armv6m-ti-none-eabi\c\</path>
         <kind>archive</kind>
         <file>libc.a</file>
         <name>args_main.c.obj</name>
      </input_file>
      <input_file id="fl-49">
         <path>C:\ti\ccs2000\ccs\tools\compiler\ti-cgt-armllvm_4.0.1.LTS\lib\armv6m-ti-none-eabi\c\</path>
         <kind>archive</kind>
         <file>libc.a</file>
         <name>autoinit.c.obj</name>
      </input_file>
      <input_file id="fl-4a">
         <path>C:\ti\ccs2000\ccs\tools\compiler\ti-cgt-armllvm_4.0.1.LTS\lib\armv6m-ti-none-eabi\c\</path>
         <kind>archive</kind>
         <file>libc.a</file>
         <name>pre_init.c.obj</name>
      </input_file>
      <input_file id="fl-4b">
         <path>C:\ti\ccs2000\ccs\tools\compiler\ti-cgt-armllvm_4.0.1.LTS\lib\armv6m-ti-none-eabi\c\</path>
         <kind>archive</kind>
         <file>libc.a</file>
         <name>cpy_tbl.c.obj</name>
      </input_file>
      <input_file id="fl-4c">
         <path>C:\ti\ccs2000\ccs\tools\compiler\ti-cgt-armllvm_4.0.1.LTS\lib\armv6m-ti-none-eabi\c\</path>
         <kind>archive</kind>
         <file>libc.a</file>
         <name>_printfi.c.obj</name>
      </input_file>
      <input_file id="fl-4d">
         <path>C:\ti\ccs2000\ccs\tools\compiler\ti-cgt-armllvm_4.0.1.LTS\lib\armv6m-ti-none-eabi\c\</path>
         <kind>archive</kind>
         <file>libc.a</file>
         <name>fseek.c.obj</name>
      </input_file>
      <input_file id="fl-4e">
         <path>C:\ti\ccs2000\ccs\tools\compiler\ti-cgt-armllvm_4.0.1.LTS\lib\armv6m-ti-none-eabi\c\</path>
         <kind>archive</kind>
         <file>libc.a</file>
         <name>wcslen.c.obj</name>
      </input_file>
      <input_file id="fl-4f">
         <path>C:\ti\ccs2000\ccs\tools\compiler\ti-cgt-armllvm_4.0.1.LTS\lib\armv6m-ti-none-eabi\c\</path>
         <kind>archive</kind>
         <file>libc.a</file>
         <name>_ltoa.c.obj</name>
      </input_file>
      <input_file id="fl-50">
         <path>C:\ti\ccs2000\ccs\tools\compiler\ti-cgt-armllvm_4.0.1.LTS\lib\armv6m-ti-none-eabi\c\</path>
         <kind>archive</kind>
         <file>libc.a</file>
         <name>atoi.c.obj</name>
      </input_file>
      <input_file id="fl-51">
         <path>C:\ti\ccs2000\ccs\tools\compiler\ti-cgt-armllvm_4.0.1.LTS\lib\armv6m-ti-none-eabi\c\</path>
         <kind>archive</kind>
         <file>libc.a</file>
         <name>memccpy.c.obj</name>
      </input_file>
      <input_file id="fl-52">
         <path>C:\ti\ccs2000\ccs\tools\compiler\ti-cgt-armllvm_4.0.1.LTS\lib\armv6m-ti-none-eabi\c\</path>
         <kind>archive</kind>
         <file>libc.a</file>
         <name>s_frexp.c.obj</name>
      </input_file>
      <input_file id="fl-53">
         <path>C:\ti\ccs2000\ccs\tools\compiler\ti-cgt-armllvm_4.0.1.LTS\lib\armv6m-ti-none-eabi\c\</path>
         <kind>archive</kind>
         <file>libc.a</file>
         <name>s_scalbn.c.obj</name>
      </input_file>
      <input_file id="fl-54">
         <path>C:\ti\ccs2000\ccs\tools\compiler\ti-cgt-armllvm_4.0.1.LTS\lib\armv6m-ti-none-eabi\c\</path>
         <kind>archive</kind>
         <file>libc.a</file>
         <name>aeabi_ctype.S.obj</name>
      </input_file>
      <input_file id="fl-ea">
         <path>C:\ti\ccs2000\ccs\tools\compiler\ti-cgt-armllvm_4.0.1.LTS\lib\armv6m-ti-none-eabi\</path>
         <kind>archive</kind>
         <file>libc++abi.a</file>
         <name>stdlib_new_delete.cpp.obj</name>
      </input_file>
      <input_file id="fl-eb">
         <path>C:\ti\ccs2000\ccs\tools\compiler\ti-cgt-armllvm_4.0.1.LTS\lib\armv6m-ti-none-eabi\</path>
         <kind>archive</kind>
         <file>libc++abi.a</file>
         <name>cxa_handlers.cpp.obj</name>
      </input_file>
      <input_file id="fl-ec">
         <path>C:\ti\ccs2000\ccs\tools\compiler\ti-cgt-armllvm_4.0.1.LTS\lib\armv6m-ti-none-eabi\</path>
         <kind>archive</kind>
         <file>libc++abi.a</file>
         <name>abort_message.cpp.obj</name>
      </input_file>
      <input_file id="fl-ed">
         <path>C:\ti\ccs2000\ccs\tools\compiler\ti-cgt-armllvm_4.0.1.LTS\lib\armv6m-ti-none-eabi\</path>
         <kind>archive</kind>
         <file>libc++abi.a</file>
         <name>cxa_default_handlers.cpp.obj</name>
      </input_file>
      <input_file id="fl-ee">
         <path>C:\ti\ccs2000\ccs\tools\compiler\ti-cgt-armllvm_4.0.1.LTS\lib\armv6m-ti-none-eabi\c\</path>
         <kind>archive</kind>
         <file>libsysbm.a</file>
         <name>write.c.obj</name>
      </input_file>
      <input_file id="fl-ef">
         <path>C:\ti\ccs2000\ccs\tools\compiler\ti-cgt-armllvm_4.0.1.LTS\lib\armv6m-ti-none-eabi\c\</path>
         <kind>archive</kind>
         <file>libsysbm.a</file>
         <name>host_device.c.obj</name>
      </input_file>
      <input_file id="fl-f0">
         <path>C:\ti\ccs2000\ccs\tools\compiler\ti-cgt-armllvm_4.0.1.LTS\lib\armv6m-ti-none-eabi\c\</path>
         <kind>archive</kind>
         <file>libsysbm.a</file>
         <name>remove.c.obj</name>
      </input_file>
      <input_file id="fl-f1">
         <path>C:\ti\ccs2000\ccs\tools\compiler\ti-cgt-armllvm_4.0.1.LTS\lib\armv6m-ti-none-eabi\c\</path>
         <kind>archive</kind>
         <file>libsysbm.a</file>
         <name>open.c.obj</name>
      </input_file>
      <input_file id="fl-f2">
         <path>C:\ti\ccs2000\ccs\tools\compiler\ti-cgt-armllvm_4.0.1.LTS\lib\armv6m-ti-none-eabi\c\</path>
         <kind>archive</kind>
         <file>libsysbm.a</file>
         <name>lseek.c.obj</name>
      </input_file>
      <input_file id="fl-f3">
         <path>C:\ti\ccs2000\ccs\tools\compiler\ti-cgt-armllvm_4.0.1.LTS\lib\armv6m-ti-none-eabi\c\</path>
         <kind>archive</kind>
         <file>libsysbm.a</file>
         <name>close.c.obj</name>
      </input_file>
      <input_file id="fl-f4">
         <path>C:\ti\ccs2000\ccs\tools\compiler\ti-cgt-armllvm_4.0.1.LTS\lib\armv6m-ti-none-eabi\c\</path>
         <kind>archive</kind>
         <file>libsysbm.a</file>
         <name>add_device.c.obj</name>
      </input_file>
      <input_file id="fl-f5">
         <path>C:\ti\ccs2000\ccs\tools\compiler\ti-cgt-armllvm_4.0.1.LTS\lib\armv6m-ti-none-eabi\c\</path>
         <kind>archive</kind>
         <file>libsysbm.a</file>
         <name>unlink.c.obj</name>
      </input_file>
      <input_file id="fl-f6">
         <path>C:\ti\ccs2000\ccs\tools\compiler\ti-cgt-armllvm_4.0.1.LTS\lib\armv6m-ti-none-eabi\c\</path>
         <kind>archive</kind>
         <file>libsysbm.a</file>
         <name>hostclose.c.obj</name>
      </input_file>
      <input_file id="fl-f7">
         <path>C:\ti\ccs2000\ccs\tools\compiler\ti-cgt-armllvm_4.0.1.LTS\lib\armv6m-ti-none-eabi\c\</path>
         <kind>archive</kind>
         <file>libsysbm.a</file>
         <name>hostlseek.c.obj</name>
      </input_file>
      <input_file id="fl-f8">
         <path>C:\ti\ccs2000\ccs\tools\compiler\ti-cgt-armllvm_4.0.1.LTS\lib\armv6m-ti-none-eabi\c\</path>
         <kind>archive</kind>
         <file>libsysbm.a</file>
         <name>hostopen.c.obj</name>
      </input_file>
      <input_file id="fl-f9">
         <path>C:\ti\ccs2000\ccs\tools\compiler\ti-cgt-armllvm_4.0.1.LTS\lib\armv6m-ti-none-eabi\c\</path>
         <kind>archive</kind>
         <file>libsysbm.a</file>
         <name>hostread.c.obj</name>
      </input_file>
      <input_file id="fl-fa">
         <path>C:\ti\ccs2000\ccs\tools\compiler\ti-cgt-armllvm_4.0.1.LTS\lib\armv6m-ti-none-eabi\c\</path>
         <kind>archive</kind>
         <file>libsysbm.a</file>
         <name>hostrename.c.obj</name>
      </input_file>
      <input_file id="fl-fb">
         <path>C:\ti\ccs2000\ccs\tools\compiler\ti-cgt-armllvm_4.0.1.LTS\lib\armv6m-ti-none-eabi\c\</path>
         <kind>archive</kind>
         <file>libsysbm.a</file>
         <name>hostunlink.c.obj</name>
      </input_file>
      <input_file id="fl-fc">
         <path>C:\ti\ccs2000\ccs\tools\compiler\ti-cgt-armllvm_4.0.1.LTS\lib\armv6m-ti-none-eabi\c\</path>
         <kind>archive</kind>
         <file>libsysbm.a</file>
         <name>hostwrite.c.obj</name>
      </input_file>
      <input_file id="fl-fd">
         <path>C:\ti\ccs2000\ccs\tools\compiler\ti-cgt-armllvm_4.0.1.LTS\lib\armv6m-ti-none-eabi\c\</path>
         <kind>archive</kind>
         <file>libsysbm.a</file>
         <name>trgmsg.c.obj</name>
      </input_file>
      <input_file id="fl-fe">
         <path>C:\ti\ccs2000\ccs\tools\compiler\ti-cgt-armllvm_4.0.1.LTS\lib\armv6m-ti-none-eabi\</path>
         <kind>archive</kind>
         <file>libclang_rt.builtins.a</file>
         <name>adddf3.S.obj</name>
      </input_file>
      <input_file id="fl-ff">
         <path>C:\ti\ccs2000\ccs\tools\compiler\ti-cgt-armllvm_4.0.1.LTS\lib\armv6m-ti-none-eabi\</path>
         <kind>archive</kind>
         <file>libclang_rt.builtins.a</file>
         <name>muldf3.S.obj</name>
      </input_file>
      <input_file id="fl-100">
         <path>C:\ti\ccs2000\ccs\tools\compiler\ti-cgt-armllvm_4.0.1.LTS\lib\armv6m-ti-none-eabi\</path>
         <kind>archive</kind>
         <file>libclang_rt.builtins.a</file>
         <name>muldsi3.S.obj</name>
      </input_file>
      <input_file id="fl-101">
         <path>C:\ti\ccs2000\ccs\tools\compiler\ti-cgt-armllvm_4.0.1.LTS\lib\armv6m-ti-none-eabi\</path>
         <kind>archive</kind>
         <file>libclang_rt.builtins.a</file>
         <name>divdf3.S.obj</name>
      </input_file>
      <input_file id="fl-102">
         <path>C:\ti\ccs2000\ccs\tools\compiler\ti-cgt-armllvm_4.0.1.LTS\lib\armv6m-ti-none-eabi\</path>
         <kind>archive</kind>
         <file>libclang_rt.builtins.a</file>
         <name>fixdfsi.S.obj</name>
      </input_file>
      <input_file id="fl-103">
         <path>C:\ti\ccs2000\ccs\tools\compiler\ti-cgt-armllvm_4.0.1.LTS\lib\armv6m-ti-none-eabi\</path>
         <kind>archive</kind>
         <file>libclang_rt.builtins.a</file>
         <name>floatsidf.S.obj</name>
      </input_file>
      <input_file id="fl-104">
         <path>C:\ti\ccs2000\ccs\tools\compiler\ti-cgt-armllvm_4.0.1.LTS\lib\armv6m-ti-none-eabi\</path>
         <kind>archive</kind>
         <file>libclang_rt.builtins.a</file>
         <name>floatunsidf.S.obj</name>
      </input_file>
      <input_file id="fl-105">
         <path>C:\ti\ccs2000\ccs\tools\compiler\ti-cgt-armllvm_4.0.1.LTS\lib\armv6m-ti-none-eabi\</path>
         <kind>archive</kind>
         <file>libclang_rt.builtins.a</file>
         <name>muldi3.S.obj</name>
      </input_file>
      <input_file id="fl-106">
         <path>C:\ti\ccs2000\ccs\tools\compiler\ti-cgt-armllvm_4.0.1.LTS\lib\armv6m-ti-none-eabi\</path>
         <kind>archive</kind>
         <file>libclang_rt.builtins.a</file>
         <name>truncdfsf2.S.obj</name>
      </input_file>
      <input_file id="fl-107">
         <path>C:\ti\ccs2000\ccs\tools\compiler\ti-cgt-armllvm_4.0.1.LTS\lib\armv6m-ti-none-eabi\</path>
         <kind>archive</kind>
         <file>libclang_rt.builtins.a</file>
         <name>aeabi_dcmp.S.obj</name>
      </input_file>
      <input_file id="fl-108">
         <path>C:\ti\ccs2000\ccs\tools\compiler\ti-cgt-armllvm_4.0.1.LTS\lib\armv6m-ti-none-eabi\</path>
         <kind>archive</kind>
         <file>libclang_rt.builtins.a</file>
         <name>aeabi_idivmod.S.obj</name>
      </input_file>
      <input_file id="fl-109">
         <path>C:\ti\ccs2000\ccs\tools\compiler\ti-cgt-armllvm_4.0.1.LTS\lib\armv6m-ti-none-eabi\</path>
         <kind>archive</kind>
         <file>libclang_rt.builtins.a</file>
         <name>aeabi_memcpy.S.obj</name>
      </input_file>
      <input_file id="fl-10a">
         <path>C:\ti\ccs2000\ccs\tools\compiler\ti-cgt-armllvm_4.0.1.LTS\lib\armv6m-ti-none-eabi\</path>
         <kind>archive</kind>
         <file>libclang_rt.builtins.a</file>
         <name>aeabi_memset.S.obj</name>
      </input_file>
      <input_file id="fl-10b">
         <path>C:\ti\ccs2000\ccs\tools\compiler\ti-cgt-armllvm_4.0.1.LTS\lib\armv6m-ti-none-eabi\</path>
         <kind>archive</kind>
         <file>libclang_rt.builtins.a</file>
         <name>aeabi_uidivmod.S.obj</name>
      </input_file>
      <input_file id="fl-10c">
         <path>C:\ti\ccs2000\ccs\tools\compiler\ti-cgt-armllvm_4.0.1.LTS\lib\armv6m-ti-none-eabi\</path>
         <kind>archive</kind>
         <file>libclang_rt.builtins.a</file>
         <name>aeabi_uldivmod.S.obj</name>
      </input_file>
      <input_file id="fl-10d">
         <path>C:\ti\ccs2000\ccs\tools\compiler\ti-cgt-armllvm_4.0.1.LTS\lib\armv6m-ti-none-eabi\</path>
         <kind>archive</kind>
         <file>libclang_rt.builtins.a</file>
         <name>udivmoddi4.S.obj</name>
      </input_file>
      <input_file id="fl-10e">
         <path>C:\ti\ccs2000\ccs\tools\compiler\ti-cgt-armllvm_4.0.1.LTS\lib\armv6m-ti-none-eabi\</path>
         <kind>archive</kind>
         <file>libclang_rt.builtins.a</file>
         <name>ashldi3.S.obj</name>
      </input_file>
      <input_file id="fl-10f">
         <path>C:\ti\ccs2000\ccs\tools\compiler\ti-cgt-armllvm_4.0.1.LTS\lib\armv6m-ti-none-eabi\</path>
         <kind>archive</kind>
         <file>libclang_rt.builtins.a</file>
         <name>comparedf2.c.obj</name>
      </input_file>
      <input_file id="fl-110">
         <path>C:\ti\ccs2000\ccs\tools\compiler\ti-cgt-armllvm_4.0.1.LTS\lib\armv6m-ti-none-eabi\</path>
         <kind>archive</kind>
         <file>libclang_rt.builtins.a</file>
         <name>aeabi_div0.c.obj</name>
      </input_file>
      <input_file id="fl-111">
         <path>C:\ti\ccs2000\ccs\tools\compiler\ti-cgt-armllvm_4.0.1.LTS\lib\armv6m-ti-none-eabi\c\</path>
         <kind>archive</kind>
         <file>libc.a</file>
         <name>getdevice.c.obj</name>
      </input_file>
      <input_file id="fl-112">
         <path>C:\ti\ccs2000\ccs\tools\compiler\ti-cgt-armllvm_4.0.1.LTS\lib\armv6m-ti-none-eabi\c\</path>
         <kind>archive</kind>
         <file>libc.a</file>
         <name>memcpy16.S.obj</name>
      </input_file>
      <input_file id="fl-113">
         <path>C:\ti\ccs2000\ccs\tools\compiler\ti-cgt-armllvm_4.0.1.LTS\lib\armv6m-ti-none-eabi\c\</path>
         <kind>archive</kind>
         <file>libc.a</file>
         <name>memset16.S.obj</name>
      </input_file>
      <input_file id="fl-114">
         <path>C:\ti\ccs2000\ccs\tools\compiler\ti-cgt-armllvm_4.0.1.LTS\lib\armv6m-ti-none-eabi\c\</path>
         <kind>archive</kind>
         <file>libc.a</file>
         <name>strcmp-armv6m.S.obj</name>
      </input_file>
   </input_file_list>
   <object_component_list>
      <object_component id="oc-18">
         <name>.intvecs</name>
         <load_address>0x0</load_address>
         <readonly>true</readonly>
         <run_address>0x0</run_address>
         <size>0xc0</size>
         <alignment>0x4</alignment>
         <input_file_ref idref="fl-15"/>
      </object_component>
      <object_component id="oc-c5">
         <name>.text.main</name>
         <load_address>0xe880</load_address>
         <readonly>true</readonly>
         <executable>true</executable>
         <run_address>0xe880</run_address>
         <size>0x8b4</size>
         <alignment>0x4</alignment>
         <input_file_ref idref="fl-7"/>
      </object_component>
      <object_component id="oc-11a">
         <name>.text._Z8InitGamev</name>
         <load_address>0xf134</load_address>
         <readonly>true</readonly>
         <executable>true</executable>
         <run_address>0xf134</run_address>
         <size>0x2a8</size>
         <alignment>0x4</alignment>
         <input_file_ref idref="fl-7"/>
      </object_component>
      <object_component id="oc-42">
         <name>.text.TIMG12_IRQHandler</name>
         <load_address>0xf3dc</load_address>
         <readonly>true</readonly>
         <executable>true</executable>
         <run_address>0xf3dc</run_address>
         <size>0x258</size>
         <alignment>0x4</alignment>
         <input_file_ref idref="fl-7"/>
      </object_component>
      <object_component id="oc-12c">
         <name>.text._Z17ST7735_DrawBitmapssPKtss</name>
         <load_address>0xf634</load_address>
         <readonly>true</readonly>
         <executable>true</executable>
         <run_address>0xf634</run_address>
         <size>0x210</size>
         <alignment>0x4</alignment>
         <input_file_ref idref="fl-c"/>
      </object_component>
      <object_component id="oc-11b">
         <name>.text._Z16DrawInstructionsv</name>
         <load_address>0xf844</load_address>
         <readonly>true</readonly>
         <executable>true</executable>
         <run_address>0xf844</run_address>
         <size>0x1e4</size>
         <alignment>0x4</alignment>
         <input_file_ref idref="fl-7"/>
      </object_component>
      <object_component id="oc-176">
         <name>.text._Z15Clock_Init80MHzi</name>
         <load_address>0xfa28</load_address>
         <readonly>true</readonly>
         <executable>true</executable>
         <run_address>0xfa28</run_address>
         <size>0x1b4</size>
         <alignment>0x4</alignment>
         <input_file_ref idref="fl-2"/>
      </object_component>
      <object_component id="oc-1c5">
         <name>.text._Z15ST7735_DrawCharsscssh</name>
         <load_address>0xfbdc</load_address>
         <readonly>true</readonly>
         <executable>true</executable>
         <run_address>0xfbdc</run_address>
         <size>0x1a8</size>
         <alignment>0x4</alignment>
         <input_file_ref idref="fl-c"/>
      </object_component>
      <object_component id="oc-114">
         <name>.text._Z12DrawMainMenuv</name>
         <load_address>0xfd84</load_address>
         <readonly>true</readonly>
         <executable>true</executable>
         <run_address>0xfd84</run_address>
         <size>0x180</size>
         <alignment>0x4</alignment>
         <input_file_ref idref="fl-7"/>
      </object_component>
      <object_component id="oc-99">
         <name>.text._ZN4Ball6bounceEtt</name>
         <load_address>0xff04</load_address>
         <readonly>true</readonly>
         <executable>true</executable>
         <run_address>0xff04</run_address>
         <size>0x180</size>
         <alignment>0x4</alignment>
         <input_file_ref idref="fl-1"/>
      </object_component>
      <object_component id="oc-205">
         <name>.text._openfile</name>
         <load_address>0x10084</load_address>
         <readonly>true</readonly>
         <executable>true</executable>
         <run_address>0x10084</run_address>
         <size>0x154</size>
         <alignment>0x4</alignment>
         <input_file_ref idref="fl-36"/>
      </object_component>
      <object_component id="oc-19e">
         <name>.text._Z8ADC_InitP10ADC12_Regsjj</name>
         <load_address>0x101d8</load_address>
         <readonly>true</readonly>
         <executable>true</executable>
         <run_address>0x101d8</run_address>
         <size>0x128</size>
         <alignment>0x4</alignment>
         <input_file_ref idref="fl-12"/>
      </object_component>
      <object_component id="oc-13c">
         <name>.text._Z15ST7735_FillRectsssst</name>
         <load_address>0x10300</load_address>
         <readonly>true</readonly>
         <executable>true</executable>
         <run_address>0x10300</run_address>
         <size>0x118</size>
         <alignment>0x4</alignment>
         <input_file_ref idref="fl-c"/>
      </object_component>
      <object_component id="oc-273">
         <name>.text.aligned_alloc</name>
         <load_address>0x10418</load_address>
         <readonly>true</readonly>
         <executable>true</executable>
         <run_address>0x10418</run_address>
         <size>0x114</size>
         <alignment>0x4</alignment>
         <input_file_ref idref="fl-3d"/>
      </object_component>
      <object_component id="oc-234">
         <name>.text._Z8SPI_Initv</name>
         <load_address>0x1052c</load_address>
         <readonly>true</readonly>
         <executable>true</executable>
         <run_address>0x1052c</run_address>
         <size>0xf8</size>
         <alignment>0x4</alignment>
         <input_file_ref idref="fl-b"/>
      </object_component>
      <object_component id="oc-17b">
         <name>.text.add_device</name>
         <load_address>0x10624</load_address>
         <readonly>true</readonly>
         <executable>true</executable>
         <run_address>0x10624</run_address>
         <size>0xec</size>
         <alignment>0x4</alignment>
         <input_file_ref idref="fl-f4"/>
      </object_component>
      <object_component id="oc-1c2">
         <name>.text._Z14ST7735_OutCharc</name>
         <load_address>0x10710</load_address>
         <readonly>true</readonly>
         <executable>true</executable>
         <run_address>0x10710</run_address>
         <size>0xe8</size>
         <alignment>0x4</alignment>
         <input_file_ref idref="fl-c"/>
      </object_component>
      <object_component id="oc-1a0">
         <name>.text._Z9UART_Initv</name>
         <load_address>0x107f8</load_address>
         <readonly>true</readonly>
         <executable>true</executable>
         <run_address>0x107f8</run_address>
         <size>0xe8</size>
         <alignment>0x4</alignment>
         <input_file_ref idref="fl-12"/>
      </object_component>
      <object_component id="oc-1bc">
         <name>.text.free</name>
         <load_address>0x108e0</load_address>
         <readonly>true</readonly>
         <executable>true</executable>
         <run_address>0x108e0</run_address>
         <size>0xe8</size>
         <alignment>0x4</alignment>
         <input_file_ref idref="fl-3d"/>
      </object_component>
      <object_component id="oc-186">
         <name>.text.setvbuf</name>
         <load_address>0x109c8</load_address>
         <readonly>true</readonly>
         <executable>true</executable>
         <run_address>0x109c8</run_address>
         <size>0xe0</size>
         <alignment>0x4</alignment>
         <input_file_ref idref="fl-37"/>
      </object_component>
      <object_component id="oc-ac">
         <name>.text._ZN4Ball8moveBallEv</name>
         <load_address>0x10aa8</load_address>
         <readonly>true</readonly>
         <executable>true</executable>
         <run_address>0x10aa8</run_address>
         <size>0xcc</size>
         <alignment>0x4</alignment>
         <input_file_ref idref="fl-1"/>
      </object_component>
      <object_component id="oc-13a">
         <name>.text._Z20ST7735_DrawFastHLinessst</name>
         <load_address>0x10b74</load_address>
         <readonly>true</readonly>
         <executable>true</executable>
         <run_address>0x10b74</run_address>
         <size>0xb0</size>
         <alignment>0x4</alignment>
         <input_file_ref idref="fl-c"/>
      </object_component>
      <object_component id="oc-113">
         <name>.text._Z9DrawTitlev</name>
         <load_address>0x10c24</load_address>
         <readonly>true</readonly>
         <executable>true</executable>
         <run_address>0x10c24</run_address>
         <size>0xb0</size>
         <alignment>0x4</alignment>
         <input_file_ref idref="fl-7"/>
      </object_component>
      <object_component id="oc-1a6">
         <name>.text._Z14TimerG7_IntArmtjj</name>
         <load_address>0x10cd4</load_address>
         <readonly>true</readonly>
         <executable>true</executable>
         <run_address>0x10cd4</run_address>
         <size>0xa8</size>
         <alignment>0x4</alignment>
         <input_file_ref idref="fl-13"/>
      </object_component>
      <object_component id="oc-1ef">
         <name>.text._ZL11commandListPKh</name>
         <load_address>0x10d7c</load_address>
         <readonly>true</readonly>
         <executable>true</executable>
         <run_address>0x10d7c</run_address>
         <size>0xa2</size>
         <alignment>0x2</alignment>
         <input_file_ref idref="fl-c"/>
      </object_component>
      <object_component id="oc-19d">
         <name>.text._Z9DAC5_Initv</name>
         <load_address>0x10e1e</load_address>
         <readonly>true</readonly>
         <executable>true</executable>
         <run_address>0x10e1e</run_address>
         <size>0x2</size>
         <alignment>0x2</alignment>
         <input_file_ref idref="fl-3"/>
      </object_component>
      <object_component id="oc-17a">
         <name>.text._Z12ST7735_InitR10initRFlags</name>
         <load_address>0x10e20</load_address>
         <readonly>true</readonly>
         <executable>true</executable>
         <run_address>0x10e20</run_address>
         <size>0xa0</size>
         <alignment>0x4</alignment>
         <input_file_ref idref="fl-c"/>
      </object_component>
      <object_component id="oc-fd">
         <name>.text._Z17ST7735_InitPrintf10initRFlags</name>
         <load_address>0x10ec0</load_address>
         <readonly>true</readonly>
         <executable>true</executable>
         <run_address>0x10ec0</run_address>
         <size>0xa0</size>
         <alignment>0x4</alignment>
         <input_file_ref idref="fl-c"/>
      </object_component>
      <object_component id="oc-25e">
         <name>.text.open</name>
         <load_address>0x10f60</load_address>
         <readonly>true</readonly>
         <executable>true</executable>
         <run_address>0x10f60</run_address>
         <size>0xa0</size>
         <alignment>0x4</alignment>
         <input_file_ref idref="fl-f1"/>
      </object_component>
      <object_component id="oc-127">
         <name>.text._Z14ST7735_OutUDecj</name>
         <load_address>0x11000</load_address>
         <readonly>true</readonly>
         <executable>true</executable>
         <run_address>0x11000</run_address>
         <size>0x9c</size>
         <alignment>0x4</alignment>
         <input_file_ref idref="fl-c"/>
      </object_component>
      <object_component id="oc-111">
         <name>.text._Z15TimerG12_IntArmjj</name>
         <load_address>0x1109c</load_address>
         <readonly>true</readonly>
         <executable>true</executable>
         <run_address>0x1109c</run_address>
         <size>0x94</size>
         <alignment>0x4</alignment>
         <input_file_ref idref="fl-13"/>
      </object_component>
      <object_component id="oc-1c9">
         <name>.text._ZL13setAddrWindowhhhh</name>
         <load_address>0x11130</load_address>
         <readonly>true</readonly>
         <executable>true</executable>
         <run_address>0x11130</run_address>
         <size>0x88</size>
         <alignment>0x4</alignment>
         <input_file_ref idref="fl-c"/>
      </object_component>
      <object_component id="oc-6f">
         <name>.text._Z8DAC5_Outj</name>
         <load_address>0x111b8</load_address>
         <readonly>true</readonly>
         <executable>true</executable>
         <run_address>0x111b8</run_address>
         <size>0x8</size>
         <alignment>0x2</alignment>
         <input_file_ref idref="fl-3"/>
      </object_component>
      <object_component id="oc-236">
         <name>.text:strcmp</name>
         <load_address>0x111c0</load_address>
         <readonly>true</readonly>
         <executable>true</executable>
         <run_address>0x111c0</run_address>
         <size>0x88</size>
         <alignment>0x10</alignment>
         <input_file_ref idref="fl-114"/>
      </object_component>
      <object_component id="oc-1c4">
         <name>.text._Z17ST7735_DrawStringttPcs</name>
         <load_address>0x11248</load_address>
         <readonly>true</readonly>
         <executable>true</executable>
         <run_address>0x11248</run_address>
         <size>0x84</size>
         <alignment>0x2</alignment>
         <input_file_ref idref="fl-c"/>
      </object_component>
      <object_component id="oc-e1">
         <name>.text._ZN4Ball5isqrtEi</name>
         <load_address>0x112cc</load_address>
         <readonly>true</readonly>
         <executable>true</executable>
         <run_address>0x112cc</run_address>
         <size>0x7e</size>
         <alignment>0x2</alignment>
         <input_file_ref idref="fl-1"/>
      </object_component>
      <object_component id="oc-169">
         <name>.text.__aeabi_idiv0</name>
         <load_address>0x1134a</load_address>
         <readonly>true</readonly>
         <executable>true</executable>
         <run_address>0x1134a</run_address>
         <size>0x2</size>
         <alignment>0x2</alignment>
         <input_file_ref idref="fl-110"/>
      </object_component>
      <object_component id="oc-f8">
         <name>.text._Z14LaunchPad_Initv</name>
         <load_address>0x1134c</load_address>
         <readonly>true</readonly>
         <executable>true</executable>
         <run_address>0x1134c</run_address>
         <size>0x7c</size>
         <alignment>0x4</alignment>
         <input_file_ref idref="fl-8"/>
      </object_component>
      <object_component id="oc-103">
         <name>.text._ZN8SlidePot4InitEv</name>
         <load_address>0x113c8</load_address>
         <readonly>true</readonly>
         <executable>true</executable>
         <run_address>0x113c8</run_address>
         <size>0x7c</size>
         <alignment>0x4</alignment>
         <input_file_ref idref="fl-d"/>
      </object_component>
      <object_component id="oc-208">
         <name>.text.__TI_closefile</name>
         <load_address>0x11444</load_address>
         <readonly>true</readonly>
         <executable>true</executable>
         <run_address>0x11444</run_address>
         <size>0x7c</size>
         <alignment>0x4</alignment>
         <input_file_ref idref="fl-44"/>
      </object_component>
      <object_component id="oc-1c">
         <name>.text:decompress:lzss</name>
         <load_address>0x114c0</load_address>
         <readonly>true</readonly>
         <executable>true</executable>
         <run_address>0x114c0</run_address>
         <size>0x7c</size>
         <alignment>0x4</alignment>
         <input_file_ref idref="fl-40"/>
      </object_component>
      <object_component id="oc-24c">
         <name>.text.HOSTlseek</name>
         <load_address>0x1153c</load_address>
         <readonly>true</readonly>
         <executable>true</executable>
         <run_address>0x1153c</run_address>
         <size>0x6c</size>
         <alignment>0x4</alignment>
         <input_file_ref idref="fl-f7"/>
      </object_component>
      <object_component id="oc-254">
         <name>.text.HOSTrename</name>
         <load_address>0x115a8</load_address>
         <readonly>true</readonly>
         <executable>true</executable>
         <run_address>0x115a8</run_address>
         <size>0x6c</size>
         <alignment>0x4</alignment>
         <input_file_ref idref="fl-fa"/>
      </object_component>
      <object_component id="oc-a3">
         <name>.text._ZN4Ball18checkHoleCollisionEtt</name>
         <load_address>0x11614</load_address>
         <readonly>true</readonly>
         <executable>true</executable>
         <run_address>0x11614</run_address>
         <size>0x6c</size>
         <alignment>0x2</alignment>
         <input_file_ref idref="fl-1"/>
      </object_component>
      <object_component id="oc-165">
         <name>.text._ZN4BallC2Eh</name>
         <load_address>0x11680</load_address>
         <readonly>true</readonly>
         <executable>true</executable>
         <run_address>0x11680</run_address>
         <size>0x6c</size>
         <alignment>0x4</alignment>
         <input_file_ref idref="fl-1"/>
      </object_component>
      <object_component id="oc-29c">
         <name>.text.getdevice</name>
         <load_address>0x116ec</load_address>
         <readonly>true</readonly>
         <executable>true</executable>
         <run_address>0x116ec</run_address>
         <size>0x6c</size>
         <alignment>0x4</alignment>
         <input_file_ref idref="fl-111"/>
      </object_component>
      <object_component id="oc-2b2">
         <name>.text.split</name>
         <load_address>0x11758</load_address>
         <readonly>true</readonly>
         <executable>true</executable>
         <run_address>0x11758</run_address>
         <size>0x64</size>
         <alignment>0x4</alignment>
         <input_file_ref idref="fl-3d"/>
      </object_component>
      <object_component id="oc-23c">
         <name>.text.HOSTopen</name>
         <load_address>0x117bc</load_address>
         <readonly>true</readonly>
         <executable>true</executable>
         <run_address>0x117bc</run_address>
         <size>0x60</size>
         <alignment>0x4</alignment>
         <input_file_ref idref="fl-f8"/>
      </object_component>
      <object_component id="oc-38">
         <name>.text.SysTick_Handler</name>
         <load_address>0x1181c</load_address>
         <readonly>true</readonly>
         <executable>true</executable>
         <run_address>0x1181c</run_address>
         <size>0x60</size>
         <alignment>0x4</alignment>
         <input_file_ref idref="fl-f"/>
      </object_component>
      <object_component id="oc-10c">
         <name>.text._Z13TimerG12_Initv</name>
         <load_address>0x1187c</load_address>
         <readonly>true</readonly>
         <executable>true</executable>
         <run_address>0x1187c</run_address>
         <size>0x60</size>
         <alignment>0x4</alignment>
         <input_file_ref idref="fl-13"/>
      </object_component>
      <object_component id="oc-147">
         <name>.text._ZN3Peg4initEiiaa</name>
         <load_address>0x118dc</load_address>
         <readonly>true</readonly>
         <executable>true</executable>
         <run_address>0x118dc</run_address>
         <size>0x60</size>
         <alignment>0x4</alignment>
         <input_file_ref idref="fl-a"/>
      </object_component>
      <object_component id="oc-94">
         <name>.text._ZN4Ball14checkCollisionEtt</name>
         <load_address>0x1193c</load_address>
         <readonly>true</readonly>
         <executable>true</executable>
         <run_address>0x1193c</run_address>
         <size>0x60</size>
         <alignment>0x2</alignment>
         <input_file_ref idref="fl-1"/>
      </object_component>
      <object_component id="oc-244">
         <name>.text.HOSTread</name>
         <load_address>0x1199c</load_address>
         <readonly>true</readonly>
         <executable>true</executable>
         <run_address>0x1199c</run_address>
         <size>0x58</size>
         <alignment>0x4</alignment>
         <input_file_ref idref="fl-f9"/>
      </object_component>
      <object_component id="oc-248">
         <name>.text.HOSTwrite</name>
         <load_address>0x119f4</load_address>
         <readonly>true</readonly>
         <executable>true</executable>
         <run_address>0x119f4</run_address>
         <size>0x58</size>
         <alignment>0x4</alignment>
         <input_file_ref idref="fl-fc"/>
      </object_component>
      <object_component id="oc-10b">
         <name>.text._Z10TExaS_InitP10ADC12_RegsjPFhvE</name>
         <load_address>0x11a4c</load_address>
         <readonly>true</readonly>
         <executable>true</executable>
         <run_address>0x11a4c</run_address>
         <size>0x58</size>
         <alignment>0x4</alignment>
         <input_file_ref idref="fl-12"/>
      </object_component>
      <object_component id="oc-12d">
         <name>.text._ZN3Peg8getImageEv</name>
         <load_address>0x11aa4</load_address>
         <readonly>true</readonly>
         <executable>true</executable>
         <run_address>0x11aa4</run_address>
         <size>0x58</size>
         <alignment>0x4</alignment>
         <input_file_ref idref="fl-a"/>
      </object_component>
      <object_component id="oc-e2">
         <name>.text.__aeabi_idivmod</name>
         <load_address>0x11afc</load_address>
         <readonly>true</readonly>
         <executable>true</executable>
         <run_address>0x11afc</run_address>
         <size>0x56</size>
         <alignment>0x4</alignment>
         <input_file_ref idref="fl-108"/>
      </object_component>
      <object_component id="oc-22b">
         <name>.text._nop</name>
         <load_address>0x11b52</load_address>
         <readonly>true</readonly>
         <executable>true</executable>
         <run_address>0x11b52</run_address>
         <size>0x2</size>
         <alignment>0x2</alignment>
         <input_file_ref idref="fl-3a"/>
      </object_component>
      <object_component id="oc-1c3">
         <name>.text._Z11fillmessagej</name>
         <load_address>0x11b54</load_address>
         <readonly>true</readonly>
         <executable>true</executable>
         <run_address>0x11b54</run_address>
         <size>0x54</size>
         <alignment>0x4</alignment>
         <input_file_ref idref="fl-c"/>
      </object_component>
      <object_component id="oc-158">
         <name>.text:__TI_auto_init_nobinit</name>
         <load_address>0x11ba8</load_address>
         <readonly>true</readonly>
         <executable>true</executable>
         <run_address>0x11ba8</run_address>
         <size>0x54</size>
         <alignment>0x4</alignment>
         <input_file_ref idref="fl-49"/>
      </object_component>
      <object_component id="oc-262">
         <name>.text.__TI_doflush</name>
         <load_address>0x11bfc</load_address>
         <readonly>true</readonly>
         <executable>true</executable>
         <run_address>0x11bfc</run_address>
         <size>0x52</size>
         <alignment>0x2</alignment>
         <input_file_ref idref="fl-45"/>
      </object_component>
      <object_component id="oc-e8">
         <name>.text._Z11Sound_StartPKhj</name>
         <load_address>0x11c50</load_address>
         <readonly>true</readonly>
         <executable>true</executable>
         <run_address>0x11c50</run_address>
         <size>0x50</size>
         <alignment>0x4</alignment>
         <input_file_ref idref="fl-f"/>
      </object_component>
      <object_component id="oc-268">
         <name>.text.close</name>
         <load_address>0x11ca0</load_address>
         <readonly>true</readonly>
         <executable>true</executable>
         <run_address>0x11ca0</run_address>
         <size>0x50</size>
         <alignment>0x4</alignment>
         <input_file_ref idref="fl-f3"/>
      </object_component>
      <object_component id="oc-10a">
         <name>.text._Z10Sound_Initv</name>
         <load_address>0x11cf0</load_address>
         <readonly>true</readonly>
         <executable>true</executable>
         <run_address>0x11cf0</run_address>
         <size>0x4c</size>
         <alignment>0x4</alignment>
         <input_file_ref idref="fl-f"/>
      </object_component>
      <object_component id="oc-240">
         <name>.text.HOSTclose</name>
         <load_address>0x11d3c</load_address>
         <readonly>true</readonly>
         <executable>true</executable>
         <run_address>0x11d3c</run_address>
         <size>0x48</size>
         <alignment>0x4</alignment>
         <input_file_ref idref="fl-f6"/>
      </object_component>
      <object_component id="oc-250">
         <name>.text.HOSTunlink</name>
         <load_address>0x11d84</load_address>
         <readonly>true</readonly>
         <executable>true</executable>
         <run_address>0x11d84</run_address>
         <size>0x48</size>
         <alignment>0x4</alignment>
         <input_file_ref idref="fl-fb"/>
      </object_component>
      <object_component id="oc-1f0">
         <name>.text._Z14SPI_OutCommandc</name>
         <load_address>0x11dcc</load_address>
         <readonly>true</readonly>
         <executable>true</executable>
         <run_address>0x11dcc</run_address>
         <size>0x48</size>
         <alignment>0x4</alignment>
         <input_file_ref idref="fl-b"/>
      </object_component>
      <object_component id="oc-140">
         <name>.text._ZN5LevelC2Eh</name>
         <load_address>0x11e14</load_address>
         <readonly>true</readonly>
         <executable>true</executable>
         <run_address>0x11e14</run_address>
         <size>0x48</size>
         <alignment>0x4</alignment>
         <input_file_ref idref="fl-9"/>
      </object_component>
      <object_component id="oc-7e">
         <name>.text._ZN8SlidePot2InEv</name>
         <load_address>0x11e5c</load_address>
         <readonly>true</readonly>
         <executable>true</executable>
         <run_address>0x11e5c</run_address>
         <size>0x48</size>
         <alignment>0x4</alignment>
         <input_file_ref idref="fl-d"/>
      </object_component>
      <object_component id="oc-88">
         <name>.text._ZN4Hole8moveHoleEv</name>
         <load_address>0x11ea4</load_address>
         <readonly>true</readonly>
         <executable>true</executable>
         <run_address>0x11ea4</run_address>
         <size>0x44</size>
         <alignment>0x2</alignment>
         <input_file_ref idref="fl-5"/>
      </object_component>
      <object_component id="oc-3d">
         <name>.text.TIMG7_IRQHandler</name>
         <load_address>0x11ee8</load_address>
         <readonly>true</readonly>
         <executable>true</executable>
         <run_address>0x11ee8</run_address>
         <size>0x40</size>
         <alignment>0x4</alignment>
         <input_file_ref idref="fl-12"/>
      </object_component>
      <object_component id="oc-27c">
         <name>.text._Z9SPI_Resetv</name>
         <load_address>0x11f28</load_address>
         <readonly>true</readonly>
         <executable>true</executable>
         <run_address>0x11f28</run_address>
         <size>0x40</size>
         <alignment>0x4</alignment>
         <input_file_ref idref="fl-b"/>
      </object_component>
      <object_component id="oc-1a2">
         <name>.text.__aeabi_uidivmod</name>
         <load_address>0x11f68</load_address>
         <readonly>true</readonly>
         <executable>true</executable>
         <run_address>0x11f68</run_address>
         <size>0x40</size>
         <alignment>0x4</alignment>
         <input_file_ref idref="fl-10b"/>
      </object_component>
      <object_component id="oc-204">
         <name>.text._search_fp</name>
         <load_address>0x11fa8</load_address>
         <readonly>true</readonly>
         <executable>true</executable>
         <run_address>0x11fa8</run_address>
         <size>0x40</size>
         <alignment>0x4</alignment>
         <input_file_ref idref="fl-36"/>
      </object_component>
      <object_component id="oc-1ca">
         <name>.text._Z11SPI_OutDatac</name>
         <load_address>0x11fe8</load_address>
         <readonly>true</readonly>
         <executable>true</executable>
         <run_address>0x11fe8</run_address>
         <size>0x38</size>
         <alignment>0x4</alignment>
         <input_file_ref idref="fl-b"/>
      </object_component>
      <object_component id="oc-177">
         <name>.text._Z15ActivatePortA_Bv</name>
         <load_address>0x12020</load_address>
         <readonly>true</readonly>
         <executable>true</executable>
         <run_address>0x12020</run_address>
         <size>0x38</size>
         <alignment>0x4</alignment>
         <input_file_ref idref="fl-8"/>
      </object_component>
      <object_component id="oc-166">
         <name>.text._ZN4HoleC2Ev</name>
         <load_address>0x12058</load_address>
         <readonly>true</readonly>
         <executable>true</executable>
         <run_address>0x12058</run_address>
         <size>0x38</size>
         <alignment>0x4</alignment>
         <input_file_ref idref="fl-5"/>
      </object_component>
      <object_component id="oc-18d">
         <name>.text._Z12ST7735_writeiPKcj</name>
         <load_address>0x12090</load_address>
         <readonly>true</readonly>
         <executable>true</executable>
         <run_address>0x12090</run_address>
         <size>0x34</size>
         <alignment>0x2</alignment>
         <input_file_ref idref="fl-c"/>
      </object_component>
      <object_component id="oc-235">
         <name>.text._Z14Clock_Delay1msj</name>
         <load_address>0x120c4</load_address>
         <readonly>true</readonly>
         <executable>true</executable>
         <run_address>0x120c4</run_address>
         <size>0x34</size>
         <alignment>0x4</alignment>
         <input_file_ref idref="fl-2"/>
      </object_component>
      <object_component id="oc-124">
         <name>.text._Z16ST7735_SetCursorjj</name>
         <load_address>0x120f8</load_address>
         <readonly>true</readonly>
         <executable>true</executable>
         <run_address>0x120f8</run_address>
         <size>0x34</size>
         <alignment>0x4</alignment>
         <input_file_ref idref="fl-c"/>
      </object_component>
      <object_component id="oc-105">
         <name>.text._Z8LED_Initv</name>
         <load_address>0x1212c</load_address>
         <readonly>true</readonly>
         <executable>true</executable>
         <run_address>0x1212c</run_address>
         <size>0x34</size>
         <alignment>0x4</alignment>
         <input_file_ref idref="fl-6"/>
      </object_component>
      <object_component id="oc-a6">
         <name>.text._ZN4Ball5resetEh</name>
         <load_address>0x12160</load_address>
         <readonly>true</readonly>
         <executable>true</executable>
         <run_address>0x12160</run_address>
         <size>0x34</size>
         <alignment>0x4</alignment>
         <input_file_ref idref="fl-1"/>
      </object_component>
      <object_component id="oc-20f">
         <name>.text.__TI_cleanup</name>
         <load_address>0x12194</load_address>
         <readonly>true</readonly>
         <executable>true</executable>
         <run_address>0x12194</run_address>
         <size>0x34</size>
         <alignment>0x4</alignment>
         <input_file_ref idref="fl-36"/>
      </object_component>
      <object_component id="oc-284">
         <name>.text.__TI_readmsg</name>
         <load_address>0x121c8</load_address>
         <readonly>true</readonly>
         <executable>true</executable>
         <run_address>0x121c8</run_address>
         <size>0x34</size>
         <alignment>0x4</alignment>
         <input_file_ref idref="fl-fd"/>
      </object_component>
      <object_component id="oc-27e">
         <name>.text.__TI_writemsg</name>
         <load_address>0x121fc</load_address>
         <readonly>true</readonly>
         <executable>true</executable>
         <run_address>0x121fc</run_address>
         <size>0x34</size>
         <alignment>0x4</alignment>
         <input_file_ref idref="fl-fd"/>
      </object_component>
      <object_component id="oc-150">
         <name>.text.exit</name>
         <load_address>0x12230</load_address>
         <readonly>true</readonly>
         <executable>true</executable>
         <run_address>0x12230</run_address>
         <size>0x34</size>
         <alignment>0x4</alignment>
         <input_file_ref idref="fl-39"/>
      </object_component>
      <object_component id="oc-1f8">
         <name>.text.finddevice</name>
         <load_address>0x12264</load_address>
         <readonly>true</readonly>
         <executable>true</executable>
         <run_address>0x12264</run_address>
         <size>0x34</size>
         <alignment>0x4</alignment>
         <input_file_ref idref="fl-111"/>
      </object_component>
      <object_component id="oc-185">
         <name>.text.freopen</name>
         <load_address>0x12298</load_address>
         <readonly>true</readonly>
         <executable>true</executable>
         <run_address>0x12298</run_address>
         <size>0x34</size>
         <alignment>0x4</alignment>
         <input_file_ref idref="fl-36"/>
      </object_component>
      <object_component id="oc-139">
         <name>.text._Z15ST7735_Color565hhh</name>
         <load_address>0x122cc</load_address>
         <readonly>true</readonly>
         <executable>true</executable>
         <run_address>0x122cc</run_address>
         <size>0x32</size>
         <alignment>0x2</alignment>
         <input_file_ref idref="fl-c"/>
      </object_component>
      <object_component id="oc-1ee">
         <name>.text._ZL10commonInitPKh</name>
         <load_address>0x12300</load_address>
         <readonly>true</readonly>
         <executable>true</executable>
         <run_address>0x12300</run_address>
         <size>0x30</size>
         <alignment>0x4</alignment>
         <input_file_ref idref="fl-c"/>
      </object_component>
      <object_component id="oc-a8">
         <name>.text._ZN9GameState7useBallEv</name>
         <load_address>0x12330</load_address>
         <readonly>true</readonly>
         <executable>true</executable>
         <run_address>0x12330</run_address>
         <size>0x30</size>
         <alignment>0x2</alignment>
         <input_file_ref idref="fl-4"/>
      </object_component>
      <object_component id="oc-d3">
         <name>.text.__cxx_global_var_init.3</name>
         <load_address>0x12360</load_address>
         <readonly>true</readonly>
         <executable>true</executable>
         <run_address>0x12360</run_address>
         <size>0x30</size>
         <alignment>0x4</alignment>
         <input_file_ref idref="fl-7"/>
      </object_component>
      <object_component id="oc-17f">
         <name>.text.fopen</name>
         <load_address>0x12390</load_address>
         <readonly>true</readonly>
         <executable>true</executable>
         <run_address>0x12390</run_address>
         <size>0x30</size>
         <alignment>0x4</alignment>
         <input_file_ref idref="fl-36"/>
      </object_component>
      <object_component id="oc-102">
         <name>.text._Z17ST7735_FillScreent</name>
         <load_address>0x123c0</load_address>
         <readonly>true</readonly>
         <executable>true</executable>
         <run_address>0x123c0</run_address>
         <size>0x2c</size>
         <alignment>0x4</alignment>
         <input_file_ref idref="fl-c"/>
      </object_component>
      <object_component id="oc-167">
         <name>.text._ZN3PegC2Ev</name>
         <load_address>0x123ec</load_address>
         <readonly>true</readonly>
         <executable>true</executable>
         <run_address>0x123ec</run_address>
         <size>0x2c</size>
         <alignment>0x2</alignment>
         <input_file_ref idref="fl-a"/>
      </object_component>
      <object_component id="oc-2ab">
         <name>.text.unlink</name>
         <load_address>0x12418</load_address>
         <readonly>true</readonly>
         <executable>true</executable>
         <run_address>0x12418</run_address>
         <size>0x2c</size>
         <alignment>0x4</alignment>
         <input_file_ref idref="fl-f5"/>
      </object_component>
      <object_component id="oc-104">
         <name>.text._Z11Switch_Initv</name>
         <load_address>0x12444</load_address>
         <readonly>true</readonly>
         <executable>true</executable>
         <run_address>0x12444</run_address>
         <size>0x28</size>
         <alignment>0x4</alignment>
         <input_file_ref idref="fl-11"/>
      </object_component>
      <object_component id="oc-19f">
         <name>.text._Z9ADC_StartP10ADC12_Regs</name>
         <load_address>0x1246c</load_address>
         <readonly>true</readonly>
         <executable>true</executable>
         <run_address>0x1246c</run_address>
         <size>0x28</size>
         <alignment>0x4</alignment>
         <input_file_ref idref="fl-12"/>
      </object_component>
      <object_component id="oc-21a">
         <name>.text.free_list_insert</name>
         <load_address>0x12494</load_address>
         <readonly>true</readonly>
         <executable>true</executable>
         <run_address>0x12494</run_address>
         <size>0x28</size>
         <alignment>0x4</alignment>
         <input_file_ref idref="fl-3d"/>
      </object_component>
      <object_component id="oc-2a2">
         <name>.text.write</name>
         <load_address>0x124bc</load_address>
         <readonly>true</readonly>
         <executable>true</executable>
         <run_address>0x124bc</run_address>
         <size>0x28</size>
         <alignment>0x4</alignment>
         <input_file_ref idref="fl-ee"/>
      </object_component>
      <object_component id="oc-62">
         <name>.text:_c_int00_noargs</name>
         <load_address>0x124e4</load_address>
         <readonly>true</readonly>
         <executable>true</executable>
         <run_address>0x124e4</run_address>
         <size>0x28</size>
         <alignment>0x4</alignment>
         <input_file_ref idref="fl-41"/>
      </object_component>
      <object_component id="oc-125">
         <name>.text._Z16ST7735_OutStringPc</name>
         <load_address>0x1250c</load_address>
         <readonly>true</readonly>
         <executable>true</executable>
         <run_address>0x1250c</run_address>
         <size>0x26</size>
         <alignment>0x2</alignment>
         <input_file_ref idref="fl-c"/>
      </object_component>
      <object_component id="oc-1d4">
         <name>.text._ZL17operator_new_implj</name>
         <load_address>0x12532</load_address>
         <readonly>true</readonly>
         <executable>true</executable>
         <run_address>0x12532</run_address>
         <size>0x26</size>
         <alignment>0x2</alignment>
         <input_file_ref idref="fl-ea"/>
      </object_component>
      <object_component id="oc-83">
         <name>.text._Z9Switch_Inv</name>
         <load_address>0x12558</load_address>
         <readonly>true</readonly>
         <executable>true</executable>
         <run_address>0x12558</run_address>
         <size>0x24</size>
         <alignment>0x4</alignment>
         <input_file_ref idref="fl-11"/>
      </object_component>
      <object_component id="oc-a7">
         <name>.text._ZN4Ball6isLostEv</name>
         <load_address>0x1257c</load_address>
         <readonly>true</readonly>
         <executable>true</executable>
         <run_address>0x1257c</run_address>
         <size>0x24</size>
         <alignment>0x2</alignment>
         <input_file_ref idref="fl-1"/>
      </object_component>
      <object_component id="oc-1da">
         <name>.text._Z8Random32v</name>
         <load_address>0x125a0</load_address>
         <readonly>true</readonly>
         <executable>true</executable>
         <run_address>0x125a0</run_address>
         <size>0x20</size>
         <alignment>0x4</alignment>
         <input_file_ref idref="fl-7"/>
      </object_component>
      <object_component id="oc-8d">
         <name>.text._ZN3Peg11isDestroyedEv</name>
         <load_address>0x125c0</load_address>
         <readonly>true</readonly>
         <executable>true</executable>
         <run_address>0x125c0</run_address>
         <size>0x20</size>
         <alignment>0x2</alignment>
         <input_file_ref idref="fl-a"/>
      </object_component>
      <object_component id="oc-d1">
         <name>.text.__cxx_global_var_init.1</name>
         <load_address>0x125e0</load_address>
         <readonly>true</readonly>
         <executable>true</executable>
         <run_address>0x125e0</run_address>
         <size>0x20</size>
         <alignment>0x4</alignment>
         <input_file_ref idref="fl-7"/>
      </object_component>
      <object_component id="oc-d2">
         <name>.text.__cxx_global_var_init.2</name>
         <load_address>0x12600</load_address>
         <readonly>true</readonly>
         <executable>true</executable>
         <run_address>0x12600</run_address>
         <size>0x20</size>
         <alignment>0x4</alignment>
         <input_file_ref idref="fl-7"/>
      </object_component>
      <object_component id="oc-21c">
         <name>.text._ZL9pushColort</name>
         <load_address>0x12620</load_address>
         <readonly>true</readonly>
         <executable>true</executable>
         <run_address>0x12620</run_address>
         <size>0x1e</size>
         <alignment>0x2</alignment>
         <input_file_ref idref="fl-c"/>
      </object_component>
      <object_component id="oc-a4">
         <name>.text._ZN9GameState7addBallEv</name>
         <load_address>0x1263e</load_address>
         <readonly>true</readonly>
         <executable>true</executable>
         <run_address>0x1263e</run_address>
         <size>0x1e</size>
         <alignment>0x2</alignment>
         <input_file_ref idref="fl-4"/>
      </object_component>
      <object_component id="oc-36">
         <name>.text.Default_Handler</name>
         <load_address>0x1265c</load_address>
         <readonly>true</readonly>
         <executable>true</executable>
         <run_address>0x1265c</run_address>
         <size>0x1c</size>
         <alignment>0x4</alignment>
         <input_file_ref idref="fl-15"/>
      </object_component>
      <object_component id="oc-37">
         <name>.text.HardFault_Handler</name>
         <load_address>0x12678</load_address>
         <readonly>true</readonly>
         <executable>true</executable>
         <run_address>0x12678</run_address>
         <size>0x1c</size>
         <alignment>0x4</alignment>
         <input_file_ref idref="fl-15"/>
      </object_component>
      <object_component id="oc-190">
         <name>.text._Z11ST7735_openPKcji</name>
         <load_address>0x12694</load_address>
         <readonly>true</readonly>
         <executable>true</executable>
         <run_address>0x12694</run_address>
         <size>0x1c</size>
         <alignment>0x4</alignment>
         <input_file_ref idref="fl-c"/>
      </object_component>
      <object_component id="oc-123">
         <name>.text._ZN8SlidePot7ConvertEj</name>
         <load_address>0x126b0</load_address>
         <readonly>true</readonly>
         <executable>true</executable>
         <run_address>0x126b0</run_address>
         <size>0x1c</size>
         <alignment>0x4</alignment>
         <input_file_ref idref="fl-d"/>
      </object_component>
      <object_component id="oc-218">
         <name>.text.free_list_remove</name>
         <load_address>0x126cc</load_address>
         <readonly>true</readonly>
         <executable>true</executable>
         <run_address>0x126cc</run_address>
         <size>0x1c</size>
         <alignment>0x4</alignment>
         <input_file_ref idref="fl-3d"/>
      </object_component>
      <object_component id="oc-69">
         <name>.text._GLOBAL__sub_I_Lab9HMain.cpp</name>
         <load_address>0x126e8</load_address>
         <readonly>true</readonly>
         <executable>true</executable>
         <run_address>0x126e8</run_address>
         <size>0x18</size>
         <alignment>0x2</alignment>
         <input_file_ref idref="fl-7"/>
      </object_component>
      <object_component id="oc-146">
         <name>.text._Z6Randomj</name>
         <load_address>0x12700</load_address>
         <readonly>true</readonly>
         <executable>true</executable>
         <run_address>0x12700</run_address>
         <size>0x18</size>
         <alignment>0x2</alignment>
         <input_file_ref idref="fl-7"/>
      </object_component>
      <object_component id="oc-a0">
         <name>.text._ZN3Peg9updatePegEv</name>
         <load_address>0x12718</load_address>
         <readonly>true</readonly>
         <executable>true</executable>
         <run_address>0x12718</run_address>
         <size>0x18</size>
         <alignment>0x2</alignment>
         <input_file_ref idref="fl-a"/>
      </object_component>
      <object_component id="oc-1b2">
         <name>.text._ZN9GameState9resetGameEv</name>
         <load_address>0x12730</load_address>
         <readonly>true</readonly>
         <executable>true</executable>
         <run_address>0x12730</run_address>
         <size>0x18</size>
         <alignment>0x2</alignment>
         <input_file_ref idref="fl-4"/>
      </object_component>
      <object_component id="oc-d0">
         <name>.text.__cxx_global_var_init</name>
         <load_address>0x12748</load_address>
         <readonly>true</readonly>
         <executable>true</executable>
         <run_address>0x12748</run_address>
         <size>0x18</size>
         <alignment>0x4</alignment>
         <input_file_ref idref="fl-7"/>
      </object_component>
      <object_component id="oc-18e">
         <name>.text._Z11ST7735_readiPcj</name>
         <load_address>0x12760</load_address>
         <readonly>true</readonly>
         <executable>true</executable>
         <run_address>0x12760</run_address>
         <size>0x16</size>
         <alignment>0x2</alignment>
         <input_file_ref idref="fl-c"/>
      </object_component>
      <object_component id="oc-122">
         <name>.text._ZN4Ball9setActiveEb</name>
         <load_address>0x12776</load_address>
         <readonly>true</readonly>
         <executable>true</executable>
         <run_address>0x12776</run_address>
         <size>0x16</size>
         <alignment>0x2</alignment>
         <input_file_ref idref="fl-1"/>
      </object_component>
      <object_component id="oc-13e">
         <name>.text._ZN9GameState9nextLevelEv</name>
         <load_address>0x1278c</load_address>
         <readonly>true</readonly>
         <executable>true</executable>
         <run_address>0x1278c</run_address>
         <size>0x16</size>
         <alignment>0x2</alignment>
         <input_file_ref idref="fl-4"/>
      </object_component>
      <object_component id="oc-59">
         <name>.text:decompress:ZI:__TI_zero_init_nomemset</name>
         <load_address>0x127a2</load_address>
         <readonly>true</readonly>
         <executable>true</executable>
         <run_address>0x127a2</run_address>
         <size>0x16</size>
         <alignment>0x2</alignment>
         <input_file_ref idref="fl-3e"/>
      </object_component>
      <object_component id="oc-1b4">
         <name>.text._Z10SeedRandomj</name>
         <load_address>0x127b8</load_address>
         <readonly>true</readonly>
         <executable>true</executable>
         <run_address>0x127b8</run_address>
         <size>0x14</size>
         <alignment>0x4</alignment>
         <input_file_ref idref="fl-7"/>
      </object_component>
      <object_component id="oc-112">
         <name>.text._Z11Sound_Shootv</name>
         <load_address>0x127cc</load_address>
         <readonly>true</readonly>
         <executable>true</executable>
         <run_address>0x127cc</run_address>
         <size>0x14</size>
         <alignment>0x4</alignment>
         <input_file_ref idref="fl-f"/>
      </object_component>
      <object_component id="oc-a5">
         <name>.text._Z12Sound_Killedv</name>
         <load_address>0x127e0</load_address>
         <readonly>true</readonly>
         <executable>true</executable>
         <run_address>0x127e0</run_address>
         <size>0x14</size>
         <alignment>0x4</alignment>
         <input_file_ref idref="fl-f"/>
      </object_component>
      <object_component id="oc-13d">
         <name>.text._Z15Sound_Explosionv</name>
         <load_address>0x127f4</load_address>
         <readonly>true</readonly>
         <executable>true</executable>
         <run_address>0x127f4</run_address>
         <size>0x14</size>
         <alignment>0x4</alignment>
         <input_file_ref idref="fl-f"/>
      </object_component>
      <object_component id="oc-9f">
         <name>.text._Z18Sound_Fastinvader1v</name>
         <load_address>0x12808</load_address>
         <readonly>true</readonly>
         <executable>true</executable>
         <run_address>0x12808</run_address>
         <size>0x14</size>
         <alignment>0x4</alignment>
         <input_file_ref idref="fl-f"/>
      </object_component>
      <object_component id="oc-a9">
         <name>.text._Z18Sound_Fastinvader2v</name>
         <load_address>0x1281c</load_address>
         <readonly>true</readonly>
         <executable>true</executable>
         <run_address>0x1281c</run_address>
         <size>0x14</size>
         <alignment>0x4</alignment>
         <input_file_ref idref="fl-f"/>
      </object_component>
      <object_component id="oc-13b">
         <name>.text._Z19ST7735_SetTextColort</name>
         <load_address>0x12830</load_address>
         <readonly>true</readonly>
         <executable>true</executable>
         <run_address>0x12830</run_address>
         <size>0x14</size>
         <alignment>0x4</alignment>
         <input_file_ref idref="fl-c"/>
      </object_component>
      <object_component id="oc-9a">
         <name>.text._ZN9GameState9addPointsEj</name>
         <load_address>0x12844</load_address>
         <readonly>true</readonly>
         <executable>true</executable>
         <run_address>0x12844</run_address>
         <size>0x14</size>
         <alignment>0x2</alignment>
         <input_file_ref idref="fl-4"/>
      </object_component>
      <object_component id="oc-168">
         <name>.text._ZN9GameStateC2Ev</name>
         <load_address>0x12858</load_address>
         <readonly>true</readonly>
         <executable>true</executable>
         <run_address>0x12858</run_address>
         <size>0x14</size>
         <alignment>0x2</alignment>
         <input_file_ref idref="fl-4"/>
      </object_component>
      <object_component id="oc-13f">
         <name>.text._Znwj</name>
         <load_address>0x1286c</load_address>
         <readonly>true</readonly>
         <executable>true</executable>
         <run_address>0x1286c</run_address>
         <size>0x14</size>
         <alignment>0x2</alignment>
         <input_file_ref idref="fl-ea"/>
      </object_component>
      <object_component id="oc-1b3">
         <name>.text._ZN9GameState15setCurrentLevelEh</name>
         <load_address>0x12880</load_address>
         <readonly>true</readonly>
         <executable>true</executable>
         <run_address>0x12880</run_address>
         <size>0x12</size>
         <alignment>0x2</alignment>
         <input_file_ref idref="fl-4"/>
      </object_component>
      <object_component id="oc-ed">
         <name>.text:TI_memcpy_small</name>
         <load_address>0x12892</load_address>
         <readonly>true</readonly>
         <executable>true</executable>
         <run_address>0x12892</run_address>
         <size>0x12</size>
         <alignment>0x1</alignment>
         <input_file_ref idref="fl-112"/>
      </object_component>
      <object_component id="oc-20">
         <name>.text:decompress:none</name>
         <load_address>0x128a4</load_address>
         <readonly>true</readonly>
         <executable>true</executable>
         <run_address>0x128a4</run_address>
         <size>0x12</size>
         <alignment>0x2</alignment>
         <input_file_ref idref="fl-3f"/>
      </object_component>
      <object_component id="oc-115">
         <name>.text._Z11Clock_Delayj</name>
         <load_address>0x128b6</load_address>
         <readonly>true</readonly>
         <executable>true</executable>
         <run_address>0x128b6</run_address>
         <size>0x10</size>
         <alignment>0x2</alignment>
         <input_file_ref idref="fl-2"/>
      </object_component>
      <object_component id="oc-12f">
         <name>.text._Z28TExaS_LaunchPadLogicPB27PB26v</name>
         <load_address>0x128c8</load_address>
         <readonly>true</readonly>
         <executable>true</executable>
         <run_address>0x128c8</run_address>
         <size>0x10</size>
         <alignment>0x4</alignment>
         <input_file_ref idref="fl-7"/>
      </object_component>
      <object_component id="oc-1d6">
         <name>.text._ZN10GameObjectC2Ev</name>
         <load_address>0x128d8</load_address>
         <readonly>true</readonly>
         <executable>true</executable>
         <run_address>0x128d8</run_address>
         <size>0x10</size>
         <alignment>0x2</alignment>
         <input_file_ref idref="fl-1"/>
      </object_component>
      <object_component id="oc-ab">
         <name>.text._ZN4Ball9getActiveEv</name>
         <load_address>0x128e8</load_address>
         <readonly>true</readonly>
         <executable>true</executable>
         <run_address>0x128e8</run_address>
         <size>0x10</size>
         <alignment>0x2</alignment>
         <input_file_ref idref="fl-1"/>
      </object_component>
      <object_component id="oc-aa">
         <name>.text._ZNK9GameState10isGameOverEv</name>
         <load_address>0x128f8</load_address>
         <readonly>true</readonly>
         <executable>true</executable>
         <run_address>0x128f8</run_address>
         <size>0x10</size>
         <alignment>0x2</alignment>
         <input_file_ref idref="fl-4"/>
      </object_component>
      <object_component id="oc-d4">
         <name>.text.__cxx_global_var_init.4</name>
         <load_address>0x12908</load_address>
         <readonly>true</readonly>
         <executable>true</executable>
         <run_address>0x12908</run_address>
         <size>0x10</size>
         <alignment>0x4</alignment>
         <input_file_ref idref="fl-7"/>
      </object_component>
      <object_component id="oc-219">
         <name>.text.OUTLINED_FUNCTION_0</name>
         <load_address>0x12918</load_address>
         <readonly>true</readonly>
         <executable>true</executable>
[...]
         <value>0x127e1</value>
         <object_component_ref idref="oc-a5"/>
      </symbol>
      <symbol id="sm-270">
         <name>_Z15Sound_Explosionv</name>
         <value>0x127f5</value>
         <object_component_ref idref="oc-13d"/>
      </symbol>
      <symbol id="sm-271">
         <name>_Z18Sound_Fastinvader1v</name>
         <value>0x12809</value>
         <object_component_ref idref="oc-9f"/>
      </symbol>
      <symbol id="sm-272">
         <name>_Z18Sound_Fastinvader2v</name>
         <value>0x1281d</value>
         <object_component_ref idref="oc-a9"/>
      </symbol>
      <symbol id="sm-280">
         <name>_Z11Switch_Initv</name>
         <value>0x12445</value>
         <object_component_ref idref="oc-104"/>
      </symbol>
      <symbol id="sm-281">
         <name>_Z9Switch_Inv</name>
         <value>0x12559</value>
         <object_component_ref idref="oc-83"/>
      </symbol>
      <symbol id="sm-297">
         <name>_Z8ADC_InitP10ADC12_Regsjj</name>
         <value>0x101d9</value>
         <object_component_ref idref="oc-19e"/>
      </symbol>
      <symbol id="sm-298">
         <name>_Z9ADC_StartP10ADC12_Regs</name>
         <value>0x1246d</value>
         <object_component_ref idref="oc-19f"/>
      </symbol>
      <symbol id="sm-299">
         <name>_Z9UART_Initv</name>
         <value>0x107f9</value>
         <object_component_ref idref="oc-1a0"/>
      </symbol>
      <symbol id="sm-29a">
         <name>TIMG7_IRQHandler</name>
         <value>0x11ee9</value>
         <object_component_ref idref="oc-3d"/>
      </symbol>
      <symbol id="sm-29b">
         <name>TExaSadc</name>
         <value>0x20200864</value>
         <object_component_ref idref="oc-7a"/>
      </symbol>
      <symbol id="sm-29c">
         <name>TExaSLogic</name>
         <value>0x20200860</value>
         <object_component_ref idref="oc-7b"/>
      </symbol>
      <symbol id="sm-29d">
         <name>_Z10TExaS_InitP10ADC12_RegsjPFhvE</name>
         <value>0x11a4d</value>
         <object_component_ref idref="oc-10b"/>
      </symbol>
      <symbol id="sm-2ad">
         <name>_Z14TimerG7_IntArmtjj</name>
         <value>0x10cd5</value>
         <object_component_ref idref="oc-1a6"/>
      </symbol>
      <symbol id="sm-2ae">
         <name>_Z15TimerG12_IntArmjj</name>
         <value>0x1109d</value>
         <object_component_ref idref="oc-111"/>
      </symbol>
      <symbol id="sm-2af">
         <name>_Z13TimerG12_Initv</name>
         <value>0x1187d</value>
         <object_component_ref idref="oc-10c"/>
      </symbol>
      <symbol id="sm-2c1">
         <name>Default_Handler</name>
         <value>0x1265d</value>
         <object_component_ref idref="oc-36"/>
      </symbol>
      <symbol id="sm-2c2">
         <name>Reset_Handler</name>
         <value>0x12a7d</value>
         <object_component_ref idref="oc-32"/>
      </symbol>
      <symbol id="sm-2c3">
         <name>HardFault_Handler</name>
         <value>0x12679</value>
         <object_component_ref idref="oc-37"/>
      </symbol>
      <symbol id="sm-2c4">
         <name>interruptVectors</name>
         <value>0x0</value>
         <object_component_ref idref="oc-18"/>
      </symbol>
      <symbol id="sm-2c5">
         <name>NMI_Handler</name>
         <value>0x1265d</value>
         <object_component_ref idref="oc-36"/>
      </symbol>
      <symbol id="sm-2c6">
         <name>SVC_Handler</name>
         <value>0x1265d</value>
         <object_component_ref idref="oc-36"/>
      </symbol>
      <symbol id="sm-2c7">
         <name>PendSV_Handler</name>
         <value>0x1265d</value>
         <object_component_ref idref="oc-36"/>
      </symbol>
      <symbol id="sm-2c8">
         <name>GROUP0_IRQHandler</name>
         <value>0x1265d</value>
         <object_component_ref idref="oc-36"/>
      </symbol>
      <symbol id="sm-2c9">
         <name>GROUP1_IRQHandler</name>
         <value>0x1265d</value>
         <object_component_ref idref="oc-36"/>
      </symbol>
      <symbol id="sm-2ca">
         <name>TIMG8_IRQHandler</name>
         <value>0x1265d</value>
         <object_component_ref idref="oc-36"/>
      </symbol>
      <symbol id="sm-2cb">
         <name>UART3_IRQHandler</name>
         <value>0x1265d</value>
         <object_component_ref idref="oc-36"/>
      </symbol>
      <symbol id="sm-2cc">
         <name>ADC0_IRQHandler</name>
         <value>0x1265d</value>
         <object_component_ref idref="oc-36"/>
      </symbol>
      <symbol id="sm-2cd">
         <name>ADC1_IRQHandler</name>
         <value>0x1265d</value>
         <object_component_ref idref="oc-36"/>
      </symbol>
      <symbol id="sm-2ce">
         <name>CANFD0_IRQHandler</name>
         <value>0x1265d</value>
         <object_component_ref idref="oc-36"/>
      </symbol>
      <symbol id="sm-2cf">
         <name>DAC0_IRQHandler</name>
         <value>0x1265d</value>
         <object_component_ref idref="oc-36"/>
      </symbol>
      <symbol id="sm-2d0">
         <name>SPI0_IRQHandler</name>
         <value>0x1265d</value>
         <object_component_ref idref="oc-36"/>
      </symbol>
      <symbol id="sm-2d1">
         <name>SPI1_IRQHandler</name>
         <value>0x1265d</value>
         <object_component_ref idref="oc-36"/>
      </symbol>
      <symbol id="sm-2d2">
         <name>UART1_IRQHandler</name>
         <value>0x1265d</value>
         <object_component_ref idref="oc-36"/>
      </symbol>
      <symbol id="sm-2d3">
         <name>UART2_IRQHandler</name>
         <value>0x1265d</value>
         <object_component_ref idref="oc-36"/>
      </symbol>
      <symbol id="sm-2d4">
         <name>UART0_IRQHandler</name>
         <value>0x1265d</value>
         <object_component_ref idref="oc-36"/>
      </symbol>
      <symbol id="sm-2d5">
         <name>TIMG0_IRQHandler</name>
         <value>0x1265d</value>
         <object_component_ref idref="oc-36"/>
      </symbol>
      <symbol id="sm-2d6">
         <name>TIMG6_IRQHandler</name>
         <value>0x1265d</value>
         <object_component_ref idref="oc-36"/>
      </symbol>
      <symbol id="sm-2d7">
         <name>TIMA0_IRQHandler</name>
         <value>0x1265d</value>
         <object_component_ref idref="oc-36"/>
      </symbol>
      <symbol id="sm-2d8">
         <name>TIMA1_IRQHandler</name>
         <value>0x1265d</value>
         <object_component_ref idref="oc-36"/>
      </symbol>
      <symbol id="sm-2d9">
         <name>I2C0_IRQHandler</name>
         <value>0x1265d</value>
         <object_component_ref idref="oc-36"/>
      </symbol>
      <symbol id="sm-2da">
         <name>I2C1_IRQHandler</name>
         <value>0x1265d</value>
         <object_component_ref idref="oc-36"/>
      </symbol>
      <symbol id="sm-2db">
         <name>AES_IRQHandler</name>
         <value>0x1265d</value>
         <object_component_ref idref="oc-36"/>
      </symbol>
      <symbol id="sm-2dc">
         <name>RTC_IRQHandler</name>
         <value>0x1265d</value>
         <object_component_ref idref="oc-36"/>
      </symbol>
      <symbol id="sm-2dd">
         <name>DMA_IRQHandler</name>
         <value>0x1265d</value>
         <object_component_ref idref="oc-36"/>
      </symbol>
      <symbol id="sm-2de">
         <name>__TI_ATRegion0_src_addr</name>
         <value>0x0</value>
      </symbol>
      <symbol id="sm-2df">
         <name>__TI_ATRegion0_trg_addr</name>
         <value>0x0</value>
      </symbol>
      <symbol id="sm-2e0">
         <name>__TI_ATRegion0_region_sz</name>
         <value>0x0</value>
      </symbol>
      <symbol id="sm-2e1">
         <name>__TI_ATRegion1_src_addr</name>
         <value>0x0</value>
      </symbol>
      <symbol id="sm-2e2">
         <name>__TI_ATRegion1_trg_addr</name>
         <value>0x0</value>
      </symbol>
      <symbol id="sm-2e3">
         <name>__TI_ATRegion1_region_sz</name>
         <value>0x0</value>
      </symbol>
      <symbol id="sm-2e4">
         <name>__TI_ATRegion2_src_addr</name>
         <value>0x0</value>
      </symbol>
      <symbol id="sm-2e5">
         <name>__TI_ATRegion2_trg_addr</name>
         <value>0x0</value>
      </symbol>
      <symbol id="sm-2e6">
         <name>__TI_ATRegion2_region_sz</name>
         <value>0x0</value>
      </symbol>
      <symbol id="sm-2ff">
         <name>fopen</name>
         <value>0x12391</value>
         <object_component_ref idref="oc-17f"/>
      </symbol>
      <symbol id="sm-300">
         <name>__TI_cleanup</name>
         <value>0x12195</value>
         <object_component_ref idref="oc-20f"/>
      </symbol>
      <symbol id="sm-301">
         <name>freopen</name>
         <value>0x12299</value>
         <object_component_ref idref="oc-185"/>
      </symbol>
      <symbol id="sm-30b">
         <name>setvbuf</name>
         <value>0x109c9</value>
         <object_component_ref idref="oc-186"/>
      </symbol>
      <symbol id="sm-31a">
         <name>abort</name>
         <value>0x12a89</value>
         <object_component_ref idref="oc-14b"/>
      </symbol>
      <symbol id="sm-31b">
         <name>C$$EXIT</name>
         <value>0x12a88</value>
         <object_component_ref idref="oc-14b"/>
      </symbol>
      <symbol id="sm-31c">
         <name>__TI_cleanup_ptr</name>
         <value>0x20200430</value>
         <object_component_ref idref="oc-1df"/>
      </symbol>
      <symbol id="sm-31d">
         <name>__TI_dtors_ptr</name>
         <value>0x20200434</value>
         <object_component_ref idref="oc-1df"/>
      </symbol>
      <symbol id="sm-31e">
         <name>exit</name>
         <value>0x12231</value>
         <object_component_ref idref="oc-150"/>
      </symbol>
      <symbol id="sm-327">
         <name>_nop</name>
         <value>0x11b53</value>
         <object_component_ref idref="oc-22b"/>
      </symbol>
      <symbol id="sm-328">
         <name>_lock</name>
         <value>0x20200450</value>
         <object_component_ref idref="oc-1dd"/>
      </symbol>
      <symbol id="sm-329">
         <name>_unlock</name>
         <value>0x20200454</value>
         <object_component_ref idref="oc-1e0"/>
      </symbol>
      <symbol id="sm-32f">
         <name>_ftable</name>
         <value>0x20200258</value>
         <object_component_ref idref="oc-194"/>
      </symbol>
      <symbol id="sm-330">
         <name>__TI_ft_end</name>
         <value>0x20200448</value>
         <object_component_ref idref="oc-25d"/>
      </symbol>
      <symbol id="sm-331">
         <name>__TI_tmpnams</name>
         <value>0x202007a8</value>
         <object_component_ref idref="oc-270"/>
      </symbol>
      <symbol id="sm-354">
         <name>malloc</name>
         <value>0x12a39</value>
         <object_component_ref idref="oc-20e"/>
      </symbol>
      <symbol id="sm-355">
         <name>aligned_alloc</name>
         <value>0x10419</value>
         <object_component_ref idref="oc-273"/>
      </symbol>
      <symbol id="sm-356">
         <name>free</name>
         <value>0x108e1</value>
         <object_component_ref idref="oc-1bc"/>
      </symbol>
      <symbol id="sm-357">
         <name>_sys_memory</name>
         <value>0x20200488</value>
         <object_component_ref idref="oc-30"/>
      </symbol>
      <symbol id="sm-358">
         <name>memalign</name>
         <value>0x10419</value>
         <object_component_ref idref="oc-273"/>
      </symbol>
      <symbol id="sm-362">
         <name>__TI_zero_init_nomemset</name>
         <value>0x127a3</value>
         <object_component_ref idref="oc-59"/>
      </symbol>
      <symbol id="sm-36b">
         <name>__TI_decompress_none</name>
         <value>0x128a5</value>
         <object_component_ref idref="oc-20"/>
      </symbol>
      <symbol id="sm-376">
         <name>__TI_decompress_lzss</name>
         <value>0x114c1</value>
         <object_component_ref idref="oc-1c"/>
      </symbol>
      <symbol id="sm-381">
         <name>_c_int00_noargs</name>
         <value>0x124e5</value>
         <object_component_ref idref="oc-62"/>
      </symbol>
      <symbol id="sm-382">
         <name>__stack</name>
         <value>0x20207e00</value>
         <object_component_ref idref="oc-1a"/>
      </symbol>
      <symbol id="sm-38f">
         <name>__TI_closefile</name>
         <value>0x11445</value>
         <object_component_ref idref="oc-208"/>
      </symbol>
      <symbol id="sm-399">
         <name>__TI_doflush</name>
         <value>0x11bfd</value>
         <object_component_ref idref="oc-262"/>
      </symbol>
      <symbol id="sm-3a7">
         <name>__TI_auto_init_nobinit</name>
         <value>0x11ba9</value>
         <object_component_ref idref="oc-158"/>
      </symbol>
      <symbol id="sm-3af">
         <name>_system_pre_init</name>
         <value>0x12a81</value>
         <object_component_ref idref="oc-c1"/>
      </symbol>
      <symbol id="sm-3cb">
         <name>_Znwj</name>
         <value>0x1286d</value>
         <object_component_ref idref="oc-13f"/>
      </symbol>
      <symbol id="sm-3cc">
         <name>_Z22__throw_bad_alloc_shimv</name>
         <value>0x12985</value>
         <object_component_ref idref="oc-1d5"/>
      </symbol>
      <symbol id="sm-3cd">
         <name>_ZdlPv</name>
         <value>0x12a63</value>
         <object_component_ref idref="oc-11c"/>
      </symbol>
      <symbol id="sm-3d8">
         <name>_ZSt15get_new_handlerv</name>
         <value>0x12a21</value>
         <object_component_ref idref="oc-220"/>
      </symbol>
      <symbol id="sm-3e1">
         <name>abort_message</name>
         <value>0x12a85</value>
         <object_component_ref idref="oc-226"/>
      </symbol>
      <symbol id="sm-3e8">
         <name>__cxa_new_handler</name>
         <value>0x2020044c</value>
         <object_component_ref idref="oc-275"/>
      </symbol>
      <symbol id="sm-3f2">
         <name>write</name>
         <value>0x124bd</value>
         <object_component_ref idref="oc-2a2"/>
      </symbol>
      <symbol id="sm-3f7">
         <name>_device</name>
         <value>0x20200348</value>
         <object_component_ref idref="oc-1ff"/>
      </symbol>
      <symbol id="sm-3f8">
         <name>_stream</name>
         <value>0x202003c0</value>
         <object_component_ref idref="oc-29e"/>
      </symbol>
      <symbol id="sm-401">
         <name>remove</name>
         <value>0x12a75</value>
         <object_component_ref idref="oc-26c"/>
      </symbol>
      <symbol id="sm-40d">
         <name>open</name>
         <value>0x10f61</value>
         <object_component_ref idref="oc-25e"/>
      </symbol>
      <symbol id="sm-418">
         <name>close</name>
         <value>0x11ca1</value>
         <object_component_ref idref="oc-268"/>
      </symbol>
      <symbol id="sm-424">
         <name>add_device</name>
         <value>0x10625</value>
         <object_component_ref idref="oc-17b"/>
      </symbol>
      <symbol id="sm-42e">
         <name>unlink</name>
         <value>0x12419</value>
         <object_component_ref idref="oc-2ab"/>
      </symbol>
      <symbol id="sm-438">
         <name>HOSTclose</name>
         <value>0x11d3d</value>
         <object_component_ref idref="oc-240"/>
      </symbol>
      <symbol id="sm-442">
         <name>HOSTlseek</name>
         <value>0x1153d</value>
         <object_component_ref idref="oc-24c"/>
      </symbol>
      <symbol id="sm-44c">
         <name>HOSTopen</name>
         <value>0x117bd</value>
         <object_component_ref idref="oc-23c"/>
      </symbol>
      <symbol id="sm-44d">
         <name>parmbuf</name>
         <value>0x20200854</value>
         <object_component_ref idref="oc-285"/>
      </symbol>
      <symbol id="sm-457">
         <name>HOSTread</name>
         <value>0x1199d</value>
         <object_component_ref idref="oc-244"/>
      </symbol>
      <symbol id="sm-468">
         <name>HOSTrename</name>
         <value>0x115a9</value>
         <object_component_ref idref="oc-254"/>
      </symbol>
      <symbol id="sm-472">
         <name>HOSTunlink</name>
         <value>0x11d85</value>
         <object_component_ref idref="oc-250"/>
      </symbol>
      <symbol id="sm-47c">
         <name>HOSTwrite</name>
         <value>0x119f5</value>
         <object_component_ref idref="oc-248"/>
      </symbol>
      <symbol id="sm-48a">
         <name>C$$IO$$</name>
         <value>0x12229</value>
         <object_component_ref idref="oc-27e"/>
      </symbol>
      <symbol id="sm-48b">
         <name>__TI_writemsg</name>
         <value>0x121fd</value>
         <object_component_ref idref="oc-27e"/>
      </symbol>
      <symbol id="sm-48c">
         <name>__CIOBUF_</name>
         <value>0x20200688</value>
         <object_component_ref idref="oc-2b9"/>
      </symbol>
      <symbol id="sm-48d">
         <name>__TI_readmsg</name>
         <value>0x121c9</value>
         <object_component_ref idref="oc-284"/>
      </symbol>
      <symbol id="sm-48e">
         <name>_CIOBUF_</name>
         <value>0x20200688</value>
         <object_component_ref idref="oc-2b9"/>
      </symbol>
      <symbol id="sm-494">
         <name>__aeabi_idiv</name>
         <value>0x11afd</value>
         <object_component_ref idref="oc-e2"/>
      </symbol>
      <symbol id="sm-495">
         <name>__aeabi_idivmod</name>
         <value>0x11afd</value>
         <object_component_ref idref="oc-e2"/>
      </symbol>
      <symbol id="sm-49b">
         <name>__aeabi_memcpy</name>
         <value>0x12a6d</value>
         <object_component_ref idref="oc-52"/>
      </symbol>
      <symbol id="sm-49c">
         <name>__aeabi_memcpy4</name>
         <value>0x12a6d</value>
         <object_component_ref idref="oc-52"/>
      </symbol>
      <symbol id="sm-49d">
         <name>__aeabi_memcpy8</name>
         <value>0x12a6d</value>
         <object_component_ref idref="oc-52"/>
      </symbol>
      <symbol id="sm-4a4">
         <name>__aeabi_memclr</name>
         <value>0x12a2d</value>
         <object_component_ref idref="oc-bc"/>
      </symbol>
      <symbol id="sm-4a5">
         <name>__aeabi_memclr4</name>
         <value>0x12a2d</value>
         <object_component_ref idref="oc-bc"/>
      </symbol>
      <symbol id="sm-4a6">
         <name>__aeabi_memclr8</name>
         <value>0x12a2d</value>
         <object_component_ref idref="oc-bc"/>
      </symbol>
      <symbol id="sm-4ac">
         <name>__aeabi_uidiv</name>
         <value>0x11f69</value>
         <object_component_ref idref="oc-1a2"/>
      </symbol>
      <symbol id="sm-4ad">
         <name>__aeabi_uidivmod</name>
         <value>0x11f69</value>
         <object_component_ref idref="oc-1a2"/>
      </symbol>
      <symbol id="sm-4b8">
         <name>__aeabi_idiv0</name>
         <value>0x1134b</value>
         <object_component_ref idref="oc-169"/>
      </symbol>
      <symbol id="sm-4c6">
         <name>finddevice</name>
         <value>0x12265</value>
         <object_component_ref idref="oc-1f8"/>
      </symbol>
      <symbol id="sm-4c7">
         <name>getdevice</name>
         <value>0x116ed</value>
         <object_component_ref idref="oc-29c"/>
      </symbol>
      <symbol id="sm-4d0">
         <name>TI_memcpy_small</name>
         <value>0x12893</value>
         <object_component_ref idref="oc-ed"/>
      </symbol>
      <symbol id="sm-4d9">
         <name>TI_memset_small</name>
         <value>0x1295f</value>
         <object_component_ref idref="oc-170"/>
      </symbol>
      <symbol id="sm-4e1">
         <name>strcmp</name>
         <value>0x111c1</value>
         <object_component_ref idref="oc-236"/>
      </symbol>
      <symbol id="sm-4e2">
         <name>__TI_static_base__</name>
         <value>0x0</value>
      </symbol>
      <symbol id="sm-4e5">
         <name>__mpu_init</name>
         <value>0x0</value>
      </symbol>
      <symbol id="sm-4e6">
         <name>_system_post_cinit</name>
         <value>0x0</value>
      </symbol>
   </symbol_table>
   <title>Link successful</title>
</link_info>
